Sat Apr 20 15:34:32 CEST 2019
Sat Apr 20 15:34:32 CEST 2019
Sat Apr 20 15:34:33 CEST 2019
Sat Apr 20 15:34:33 CEST 2019
Sat Apr 20 15:34:34 CEST 2019
Sat Apr 20 15:34:34 CEST 2019
Sat Apr 20 15:34:35 CEST 2019
Sat Apr 20 15:34:35 CEST 2019
Sat Apr 20 15:34:36 CEST 2019
Sat Apr 20 15:34:36 CEST 2019
Sat Apr 20 15:34:37 CEST 2019
Sat Apr 20 15:34:37 CEST 2019
Sat Apr 20 15:34:38 CEST 2019
Sat Apr 20 15:34:38 CEST 2019
Sat Apr 20 15:34:39 CEST 2019
Sat Apr 20 15:34:39 CEST 2019
Sat Apr 20 15:34:40 CEST 2019
Sat Apr 20 15:34:40 CEST 2019
Sat Apr 20 15:34:41 CEST 2019
Sat Apr 20 15:34:41 CEST 2019
Sat Apr 20 15:34:42 CEST 2019
Sat Apr 20 15:34:42 CEST 2019
Sat Apr 20 15:34:43 CEST 2019
Sat Apr 20 15:34:43 CEST 2019
Sat Apr 20 15:34:44 CEST 2019
Sat Apr 20 15:34:44 CEST 2019
Sat Apr 20 15:34:45 CEST 2019
Sat Apr 20 15:34:45 CEST 2019
Sat Apr 20 15:34:46 CEST 2019
Sat Apr 20 15:34:46 CEST 2019
Sat Apr 20 15:34:47 CEST 2019
Sat Apr 20 15:34:47 CEST 2019
Sat Apr 20 15:34:48 CEST 2019
Sat Apr 20 15:34:48 CEST 2019
Sat Apr 20 15:34:49 CEST 2019
Sat Apr 20 15:34:49 CEST 2019
Sat Apr 20 15:34:50 CEST 2019
Sat Apr 20 15:34:50 CEST 2019
Sat Apr 20 15:34:51 CEST 2019
Sat Apr 20 15:34:52 CEST 2019
Sat Apr 20 15:34:52 CEST 2019
Sat Apr 20 15:34:53 CEST 2019
Sat Apr 20 15:34:53 CEST 2019
Sat Apr 20 15:34:54 CEST 2019
Sat Apr 20 15:34:54 CEST 2019
Sat Apr 20 15:34:55 CEST 2019
Sat Apr 20 15:34:55 CEST 2019
Sat Apr 20 15:34:56 CEST 2019
Sat Apr 20 15:34:56 CEST 2019
Sat Apr 20 15:34:57 CEST 2019
Sat Apr 20 15:34:57 CEST 2019
Sat Apr 20 15:34:58 CEST 2019
Sat Apr 20 15:34:58 CEST 2019
Sat Apr 20 15:34:59 CEST 2019
Sat Apr 20 15:34:59 CEST 2019
Sat Apr 20 15:35:00 CEST 2019
Sat Apr 20 15:35:00 CEST 2019
Sat Apr 20 15:35:01 CEST 2019
Sat Apr 20 15:35:01 CEST 2019
Sat Apr 20 15:35:02 CEST 2019
Sat Apr 20 15:35:02 CEST 2019
Sat Apr 20 15:35:03 CEST 2019
Sat Apr 20 15:35:03 CEST 2019
Sat Apr 20 15:35:04 CEST 2019
Sat Apr 20 15:35:04 CEST 2019
Sat Apr 20 15:35:05 CEST 2019
Sat Apr 20 15:35:05 CEST 2019
Sat Apr 20 15:35:06 CEST 2019
Sat Apr 20 15:35:06 CEST 2019
Sat Apr 20 15:35:07 CEST 2019
Sat Apr 20 15:35:07 CEST 2019
Sat Apr 20 15:35:08 CEST 2019
Sat Apr 20 15:35:08 CEST 2019
Sat Apr 20 15:35:09 CEST 2019
Sat Apr 20 15:35:09 CEST 2019
Sat Apr 20 15:35:10 CEST 2019
Sat Apr 20 15:35:10 CEST 2019
Sat Apr 20 15:35:11 CEST 2019
Sat Apr 20 15:35:11 CEST 2019
Sat Apr 20 15:35:12 CEST 2019
Sat Apr 20 15:35:12 CEST 2019
Sat Apr 20 15:35:13 CEST 2019
Sat Apr 20 15:35:13 CEST 2019
Sat Apr 20 15:35:14 CEST 2019
Sat Apr 20 15:35:14 CEST 2019
Sat Apr 20 15:35:15 CEST 2019
Sat Apr 20 15:35:15 CEST 2019
Sat Apr 20 15:35:16 CEST 2019
Sat Apr 20 15:35:16 CEST 2019
Sat Apr 20 15:35:17 CEST 2019
Sat Apr 20 15:35:18 CEST 2019
Sat Apr 20 15:35:18 CEST 2019
Sat Apr 20 15:35:19 CEST 2019
Sat Apr 20 15:35:19 CEST 2019
Sat Apr 20 15:35:20 CEST 2019
Sat Apr 20 15:35:20 CEST 2019
Sat Apr 20 15:35:21 CEST 2019
Sat Apr 20 15:35:21 CEST 2019
Sat Apr 20 15:35:22 CEST 2019
Sat Apr 20 15:35:22 CEST 2019
Sat Apr 20 15:35:23 CEST 2019
Sat Apr 20 15:35:23 CEST 2019
Sat Apr 20 15:35:24 CEST 2019
Sat Apr 20 15:35:24 CEST 2019
Sat Apr 20 15:35:25 CEST 2019
Sat Apr 20 15:35:25 CEST 2019
Sat Apr 20 15:35:26 CEST 2019
Sat Apr 20 15:35:26 CEST 2019
Sat Apr 20 15:35:27 CEST 2019
Sat Apr 20 15:35:27 CEST 2019
Sat Apr 20 15:35:28 CEST 2019
Sat Apr 20 15:35:28 CEST 2019
Sat Apr 20 15:35:29 CEST 2019
Sat Apr 20 15:35:29 CEST 2019
Sat Apr 20 15:35:30 CEST 2019
Sat Apr 20 15:35:30 CEST 2019
Sat Apr 20 15:35:31 CEST 2019
Sat Apr 20 15:35:31 CEST 2019
Sat Apr 20 15:35:32 CEST 2019
Sat Apr 20 15:35:32 CEST 2019
Sat Apr 20 15:35:33 CEST 2019
Sat Apr 20 15:35:33 CEST 2019
Sat Apr 20 15:35:34 CEST 2019
Sat Apr 20 15:35:34 CEST 2019
Sat Apr 20 15:35:35 CEST 2019
Sat Apr 20 15:35:35 CEST 2019
Sat Apr 20 15:35:36 CEST 2019
Sat Apr 20 15:35:36 CEST 2019
Sat Apr 20 15:35:37 CEST 2019
Sat Apr 20 15:35:37 CEST 2019
Sat Apr 20 15:35:38 CEST 2019
Sat Apr 20 15:35:38 CEST 2019
Sat Apr 20 15:35:39 CEST 2019
Sat Apr 20 15:35:39 CEST 2019
Sat Apr 20 15:35:40 CEST 2019
Sat Apr 20 15:35:40 CEST 2019
Sat Apr 20 15:35:41 CEST 2019
Sat Apr 20 15:35:41 CEST 2019
Sat Apr 20 15:35:42 CEST 2019
Sat Apr 20 15:35:42 CEST 2019
Sat Apr 20 15:37:08 CEST 2019
Sat Apr 20 15:37:09 CEST 2019
Sat Apr 20 15:37:09 CEST 2019
Sat Apr 20 15:37:10 CEST 2019
Sat Apr 20 15:37:10 CEST 2019
Sat Apr 20 15:37:11 CEST 2019
Sat Apr 20 15:37:11 CEST 2019
Sat Apr 20 15:37:12 CEST 2019
Sat Apr 20 15:37:12 CEST 2019
Sat Apr 20 15:37:13 CEST 2019
Sat Apr 20 15:37:13 CEST 2019
Sat Apr 20 15:37:14 CEST 2019
Sat Apr 20 15:37:14 CEST 2019
Sat Apr 20 15:37:15 CEST 2019
Sat Apr 20 15:37:15 CEST 2019
Sat Apr 20 15:37:16 CEST 2019
Sat Apr 20 15:37:16 CEST 2019
Sat Apr 20 15:37:17 CEST 2019
Sat Apr 20 15:37:17 CEST 2019
Sat Apr 20 15:37:18 CEST 2019
Sat Apr 20 15:37:18 CEST 2019
Sat Apr 20 15:37:19 CEST 2019
Sat Apr 20 15:37:20 CEST 2019
Sat Apr 20 15:37:20 CEST 2019
Sat Apr 20 15:37:21 CEST 2019
Sat Apr 20 15:37:21 CEST 2019
Sat Apr 20 15:37:22 CEST 2019
Sat Apr 20 15:37:22 CEST 2019
Sat Apr 20 15:37:23 CEST 2019
Sat Apr 20 15:37:23 CEST 2019
Sat Apr 20 15:37:24 CEST 2019
Sat Apr 20 15:37:24 CEST 2019
Sat Apr 20 15:37:25 CEST 2019
Sat Apr 20 15:37:25 CEST 2019
Sat Apr 20 15:37:26 CEST 2019
Sat Apr 20 15:37:26 CEST 2019
Sat Apr 20 15:37:27 CEST 2019
Sat Apr 20 15:37:27 CEST 2019
Sat Apr 20 15:37:28 CEST 2019
Sat Apr 20 15:37:28 CEST 2019
Sat Apr 20 15:37:29 CEST 2019
Sat Apr 20 15:37:29 CEST 2019
Sat Apr 20 15:37:30 CEST 2019
Sat Apr 20 15:37:30 CEST 2019
Sat Apr 20 15:37:31 CEST 2019
Sat Apr 20 15:37:31 CEST 2019
Sat Apr 20 15:37:32 CEST 2019
Sat Apr 20 15:37:32 CEST 2019
Sat Apr 20 15:37:33 CEST 2019
Sat Apr 20 15:37:33 CEST 2019
Sat Apr 20 15:37:34 CEST 2019
Sat Apr 20 15:37:34 CEST 2019
Sat Apr 20 15:37:35 CEST 2019
Sat Apr 20 15:37:35 CEST 2019
Sat Apr 20 15:37:36 CEST 2019
Sat Apr 20 15:37:36 CEST 2019
Sat Apr 20 15:37:37 CEST 2019
Sat Apr 20 15:37:37 CEST 2019
Sat Apr 20 15:37:38 CEST 2019
Sat Apr 20 15:37:38 CEST 2019
Sat Apr 20 15:37:39 CEST 2019
Sat Apr 20 15:37:39 CEST 2019
Sat Apr 20 15:37:40 CEST 2019
Sat Apr 20 15:37:40 CEST 2019
Sat Apr 20 15:37:41 CEST 2019
Sat Apr 20 15:37:41 CEST 2019
Sat Apr 20 15:37:42 CEST 2019
Sat Apr 20 15:37:42 CEST 2019
Sat Apr 20 15:37:43 CEST 2019
Sat Apr 20 15:37:43 CEST 2019
Sat Apr 20 15:37:44 CEST 2019
Sat Apr 20 15:37:44 CEST 2019
Sat Apr 20 15:37:45 CEST 2019
Sat Apr 20 15:37:46 CEST 2019
Sat Apr 20 15:37:46 CEST 2019
Sat Apr 20 15:37:47 CEST 2019
Sat Apr 20 15:37:47 CEST 2019
Sat Apr 20 15:37:48 CEST 2019
Sat Apr 20 15:37:48 CEST 2019
Sat Apr 20 15:37:49 CEST 2019
Sat Apr 20 15:37:49 CEST 2019
Sat Apr 20 15:37:50 CEST 2019
Sat Apr 20 15:37:50 CEST 2019
Sat Apr 20 15:37:51 CEST 2019
Sat Apr 20 15:37:51 CEST 2019
Sat Apr 20 15:37:52 CEST 2019
Sat Apr 20 15:37:52 CEST 2019
Sat Apr 20 15:37:53 CEST 2019
Sat Apr 20 15:37:53 CEST 2019
Sat Apr 20 15:37:54 CEST 2019
Sat Apr 20 15:37:54 CEST 2019
Sat Apr 20 15:37:55 CEST 2019
Sat Apr 20 15:37:55 CEST 2019
Sat Apr 20 15:37:56 CEST 2019
Sat Apr 20 15:37:56 CEST 2019
Sat Apr 20 15:37:57 CEST 2019
Sat Apr 20 15:37:57 CEST 2019
Sat Apr 20 15:37:58 CEST 2019
Sat Apr 20 15:37:58 CEST 2019
Sat Apr 20 15:37:59 CEST 2019
Sat Apr 20 15:37:59 CEST 2019
Sat Apr 20 15:38:00 CEST 2019
Sat Apr 20 15:38:00 CEST 2019
Sat Apr 20 15:38:01 CEST 2019
Sat Apr 20 15:38:01 CEST 2019
Sat Apr 20 15:38:02 CEST 2019
Sat Apr 20 15:38:02 CEST 2019
Sat Apr 20 15:38:03 CEST 2019
Sat Apr 20 15:38:03 CEST 2019
Sat Apr 20 15:38:04 CEST 2019
Sat Apr 20 15:38:04 CEST 2019
Sat Apr 20 15:38:05 CEST 2019
Sat Apr 20 15:38:05 CEST 2019
Sat Apr 20 15:38:06 CEST 2019
Sat Apr 20 15:38:06 CEST 2019
Sat Apr 20 15:38:07 CEST 2019
Sat Apr 20 15:38:07 CEST 2019
Sat Apr 20 15:38:08 CEST 2019
Sat Apr 20 15:38:08 CEST 2019
Sat Apr 20 15:38:09 CEST 2019
Sat Apr 20 15:38:09 CEST 2019
Sat Apr 20 15:38:10 CEST 2019
Sat Apr 20 15:38:11 CEST 2019
Sat Apr 20 15:38:11 CEST 2019
Sat Apr 20 15:38:12 CEST 2019
Sat Apr 20 15:38:12 CEST 2019
Sat Apr 20 15:38:13 CEST 2019
Sat Apr 20 15:38:13 CEST 2019
Sat Apr 20 15:38:14 CEST 2019
Sat Apr 20 15:38:14 CEST 2019
Sat Apr 20 15:38:15 CEST 2019
Sat Apr 20 15:38:15 CEST 2019
Sat Apr 20 15:38:16 CEST 2019
Sat Apr 20 15:38:16 CEST 2019
Sat Apr 20 15:38:17 CEST 2019
Sat Apr 20 15:38:17 CEST 2019
Sat Apr 20 15:38:18 CEST 2019
Sat Apr 20 15:38:18 CEST 2019
Sat Apr 20 15:38:19 CEST 2019
Sat Apr 20 15:38:19 CEST 2019
Sat Apr 20 15:38:20 CEST 2019
Sat Apr 20 15:38:20 CEST 2019
Sat Apr 20 15:38:21 CEST 2019
Sat Apr 20 15:38:21 CEST 2019
Sat Apr 20 15:38:22 CEST 2019
Sat Apr 20 15:38:22 CEST 2019
Sat Apr 20 15:38:23 CEST 2019
Sat Apr 20 15:38:23 CEST 2019
Sat Apr 20 15:38:24 CEST 2019
Sat Apr 20 15:38:24 CEST 2019
Sat Apr 20 15:38:25 CEST 2019
Sat Apr 20 15:38:25 CEST 2019
Sat Apr 20 15:38:26 CEST 2019
Sat Apr 20 15:38:26 CEST 2019
Sat Apr 20 15:38:27 CEST 2019
Sat Apr 20 15:38:27 CEST 2019
Sat Apr 20 15:38:28 CEST 2019
Sat Apr 20 15:38:28 CEST 2019
Sat Apr 20 15:38:29 CEST 2019
Sat Apr 20 15:38:29 CEST 2019
Sat Apr 20 15:38:30 CEST 2019
Sat Apr 20 15:38:30 CEST 2019
Sat Apr 20 15:38:31 CEST 2019
Sat Apr 20 15:38:31 CEST 2019
Sat Apr 20 15:38:32 CEST 2019
Sat Apr 20 15:38:32 CEST 2019
Sat Apr 20 15:38:33 CEST 2019
Sat Apr 20 15:38:33 CEST 2019
Sat Apr 20 15:38:34 CEST 2019
Sat Apr 20 15:38:34 CEST 2019
Sat Apr 20 15:38:35 CEST 2019
Sat Apr 20 15:38:36 CEST 2019
Sat Apr 20 15:38:36 CEST 2019
Sat Apr 20 15:38:37 CEST 2019
Sat Apr 20 15:38:37 CEST 2019
Sat Apr 20 15:38:38 CEST 2019
Sat Apr 20 15:38:38 CEST 2019
Sat Apr 20 15:38:39 CEST 2019
Sat Apr 20 15:38:39 CEST 2019
Sat Apr 20 15:38:40 CEST 2019
Sat Apr 20 15:38:40 CEST 2019
Sat Apr 20 15:38:41 CEST 2019
Sat Apr 20 15:38:41 CEST 2019
Sat Apr 20 15:38:42 CEST 2019
Sat Apr 20 15:38:42 CEST 2019
Sat Apr 20 15:38:43 CEST 2019
Sat Apr 20 15:38:43 CEST 2019
Sat Apr 20 15:38:44 CEST 2019
Sat Apr 20 15:38:44 CEST 2019
Sat Apr 20 15:38:45 CEST 2019
Sat Apr 20 15:38:45 CEST 2019
Sat Apr 20 15:38:46 CEST 2019
Sat Apr 20 15:38:46 CEST 2019
Sat Apr 20 15:38:47 CEST 2019
Sat Apr 20 15:38:47 CEST 2019
Sat Apr 20 15:38:48 CEST 2019
Sat Apr 20 15:38:48 CEST 2019
Sat Apr 20 15:38:49 CEST 2019
Sat Apr 20 15:38:49 CEST 2019
Sat Apr 20 15:38:50 CEST 2019
Sat Apr 20 15:38:50 CEST 2019
Sat Apr 20 15:38:51 CEST 2019
Sat Apr 20 15:38:51 CEST 2019
Sat Apr 20 15:38:52 CEST 2019
Sat Apr 20 15:38:52 CEST 2019
Sat Apr 20 15:38:53 CEST 2019
Sat Apr 20 15:38:53 CEST 2019
Sat Apr 20 15:38:54 CEST 2019
Sat Apr 20 15:38:54 CEST 2019
Sat Apr 20 15:38:55 CEST 2019
Sat Apr 20 15:38:55 CEST 2019
Sat Apr 20 15:38:56 CEST 2019
Sat Apr 20 15:38:56 CEST 2019
Sat Apr 20 15:38:57 CEST 2019
Sat Apr 20 15:38:57 CEST 2019
Sat Apr 20 15:38:58 CEST 2019
Sat Apr 20 15:38:58 CEST 2019
Sat Apr 20 15:38:59 CEST 2019
Sat Apr 20 15:38:59 CEST 2019
Sat Apr 20 15:39:00 CEST 2019
Sat Apr 20 15:39:01 CEST 2019
Sat Apr 20 15:39:01 CEST 2019
Sat Apr 20 15:39:02 CEST 2019
Sat Apr 20 15:39:02 CEST 2019
Sat Apr 20 15:39:03 CEST 2019
Sat Apr 20 15:39:03 CEST 2019
Sat Apr 20 15:39:04 CEST 2019
Sat Apr 20 15:39:04 CEST 2019
Sat Apr 20 15:39:05 CEST 2019
Sat Apr 20 15:39:05 CEST 2019
Sat Apr 20 15:39:06 CEST 2019
Sat Apr 20 15:39:06 CEST 2019
Sat Apr 20 15:39:07 CEST 2019
Sat Apr 20 15:39:07 CEST 2019
Sat Apr 20 15:39:08 CEST 2019
Sat Apr 20 15:39:08 CEST 2019
Sat Apr 20 15:39:09 CEST 2019
Sat Apr 20 15:39:09 CEST 2019
Sat Apr 20 15:39:10 CEST 2019
Sat Apr 20 15:39:10 CEST 2019
Sat Apr 20 15:39:11 CEST 2019
Sat Apr 20 15:39:11 CEST 2019
Sat Apr 20 15:39:12 CEST 2019
Sat Apr 20 15:39:12 CEST 2019
Sat Apr 20 15:39:13 CEST 2019
Sat Apr 20 15:39:13 CEST 2019
Sat Apr 20 15:39:14 CEST 2019
Sat Apr 20 15:39:14 CEST 2019
Sat Apr 20 15:39:15 CEST 2019
Sat Apr 20 15:39:15 CEST 2019
Sat Apr 20 15:39:16 CEST 2019
Sat Apr 20 15:39:16 CEST 2019
Sat Apr 20 15:39:17 CEST 2019
Sat Apr 20 15:39:17 CEST 2019
Sat Apr 20 15:39:18 CEST 2019
Sat Apr 20 15:39:18 CEST 2019
Sat Apr 20 15:39:19 CEST 2019
Sat Apr 20 15:39:19 CEST 2019
Sat Apr 20 15:39:20 CEST 2019
Sat Apr 20 15:39:20 CEST 2019
Sat Apr 20 15:39:21 CEST 2019
Sat Apr 20 15:39:21 CEST 2019
Sat Apr 20 15:39:22 CEST 2019
Sat Apr 20 15:39:22 CEST 2019
Sat Apr 20 15:39:23 CEST 2019
Sat Apr 20 15:39:24 CEST 2019
Sat Apr 20 15:39:24 CEST 2019
Sat Apr 20 15:39:25 CEST 2019
Sat Apr 20 15:39:25 CEST 2019
Sat Apr 20 15:39:26 CEST 2019
Sat Apr 20 15:39:26 CEST 2019
Sat Apr 20 15:39:27 CEST 2019
Sat Apr 20 15:39:27 CEST 2019
Sat Apr 20 15:39:28 CEST 2019
Sat Apr 20 15:39:28 CEST 2019
Sat Apr 20 15:39:29 CEST 2019
Sat Apr 20 15:39:29 CEST 2019
Sat Apr 20 15:39:30 CEST 2019
Sat Apr 20 15:39:30 CEST 2019
Sat Apr 20 15:39:31 CEST 2019
Sat Apr 20 15:39:31 CEST 2019
Sat Apr 20 15:39:32 CEST 2019
Sat Apr 20 15:39:32 CEST 2019
Sat Apr 20 15:39:33 CEST 2019
Sat Apr 20 15:39:33 CEST 2019
Sat Apr 20 15:39:34 CEST 2019
Sat Apr 20 15:39:34 CEST 2019
Sat Apr 20 15:39:35 CEST 2019
Sat Apr 20 15:39:35 CEST 2019
Sat Apr 20 15:39:36 CEST 2019
Sat Apr 20 15:39:36 CEST 2019
Sat Apr 20 15:39:37 CEST 2019
Sat Apr 20 15:39:37 CEST 2019
Sat Apr 20 15:39:38 CEST 2019
Sat Apr 20 15:39:38 CEST 2019
Sat Apr 20 15:39:39 CEST 2019
Sat Apr 20 15:39:39 CEST 2019
Sat Apr 20 15:39:40 CEST 2019
Sat Apr 20 15:39:40 CEST 2019
Sat Apr 20 15:39:41 CEST 2019
Sat Apr 20 15:39:41 CEST 2019
Sat Apr 20 15:39:42 CEST 2019
Sat Apr 20 15:39:42 CEST 2019
Sat Apr 20 15:39:43 CEST 2019
Sat Apr 20 15:39:43 CEST 2019
Sat Apr 20 15:39:44 CEST 2019
Sat Apr 20 15:39:44 CEST 2019
Sat Apr 20 15:39:45 CEST 2019
Sat Apr 20 15:39:45 CEST 2019
Sat Apr 20 15:39:46 CEST 2019
Sat Apr 20 15:39:46 CEST 2019
Sat Apr 20 15:39:47 CEST 2019
Sat Apr 20 15:39:47 CEST 2019
Sat Apr 20 15:39:48 CEST 2019
Sat Apr 20 15:39:48 CEST 2019
Sat Apr 20 15:39:49 CEST 2019
Sat Apr 20 15:39:50 CEST 2019
Sat Apr 20 15:39:50 CEST 2019
Sat Apr 20 15:39:51 CEST 2019
Sat Apr 20 15:39:51 CEST 2019
Sat Apr 20 15:39:52 CEST 2019
Sat Apr 20 15:39:52 CEST 2019
Sat Apr 20 15:39:53 CEST 2019
Sat Apr 20 15:39:53 CEST 2019
Sat Apr 20 15:39:54 CEST 2019
Sat Apr 20 15:39:54 CEST 2019
Sat Apr 20 15:39:55 CEST 2019
Sat Apr 20 15:39:55 CEST 2019
Sat Apr 20 15:39:56 CEST 2019
Sat Apr 20 15:39:56 CEST 2019
Sat Apr 20 15:39:57 CEST 2019
Sat Apr 20 15:39:57 CEST 2019
Sat Apr 20 15:39:58 CEST 2019
Sat Apr 20 15:39:58 CEST 2019
Sat Apr 20 15:39:59 CEST 2019
Sat Apr 20 15:39:59 CEST 2019
Sat Apr 20 15:40:00 CEST 2019
Sat Apr 20 15:40:00 CEST 2019
Sat Apr 20 15:40:01 CEST 2019
Sat Apr 20 15:40:01 CEST 2019
Sat Apr 20 15:40:02 CEST 2019
Sat Apr 20 15:40:02 CEST 2019
Sat Apr 20 15:40:03 CEST 2019
Sat Apr 20 15:40:03 CEST 2019
Sat Apr 20 15:40:04 CEST 2019
Sat Apr 20 15:40:04 CEST 2019
Sat Apr 20 15:40:05 CEST 2019
Sat Apr 20 15:40:05 CEST 2019
Sat Apr 20 15:40:06 CEST 2019
Sat Apr 20 15:40:06 CEST 2019
Sat Apr 20 15:40:07 CEST 2019
Sat Apr 20 15:40:07 CEST 2019
Sat Apr 20 15:40:08 CEST 2019
Sat Apr 20 15:40:08 CEST 2019
Sat Apr 20 15:40:09 CEST 2019
Sat Apr 20 15:40:09 CEST 2019
Sat Apr 20 15:40:10 CEST 2019
Sat Apr 20 15:40:10 CEST 2019
Sat Apr 20 15:40:11 CEST 2019
Sat Apr 20 15:40:11 CEST 2019
Sat Apr 20 15:40:12 CEST 2019
Sat Apr 20 15:40:12 CEST 2019
Sat Apr 20 15:40:13 CEST 2019
Sat Apr 20 15:40:13 CEST 2019
Sat Apr 20 15:40:14 CEST 2019
Sat Apr 20 15:40:14 CEST 2019
Sat Apr 20 15:40:15 CEST 2019
Sat Apr 20 15:40:16 CEST 2019
Sat Apr 20 15:40:16 CEST 2019
Sat Apr 20 15:40:17 CEST 2019
Sat Apr 20 15:40:17 CEST 2019
Sat Apr 20 15:40:18 CEST 2019
Sat Apr 20 15:40:18 CEST 2019
Sat Apr 20 15:40:19 CEST 2019
Sat Apr 20 15:40:19 CEST 2019
Sat Apr 20 15:40:20 CEST 2019
Sat Apr 20 15:40:20 CEST 2019
Sat Apr 20 15:40:21 CEST 2019
Sat Apr 20 15:40:21 CEST 2019
Sat Apr 20 15:40:22 CEST 2019
Sat Apr 20 15:40:22 CEST 2019
Sat Apr 20 15:40:23 CEST 2019
Sat Apr 20 15:40:23 CEST 2019
Sat Apr 20 15:40:24 CEST 2019
Sat Apr 20 15:40:24 CEST 2019
Sat Apr 20 15:40:25 CEST 2019
Sat Apr 20 15:40:25 CEST 2019
Sat Apr 20 15:40:26 CEST 2019
Sat Apr 20 15:40:26 CEST 2019
Sat Apr 20 15:40:27 CEST 2019
Sat Apr 20 15:40:27 CEST 2019
Sat Apr 20 15:40:28 CEST 2019
Sat Apr 20 15:40:28 CEST 2019
Sat Apr 20 15:40:29 CEST 2019
Sat Apr 20 15:40:29 CEST 2019
Sat Apr 20 15:40:30 CEST 2019
Sat Apr 20 15:40:30 CEST 2019
Sat Apr 20 15:40:31 CEST 2019
Sat Apr 20 15:40:31 CEST 2019
Sat Apr 20 15:40:32 CEST 2019
Sat Apr 20 15:40:32 CEST 2019
Sat Apr 20 15:40:33 CEST 2019
Sat Apr 20 15:40:33 CEST 2019
Sat Apr 20 15:40:34 CEST 2019
Sat Apr 20 15:40:34 CEST 2019
Sat Apr 20 15:40:35 CEST 2019
Sat Apr 20 15:40:35 CEST 2019
Sat Apr 20 15:40:36 CEST 2019
Sat Apr 20 15:40:36 CEST 2019
Sat Apr 20 15:40:37 CEST 2019
Sat Apr 20 15:40:37 CEST 2019
Sat Apr 20 15:40:38 CEST 2019
Sat Apr 20 15:40:38 CEST 2019
Sat Apr 20 15:40:39 CEST 2019
Sat Apr 20 15:40:39 CEST 2019
Sat Apr 20 15:40:40 CEST 2019
Sat Apr 20 15:40:40 CEST 2019
Sat Apr 20 15:40:41 CEST 2019
Sat Apr 20 15:40:42 CEST 2019
Sat Apr 20 15:40:42 CEST 2019
Sat Apr 20 15:40:43 CEST 2019
Sat Apr 20 15:40:43 CEST 2019
Sat Apr 20 15:40:44 CEST 2019
Sat Apr 20 15:40:44 CEST 2019
Sat Apr 20 15:40:45 CEST 2019
Sat Apr 20 15:40:45 CEST 2019
Sat Apr 20 15:40:46 CEST 2019
Sat Apr 20 15:40:46 CEST 2019
Sat Apr 20 15:40:47 CEST 2019
Sat Apr 20 15:40:47 CEST 2019
Sat Apr 20 15:40:48 CEST 2019
Sat Apr 20 15:40:48 CEST 2019
Sat Apr 20 15:40:49 CEST 2019
Sat Apr 20 15:40:49 CEST 2019
Sat Apr 20 15:40:50 CEST 2019
Sat Apr 20 15:40:50 CEST 2019
Sat Apr 20 15:40:51 CEST 2019
Sat Apr 20 15:40:51 CEST 2019
Sat Apr 20 15:40:52 CEST 2019
Sat Apr 20 15:40:52 CEST 2019
Sat Apr 20 15:40:53 CEST 2019
Sat Apr 20 15:40:53 CEST 2019
Sat Apr 20 15:40:54 CEST 2019
Sat Apr 20 15:40:54 CEST 2019
Sat Apr 20 15:40:55 CEST 2019
Sat Apr 20 15:40:55 CEST 2019
Sat Apr 20 15:40:56 CEST 2019
Sat Apr 20 15:40:56 CEST 2019
Sat Apr 20 15:40:57 CEST 2019
Sat Apr 20 15:40:57 CEST 2019
Sat Apr 20 15:40:58 CEST 2019
Sat Apr 20 15:40:58 CEST 2019
Sat Apr 20 15:40:59 CEST 2019
Sat Apr 20 15:40:59 CEST 2019
Sat Apr 20 15:41:00 CEST 2019
Sat Apr 20 15:41:00 CEST 2019
Sat Apr 20 15:41:01 CEST 2019
Sat Apr 20 15:41:01 CEST 2019
Sat Apr 20 15:41:02 CEST 2019
Sat Apr 20 15:41:02 CEST 2019
Sat Apr 20 15:41:03 CEST 2019
Sat Apr 20 15:41:03 CEST 2019
Sat Apr 20 15:41:04 CEST 2019
Sat Apr 20 15:41:04 CEST 2019
Sat Apr 20 15:41:05 CEST 2019
Sat Apr 20 15:41:05 CEST 2019
Sat Apr 20 15:41:06 CEST 2019
Sat Apr 20 15:41:06 CEST 2019
Sat Apr 20 15:41:07 CEST 2019
Sat Apr 20 15:41:07 CEST 2019
Sat Apr 20 15:41:08 CEST 2019
Sat Apr 20 15:41:09 CEST 2019
Sat Apr 20 15:41:09 CEST 2019
Sat Apr 20 15:41:10 CEST 2019
Sat Apr 20 15:41:10 CEST 2019
Sat Apr 20 15:41:11 CEST 2019
Sat Apr 20 15:41:11 CEST 2019
Sat Apr 20 15:41:12 CEST 2019
Sat Apr 20 15:41:12 CEST 2019
Sat Apr 20 15:41:13 CEST 2019
Sat Apr 20 15:41:13 CEST 2019
Sat Apr 20 15:41:14 CEST 2019
Sat Apr 20 15:41:14 CEST 2019
Sat Apr 20 15:41:15 CEST 2019
Sat Apr 20 15:41:15 CEST 2019
Sat Apr 20 15:41:16 CEST 2019
Sat Apr 20 15:41:16 CEST 2019
Sat Apr 20 15:41:17 CEST 2019
Sat Apr 20 15:41:17 CEST 2019
Sat Apr 20 15:41:18 CEST 2019
Sat Apr 20 15:41:18 CEST 2019
Sat Apr 20 15:41:19 CEST 2019
Sat Apr 20 15:41:19 CEST 2019
Sat Apr 20 15:41:20 CEST 2019
Sat Apr 20 15:41:20 CEST 2019
Sat Apr 20 15:41:21 CEST 2019
Sat Apr 20 15:41:21 CEST 2019
Sat Apr 20 15:41:22 CEST 2019
Sat Apr 20 15:41:22 CEST 2019
Sat Apr 20 15:41:23 CEST 2019
Sat Apr 20 15:41:23 CEST 2019
Sat Apr 20 15:41:24 CEST 2019
Sat Apr 20 15:41:24 CEST 2019
Sat Apr 20 15:41:25 CEST 2019
Sat Apr 20 15:41:25 CEST 2019
Sat Apr 20 15:41:26 CEST 2019
Sat Apr 20 15:41:26 CEST 2019
Sat Apr 20 15:41:27 CEST 2019
Sat Apr 20 15:41:27 CEST 2019
Sat Apr 20 15:41:28 CEST 2019
Sat Apr 20 15:41:28 CEST 2019
Sat Apr 20 15:41:29 CEST 2019
Sat Apr 20 15:41:29 CEST 2019
Sat Apr 20 15:41:30 CEST 2019
Sat Apr 20 15:41:30 CEST 2019
Sat Apr 20 15:41:31 CEST 2019
Sat Apr 20 15:41:31 CEST 2019
Sat Apr 20 15:41:32 CEST 2019
Sat Apr 20 15:41:32 CEST 2019
Sat Apr 20 15:41:33 CEST 2019
Sat Apr 20 15:41:33 CEST 2019
Sat Apr 20 15:41:34 CEST 2019
Sat Apr 20 15:41:34 CEST 2019
Sat Apr 20 15:41:35 CEST 2019
Sat Apr 20 15:41:35 CEST 2019
Sat Apr 20 15:41:36 CEST 2019
Sat Apr 20 15:41:37 CEST 2019
Sat Apr 20 15:41:37 CEST 2019
Sat Apr 20 15:41:38 CEST 2019
Sat Apr 20 15:41:38 CEST 2019
Sat Apr 20 15:41:39 CEST 2019
Sat Apr 20 15:41:39 CEST 2019
Sat Apr 20 15:41:40 CEST 2019
Sat Apr 20 15:41:40 CEST 2019
Sat Apr 20 15:41:41 CEST 2019
Sat Apr 20 15:41:41 CEST 2019
Sat Apr 20 15:41:42 CEST 2019
Sat Apr 20 15:41:42 CEST 2019
Sat Apr 20 15:41:43 CEST 2019
Sat Apr 20 15:41:43 CEST 2019
Sat Apr 20 15:41:44 CEST 2019
Sat Apr 20 15:41:44 CEST 2019
Sat Apr 20 15:41:45 CEST 2019
Sat Apr 20 15:41:45 CEST 2019
Sat Apr 20 15:41:46 CEST 2019
Sat Apr 20 15:41:46 CEST 2019
Sat Apr 20 15:41:47 CEST 2019
Sat Apr 20 15:41:47 CEST 2019
Sat Apr 20 15:41:48 CEST 2019
Sat Apr 20 15:41:48 CEST 2019
Sat Apr 20 15:41:49 CEST 2019
Sat Apr 20 15:41:49 CEST 2019
Sat Apr 20 15:41:50 CEST 2019
Sat Apr 20 15:41:50 CEST 2019
Sat Apr 20 15:41:51 CEST 2019
Sat Apr 20 15:41:51 CEST 2019
Sat Apr 20 15:41:52 CEST 2019
Sat Apr 20 15:41:52 CEST 2019
Sat Apr 20 15:41:53 CEST 2019
Sat Apr 20 15:41:53 CEST 2019
Sat Apr 20 15:41:54 CEST 2019
Sat Apr 20 15:41:54 CEST 2019
Sat Apr 20 15:41:55 CEST 2019
Sat Apr 20 15:41:55 CEST 2019
Sat Apr 20 15:41:56 CEST 2019
Sat Apr 20 15:41:56 CEST 2019
Sat Apr 20 15:41:57 CEST 2019
Sat Apr 20 15:41:57 CEST 2019
Sat Apr 20 15:41:58 CEST 2019
Sat Apr 20 15:41:58 CEST 2019
Sat Apr 20 15:41:59 CEST 2019
Sat Apr 20 15:41:59 CEST 2019
Sat Apr 20 15:42:00 CEST 2019
Sat Apr 20 15:42:01 CEST 2019
Sat Apr 20 15:42:01 CEST 2019
Sat Apr 20 15:42:02 CEST 2019
Sat Apr 20 15:42:02 CEST 2019
Sat Apr 20 15:42:03 CEST 2019
Sat Apr 20 15:42:03 CEST 2019
Sat Apr 20 15:42:04 CEST 2019
Sat Apr 20 15:42:04 CEST 2019
Sat Apr 20 15:42:05 CEST 2019
Sat Apr 20 15:42:05 CEST 2019
Sat Apr 20 15:42:06 CEST 2019
Sat Apr 20 15:42:06 CEST 2019
Sat Apr 20 15:42:07 CEST 2019
Sat Apr 20 15:42:07 CEST 2019
Sat Apr 20 15:42:08 CEST 2019
Sat Apr 20 15:42:08 CEST 2019
Sat Apr 20 15:42:09 CEST 2019
Sat Apr 20 15:42:09 CEST 2019
Sat Apr 20 15:42:10 CEST 2019
Sat Apr 20 15:42:10 CEST 2019
Sat Apr 20 15:42:11 CEST 2019
Sat Apr 20 15:42:11 CEST 2019
Sat Apr 20 15:42:12 CEST 2019
Sat Apr 20 15:42:12 CEST 2019
Sat Apr 20 15:42:13 CEST 2019
Sat Apr 20 15:42:13 CEST 2019
Sat Apr 20 15:42:14 CEST 2019
Sat Apr 20 15:42:14 CEST 2019
Sat Apr 20 15:42:15 CEST 2019
Sat Apr 20 15:42:15 CEST 2019
Sat Apr 20 15:42:16 CEST 2019
Sat Apr 20 15:42:16 CEST 2019
Sat Apr 20 15:42:17 CEST 2019
Sat Apr 20 15:42:17 CEST 2019
Sat Apr 20 15:42:18 CEST 2019
Sat Apr 20 15:42:18 CEST 2019
Sat Apr 20 15:42:19 CEST 2019
Sat Apr 20 15:42:19 CEST 2019
Sat Apr 20 15:42:20 CEST 2019
Sat Apr 20 15:42:20 CEST 2019
Sat Apr 20 15:42:21 CEST 2019
Sat Apr 20 15:42:21 CEST 2019
Sat Apr 20 15:42:22 CEST 2019
Sat Apr 20 15:42:23 CEST 2019
Sat Apr 20 15:42:23 CEST 2019
Sat Apr 20 15:42:24 CEST 2019
Sat Apr 20 15:42:24 CEST 2019
Sat Apr 20 15:42:25 CEST 2019
Sat Apr 20 15:42:25 CEST 2019
Sat Apr 20 15:42:26 CEST 2019
Sat Apr 20 15:42:26 CEST 2019
Sat Apr 20 15:42:27 CEST 2019
Sat Apr 20 15:42:27 CEST 2019
Sat Apr 20 15:42:28 CEST 2019
Sat Apr 20 15:42:28 CEST 2019
Sat Apr 20 15:42:29 CEST 2019
Sat Apr 20 15:42:29 CEST 2019
Sat Apr 20 15:42:30 CEST 2019
Sat Apr 20 15:42:30 CEST 2019
Sat Apr 20 15:42:31 CEST 2019
Sat Apr 20 15:42:31 CEST 2019
Sat Apr 20 15:42:32 CEST 2019
Sat Apr 20 15:42:32 CEST 2019
Sat Apr 20 15:42:33 CEST 2019
Sat Apr 20 15:42:33 CEST 2019
Sat Apr 20 15:42:34 CEST 2019
Sat Apr 20 15:42:34 CEST 2019
Sat Apr 20 15:42:35 CEST 2019
Sat Apr 20 15:42:35 CEST 2019
Sat Apr 20 15:42:36 CEST 2019
Sat Apr 20 15:42:36 CEST 2019
Sat Apr 20 15:42:37 CEST 2019
Sat Apr 20 15:42:37 CEST 2019
Sat Apr 20 15:42:38 CEST 2019
Sat Apr 20 15:42:38 CEST 2019
Sat Apr 20 15:42:39 CEST 2019
Sat Apr 20 15:42:39 CEST 2019
Sat Apr 20 15:42:40 CEST 2019
Sat Apr 20 15:42:40 CEST 2019
Sat Apr 20 15:42:41 CEST 2019
Sat Apr 20 15:42:41 CEST 2019
Sat Apr 20 15:42:42 CEST 2019
Sat Apr 20 15:42:42 CEST 2019
Sat Apr 20 15:42:43 CEST 2019
Sat Apr 20 15:42:43 CEST 2019
Sat Apr 20 15:42:44 CEST 2019
Sat Apr 20 15:42:44 CEST 2019
Sat Apr 20 15:42:45 CEST 2019
Sat Apr 20 15:42:45 CEST 2019
Sat Apr 20 15:42:46 CEST 2019
Sat Apr 20 15:42:46 CEST 2019
Sat Apr 20 15:42:47 CEST 2019
Sat Apr 20 15:42:48 CEST 2019
Sat Apr 20 15:42:48 CEST 2019
Sat Apr 20 15:42:49 CEST 2019
Sat Apr 20 15:42:49 CEST 2019
Sat Apr 20 15:42:50 CEST 2019
Sat Apr 20 15:42:50 CEST 2019
Sat Apr 20 15:42:51 CEST 2019
Sat Apr 20 15:42:51 CEST 2019
Sat Apr 20 15:42:52 CEST 2019
Sat Apr 20 15:42:52 CEST 2019
Sat Apr 20 15:42:53 CEST 2019
Sat Apr 20 15:42:53 CEST 2019
Sat Apr 20 15:42:54 CEST 2019
Sat Apr 20 15:42:54 CEST 2019
Sat Apr 20 15:42:55 CEST 2019
Sat Apr 20 15:42:55 CEST 2019
Sat Apr 20 15:42:56 CEST 2019
Sat Apr 20 15:42:56 CEST 2019
Sat Apr 20 15:42:57 CEST 2019
Sat Apr 20 15:42:57 CEST 2019
Sat Apr 20 15:42:58 CEST 2019
Sat Apr 20 15:42:58 CEST 2019
Sat Apr 20 15:42:59 CEST 2019
Sat Apr 20 15:42:59 CEST 2019
Sat Apr 20 15:43:00 CEST 2019
Sat Apr 20 15:43:00 CEST 2019
Sat Apr 20 15:43:01 CEST 2019
Sat Apr 20 15:43:01 CEST 2019
Sat Apr 20 15:43:02 CEST 2019
Sat Apr 20 15:43:02 CEST 2019
Sat Apr 20 15:43:03 CEST 2019
Sat Apr 20 15:43:03 CEST 2019
Sat Apr 20 15:43:04 CEST 2019
Sat Apr 20 15:43:04 CEST 2019
Sat Apr 20 15:43:05 CEST 2019
Sat Apr 20 15:43:05 CEST 2019
Sat Apr 20 15:43:06 CEST 2019
Sat Apr 20 15:43:06 CEST 2019
Sat Apr 20 15:43:07 CEST 2019
Sat Apr 20 15:43:07 CEST 2019
Sat Apr 20 15:43:08 CEST 2019
Sat Apr 20 15:43:08 CEST 2019
Sat Apr 20 15:43:09 CEST 2019
Sat Apr 20 15:43:09 CEST 2019
Sat Apr 20 15:43:10 CEST 2019
Sat Apr 20 15:43:10 CEST 2019
Sat Apr 20 15:43:11 CEST 2019
Sat Apr 20 15:43:12 CEST 2019
Sat Apr 20 15:43:12 CEST 2019
Sat Apr 20 15:43:13 CEST 2019
Sat Apr 20 15:43:13 CEST 2019
Sat Apr 20 15:43:14 CEST 2019
Sat Apr 20 15:43:14 CEST 2019
Sat Apr 20 15:43:15 CEST 2019
Sat Apr 20 15:43:15 CEST 2019
Sat Apr 20 15:43:16 CEST 2019
Sat Apr 20 15:43:16 CEST 2019
Sat Apr 20 15:43:17 CEST 2019
Sat Apr 20 15:43:17 CEST 2019
Sat Apr 20 15:43:18 CEST 2019
Sat Apr 20 15:43:18 CEST 2019
Sat Apr 20 15:43:19 CEST 2019
Sat Apr 20 15:43:19 CEST 2019
Sat Apr 20 15:43:20 CEST 2019
Sat Apr 20 15:43:20 CEST 2019
Sat Apr 20 15:43:21 CEST 2019
Sat Apr 20 15:43:21 CEST 2019
Sat Apr 20 15:43:22 CEST 2019
Sat Apr 20 15:43:22 CEST 2019
Sat Apr 20 15:43:23 CEST 2019
Sat Apr 20 15:43:23 CEST 2019
Sat Apr 20 15:43:24 CEST 2019
Sat Apr 20 15:43:24 CEST 2019
Sat Apr 20 15:43:25 CEST 2019
Sat Apr 20 15:43:25 CEST 2019
Sat Apr 20 15:43:26 CEST 2019
Sat Apr 20 15:43:26 CEST 2019
Sat Apr 20 15:43:27 CEST 2019
Sat Apr 20 15:43:27 CEST 2019
Sat Apr 20 15:43:28 CEST 2019
Sat Apr 20 15:43:28 CEST 2019
Sat Apr 20 15:43:29 CEST 2019
Sat Apr 20 15:43:29 CEST 2019
Sat Apr 20 15:43:30 CEST 2019
Sat Apr 20 15:43:30 CEST 2019
Sat Apr 20 15:43:31 CEST 2019
Sat Apr 20 15:43:31 CEST 2019
Sat Apr 20 15:43:32 CEST 2019
Sat Apr 20 15:43:32 CEST 2019
Sat Apr 20 15:43:33 CEST 2019
Sat Apr 20 15:43:33 CEST 2019
Sat Apr 20 15:43:34 CEST 2019
Sat Apr 20 15:43:34 CEST 2019
Sat Apr 20 15:43:35 CEST 2019
Sat Apr 20 15:43:35 CEST 2019
Sat Apr 20 15:43:36 CEST 2019
Sat Apr 20 15:43:36 CEST 2019
Sat Apr 20 15:43:37 CEST 2019
Sat Apr 20 15:43:38 CEST 2019
Sat Apr 20 15:43:38 CEST 2019
Sat Apr 20 15:43:39 CEST 2019
Sat Apr 20 15:43:39 CEST 2019
Sat Apr 20 15:43:40 CEST 2019
Sat Apr 20 15:43:40 CEST 2019
Sat Apr 20 15:43:41 CEST 2019
Sat Apr 20 15:43:41 CEST 2019
Sat Apr 20 15:43:42 CEST 2019
Sat Apr 20 15:43:42 CEST 2019
Sat Apr 20 15:43:43 CEST 2019
Sat Apr 20 15:43:43 CEST 2019
Sat Apr 20 15:43:44 CEST 2019
Sat Apr 20 15:43:44 CEST 2019
Sat Apr 20 15:43:45 CEST 2019
Sat Apr 20 15:43:45 CEST 2019
Sat Apr 20 15:43:46 CEST 2019
Sat Apr 20 15:43:46 CEST 2019
Sat Apr 20 15:43:47 CEST 2019
Sat Apr 20 15:43:47 CEST 2019
Sat Apr 20 15:43:48 CEST 2019
Sat Apr 20 15:43:48 CEST 2019
Sat Apr 20 15:43:49 CEST 2019
Sat Apr 20 15:43:49 CEST 2019
Sat Apr 20 15:43:50 CEST 2019
Sat Apr 20 15:43:50 CEST 2019
Sat Apr 20 15:43:51 CEST 2019
Sat Apr 20 15:43:51 CEST 2019
Sat Apr 20 15:43:52 CEST 2019
Sat Apr 20 15:43:52 CEST 2019
Sat Apr 20 15:43:53 CEST 2019
Sat Apr 20 15:43:53 CEST 2019
Sat Apr 20 15:43:54 CEST 2019
Sat Apr 20 15:43:54 CEST 2019
Sat Apr 20 15:43:55 CEST 2019
Sat Apr 20 15:43:55 CEST 2019
Sat Apr 20 15:43:56 CEST 2019
Sat Apr 20 15:43:56 CEST 2019
Sat Apr 20 15:43:57 CEST 2019
Sat Apr 20 15:43:57 CEST 2019
Sat Apr 20 15:43:58 CEST 2019
Sat Apr 20 15:43:58 CEST 2019
Sat Apr 20 15:43:59 CEST 2019
Sat Apr 20 15:43:59 CEST 2019
Sat Apr 20 15:44:00 CEST 2019
Sat Apr 20 15:44:00 CEST 2019
Sat Apr 20 15:44:01 CEST 2019
Sat Apr 20 15:44:01 CEST 2019
Sat Apr 20 15:44:02 CEST 2019
Sat Apr 20 15:44:02 CEST 2019
Sat Apr 20 15:44:03 CEST 2019
Sat Apr 20 15:44:04 CEST 2019
Sat Apr 20 15:44:04 CEST 2019
Sat Apr 20 15:44:05 CEST 2019
Sat Apr 20 15:44:05 CEST 2019
Sat Apr 20 15:44:06 CEST 2019
Sat Apr 20 15:44:06 CEST 2019
Sat Apr 20 15:44:07 CEST 2019
Sat Apr 20 15:44:07 CEST 2019
Sat Apr 20 15:44:08 CEST 2019
Sat Apr 20 15:44:08 CEST 2019
Sat Apr 20 15:44:09 CEST 2019
Sat Apr 20 15:44:09 CEST 2019
Sat Apr 20 15:44:10 CEST 2019
Sat Apr 20 15:44:10 CEST 2019
Sat Apr 20 15:44:11 CEST 2019
Sat Apr 20 15:44:11 CEST 2019
Sat Apr 20 15:44:12 CEST 2019
Sat Apr 20 15:44:12 CEST 2019
Sat Apr 20 15:44:13 CEST 2019
Sat Apr 20 15:44:13 CEST 2019
Sat Apr 20 15:44:14 CEST 2019
Sat Apr 20 15:44:14 CEST 2019
Sat Apr 20 15:44:15 CEST 2019
Sat Apr 20 15:44:15 CEST 2019
Sat Apr 20 15:44:16 CEST 2019
Sat Apr 20 15:44:16 CEST 2019
Sat Apr 20 15:44:17 CEST 2019
Sat Apr 20 15:44:17 CEST 2019
Sat Apr 20 15:44:18 CEST 2019
Sat Apr 20 15:44:18 CEST 2019
Sat Apr 20 15:44:19 CEST 2019
Sat Apr 20 15:44:19 CEST 2019
Sat Apr 20 15:44:20 CEST 2019
Sat Apr 20 15:44:20 CEST 2019
Sat Apr 20 15:44:21 CEST 2019
Sat Apr 20 15:44:21 CEST 2019
Sat Apr 20 15:44:22 CEST 2019
Sat Apr 20 15:44:22 CEST 2019
Sat Apr 20 15:44:23 CEST 2019
Sat Apr 20 15:44:23 CEST 2019
Sat Apr 20 15:44:24 CEST 2019
Sat Apr 20 15:44:24 CEST 2019
Sat Apr 20 15:44:25 CEST 2019
Sat Apr 20 15:44:25 CEST 2019
Sat Apr 20 15:44:26 CEST 2019
Sat Apr 20 15:44:26 CEST 2019
Sat Apr 20 15:44:27 CEST 2019
Sat Apr 20 15:44:27 CEST 2019
Sat Apr 20 15:44:28 CEST 2019
Sat Apr 20 15:44:28 CEST 2019
Sat Apr 20 15:44:29 CEST 2019
Sat Apr 20 15:44:30 CEST 2019
Sat Apr 20 15:44:30 CEST 2019
Sat Apr 20 15:44:31 CEST 2019
Sat Apr 20 15:44:31 CEST 2019
Sat Apr 20 15:44:32 CEST 2019
Sat Apr 20 15:44:32 CEST 2019
Sat Apr 20 15:44:33 CEST 2019
Sat Apr 20 15:44:33 CEST 2019
Sat Apr 20 15:44:34 CEST 2019
Sat Apr 20 15:44:34 CEST 2019
Sat Apr 20 15:44:35 CEST 2019
Sat Apr 20 15:44:35 CEST 2019
Sat Apr 20 15:44:36 CEST 2019
Sat Apr 20 15:44:36 CEST 2019
Sat Apr 20 15:44:37 CEST 2019
Sat Apr 20 15:44:37 CEST 2019
Sat Apr 20 15:44:38 CEST 2019
Sat Apr 20 15:44:38 CEST 2019
Sat Apr 20 15:44:39 CEST 2019
Sat Apr 20 15:44:39 CEST 2019
Sat Apr 20 15:44:40 CEST 2019
Sat Apr 20 15:44:40 CEST 2019
Sat Apr 20 15:44:41 CEST 2019
Sat Apr 20 15:44:41 CEST 2019
Sat Apr 20 15:44:42 CEST 2019
Sat Apr 20 15:44:42 CEST 2019
Sat Apr 20 15:44:43 CEST 2019
Sat Apr 20 15:44:43 CEST 2019
Sat Apr 20 15:44:44 CEST 2019
Sat Apr 20 15:44:44 CEST 2019
Sat Apr 20 15:44:45 CEST 2019
Sat Apr 20 15:44:45 CEST 2019
Sat Apr 20 15:44:46 CEST 2019
Sat Apr 20 15:44:46 CEST 2019
Sat Apr 20 15:44:47 CEST 2019
Sat Apr 20 15:44:47 CEST 2019
Sat Apr 20 15:44:48 CEST 2019
Sat Apr 20 15:44:48 CEST 2019
Sat Apr 20 15:44:49 CEST 2019
Sat Apr 20 15:44:49 CEST 2019
Sat Apr 20 15:44:50 CEST 2019
Sat Apr 20 15:44:50 CEST 2019
Sat Apr 20 15:44:51 CEST 2019
Sat Apr 20 15:44:51 CEST 2019
Sat Apr 20 15:44:52 CEST 2019
Sat Apr 20 15:44:52 CEST 2019
Sat Apr 20 15:44:53 CEST 2019
Sat Apr 20 15:44:53 CEST 2019
Sat Apr 20 15:44:54 CEST 2019
Sat Apr 20 15:44:54 CEST 2019
Sat Apr 20 15:44:55 CEST 2019
Sat Apr 20 15:44:56 CEST 2019
Sat Apr 20 15:44:56 CEST 2019
Sat Apr 20 15:44:57 CEST 2019
Sat Apr 20 15:44:57 CEST 2019
Sat Apr 20 15:44:58 CEST 2019
Sat Apr 20 15:44:58 CEST 2019
Sat Apr 20 15:44:59 CEST 2019
Sat Apr 20 15:44:59 CEST 2019
Sat Apr 20 15:45:00 CEST 2019
Sat Apr 20 15:45:00 CEST 2019
Sat Apr 20 15:45:01 CEST 2019
Sat Apr 20 15:45:01 CEST 2019
Sat Apr 20 15:45:02 CEST 2019
Sat Apr 20 15:45:02 CEST 2019
Sat Apr 20 15:45:03 CEST 2019
Sat Apr 20 15:45:03 CEST 2019
Sat Apr 20 15:45:04 CEST 2019
Sat Apr 20 15:45:04 CEST 2019
Sat Apr 20 15:45:05 CEST 2019
Sat Apr 20 15:45:05 CEST 2019
Sat Apr 20 15:45:06 CEST 2019
Sat Apr 20 15:45:06 CEST 2019
Sat Apr 20 15:45:07 CEST 2019
Sat Apr 20 15:45:07 CEST 2019
Sat Apr 20 15:45:08 CEST 2019
Sat Apr 20 15:45:08 CEST 2019
Sat Apr 20 15:45:09 CEST 2019
Sat Apr 20 15:45:09 CEST 2019
Sat Apr 20 15:45:10 CEST 2019
Sat Apr 20 15:45:10 CEST 2019
Sat Apr 20 15:45:11 CEST 2019
Sat Apr 20 15:45:11 CEST 2019
Sat Apr 20 15:45:12 CEST 2019
Sat Apr 20 15:45:12 CEST 2019
Sat Apr 20 15:45:13 CEST 2019
Sat Apr 20 15:45:13 CEST 2019
Sat Apr 20 15:45:14 CEST 2019
Sat Apr 20 15:45:14 CEST 2019
Sat Apr 20 15:45:15 CEST 2019
Sat Apr 20 15:45:15 CEST 2019
Sat Apr 20 15:45:16 CEST 2019
Sat Apr 20 15:45:16 CEST 2019
Sat Apr 20 15:45:17 CEST 2019
Sat Apr 20 15:45:17 CEST 2019
Sat Apr 20 15:45:18 CEST 2019
Sat Apr 20 15:45:18 CEST 2019
Sat Apr 20 15:45:19 CEST 2019
Sat Apr 20 15:45:19 CEST 2019
Sat Apr 20 15:45:20 CEST 2019
Sat Apr 20 15:45:21 CEST 2019
Sat Apr 20 15:45:21 CEST 2019
Sat Apr 20 15:45:22 CEST 2019
Sat Apr 20 15:45:22 CEST 2019
Sat Apr 20 15:45:23 CEST 2019
Sat Apr 20 15:45:23 CEST 2019
Sat Apr 20 15:45:24 CEST 2019
Sat Apr 20 15:45:24 CEST 2019
Sat Apr 20 15:45:25 CEST 2019
Sat Apr 20 15:45:25 CEST 2019
Sat Apr 20 15:45:26 CEST 2019
Sat Apr 20 15:45:26 CEST 2019
Sat Apr 20 15:45:27 CEST 2019
Sat Apr 20 15:45:27 CEST 2019
Sat Apr 20 15:45:28 CEST 2019
Sat Apr 20 15:45:28 CEST 2019
Sat Apr 20 15:45:29 CEST 2019
Sat Apr 20 15:45:29 CEST 2019
Sat Apr 20 15:45:30 CEST 2019
Sat Apr 20 15:45:30 CEST 2019
Sat Apr 20 15:45:31 CEST 2019
Sat Apr 20 15:45:31 CEST 2019
Sat Apr 20 15:45:32 CEST 2019
Sat Apr 20 15:45:32 CEST 2019
Sat Apr 20 15:45:33 CEST 2019
Sat Apr 20 15:45:33 CEST 2019
Sat Apr 20 15:45:34 CEST 2019
Sat Apr 20 15:45:34 CEST 2019
Sat Apr 20 15:45:35 CEST 2019
Sat Apr 20 15:45:35 CEST 2019
Sat Apr 20 15:45:36 CEST 2019
Sat Apr 20 15:45:36 CEST 2019
Sat Apr 20 15:45:37 CEST 2019
Sat Apr 20 15:45:37 CEST 2019
Sat Apr 20 15:45:38 CEST 2019
Sat Apr 20 15:45:38 CEST 2019
Sat Apr 20 15:45:39 CEST 2019
Sat Apr 20 15:45:39 CEST 2019
Sat Apr 20 15:45:40 CEST 2019
Sat Apr 20 15:45:40 CEST 2019
Sat Apr 20 15:45:41 CEST 2019
Sat Apr 20 15:45:41 CEST 2019
Sat Apr 20 15:45:42 CEST 2019
Sat Apr 20 15:45:42 CEST 2019
Sat Apr 20 15:45:43 CEST 2019
Sat Apr 20 15:45:44 CEST 2019
Sat Apr 20 15:45:44 CEST 2019
Sat Apr 20 15:45:45 CEST 2019
Sat Apr 20 15:45:45 CEST 2019
Sat Apr 20 15:45:46 CEST 2019
Sat Apr 20 15:45:46 CEST 2019
Sat Apr 20 15:45:47 CEST 2019
Sat Apr 20 15:45:47 CEST 2019
Sat Apr 20 15:45:48 CEST 2019
Sat Apr 20 15:45:48 CEST 2019
Sat Apr 20 15:45:49 CEST 2019
Sat Apr 20 15:45:49 CEST 2019
Sat Apr 20 15:45:50 CEST 2019
Sat Apr 20 15:45:50 CEST 2019
Sat Apr 20 15:45:51 CEST 2019
Sat Apr 20 15:45:51 CEST 2019
Sat Apr 20 15:45:52 CEST 2019
Sat Apr 20 15:45:52 CEST 2019
Sat Apr 20 15:45:53 CEST 2019
Sat Apr 20 15:45:53 CEST 2019
Sat Apr 20 15:45:54 CEST 2019
Sat Apr 20 15:45:54 CEST 2019
Sat Apr 20 15:45:55 CEST 2019
Sat Apr 20 15:45:55 CEST 2019
Sat Apr 20 15:45:56 CEST 2019
Sat Apr 20 15:45:56 CEST 2019
Sat Apr 20 15:45:57 CEST 2019
Sat Apr 20 15:45:57 CEST 2019
Sat Apr 20 15:45:58 CEST 2019
Sat Apr 20 15:45:58 CEST 2019
Sat Apr 20 15:45:59 CEST 2019
Sat Apr 20 15:45:59 CEST 2019
Sat Apr 20 15:46:00 CEST 2019
Sat Apr 20 15:46:00 CEST 2019
Sat Apr 20 15:46:01 CEST 2019
Sat Apr 20 15:46:01 CEST 2019
Sat Apr 20 15:46:02 CEST 2019
Sat Apr 20 15:46:02 CEST 2019
Sat Apr 20 15:46:03 CEST 2019
Sat Apr 20 15:46:03 CEST 2019
Sat Apr 20 15:46:04 CEST 2019
Sat Apr 20 15:46:04 CEST 2019
Sat Apr 20 15:46:05 CEST 2019
Sat Apr 20 15:46:05 CEST 2019
Sat Apr 20 15:46:06 CEST 2019
Sat Apr 20 15:46:06 CEST 2019
Sat Apr 20 15:46:07 CEST 2019
Sat Apr 20 15:46:07 CEST 2019
Sat Apr 20 15:46:08 CEST 2019
Sat Apr 20 15:46:09 CEST 2019
Sat Apr 20 15:46:09 CEST 2019
Sat Apr 20 15:46:10 CEST 2019
Sat Apr 20 15:46:10 CEST 2019
Sat Apr 20 15:46:11 CEST 2019
Sat Apr 20 15:46:11 CEST 2019
Sat Apr 20 15:46:12 CEST 2019
Sat Apr 20 15:46:12 CEST 2019
Sat Apr 20 15:46:13 CEST 2019
Sat Apr 20 15:46:13 CEST 2019
Sat Apr 20 15:46:14 CEST 2019
Sat Apr 20 15:46:14 CEST 2019
Sat Apr 20 15:46:15 CEST 2019
Sat Apr 20 15:46:15 CEST 2019
Sat Apr 20 15:46:16 CEST 2019
Sat Apr 20 15:46:16 CEST 2019
Sat Apr 20 15:46:17 CEST 2019
Sat Apr 20 15:46:17 CEST 2019
Sat Apr 20 15:46:18 CEST 2019
Sat Apr 20 15:46:18 CEST 2019
Sat Apr 20 15:46:19 CEST 2019
Sat Apr 20 15:46:19 CEST 2019
Sat Apr 20 15:46:20 CEST 2019
Sat Apr 20 15:46:20 CEST 2019
Sat Apr 20 15:46:21 CEST 2019
Sat Apr 20 15:46:21 CEST 2019
Sat Apr 20 15:46:22 CEST 2019
Sat Apr 20 15:46:22 CEST 2019
Sat Apr 20 15:46:23 CEST 2019
Sat Apr 20 15:46:23 CEST 2019
Sat Apr 20 15:46:24 CEST 2019
Sat Apr 20 15:46:24 CEST 2019
Sat Apr 20 15:46:25 CEST 2019
Sat Apr 20 15:46:25 CEST 2019
Sat Apr 20 15:46:26 CEST 2019
Sat Apr 20 15:46:26 CEST 2019
Sat Apr 20 15:46:27 CEST 2019
Sat Apr 20 15:46:27 CEST 2019
Sat Apr 20 15:46:28 CEST 2019
Sat Apr 20 15:46:28 CEST 2019
Sat Apr 20 15:46:29 CEST 2019
Sat Apr 20 15:46:29 CEST 2019
Sat Apr 20 15:46:30 CEST 2019
Sat Apr 20 15:46:30 CEST 2019
Sat Apr 20 15:46:31 CEST 2019
Sat Apr 20 15:46:32 CEST 2019
Sat Apr 20 15:46:32 CEST 2019
Sat Apr 20 15:46:33 CEST 2019
Sat Apr 20 15:46:33 CEST 2019
Sat Apr 20 15:46:34 CEST 2019
Sat Apr 20 15:46:34 CEST 2019
Sat Apr 20 15:46:35 CEST 2019
Sat Apr 20 15:46:35 CEST 2019
Sat Apr 20 15:46:36 CEST 2019
Sat Apr 20 15:46:36 CEST 2019
Sat Apr 20 15:46:37 CEST 2019
Sat Apr 20 15:46:37 CEST 2019
Sat Apr 20 15:46:38 CEST 2019
Sat Apr 20 15:46:38 CEST 2019
Sat Apr 20 15:46:39 CEST 2019
Sat Apr 20 15:46:39 CEST 2019
Sat Apr 20 15:46:40 CEST 2019
Sat Apr 20 15:46:40 CEST 2019
Sat Apr 20 15:46:41 CEST 2019
Sat Apr 20 15:46:41 CEST 2019
Sat Apr 20 15:46:42 CEST 2019
Sat Apr 20 15:46:42 CEST 2019
Sat Apr 20 15:46:43 CEST 2019
Sat Apr 20 15:46:43 CEST 2019
Sat Apr 20 15:46:44 CEST 2019
Sat Apr 20 15:46:44 CEST 2019
Sat Apr 20 15:46:45 CEST 2019
Sat Apr 20 15:46:45 CEST 2019
Sat Apr 20 15:46:46 CEST 2019
Sat Apr 20 15:46:46 CEST 2019
Sat Apr 20 15:46:47 CEST 2019
Sat Apr 20 15:46:47 CEST 2019
Sat Apr 20 15:46:48 CEST 2019
Sat Apr 20 15:46:48 CEST 2019
Sat Apr 20 15:46:49 CEST 2019
Sat Apr 20 15:46:49 CEST 2019
Sat Apr 20 15:46:50 CEST 2019
Sat Apr 20 15:46:50 CEST 2019
Sat Apr 20 15:46:51 CEST 2019
Sat Apr 20 15:46:51 CEST 2019
Sat Apr 20 15:46:52 CEST 2019
Sat Apr 20 15:46:52 CEST 2019
Sat Apr 20 15:46:53 CEST 2019
Sat Apr 20 15:46:53 CEST 2019
Sat Apr 20 15:46:54 CEST 2019
Sat Apr 20 15:46:54 CEST 2019
Sat Apr 20 15:46:55 CEST 2019
Sat Apr 20 15:46:56 CEST 2019
Sat Apr 20 15:46:56 CEST 2019
Sat Apr 20 15:46:57 CEST 2019
Sat Apr 20 15:46:57 CEST 2019
Sat Apr 20 15:46:58 CEST 2019
Sat Apr 20 15:46:58 CEST 2019
Sat Apr 20 15:46:59 CEST 2019
Sat Apr 20 15:46:59 CEST 2019
Sat Apr 20 15:47:00 CEST 2019
Sat Apr 20 15:47:00 CEST 2019
Sat Apr 20 15:47:01 CEST 2019
Sat Apr 20 15:47:01 CEST 2019
Sat Apr 20 15:47:02 CEST 2019
Sat Apr 20 15:47:02 CEST 2019
Sat Apr 20 15:47:03 CEST 2019
Sat Apr 20 15:47:03 CEST 2019
Sat Apr 20 15:47:04 CEST 2019
Sat Apr 20 15:47:04 CEST 2019
Sat Apr 20 15:47:05 CEST 2019
Sat Apr 20 15:47:05 CEST 2019
Sat Apr 20 15:47:06 CEST 2019
Sat Apr 20 15:47:06 CEST 2019
Sat Apr 20 15:47:07 CEST 2019
Sat Apr 20 15:47:07 CEST 2019
Sat Apr 20 15:47:08 CEST 2019
Sat Apr 20 15:47:08 CEST 2019
Sat Apr 20 15:47:09 CEST 2019
Sat Apr 20 15:47:09 CEST 2019
Sat Apr 20 15:47:10 CEST 2019
Sat Apr 20 15:47:10 CEST 2019
Sat Apr 20 15:47:11 CEST 2019
Sat Apr 20 15:47:11 CEST 2019
Sat Apr 20 15:47:12 CEST 2019
Sat Apr 20 15:47:12 CEST 2019
Sat Apr 20 15:47:13 CEST 2019
Sat Apr 20 15:47:13 CEST 2019
Sat Apr 20 15:47:14 CEST 2019
Sat Apr 20 15:47:14 CEST 2019
Sat Apr 20 15:47:15 CEST 2019
Sat Apr 20 15:47:15 CEST 2019
Sat Apr 20 15:47:16 CEST 2019
Sat Apr 20 15:47:16 CEST 2019
Sat Apr 20 15:47:17 CEST 2019
Sat Apr 20 15:47:18 CEST 2019
Sat Apr 20 15:47:18 CEST 2019
Sat Apr 20 15:47:19 CEST 2019
Sat Apr 20 15:47:19 CEST 2019
Sat Apr 20 15:47:20 CEST 2019
Sat Apr 20 15:47:20 CEST 2019
Sat Apr 20 15:47:21 CEST 2019
Sat Apr 20 15:47:21 CEST 2019
Sat Apr 20 15:47:22 CEST 2019
Sat Apr 20 15:47:22 CEST 2019
Sat Apr 20 15:47:23 CEST 2019
Sat Apr 20 15:47:23 CEST 2019
Sat Apr 20 15:47:24 CEST 2019
Sat Apr 20 15:47:24 CEST 2019
Sat Apr 20 15:47:25 CEST 2019
Sat Apr 20 15:47:25 CEST 2019
Sat Apr 20 15:47:26 CEST 2019
Sat Apr 20 15:47:26 CEST 2019
Sat Apr 20 15:47:27 CEST 2019
Sat Apr 20 15:47:27 CEST 2019
Sat Apr 20 15:47:28 CEST 2019
Sat Apr 20 15:47:28 CEST 2019
Sat Apr 20 15:47:29 CEST 2019
Sat Apr 20 15:47:29 CEST 2019
Sat Apr 20 15:47:30 CEST 2019
Sat Apr 20 15:47:30 CEST 2019
Sat Apr 20 15:47:31 CEST 2019
Sat Apr 20 15:47:31 CEST 2019
Sat Apr 20 15:47:32 CEST 2019
Sat Apr 20 15:47:32 CEST 2019
Sat Apr 20 15:47:33 CEST 2019
Sat Apr 20 15:47:33 CEST 2019
Sat Apr 20 15:47:34 CEST 2019
Sat Apr 20 15:47:34 CEST 2019
Sat Apr 20 15:47:35 CEST 2019
Sat Apr 20 15:47:35 CEST 2019
Sat Apr 20 15:47:36 CEST 2019
Sat Apr 20 15:47:36 CEST 2019
Sat Apr 20 15:47:37 CEST 2019
Sat Apr 20 15:47:37 CEST 2019
Sat Apr 20 15:47:38 CEST 2019
Sat Apr 20 15:47:38 CEST 2019
Sat Apr 20 15:47:39 CEST 2019
Sat Apr 20 15:47:40 CEST 2019
Sat Apr 20 15:47:40 CEST 2019
Sat Apr 20 15:47:41 CEST 2019
Sat Apr 20 15:47:41 CEST 2019
Sat Apr 20 15:47:42 CEST 2019
Sat Apr 20 15:47:42 CEST 2019
Sat Apr 20 15:47:43 CEST 2019
Sat Apr 20 15:47:43 CEST 2019
Sat Apr 20 15:47:44 CEST 2019
Sat Apr 20 15:47:44 CEST 2019
Sat Apr 20 15:47:45 CEST 2019
Sat Apr 20 15:47:45 CEST 2019
Sat Apr 20 15:47:46 CEST 2019
Sat Apr 20 15:47:46 CEST 2019
Sat Apr 20 15:47:47 CEST 2019
Sat Apr 20 15:47:47 CEST 2019
Sat Apr 20 15:47:48 CEST 2019
Sat Apr 20 15:47:48 CEST 2019
Sat Apr 20 15:47:49 CEST 2019
Sat Apr 20 15:47:49 CEST 2019
Sat Apr 20 15:47:50 CEST 2019
Sat Apr 20 15:47:50 CEST 2019
Sat Apr 20 15:47:51 CEST 2019
Sat Apr 20 15:47:51 CEST 2019
Sat Apr 20 15:47:52 CEST 2019
Sat Apr 20 15:47:52 CEST 2019
Sat Apr 20 15:47:53 CEST 2019
Sat Apr 20 15:47:53 CEST 2019
Sat Apr 20 15:47:54 CEST 2019
Sat Apr 20 15:47:54 CEST 2019
Sat Apr 20 15:47:55 CEST 2019
Sat Apr 20 15:47:55 CEST 2019
Sat Apr 20 15:47:56 CEST 2019
Sat Apr 20 15:47:56 CEST 2019
Sat Apr 20 15:47:57 CEST 2019
Sat Apr 20 15:47:57 CEST 2019
Sat Apr 20 15:47:58 CEST 2019
Sat Apr 20 15:47:58 CEST 2019
Sat Apr 20 15:47:59 CEST 2019
Sat Apr 20 15:47:59 CEST 2019
Sat Apr 20 15:48:00 CEST 2019
Sat Apr 20 15:48:01 CEST 2019
Sat Apr 20 15:48:01 CEST 2019
Sat Apr 20 15:48:02 CEST 2019
Sat Apr 20 15:48:02 CEST 2019
Sat Apr 20 15:48:03 CEST 2019
Sat Apr 20 15:48:03 CEST 2019
Sat Apr 20 15:48:04 CEST 2019
Sat Apr 20 15:48:04 CEST 2019
Sat Apr 20 15:48:05 CEST 2019
Sat Apr 20 15:48:05 CEST 2019
Sat Apr 20 15:48:06 CEST 2019
Sat Apr 20 15:48:06 CEST 2019
Sat Apr 20 15:48:07 CEST 2019
Sat Apr 20 15:48:07 CEST 2019
Sat Apr 20 15:48:08 CEST 2019
Sat Apr 20 15:48:08 CEST 2019
Sat Apr 20 15:48:09 CEST 2019
Sat Apr 20 15:48:09 CEST 2019
Sat Apr 20 15:48:10 CEST 2019
Sat Apr 20 15:48:10 CEST 2019
Sat Apr 20 15:48:11 CEST 2019
Sat Apr 20 15:48:11 CEST 2019
Sat Apr 20 15:48:12 CEST 2019
Sat Apr 20 15:48:12 CEST 2019
Sat Apr 20 15:48:13 CEST 2019
Sat Apr 20 15:48:13 CEST 2019
Sat Apr 20 15:48:14 CEST 2019
Sat Apr 20 15:48:14 CEST 2019
Sat Apr 20 15:48:15 CEST 2019
Sat Apr 20 15:48:15 CEST 2019
Sat Apr 20 15:48:16 CEST 2019
Sat Apr 20 15:48:16 CEST 2019
Sat Apr 20 15:48:17 CEST 2019
Sat Apr 20 15:48:17 CEST 2019
Sat Apr 20 15:48:18 CEST 2019
Sat Apr 20 15:48:18 CEST 2019
Sat Apr 20 15:48:19 CEST 2019
Sat Apr 20 15:48:19 CEST 2019
Sat Apr 20 15:48:20 CEST 2019
Sat Apr 20 15:48:20 CEST 2019
Sat Apr 20 15:48:21 CEST 2019
Sat Apr 20 15:48:21 CEST 2019
Sat Apr 20 15:48:22 CEST 2019
Sat Apr 20 15:48:23 CEST 2019
Sat Apr 20 15:48:23 CEST 2019
Sat Apr 20 15:48:24 CEST 2019
Sat Apr 20 15:48:24 CEST 2019
Sat Apr 20 15:48:25 CEST 2019
Sat Apr 20 15:48:25 CEST 2019
Sat Apr 20 15:48:26 CEST 2019
Sat Apr 20 15:48:26 CEST 2019
Sat Apr 20 15:48:27 CEST 2019
Sat Apr 20 15:48:27 CEST 2019
Sat Apr 20 15:48:28 CEST 2019
Sat Apr 20 15:48:28 CEST 2019
Sat Apr 20 15:48:29 CEST 2019
Sat Apr 20 15:48:29 CEST 2019
Sat Apr 20 15:48:30 CEST 2019
Sat Apr 20 15:48:30 CEST 2019
Sat Apr 20 15:48:31 CEST 2019
Sat Apr 20 15:48:31 CEST 2019
Sat Apr 20 15:48:32 CEST 2019
Sat Apr 20 15:48:32 CEST 2019
Sat Apr 20 15:48:33 CEST 2019
Sat Apr 20 15:48:33 CEST 2019
Sat Apr 20 15:48:34 CEST 2019
Sat Apr 20 15:48:34 CEST 2019
Sat Apr 20 15:48:35 CEST 2019
Sat Apr 20 15:48:35 CEST 2019
Sat Apr 20 15:48:36 CEST 2019
Sat Apr 20 15:48:36 CEST 2019
Sat Apr 20 15:48:37 CEST 2019
Sat Apr 20 15:48:37 CEST 2019
Sat Apr 20 15:48:38 CEST 2019
Sat Apr 20 15:48:38 CEST 2019
Sat Apr 20 15:48:39 CEST 2019
Sat Apr 20 15:48:39 CEST 2019
Sat Apr 20 15:48:40 CEST 2019
Sat Apr 20 15:48:40 CEST 2019
Sat Apr 20 15:48:41 CEST 2019
Sat Apr 20 15:48:41 CEST 2019
Sat Apr 20 15:48:42 CEST 2019
Sat Apr 20 15:48:42 CEST 2019
Sat Apr 20 15:48:43 CEST 2019
Sat Apr 20 15:48:43 CEST 2019
Sat Apr 20 15:48:44 CEST 2019
Sat Apr 20 15:48:44 CEST 2019
Sat Apr 20 15:48:45 CEST 2019
Sat Apr 20 15:48:45 CEST 2019
Sat Apr 20 15:48:46 CEST 2019
Sat Apr 20 15:48:47 CEST 2019
Sat Apr 20 15:48:47 CEST 2019
Sat Apr 20 15:48:48 CEST 2019
Sat Apr 20 15:48:48 CEST 2019
Sat Apr 20 15:48:49 CEST 2019
Sat Apr 20 15:48:49 CEST 2019
Sat Apr 20 15:48:50 CEST 2019
Sat Apr 20 15:48:50 CEST 2019
Sat Apr 20 15:48:51 CEST 2019
Sat Apr 20 15:48:51 CEST 2019
Sat Apr 20 15:48:52 CEST 2019
Sat Apr 20 15:48:52 CEST 2019
Sat Apr 20 15:48:53 CEST 2019
Sat Apr 20 15:48:53 CEST 2019
Sat Apr 20 15:48:54 CEST 2019
Sat Apr 20 15:48:54 CEST 2019
Sat Apr 20 15:48:55 CEST 2019
Sat Apr 20 15:48:55 CEST 2019
Sat Apr 20 15:48:56 CEST 2019
Sat Apr 20 15:48:56 CEST 2019
Sat Apr 20 15:48:57 CEST 2019
Sat Apr 20 15:48:57 CEST 2019
Sat Apr 20 15:48:58 CEST 2019
Sat Apr 20 15:48:58 CEST 2019
Sat Apr 20 15:48:59 CEST 2019
Sat Apr 20 15:48:59 CEST 2019
Sat Apr 20 15:49:00 CEST 2019
Sat Apr 20 15:49:00 CEST 2019
Sat Apr 20 15:49:01 CEST 2019
Sat Apr 20 15:49:01 CEST 2019
Sat Apr 20 15:49:02 CEST 2019
Sat Apr 20 15:49:02 CEST 2019
Sat Apr 20 15:49:03 CEST 2019
Sat Apr 20 15:49:03 CEST 2019
Sat Apr 20 15:49:04 CEST 2019
Sat Apr 20 15:49:04 CEST 2019
Sat Apr 20 15:49:05 CEST 2019
Sat Apr 20 15:49:05 CEST 2019
Sat Apr 20 15:49:06 CEST 2019
Sat Apr 20 15:49:06 CEST 2019
Sat Apr 20 15:49:07 CEST 2019
Sat Apr 20 15:49:07 CEST 2019
Sat Apr 20 15:49:08 CEST 2019
Sat Apr 20 15:49:08 CEST 2019
Sat Apr 20 15:49:09 CEST 2019
Sat Apr 20 15:49:09 CEST 2019
Sat Apr 20 15:49:10 CEST 2019
Sat Apr 20 15:49:10 CEST 2019
Sat Apr 20 15:49:11 CEST 2019
Sat Apr 20 15:49:11 CEST 2019
Sat Apr 20 15:49:12 CEST 2019
Sat Apr 20 15:49:12 CEST 2019
Sat Apr 20 15:49:13 CEST 2019
Sat Apr 20 15:49:14 CEST 2019
Sat Apr 20 15:49:14 CEST 2019
Sat Apr 20 15:49:15 CEST 2019
Sat Apr 20 15:49:15 CEST 2019
Sat Apr 20 15:49:16 CEST 2019
Sat Apr 20 15:49:16 CEST 2019
Sat Apr 20 15:49:17 CEST 2019
Sat Apr 20 15:49:17 CEST 2019
Sat Apr 20 15:49:18 CEST 2019
Sat Apr 20 15:49:18 CEST 2019
Sat Apr 20 15:49:19 CEST 2019
Sat Apr 20 15:49:19 CEST 2019
Sat Apr 20 15:49:20 CEST 2019
Sat Apr 20 15:49:20 CEST 2019
Sat Apr 20 15:49:21 CEST 2019
Sat Apr 20 15:49:21 CEST 2019
Sat Apr 20 15:49:22 CEST 2019
Sat Apr 20 15:49:22 CEST 2019
Sat Apr 20 15:49:23 CEST 2019
Sat Apr 20 15:49:23 CEST 2019
Sat Apr 20 15:49:24 CEST 2019
Sat Apr 20 15:49:24 CEST 2019
Sat Apr 20 15:49:25 CEST 2019
Sat Apr 20 15:49:25 CEST 2019
Sat Apr 20 15:49:26 CEST 2019
Sat Apr 20 15:49:26 CEST 2019
Sat Apr 20 15:49:27 CEST 2019
Sat Apr 20 15:49:27 CEST 2019
Sat Apr 20 15:49:28 CEST 2019
Sat Apr 20 15:49:28 CEST 2019
Sat Apr 20 15:49:29 CEST 2019
Sat Apr 20 15:49:29 CEST 2019
Sat Apr 20 15:49:30 CEST 2019
Sat Apr 20 15:49:30 CEST 2019
Sat Apr 20 15:49:31 CEST 2019
Sat Apr 20 15:49:31 CEST 2019
Sat Apr 20 15:49:32 CEST 2019
Sat Apr 20 15:49:32 CEST 2019
Sat Apr 20 15:49:33 CEST 2019
Sat Apr 20 15:49:33 CEST 2019
Sat Apr 20 15:49:34 CEST 2019
Sat Apr 20 15:49:34 CEST 2019
Sat Apr 20 15:49:35 CEST 2019
Sat Apr 20 15:49:35 CEST 2019
Sat Apr 20 15:49:36 CEST 2019
Sat Apr 20 15:49:37 CEST 2019
Sat Apr 20 15:49:37 CEST 2019
Sat Apr 20 15:49:38 CEST 2019
Sat Apr 20 15:49:38 CEST 2019
Sat Apr 20 15:49:39 CEST 2019
Sat Apr 20 15:49:39 CEST 2019
Sat Apr 20 15:49:40 CEST 2019
Sat Apr 20 15:49:40 CEST 2019
Sat Apr 20 15:49:41 CEST 2019
Sat Apr 20 15:49:41 CEST 2019
Sat Apr 20 15:49:42 CEST 2019
Sat Apr 20 15:49:42 CEST 2019
Sat Apr 20 15:49:43 CEST 2019
Sat Apr 20 15:49:43 CEST 2019
Sat Apr 20 15:49:44 CEST 2019
Sat Apr 20 15:49:44 CEST 2019
Sat Apr 20 15:49:45 CEST 2019
Sat Apr 20 15:49:45 CEST 2019
Sat Apr 20 15:49:46 CEST 2019
Sat Apr 20 15:49:46 CEST 2019
Sat Apr 20 15:49:47 CEST 2019
Sat Apr 20 15:49:47 CEST 2019
Sat Apr 20 15:49:48 CEST 2019
Sat Apr 20 15:49:48 CEST 2019
Sat Apr 20 15:49:49 CEST 2019
Sat Apr 20 15:49:49 CEST 2019
Sat Apr 20 15:49:50 CEST 2019
Sat Apr 20 15:49:50 CEST 2019
Sat Apr 20 15:49:51 CEST 2019
Sat Apr 20 15:49:51 CEST 2019
Sat Apr 20 15:49:52 CEST 2019
Sat Apr 20 15:49:52 CEST 2019
Sat Apr 20 15:49:53 CEST 2019
Sat Apr 20 15:49:53 CEST 2019
Sat Apr 20 15:49:54 CEST 2019
Sat Apr 20 15:49:54 CEST 2019
Sat Apr 20 15:49:55 CEST 2019
Sat Apr 20 15:49:55 CEST 2019
Sat Apr 20 15:49:56 CEST 2019
Sat Apr 20 15:49:57 CEST 2019
Sat Apr 20 15:49:57 CEST 2019
Sat Apr 20 15:49:58 CEST 2019
Sat Apr 20 15:49:58 CEST 2019
Sat Apr 20 15:49:59 CEST 2019
Sat Apr 20 15:49:59 CEST 2019
Sat Apr 20 15:50:00 CEST 2019
Sat Apr 20 15:50:00 CEST 2019
Sat Apr 20 15:50:01 CEST 2019
Sat Apr 20 15:50:01 CEST 2019
Sat Apr 20 15:50:02 CEST 2019
Sat Apr 20 15:50:02 CEST 2019
Sat Apr 20 15:50:03 CEST 2019
Sat Apr 20 15:50:03 CEST 2019
Sat Apr 20 15:50:04 CEST 2019
Sat Apr 20 15:50:04 CEST 2019
Sat Apr 20 15:50:05 CEST 2019
Sat Apr 20 15:50:05 CEST 2019
Sat Apr 20 15:50:06 CEST 2019
Sat Apr 20 15:50:06 CEST 2019
Sat Apr 20 15:50:07 CEST 2019
Sat Apr 20 15:50:07 CEST 2019
Sat Apr 20 15:50:08 CEST 2019
Sat Apr 20 15:50:08 CEST 2019
Sat Apr 20 15:50:09 CEST 2019
Sat Apr 20 15:50:09 CEST 2019
Sat Apr 20 15:50:10 CEST 2019
Sat Apr 20 15:50:10 CEST 2019
Sat Apr 20 15:50:11 CEST 2019
Sat Apr 20 15:50:11 CEST 2019
Sat Apr 20 15:50:12 CEST 2019
Sat Apr 20 15:50:12 CEST 2019
Sat Apr 20 15:50:13 CEST 2019
Sat Apr 20 15:50:13 CEST 2019
Sat Apr 20 15:50:14 CEST 2019
Sat Apr 20 15:50:14 CEST 2019
Sat Apr 20 15:50:15 CEST 2019
Sat Apr 20 15:50:15 CEST 2019
Sat Apr 20 15:50:16 CEST 2019
Sat Apr 20 15:50:16 CEST 2019
Sat Apr 20 15:50:17 CEST 2019
Sat Apr 20 15:50:17 CEST 2019
Sat Apr 20 15:50:18 CEST 2019
Sat Apr 20 15:50:19 CEST 2019
Sat Apr 20 15:50:19 CEST 2019
Sat Apr 20 15:50:20 CEST 2019
Sat Apr 20 15:50:20 CEST 2019
Sat Apr 20 15:50:21 CEST 2019
Sat Apr 20 15:50:21 CEST 2019
Sat Apr 20 15:50:22 CEST 2019
Sat Apr 20 15:50:22 CEST 2019
Sat Apr 20 15:50:23 CEST 2019
Sat Apr 20 15:50:23 CEST 2019
Sat Apr 20 15:50:24 CEST 2019
Sat Apr 20 15:50:24 CEST 2019
Sat Apr 20 15:50:25 CEST 2019
Sat Apr 20 15:50:25 CEST 2019
Sat Apr 20 15:50:26 CEST 2019
Sat Apr 20 15:50:26 CEST 2019
Sat Apr 20 15:50:27 CEST 2019
Sat Apr 20 15:50:27 CEST 2019
Sat Apr 20 15:50:28 CEST 2019
Sat Apr 20 15:50:28 CEST 2019
Sat Apr 20 15:50:29 CEST 2019
Sat Apr 20 15:50:29 CEST 2019
Sat Apr 20 15:50:30 CEST 2019
Sat Apr 20 15:50:30 CEST 2019
Sat Apr 20 15:50:31 CEST 2019
Sat Apr 20 15:50:31 CEST 2019
Sat Apr 20 15:50:32 CEST 2019
Sat Apr 20 15:50:32 CEST 2019
Sat Apr 20 15:50:33 CEST 2019
Sat Apr 20 15:50:33 CEST 2019
Sat Apr 20 15:50:34 CEST 2019
Sat Apr 20 15:50:34 CEST 2019
Sat Apr 20 15:50:35 CEST 2019
Sat Apr 20 15:50:35 CEST 2019
Sat Apr 20 15:50:36 CEST 2019
Sat Apr 20 15:50:36 CEST 2019
Sat Apr 20 15:50:37 CEST 2019
Sat Apr 20 15:50:37 CEST 2019
Sat Apr 20 15:50:38 CEST 2019
Sat Apr 20 15:50:38 CEST 2019
Sat Apr 20 15:50:39 CEST 2019
Sat Apr 20 15:50:39 CEST 2019
Sat Apr 20 15:50:40 CEST 2019
Sat Apr 20 15:50:40 CEST 2019
Sat Apr 20 15:50:41 CEST 2019
Sat Apr 20 15:50:41 CEST 2019
Sat Apr 20 15:50:42 CEST 2019
Sat Apr 20 15:50:43 CEST 2019
Sat Apr 20 15:50:43 CEST 2019
Sat Apr 20 15:50:44 CEST 2019
Sat Apr 20 15:50:44 CEST 2019
Sat Apr 20 15:50:45 CEST 2019
Sat Apr 20 15:50:45 CEST 2019
Sat Apr 20 15:50:46 CEST 2019
Sat Apr 20 15:50:46 CEST 2019
Sat Apr 20 15:50:47 CEST 2019
Sat Apr 20 15:50:47 CEST 2019
Sat Apr 20 15:50:48 CEST 2019
Sat Apr 20 15:50:48 CEST 2019
Sat Apr 20 15:50:49 CEST 2019
Sat Apr 20 15:50:49 CEST 2019
Sat Apr 20 15:50:50 CEST 2019
Sat Apr 20 15:50:50 CEST 2019
Sat Apr 20 15:50:51 CEST 2019
Sat Apr 20 15:50:51 CEST 2019
Sat Apr 20 15:50:52 CEST 2019
Sat Apr 20 15:50:52 CEST 2019
Sat Apr 20 15:50:53 CEST 2019
Sat Apr 20 15:50:53 CEST 2019
Sat Apr 20 15:50:54 CEST 2019
Sat Apr 20 15:50:54 CEST 2019
Sat Apr 20 15:50:55 CEST 2019
Sat Apr 20 15:50:55 CEST 2019
Sat Apr 20 15:50:56 CEST 2019
Sat Apr 20 15:50:56 CEST 2019
Sat Apr 20 15:50:57 CEST 2019
Sat Apr 20 15:50:57 CEST 2019
Sat Apr 20 15:50:58 CEST 2019
Sat Apr 20 15:50:58 CEST 2019
Sat Apr 20 15:50:59 CEST 2019
Sat Apr 20 15:50:59 CEST 2019
Sat Apr 20 15:51:00 CEST 2019
Sat Apr 20 15:51:00 CEST 2019
Sat Apr 20 15:51:01 CEST 2019
Sat Apr 20 15:51:01 CEST 2019
Sat Apr 20 15:51:02 CEST 2019
Sat Apr 20 15:51:02 CEST 2019
Sat Apr 20 15:51:03 CEST 2019
Sat Apr 20 15:51:03 CEST 2019
Sat Apr 20 15:51:04 CEST 2019
Sat Apr 20 15:51:04 CEST 2019
Sat Apr 20 15:51:05 CEST 2019
Sat Apr 20 15:51:05 CEST 2019
Sat Apr 20 15:51:06 CEST 2019
Sat Apr 20 15:51:07 CEST 2019
Sat Apr 20 15:51:07 CEST 2019
Sat Apr 20 15:51:08 CEST 2019
Sat Apr 20 15:51:08 CEST 2019
Sat Apr 20 15:51:09 CEST 2019
Sat Apr 20 15:51:09 CEST 2019
Sat Apr 20 15:51:10 CEST 2019
Sat Apr 20 15:51:10 CEST 2019
Sat Apr 20 15:51:11 CEST 2019
Sat Apr 20 15:51:11 CEST 2019
Sat Apr 20 15:51:12 CEST 2019
Sat Apr 20 15:51:12 CEST 2019
Sat Apr 20 15:51:13 CEST 2019
Sat Apr 20 15:51:13 CEST 2019
Sat Apr 20 15:51:14 CEST 2019
Sat Apr 20 15:51:14 CEST 2019
Sat Apr 20 15:51:15 CEST 2019
Sat Apr 20 15:51:15 CEST 2019
Sat Apr 20 15:51:16 CEST 2019
Sat Apr 20 15:51:16 CEST 2019
Sat Apr 20 15:51:17 CEST 2019
Sat Apr 20 15:51:17 CEST 2019
Sat Apr 20 15:51:18 CEST 2019
Sat Apr 20 15:51:18 CEST 2019
Sat Apr 20 15:51:19 CEST 2019
Sat Apr 20 15:51:19 CEST 2019
Sat Apr 20 15:51:20 CEST 2019
Sat Apr 20 15:51:20 CEST 2019
Sat Apr 20 15:51:21 CEST 2019
Sat Apr 20 15:51:21 CEST 2019
Sat Apr 20 15:51:22 CEST 2019
Sat Apr 20 15:51:22 CEST 2019
Sat Apr 20 15:51:23 CEST 2019
Sat Apr 20 15:51:23 CEST 2019
Sat Apr 20 15:51:24 CEST 2019
Sat Apr 20 15:51:24 CEST 2019
Sat Apr 20 15:51:25 CEST 2019
Sat Apr 20 15:51:25 CEST 2019
Sat Apr 20 15:51:26 CEST 2019
Sat Apr 20 15:51:26 CEST 2019
Sat Apr 20 15:51:27 CEST 2019
Sat Apr 20 15:51:27 CEST 2019
Sat Apr 20 15:51:28 CEST 2019
Sat Apr 20 15:51:28 CEST 2019
Sat Apr 20 15:51:29 CEST 2019
Sat Apr 20 15:51:29 CEST 2019
Sat Apr 20 15:51:30 CEST 2019
Sat Apr 20 15:51:31 CEST 2019
Sat Apr 20 15:51:31 CEST 2019
Sat Apr 20 15:51:32 CEST 2019
Sat Apr 20 15:51:32 CEST 2019
Sat Apr 20 15:51:33 CEST 2019
Sat Apr 20 15:51:33 CEST 2019
Sat Apr 20 15:51:34 CEST 2019
Sat Apr 20 15:51:34 CEST 2019
Sat Apr 20 15:51:35 CEST 2019
Sat Apr 20 15:51:35 CEST 2019
Sat Apr 20 15:51:36 CEST 2019
Sat Apr 20 15:51:36 CEST 2019
Sat Apr 20 15:51:37 CEST 2019
Sat Apr 20 15:51:37 CEST 2019
Sat Apr 20 15:51:38 CEST 2019
Sat Apr 20 15:51:38 CEST 2019
Sat Apr 20 15:51:39 CEST 2019
Sat Apr 20 15:51:39 CEST 2019
Sat Apr 20 15:51:40 CEST 2019
Sat Apr 20 15:51:40 CEST 2019
Sat Apr 20 15:51:41 CEST 2019
Sat Apr 20 15:51:41 CEST 2019
Sat Apr 20 15:51:42 CEST 2019
Sat Apr 20 15:51:42 CEST 2019
Sat Apr 20 15:51:43 CEST 2019
Sat Apr 20 15:51:43 CEST 2019
Sat Apr 20 15:51:44 CEST 2019
Sat Apr 20 15:51:44 CEST 2019
Sat Apr 20 15:51:45 CEST 2019
Sat Apr 20 15:51:45 CEST 2019
Sat Apr 20 15:51:46 CEST 2019
Sat Apr 20 15:51:46 CEST 2019
Sat Apr 20 15:51:47 CEST 2019
Sat Apr 20 15:51:47 CEST 2019
Sat Apr 20 15:51:48 CEST 2019
Sat Apr 20 15:51:48 CEST 2019
Sat Apr 20 15:51:49 CEST 2019
Sat Apr 20 15:51:49 CEST 2019
Sat Apr 20 15:51:50 CEST 2019
Sat Apr 20 15:51:50 CEST 2019
Sat Apr 20 15:51:51 CEST 2019
Sat Apr 20 15:51:51 CEST 2019
Sat Apr 20 15:51:52 CEST 2019
Sat Apr 20 15:51:52 CEST 2019
Sat Apr 20 15:51:53 CEST 2019
Sat Apr 20 15:51:53 CEST 2019
Sat Apr 20 15:51:54 CEST 2019
Sat Apr 20 15:51:54 CEST 2019
Sat Apr 20 15:51:55 CEST 2019
Sat Apr 20 15:51:56 CEST 2019
Sat Apr 20 15:51:56 CEST 2019
Sat Apr 20 15:51:57 CEST 2019
Sat Apr 20 15:51:57 CEST 2019
Sat Apr 20 15:51:58 CEST 2019
Sat Apr 20 15:51:58 CEST 2019
Sat Apr 20 15:51:59 CEST 2019
Sat Apr 20 15:51:59 CEST 2019
Sat Apr 20 15:52:00 CEST 2019
Sat Apr 20 15:52:00 CEST 2019
Sat Apr 20 15:52:01 CEST 2019
Sat Apr 20 15:52:01 CEST 2019
Sat Apr 20 15:52:02 CEST 2019
Sat Apr 20 15:52:02 CEST 2019
Sat Apr 20 15:52:03 CEST 2019
Sat Apr 20 15:52:03 CEST 2019
Sat Apr 20 15:52:04 CEST 2019
Sat Apr 20 15:52:04 CEST 2019
Sat Apr 20 15:52:05 CEST 2019
Sat Apr 20 15:52:05 CEST 2019
Sat Apr 20 15:52:06 CEST 2019
Sat Apr 20 15:52:06 CEST 2019
Sat Apr 20 15:52:07 CEST 2019
Sat Apr 20 15:52:07 CEST 2019
Sat Apr 20 15:52:08 CEST 2019
Sat Apr 20 15:52:08 CEST 2019
Sat Apr 20 15:52:09 CEST 2019
Sat Apr 20 15:52:09 CEST 2019
Sat Apr 20 15:52:10 CEST 2019
Sat Apr 20 15:52:10 CEST 2019
Sat Apr 20 15:52:11 CEST 2019
Sat Apr 20 15:52:11 CEST 2019
Sat Apr 20 15:52:12 CEST 2019
Sat Apr 20 15:52:12 CEST 2019
Sat Apr 20 15:52:13 CEST 2019
Sat Apr 20 15:52:13 CEST 2019
Sat Apr 20 15:52:14 CEST 2019
Sat Apr 20 15:52:14 CEST 2019
Sat Apr 20 15:52:15 CEST 2019
Sat Apr 20 15:52:15 CEST 2019
Sat Apr 20 15:52:16 CEST 2019
Sat Apr 20 15:52:16 CEST 2019
Sat Apr 20 15:52:17 CEST 2019
Sat Apr 20 15:52:17 CEST 2019
Sat Apr 20 15:52:18 CEST 2019
Sat Apr 20 15:52:18 CEST 2019
Sat Apr 20 15:52:19 CEST 2019
Sat Apr 20 15:52:19 CEST 2019
Sat Apr 20 15:52:20 CEST 2019
Sat Apr 20 15:52:20 CEST 2019
Sat Apr 20 15:52:21 CEST 2019
Sat Apr 20 15:52:22 CEST 2019
Sat Apr 20 15:52:22 CEST 2019
Sat Apr 20 15:52:23 CEST 2019
Sat Apr 20 15:52:23 CEST 2019
Sat Apr 20 15:52:24 CEST 2019
Sat Apr 20 15:52:24 CEST 2019
Sat Apr 20 15:52:25 CEST 2019
Sat Apr 20 15:52:25 CEST 2019
Sat Apr 20 15:52:26 CEST 2019
Sat Apr 20 15:52:26 CEST 2019
Sat Apr 20 15:52:27 CEST 2019
Sat Apr 20 15:52:27 CEST 2019
Sat Apr 20 15:52:28 CEST 2019
Sat Apr 20 15:52:28 CEST 2019
Sat Apr 20 15:52:29 CEST 2019
Sat Apr 20 15:52:29 CEST 2019
Sat Apr 20 15:52:30 CEST 2019
Sat Apr 20 15:52:30 CEST 2019
Sat Apr 20 15:52:31 CEST 2019
Sat Apr 20 15:52:31 CEST 2019
Sat Apr 20 15:52:32 CEST 2019
Sat Apr 20 15:52:32 CEST 2019
Sat Apr 20 15:52:33 CEST 2019
Sat Apr 20 15:52:33 CEST 2019
Sat Apr 20 15:52:34 CEST 2019
Sat Apr 20 15:52:34 CEST 2019
Sat Apr 20 15:52:35 CEST 2019
Sat Apr 20 15:52:35 CEST 2019
Sat Apr 20 15:52:36 CEST 2019
Sat Apr 20 15:52:36 CEST 2019
Sat Apr 20 15:52:37 CEST 2019
Sat Apr 20 15:52:37 CEST 2019
Sat Apr 20 15:52:38 CEST 2019
Sat Apr 20 15:52:38 CEST 2019
Sat Apr 20 15:52:39 CEST 2019
Sat Apr 20 15:52:39 CEST 2019
Sat Apr 20 15:52:40 CEST 2019
Sat Apr 20 15:52:40 CEST 2019
Sat Apr 20 15:52:41 CEST 2019
Sat Apr 20 15:52:41 CEST 2019
Sat Apr 20 15:52:42 CEST 2019
Sat Apr 20 15:52:42 CEST 2019
Sat Apr 20 15:52:43 CEST 2019
Sat Apr 20 15:52:43 CEST 2019
Sat Apr 20 15:52:44 CEST 2019
Sat Apr 20 15:52:44 CEST 2019
Sat Apr 20 15:52:45 CEST 2019
Sat Apr 20 15:52:45 CEST 2019
Sat Apr 20 15:52:46 CEST 2019
Sat Apr 20 15:52:47 CEST 2019
Sat Apr 20 15:52:47 CEST 2019
Sat Apr 20 15:52:48 CEST 2019
Sat Apr 20 15:52:48 CEST 2019
Sat Apr 20 15:52:49 CEST 2019
Sat Apr 20 15:52:49 CEST 2019
Sat Apr 20 15:52:50 CEST 2019
Sat Apr 20 15:52:50 CEST 2019
Sat Apr 20 15:52:51 CEST 2019
Sat Apr 20 15:52:51 CEST 2019
Sat Apr 20 15:52:52 CEST 2019
Sat Apr 20 15:52:52 CEST 2019
Sat Apr 20 15:52:53 CEST 2019
Sat Apr 20 15:52:53 CEST 2019
Sat Apr 20 15:52:54 CEST 2019
Sat Apr 20 15:52:54 CEST 2019
Sat Apr 20 15:52:55 CEST 2019
Sat Apr 20 15:52:55 CEST 2019
Sat Apr 20 15:52:56 CEST 2019
Sat Apr 20 15:52:56 CEST 2019
Sat Apr 20 15:52:57 CEST 2019
Sat Apr 20 15:52:57 CEST 2019
Sat Apr 20 15:52:58 CEST 2019
Sat Apr 20 15:52:58 CEST 2019
Sat Apr 20 15:52:59 CEST 2019
Sat Apr 20 15:52:59 CEST 2019
Sat Apr 20 15:53:00 CEST 2019
Sat Apr 20 15:53:00 CEST 2019
Sat Apr 20 15:53:01 CEST 2019
Sat Apr 20 15:53:01 CEST 2019
Sat Apr 20 15:53:02 CEST 2019
Sat Apr 20 15:53:02 CEST 2019
Sat Apr 20 15:53:03 CEST 2019
Sat Apr 20 15:53:03 CEST 2019
Sat Apr 20 15:53:04 CEST 2019
Sat Apr 20 15:53:04 CEST 2019
Sat Apr 20 15:53:05 CEST 2019
Sat Apr 20 15:53:05 CEST 2019
Sat Apr 20 15:53:06 CEST 2019
Sat Apr 20 15:53:06 CEST 2019
Sat Apr 20 15:53:07 CEST 2019
Sat Apr 20 15:53:07 CEST 2019
Sat Apr 20 15:53:08 CEST 2019
Sat Apr 20 15:53:08 CEST 2019
Sat Apr 20 15:53:09 CEST 2019
Sat Apr 20 15:53:09 CEST 2019
Sat Apr 20 15:53:10 CEST 2019
Sat Apr 20 15:53:10 CEST 2019
Sat Apr 20 15:53:11 CEST 2019
Sat Apr 20 15:53:11 CEST 2019
Sat Apr 20 15:53:12 CEST 2019
Sat Apr 20 15:53:12 CEST 2019
Sat Apr 20 15:53:13 CEST 2019
Sat Apr 20 15:53:13 CEST 2019
Sat Apr 20 15:53:14 CEST 2019
Sat Apr 20 15:53:15 CEST 2019
Sat Apr 20 15:53:15 CEST 2019
Sat Apr 20 15:53:16 CEST 2019
Sat Apr 20 15:53:16 CEST 2019
Sat Apr 20 15:53:17 CEST 2019
Sat Apr 20 15:53:17 CEST 2019
Sat Apr 20 15:53:18 CEST 2019
Sat Apr 20 15:53:18 CEST 2019
Sat Apr 20 15:53:19 CEST 2019
Sat Apr 20 15:53:19 CEST 2019
Sat Apr 20 15:53:20 CEST 2019
Sat Apr 20 15:53:20 CEST 2019
Sat Apr 20 15:53:21 CEST 2019
Sat Apr 20 15:53:21 CEST 2019
Sat Apr 20 15:53:22 CEST 2019
Sat Apr 20 15:53:22 CEST 2019
Sat Apr 20 15:53:23 CEST 2019
Sat Apr 20 15:53:23 CEST 2019
Sat Apr 20 15:53:24 CEST 2019
Sat Apr 20 15:53:24 CEST 2019
Sat Apr 20 15:53:25 CEST 2019
Sat Apr 20 15:53:25 CEST 2019
Sat Apr 20 15:53:26 CEST 2019
Sat Apr 20 15:53:26 CEST 2019
Sat Apr 20 15:53:27 CEST 2019
Sat Apr 20 15:53:27 CEST 2019
Sat Apr 20 15:53:28 CEST 2019
Sat Apr 20 15:53:28 CEST 2019
Sat Apr 20 15:53:29 CEST 2019
Sat Apr 20 15:53:29 CEST 2019
Sat Apr 20 15:53:30 CEST 2019
Sat Apr 20 15:53:30 CEST 2019
Sat Apr 20 15:53:31 CEST 2019
Sat Apr 20 15:53:31 CEST 2019
Sat Apr 20 15:53:32 CEST 2019
Sat Apr 20 15:53:32 CEST 2019
Sat Apr 20 15:53:33 CEST 2019
Sat Apr 20 15:53:33 CEST 2019
Sat Apr 20 15:53:34 CEST 2019
Sat Apr 20 15:53:34 CEST 2019
Sat Apr 20 15:53:35 CEST 2019
Sat Apr 20 15:53:35 CEST 2019
Sat Apr 20 15:53:36 CEST 2019
Sat Apr 20 15:53:36 CEST 2019
Sat Apr 20 15:53:37 CEST 2019
Sat Apr 20 15:53:37 CEST 2019
Sat Apr 20 15:53:38 CEST 2019
Sat Apr 20 15:53:38 CEST 2019
Sat Apr 20 15:53:39 CEST 2019
Sat Apr 20 15:53:39 CEST 2019
Sat Apr 20 15:53:40 CEST 2019
Sat Apr 20 15:53:40 CEST 2019
Sat Apr 20 15:53:41 CEST 2019
Sat Apr 20 15:53:41 CEST 2019
Sat Apr 20 15:53:42 CEST 2019
Sat Apr 20 15:53:42 CEST 2019
Sat Apr 20 15:53:43 CEST 2019
Sat Apr 20 15:53:44 CEST 2019
Sat Apr 20 15:53:44 CEST 2019
Sat Apr 20 15:53:45 CEST 2019
Sat Apr 20 15:53:45 CEST 2019
Sat Apr 20 15:53:46 CEST 2019
Sat Apr 20 15:53:46 CEST 2019
Sat Apr 20 15:53:47 CEST 2019
Sat Apr 20 15:53:47 CEST 2019
Sat Apr 20 15:53:48 CEST 2019
Sat Apr 20 15:53:48 CEST 2019
Sat Apr 20 15:53:49 CEST 2019
Sat Apr 20 15:53:49 CEST 2019
Sat Apr 20 15:53:50 CEST 2019
Sat Apr 20 15:53:50 CEST 2019
Sat Apr 20 15:53:51 CEST 2019
Sat Apr 20 15:53:51 CEST 2019
Sat Apr 20 15:53:52 CEST 2019
Sat Apr 20 15:53:52 CEST 2019
Sat Apr 20 15:53:53 CEST 2019
Sat Apr 20 15:53:53 CEST 2019
Sat Apr 20 15:53:54 CEST 2019
Sat Apr 20 15:53:54 CEST 2019
Sat Apr 20 15:53:55 CEST 2019
Sat Apr 20 15:53:55 CEST 2019
Sat Apr 20 15:53:56 CEST 2019
Sat Apr 20 15:53:56 CEST 2019
Sat Apr 20 15:53:57 CEST 2019
Sat Apr 20 15:53:57 CEST 2019
Sat Apr 20 15:53:58 CEST 2019
Sat Apr 20 15:53:58 CEST 2019
Sat Apr 20 15:53:59 CEST 2019
Sat Apr 20 15:53:59 CEST 2019
Sat Apr 20 15:54:00 CEST 2019
Sat Apr 20 15:54:00 CEST 2019
Sat Apr 20 15:54:01 CEST 2019
Sat Apr 20 15:54:01 CEST 2019
Sat Apr 20 15:54:02 CEST 2019
Sat Apr 20 15:54:02 CEST 2019
Sat Apr 20 15:54:03 CEST 2019
Sat Apr 20 15:54:03 CEST 2019
Sat Apr 20 15:54:04 CEST 2019
Sat Apr 20 15:54:04 CEST 2019
Sat Apr 20 15:54:05 CEST 2019
Sat Apr 20 15:54:05 CEST 2019
Sat Apr 20 15:54:06 CEST 2019
Sat Apr 20 15:54:06 CEST 2019
Sat Apr 20 15:54:07 CEST 2019
Sat Apr 20 15:54:07 CEST 2019
Sat Apr 20 15:54:08 CEST 2019
Sat Apr 20 15:54:08 CEST 2019
Sat Apr 20 15:54:09 CEST 2019
Sat Apr 20 15:54:09 CEST 2019
Sat Apr 20 15:54:10 CEST 2019
Sat Apr 20 15:54:11 CEST 2019
Sat Apr 20 15:54:11 CEST 2019
Sat Apr 20 15:54:12 CEST 2019
Sat Apr 20 15:54:12 CEST 2019
Sat Apr 20 15:54:13 CEST 2019
Sat Apr 20 15:54:13 CEST 2019
Sat Apr 20 15:54:14 CEST 2019
Sat Apr 20 15:54:14 CEST 2019
Sat Apr 20 15:54:15 CEST 2019
Sat Apr 20 15:54:15 CEST 2019
Sat Apr 20 15:54:16 CEST 2019
Sat Apr 20 15:54:16 CEST 2019
Sat Apr 20 15:54:17 CEST 2019
Sat Apr 20 15:54:17 CEST 2019
Sat Apr 20 15:54:18 CEST 2019
Sat Apr 20 15:54:18 CEST 2019
Sat Apr 20 15:54:19 CEST 2019
Sat Apr 20 15:54:19 CEST 2019
Sat Apr 20 15:54:20 CEST 2019
Sat Apr 20 15:54:20 CEST 2019
Sat Apr 20 15:54:21 CEST 2019
Sat Apr 20 15:54:21 CEST 2019
Sat Apr 20 15:54:22 CEST 2019
Sat Apr 20 15:54:22 CEST 2019
Sat Apr 20 15:54:23 CEST 2019
Sat Apr 20 15:54:23 CEST 2019
Sat Apr 20 15:54:24 CEST 2019
Sat Apr 20 15:54:24 CEST 2019
Sat Apr 20 15:54:25 CEST 2019
Sat Apr 20 15:54:25 CEST 2019
Sat Apr 20 15:54:26 CEST 2019
Sat Apr 20 15:54:26 CEST 2019
Sat Apr 20 15:54:27 CEST 2019
Sat Apr 20 15:54:27 CEST 2019
Sat Apr 20 15:54:28 CEST 2019
Sat Apr 20 15:54:28 CEST 2019
Sat Apr 20 15:54:29 CEST 2019
Sat Apr 20 15:54:29 CEST 2019
Sat Apr 20 15:54:30 CEST 2019
Sat Apr 20 15:54:30 CEST 2019
Sat Apr 20 15:54:31 CEST 2019
Sat Apr 20 15:54:31 CEST 2019
Sat Apr 20 15:54:32 CEST 2019
Sat Apr 20 15:54:32 CEST 2019
Sat Apr 20 15:54:33 CEST 2019
Sat Apr 20 15:54:33 CEST 2019
Sat Apr 20 15:54:34 CEST 2019
Sat Apr 20 15:54:34 CEST 2019
Sat Apr 20 15:54:35 CEST 2019
Sat Apr 20 15:54:35 CEST 2019
Sat Apr 20 15:54:36 CEST 2019
Sat Apr 20 15:54:36 CEST 2019
Sat Apr 20 15:54:37 CEST 2019
Sat Apr 20 15:54:37 CEST 2019
Sat Apr 20 15:54:38 CEST 2019
Sat Apr 20 15:54:38 CEST 2019
Sat Apr 20 15:54:39 CEST 2019
Sat Apr 20 15:54:39 CEST 2019
Sat Apr 20 15:54:40 CEST 2019
Sat Apr 20 15:54:41 CEST 2019
Sat Apr 20 15:54:41 CEST 2019
Sat Apr 20 15:54:42 CEST 2019
Sat Apr 20 15:54:42 CEST 2019
Sat Apr 20 15:54:43 CEST 2019
Sat Apr 20 15:54:43 CEST 2019
Sat Apr 20 15:54:44 CEST 2019
Sat Apr 20 15:54:44 CEST 2019
Sat Apr 20 15:54:45 CEST 2019
Sat Apr 20 15:54:45 CEST 2019
Sat Apr 20 15:54:46 CEST 2019
Sat Apr 20 15:54:46 CEST 2019
Sat Apr 20 15:54:47 CEST 2019
Sat Apr 20 15:54:47 CEST 2019
Sat Apr 20 15:54:48 CEST 2019
Sat Apr 20 15:54:48 CEST 2019
Sat Apr 20 15:54:49 CEST 2019
Sat Apr 20 15:54:49 CEST 2019
Sat Apr 20 15:54:50 CEST 2019
Sat Apr 20 21:37:55 CEST 2019
Sat Apr 20 21:37:56 CEST 2019
Sat Apr 20 21:37:56 CEST 2019
Sat Apr 20 21:37:57 CEST 2019
Sat Apr 20 21:37:57 CEST 2019
Sat Apr 20 21:37:58 CEST 2019
Sat Apr 20 21:37:58 CEST 2019
Sat Apr 20 21:37:59 CEST 2019
Sat Apr 20 21:37:59 CEST 2019
Sat Apr 20 21:38:00 CEST 2019
Sat Apr 20 21:38:00 CEST 2019
Sat Apr 20 21:38:01 CEST 2019
Sat Apr 20 21:38:01 CEST 2019
Sat Apr 20 21:38:02 CEST 2019
Sat Apr 20 21:38:02 CEST 2019
Sat Apr 20 21:38:03 CEST 2019
Sat Apr 20 21:38:03 CEST 2019
Sat Apr 20 21:38:04 CEST 2019
Sat Apr 20 21:38:04 CEST 2019
Sat Apr 20 21:38:05 CEST 2019
Sat Apr 20 21:38:05 CEST 2019
Sat Apr 20 21:38:06 CEST 2019
Sat Apr 20 21:38:06 CEST 2019
Sat Apr 20 21:38:07 CEST 2019
Sat Apr 20 21:38:07 CEST 2019
Sat Apr 20 21:38:08 CEST 2019
Sat Apr 20 21:38:09 CEST 2019
Sat Apr 20 21:38:09 CEST 2019
Sat Apr 20 21:38:10 CEST 2019
Sat Apr 20 21:38:10 CEST 2019
Sat Apr 20 21:38:11 CEST 2019
Sat Apr 20 21:38:11 CEST 2019
Sat Apr 20 21:38:12 CEST 2019
Sat Apr 20 21:38:12 CEST 2019
Sat Apr 20 21:38:13 CEST 2019
Sat Apr 20 21:38:54 CEST 2019
Sat Apr 20 21:38:55 CEST 2019
Sat Apr 20 21:38:55 CEST 2019
Sat Apr 20 21:38:56 CEST 2019
Sat Apr 20 21:38:56 CEST 2019
Sat Apr 20 21:38:57 CEST 2019
Sat Apr 20 21:38:57 CEST 2019
Sat Apr 20 21:38:58 CEST 2019
Sat Apr 20 21:38:58 CEST 2019
Sat Apr 20 21:38:59 CEST 2019
Sat Apr 20 21:38:59 CEST 2019
Sat Apr 20 21:39:00 CEST 2019
Sat Apr 20 21:39:00 CEST 2019
Sat Apr 20 21:39:01 CEST 2019
Sat Apr 20 21:39:01 CEST 2019
Sat Apr 20 21:39:02 CEST 2019
Sat Apr 20 21:39:02 CEST 2019
Sat Apr 20 21:39:03 CEST 2019
Sat Apr 20 21:39:03 CEST 2019
Sat Apr 20 21:39:04 CEST 2019
Sat Apr 20 21:39:04 CEST 2019
Sat Apr 20 21:39:05 CEST 2019
Sat Apr 20 21:39:05 CEST 2019
Sat Apr 20 21:39:06 CEST 2019
Sat Apr 20 21:39:06 CEST 2019
Sat Apr 20 21:39:07 CEST 2019
Sat Apr 20 21:39:07 CEST 2019
Sat Apr 20 21:39:08 CEST 2019
Sat Apr 20 21:39:08 CEST 2019
Sat Apr 20 21:39:09 CEST 2019
Sat Apr 20 21:39:09 CEST 2019
Sat Apr 20 21:39:10 CEST 2019
Sat Apr 20 21:39:10 CEST 2019
Sat Apr 20 21:39:11 CEST 2019
Sat Apr 20 21:39:11 CEST 2019
Sat Apr 20 21:39:12 CEST 2019
Sat Apr 20 21:39:12 CEST 2019
Sat Apr 20 21:39:13 CEST 2019
Sat Apr 20 21:39:13 CEST 2019
Sat Apr 20 21:39:14 CEST 2019
Sat Apr 20 21:39:14 CEST 2019
Sat Apr 20 21:39:15 CEST 2019
Sat Apr 20 21:39:16 CEST 2019
Sat Apr 20 21:39:16 CEST 2019
Sat Apr 20 21:39:17 CEST 2019
Sat Apr 20 21:39:17 CEST 2019
Sat Apr 20 21:39:18 CEST 2019
Sat Apr 20 21:39:18 CEST 2019
Sat Apr 20 21:39:19 CEST 2019
Sat Apr 20 21:39:19 CEST 2019
Sat Apr 20 21:39:20 CEST 2019
Sat Apr 20 21:39:20 CEST 2019
Sat Apr 20 21:39:21 CEST 2019
Sat Apr 20 21:39:21 CEST 2019
Sat Apr 20 21:39:22 CEST 2019
Sat Apr 20 21:39:22 CEST 2019
Sat Apr 20 21:39:23 CEST 2019
Sat Apr 20 21:39:23 CEST 2019
Sat Apr 20 21:39:24 CEST 2019
Sat Apr 20 21:39:24 CEST 2019
Sat Apr 20 21:39:25 CEST 2019
Sat Apr 20 21:39:25 CEST 2019
Sat Apr 20 21:39:26 CEST 2019
Sat Apr 20 21:39:26 CEST 2019
Sat Apr 20 21:39:27 CEST 2019
Sat Apr 20 21:39:27 CEST 2019
Sat Apr 20 21:39:28 CEST 2019
Sat Apr 20 21:39:28 CEST 2019
Sat Apr 20 21:39:29 CEST 2019
Sat Apr 20 21:39:29 CEST 2019
Sat Apr 20 21:39:30 CEST 2019
Sat Apr 20 21:39:30 CEST 2019
Sat Apr 20 21:39:31 CEST 2019
Sat Apr 20 21:39:31 CEST 2019
Sat Apr 20 21:39:32 CEST 2019
Sat Apr 20 21:39:32 CEST 2019
Sat Apr 20 21:39:33 CEST 2019
Sat Apr 20 21:39:33 CEST 2019
Sat Apr 20 21:39:34 CEST 2019
Sat Apr 20 21:39:34 CEST 2019
Sat Apr 20 21:39:35 CEST 2019
Sat Apr 20 21:39:36 CEST 2019
Sat Apr 20 21:39:36 CEST 2019
Sat Apr 20 21:39:37 CEST 2019
Sat Apr 20 21:39:37 CEST 2019
Sat Apr 20 21:39:38 CEST 2019
Sat Apr 20 21:39:38 CEST 2019
Sat Apr 20 21:39:39 CEST 2019
Sat Apr 20 21:39:39 CEST 2019
Sat Apr 20 21:39:40 CEST 2019
Sat Apr 20 21:39:40 CEST 2019
Sat Apr 20 21:39:41 CEST 2019
Sat Apr 20 21:39:41 CEST 2019
Sat Apr 20 21:39:42 CEST 2019
Sat Apr 20 21:39:42 CEST 2019
Sat Apr 20 21:39:43 CEST 2019
Sat Apr 20 21:39:43 CEST 2019
Sat Apr 20 21:39:44 CEST 2019
Sat Apr 20 21:39:44 CEST 2019
Sat Apr 20 21:39:45 CEST 2019
Sat Apr 20 21:39:45 CEST 2019
Sat Apr 20 21:39:46 CEST 2019
Sat Apr 20 21:39:46 CEST 2019
Sat Apr 20 21:39:47 CEST 2019
Sat Apr 20 21:39:47 CEST 2019
Sat Apr 20 21:39:48 CEST 2019
Sat Apr 20 21:39:48 CEST 2019
Sat Apr 20 21:39:49 CEST 2019
Sat Apr 20 21:39:49 CEST 2019
Sat Apr 20 21:39:50 CEST 2019
Sat Apr 20 21:39:50 CEST 2019
Sat Apr 20 21:39:51 CEST 2019
Sat Apr 20 21:39:51 CEST 2019
Sat Apr 20 21:39:52 CEST 2019
Sat Apr 20 21:39:52 CEST 2019
Sat Apr 20 21:39:53 CEST 2019
Sat Apr 20 21:39:53 CEST 2019
Sat Apr 20 21:39:54 CEST 2019
Sat Apr 20 21:39:54 CEST 2019
Sat Apr 20 21:39:55 CEST 2019
Sat Apr 20 21:39:55 CEST 2019
Sat Apr 20 21:39:56 CEST 2019
Sat Apr 20 21:39:56 CEST 2019
Sat Apr 20 21:39:57 CEST 2019
Sat Apr 20 21:39:57 CEST 2019
Sat Apr 20 21:39:58 CEST 2019
Sat Apr 20 21:39:58 CEST 2019
Sat Apr 20 21:39:59 CEST 2019
Sat Apr 20 21:40:00 CEST 2019
Sat Apr 20 21:40:00 CEST 2019
Sat Apr 20 21:40:01 CEST 2019
Sat Apr 20 21:40:01 CEST 2019
Sat Apr 20 21:40:02 CEST 2019
Sat Apr 20 21:40:02 CEST 2019
Sat Apr 20 21:40:03 CEST 2019
Sat Apr 20 21:40:03 CEST 2019
Sat Apr 20 21:40:04 CEST 2019
Sat Apr 20 21:40:04 CEST 2019
Sat Apr 20 21:40:05 CEST 2019
Sat Apr 20 21:40:05 CEST 2019
Sat Apr 20 21:40:06 CEST 2019
Sat Apr 20 21:40:06 CEST 2019
Sat Apr 20 21:40:07 CEST 2019
Sat Apr 20 21:40:07 CEST 2019
Sat Apr 20 21:40:08 CEST 2019
Sat Apr 20 21:40:08 CEST 2019
Sat Apr 20 21:40:09 CEST 2019
Sat Apr 20 21:40:09 CEST 2019
Sat Apr 20 21:40:10 CEST 2019
Sat Apr 20 21:40:10 CEST 2019
Sat Apr 20 21:40:11 CEST 2019
Sat Apr 20 21:40:11 CEST 2019
Sat Apr 20 21:40:12 CEST 2019
Sat Apr 20 21:40:12 CEST 2019
Sat Apr 20 21:40:13 CEST 2019
Sat Apr 20 21:40:13 CEST 2019
Sat Apr 20 21:40:14 CEST 2019
Sat Apr 20 21:40:14 CEST 2019
Sat Apr 20 21:40:15 CEST 2019
Sat Apr 20 21:40:15 CEST 2019
Sat Apr 20 21:40:16 CEST 2019
Sat Apr 20 21:40:16 CEST 2019
Sat Apr 20 21:40:17 CEST 2019
Sat Apr 20 21:40:17 CEST 2019
Sat Apr 20 21:40:18 CEST 2019
Sat Apr 20 21:40:18 CEST 2019
Sat Apr 20 21:40:19 CEST 2019
Sat Apr 20 21:40:19 CEST 2019
Sat Apr 20 21:40:20 CEST 2019
Sat Apr 20 21:40:20 CEST 2019
Sat Apr 20 21:40:21 CEST 2019
Sat Apr 20 21:40:21 CEST 2019
Sat Apr 20 21:40:22 CEST 2019
Sat Apr 20 21:40:22 CEST 2019
Sat Apr 20 21:40:23 CEST 2019
Sat Apr 20 21:40:23 CEST 2019
Sat Apr 20 21:40:24 CEST 2019
Sat Apr 20 21:40:24 CEST 2019
Sat Apr 20 21:40:25 CEST 2019
Sat Apr 20 21:40:25 CEST 2019
Sat Apr 20 21:40:26 CEST 2019
Sat Apr 20 21:40:27 CEST 2019
Sat Apr 20 21:40:27 CEST 2019
Sat Apr 20 21:40:28 CEST 2019
Sat Apr 20 21:40:28 CEST 2019
Sat Apr 20 21:40:29 CEST 2019
Sat Apr 20 21:40:29 CEST 2019
Sat Apr 20 21:40:30 CEST 2019
Sat Apr 20 21:40:30 CEST 2019
Sat Apr 20 21:40:31 CEST 2019
Sat Apr 20 21:40:31 CEST 2019
Sat Apr 20 21:40:32 CEST 2019
Sat Apr 20 21:40:32 CEST 2019
Sat Apr 20 21:40:33 CEST 2019
Sat Apr 20 21:40:33 CEST 2019
Sat Apr 20 21:40:34 CEST 2019
Sat Apr 20 21:40:34 CEST 2019
Sat Apr 20 21:40:35 CEST 2019
Sat Apr 20 21:40:35 CEST 2019
Sat Apr 20 21:40:36 CEST 2019
Sat Apr 20 21:40:36 CEST 2019
Sat Apr 20 21:40:37 CEST 2019
Sat Apr 20 21:40:37 CEST 2019
Sat Apr 20 21:40:38 CEST 2019
Sat Apr 20 21:40:38 CEST 2019
Sat Apr 20 21:40:39 CEST 2019
Sat Apr 20 21:40:39 CEST 2019
Sat Apr 20 21:40:40 CEST 2019
Sat Apr 20 21:40:40 CEST 2019
Sat Apr 20 21:40:41 CEST 2019
Sat Apr 20 21:40:41 CEST 2019
Sat Apr 20 21:40:42 CEST 2019
Sat Apr 20 21:40:42 CEST 2019
Sat Apr 20 21:40:43 CEST 2019
Sat Apr 20 21:40:43 CEST 2019
Sat Apr 20 21:40:44 CEST 2019
Sat Apr 20 21:40:44 CEST 2019
Sat Apr 20 21:40:45 CEST 2019
Sat Apr 20 21:40:45 CEST 2019
Sat Apr 20 21:40:46 CEST 2019
Sat Apr 20 21:40:46 CEST 2019
Sat Apr 20 21:40:47 CEST 2019
Sat Apr 20 21:40:47 CEST 2019
Sat Apr 20 21:40:48 CEST 2019
Sat Apr 20 21:40:48 CEST 2019
Sat Apr 20 21:40:49 CEST 2019
Sat Apr 20 21:40:49 CEST 2019
Sat Apr 20 21:40:50 CEST 2019
Sat Apr 20 21:40:51 CEST 2019
Sat Apr 20 21:40:51 CEST 2019
Sat Apr 20 21:40:52 CEST 2019
Sat Apr 20 21:40:52 CEST 2019
Sat Apr 20 21:40:53 CEST 2019
Sat Apr 20 21:40:53 CEST 2019
Sat Apr 20 21:40:54 CEST 2019
Sat Apr 20 21:40:54 CEST 2019
Sat Apr 20 21:40:55 CEST 2019
Sat Apr 20 21:40:55 CEST 2019
Sat Apr 20 21:40:56 CEST 2019
Sat Apr 20 21:40:56 CEST 2019
Sat Apr 20 21:40:57 CEST 2019
Sat Apr 20 21:40:57 CEST 2019
Sat Apr 20 21:40:58 CEST 2019
Sat Apr 20 21:40:58 CEST 2019
Sat Apr 20 21:40:59 CEST 2019
Sat Apr 20 21:40:59 CEST 2019
Sat Apr 20 21:41:00 CEST 2019
Sat Apr 20 21:41:00 CEST 2019
Sat Apr 20 21:41:01 CEST 2019
Sat Apr 20 21:41:01 CEST 2019
Sat Apr 20 21:41:02 CEST 2019
Sat Apr 20 21:41:02 CEST 2019
Sat Apr 20 21:41:03 CEST 2019
Sat Apr 20 21:41:03 CEST 2019
Sat Apr 20 21:41:04 CEST 2019
Sat Apr 20 21:41:04 CEST 2019
Sat Apr 20 21:41:05 CEST 2019
Sat Apr 20 21:41:05 CEST 2019
Sat Apr 20 21:41:06 CEST 2019
Sat Apr 20 21:41:06 CEST 2019
Sat Apr 20 21:41:07 CEST 2019
Sat Apr 20 21:41:07 CEST 2019
Sat Apr 20 21:41:08 CEST 2019
Sat Apr 20 21:41:08 CEST 2019
Sat Apr 20 21:41:09 CEST 2019
Sat Apr 20 21:41:09 CEST 2019
Sat Apr 20 21:41:10 CEST 2019
Sat Apr 20 21:41:10 CEST 2019
Sat Apr 20 21:41:11 CEST 2019
Sat Apr 20 21:41:11 CEST 2019
Sat Apr 20 21:41:12 CEST 2019
Sat Apr 20 21:41:12 CEST 2019
Sat Apr 20 21:41:13 CEST 2019
Sat Apr 20 21:41:13 CEST 2019
Sat Apr 20 21:41:14 CEST 2019
Sat Apr 20 21:41:14 CEST 2019
Sat Apr 20 21:41:15 CEST 2019
Sat Apr 20 21:41:15 CEST 2019
Sat Apr 20 21:41:16 CEST 2019
Sat Apr 20 21:41:16 CEST 2019
Sat Apr 20 21:41:17 CEST 2019
Sat Apr 20 21:41:18 CEST 2019
Sat Apr 20 21:41:18 CEST 2019
Sat Apr 20 21:41:19 CEST 2019
Sat Apr 20 21:41:19 CEST 2019
Sat Apr 20 21:41:20 CEST 2019
Sat Apr 20 21:41:20 CEST 2019
Sat Apr 20 21:41:21 CEST 2019
Sat Apr 20 21:41:21 CEST 2019
Sat Apr 20 21:41:22 CEST 2019
Sat Apr 20 21:41:22 CEST 2019
Sat Apr 20 21:41:23 CEST 2019
Sat Apr 20 21:41:23 CEST 2019
Sat Apr 20 21:41:24 CEST 2019
Sat Apr 20 21:41:24 CEST 2019
Sat Apr 20 21:41:25 CEST 2019
Sat Apr 20 21:41:25 CEST 2019
Sat Apr 20 21:41:26 CEST 2019
Sat Apr 20 21:41:26 CEST 2019
Sat Apr 20 21:41:27 CEST 2019
Sat Apr 20 21:41:27 CEST 2019
Sat Apr 20 21:41:28 CEST 2019
Sat Apr 20 21:41:28 CEST 2019
Sat Apr 20 21:41:29 CEST 2019
Sat Apr 20 21:41:29 CEST 2019
Sat Apr 20 21:41:30 CEST 2019
Sat Apr 20 21:41:30 CEST 2019
Sat Apr 20 21:41:31 CEST 2019
Sat Apr 20 21:41:31 CEST 2019
Sat Apr 20 21:41:32 CEST 2019
Sat Apr 20 21:41:32 CEST 2019
Sat Apr 20 21:41:33 CEST 2019
Sat Apr 20 21:41:33 CEST 2019
Sat Apr 20 21:41:34 CEST 2019
Sat Apr 20 21:41:34 CEST 2019
Sat Apr 20 21:41:35 CEST 2019
Sat Apr 20 21:41:35 CEST 2019
Sat Apr 20 21:41:36 CEST 2019
Sat Apr 20 21:41:36 CEST 2019
Sat Apr 20 21:41:37 CEST 2019
Sat Apr 20 21:41:37 CEST 2019
Sat Apr 20 21:41:38 CEST 2019
Sat Apr 20 21:41:38 CEST 2019
Sat Apr 20 21:41:39 CEST 2019
Sat Apr 20 21:41:39 CEST 2019
Sat Apr 20 21:41:40 CEST 2019
Sat Apr 20 21:41:40 CEST 2019
Sat Apr 20 21:41:41 CEST 2019
Sat Apr 20 21:41:41 CEST 2019
Sat Apr 20 21:41:42 CEST 2019
Sat Apr 20 21:41:42 CEST 2019
Sat Apr 20 21:41:43 CEST 2019
Sat Apr 20 21:41:44 CEST 2019
Sat Apr 20 21:41:44 CEST 2019
Sat Apr 20 21:41:45 CEST 2019
Sat Apr 20 21:41:45 CEST 2019
Sat Apr 20 21:41:46 CEST 2019
Sat Apr 20 21:41:46 CEST 2019
Sat Apr 20 21:41:47 CEST 2019
Sat Apr 20 21:41:47 CEST 2019
Sat Apr 20 21:41:48 CEST 2019
Sat Apr 20 21:41:48 CEST 2019
Sat Apr 20 21:41:49 CEST 2019
Sat Apr 20 21:41:49 CEST 2019
Sat Apr 20 21:41:50 CEST 2019
Sat Apr 20 21:41:50 CEST 2019
Sat Apr 20 21:41:51 CEST 2019
Sat Apr 20 21:41:51 CEST 2019
Sat Apr 20 21:41:52 CEST 2019
Sat Apr 20 21:41:52 CEST 2019
Sat Apr 20 21:41:53 CEST 2019
Sat Apr 20 21:41:53 CEST 2019
Sat Apr 20 21:41:54 CEST 2019
Sat Apr 20 21:41:54 CEST 2019
Sat Apr 20 21:41:55 CEST 2019
Sat Apr 20 21:41:55 CEST 2019
Sat Apr 20 21:41:56 CEST 2019
Sat Apr 20 21:41:56 CEST 2019
Sat Apr 20 21:41:57 CEST 2019
Sat Apr 20 21:41:57 CEST 2019
Sat Apr 20 21:41:58 CEST 2019
Sat Apr 20 21:41:58 CEST 2019
Sat Apr 20 21:41:59 CEST 2019
Sat Apr 20 21:41:59 CEST 2019
Sat Apr 20 21:42:00 CEST 2019
Sat Apr 20 21:42:00 CEST 2019
Sat Apr 20 21:42:01 CEST 2019
Sat Apr 20 21:42:01 CEST 2019
Sat Apr 20 21:42:02 CEST 2019
Sat Apr 20 21:42:02 CEST 2019
Sat Apr 20 21:42:03 CEST 2019
Sat Apr 20 21:42:03 CEST 2019
Sat Apr 20 21:42:04 CEST 2019
Sat Apr 20 21:42:04 CEST 2019
Sat Apr 20 21:42:05 CEST 2019
Sat Apr 20 21:42:05 CEST 2019
Sat Apr 20 21:42:06 CEST 2019
Sat Apr 20 21:42:06 CEST 2019
Sat Apr 20 21:42:07 CEST 2019
Sat Apr 20 21:42:08 CEST 2019
Sat Apr 20 21:42:08 CEST 2019
Sat Apr 20 21:42:09 CEST 2019
Sat Apr 20 21:42:09 CEST 2019
Sat Apr 20 21:42:10 CEST 2019
Sat Apr 20 21:42:10 CEST 2019
Sat Apr 20 21:42:11 CEST 2019
Sat Apr 20 21:42:11 CEST 2019
Sat Apr 20 21:42:12 CEST 2019
Sat Apr 20 21:42:12 CEST 2019
Sat Apr 20 21:42:13 CEST 2019
Sat Apr 20 21:42:13 CEST 2019
Sat Apr 20 21:42:14 CEST 2019
Sat Apr 20 21:42:14 CEST 2019
Sat Apr 20 21:42:15 CEST 2019
Sat Apr 20 21:42:15 CEST 2019
Sat Apr 20 21:42:16 CEST 2019
Sat Apr 20 21:42:16 CEST 2019
Sat Apr 20 21:42:17 CEST 2019
Sat Apr 20 21:42:17 CEST 2019
Sat Apr 20 21:42:18 CEST 2019
Sat Apr 20 21:42:18 CEST 2019
Sat Apr 20 21:42:19 CEST 2019
Sat Apr 20 21:42:19 CEST 2019
Sat Apr 20 21:42:20 CEST 2019
Sat Apr 20 21:42:20 CEST 2019
Sat Apr 20 21:42:21 CEST 2019
Sat Apr 20 21:42:21 CEST 2019
Sat Apr 20 21:42:22 CEST 2019
Sat Apr 20 21:42:22 CEST 2019
Sat Apr 20 21:42:23 CEST 2019
Sat Apr 20 21:42:23 CEST 2019
Sat Apr 20 21:42:24 CEST 2019
Sat Apr 20 21:42:24 CEST 2019
Sat Apr 20 21:42:25 CEST 2019
Sat Apr 20 21:42:25 CEST 2019
Sat Apr 20 21:42:26 CEST 2019
Sat Apr 20 21:42:26 CEST 2019
Sat Apr 20 21:42:27 CEST 2019
Sat Apr 20 21:42:27 CEST 2019
Sat Apr 20 21:42:28 CEST 2019
Sat Apr 20 21:42:28 CEST 2019
Sat Apr 20 21:42:29 CEST 2019
Sat Apr 20 21:42:29 CEST 2019
Sat Apr 20 21:42:30 CEST 2019
Sat Apr 20 21:42:30 CEST 2019
Sat Apr 20 21:42:31 CEST 2019
Sat Apr 20 21:42:31 CEST 2019
Sat Apr 20 21:42:32 CEST 2019
Sat Apr 20 21:42:33 CEST 2019
Sat Apr 20 21:42:33 CEST 2019
Sat Apr 20 21:42:34 CEST 2019
Sat Apr 20 21:42:34 CEST 2019
Sat Apr 20 21:42:35 CEST 2019
Sat Apr 20 21:42:35 CEST 2019
Sat Apr 20 21:42:36 CEST 2019
Sat Apr 20 21:42:36 CEST 2019
Sat Apr 20 21:42:37 CEST 2019
Sat Apr 20 21:42:37 CEST 2019
Sat Apr 20 21:42:38 CEST 2019
Sat Apr 20 21:42:38 CEST 2019
Sat Apr 20 21:42:39 CEST 2019
Sat Apr 20 21:42:39 CEST 2019
Sat Apr 20 21:42:40 CEST 2019
Sat Apr 20 21:42:40 CEST 2019
Sat Apr 20 21:42:41 CEST 2019
Sat Apr 20 21:42:41 CEST 2019
Sat Apr 20 21:42:42 CEST 2019
Sat Apr 20 21:42:42 CEST 2019
Sat Apr 20 21:42:43 CEST 2019
Sat Apr 20 21:42:43 CEST 2019
Sat Apr 20 21:42:44 CEST 2019
Sat Apr 20 21:42:44 CEST 2019
Sat Apr 20 21:42:45 CEST 2019
Sat Apr 20 21:42:45 CEST 2019
Sat Apr 20 21:42:46 CEST 2019
Sat Apr 20 21:42:46 CEST 2019
Sat Apr 20 21:42:47 CEST 2019
Sat Apr 20 21:42:47 CEST 2019
Sat Apr 20 21:42:48 CEST 2019
Sat Apr 20 21:42:48 CEST 2019
Sat Apr 20 21:42:49 CEST 2019
Sat Apr 20 21:42:49 CEST 2019
Sat Apr 20 21:42:50 CEST 2019
Sat Apr 20 21:42:50 CEST 2019
Sat Apr 20 21:42:51 CEST 2019
Sat Apr 20 21:42:51 CEST 2019
Sat Apr 20 21:42:52 CEST 2019
Sat Apr 20 21:42:52 CEST 2019
Sat Apr 20 21:42:53 CEST 2019
Sat Apr 20 21:42:53 CEST 2019
Sat Apr 20 21:42:54 CEST 2019
Sat Apr 20 21:42:54 CEST 2019
Sat Apr 20 21:42:55 CEST 2019
Sat Apr 20 21:42:55 CEST 2019
Sat Apr 20 21:42:56 CEST 2019
Sat Apr 20 21:42:56 CEST 2019
Sat Apr 20 21:42:57 CEST 2019
Sat Apr 20 21:42:58 CEST 2019
Sat Apr 20 21:42:58 CEST 2019
Sat Apr 20 21:42:59 CEST 2019
Sat Apr 20 21:42:59 CEST 2019
Sat Apr 20 21:43:00 CEST 2019
Sat Apr 20 21:43:00 CEST 2019
Sat Apr 20 21:43:01 CEST 2019
Sat Apr 20 21:43:01 CEST 2019
Sat Apr 20 21:43:02 CEST 2019
Sat Apr 20 21:43:02 CEST 2019
Sat Apr 20 21:43:03 CEST 2019
Sat Apr 20 21:43:03 CEST 2019
Sat Apr 20 21:43:04 CEST 2019
Sat Apr 20 21:43:04 CEST 2019
Sat Apr 20 21:43:05 CEST 2019
Sat Apr 20 21:43:05 CEST 2019
Sat Apr 20 21:43:06 CEST 2019
Sat Apr 20 21:43:06 CEST 2019
Sat Apr 20 21:43:07 CEST 2019
Sat Apr 20 21:43:07 CEST 2019
Sat Apr 20 21:43:08 CEST 2019
Sat Apr 20 21:43:08 CEST 2019
Sat Apr 20 21:43:09 CEST 2019
Sat Apr 20 21:43:09 CEST 2019
Sat Apr 20 21:43:10 CEST 2019
Sat Apr 20 21:43:10 CEST 2019
Sat Apr 20 21:43:11 CEST 2019
Sat Apr 20 21:43:11 CEST 2019
Sat Apr 20 21:43:12 CEST 2019
Sat Apr 20 21:43:12 CEST 2019
Sat Apr 20 21:43:13 CEST 2019
Sat Apr 20 21:43:13 CEST 2019
Sat Apr 20 21:43:14 CEST 2019
Sat Apr 20 21:43:14 CEST 2019
Sat Apr 20 21:43:15 CEST 2019
Sat Apr 20 21:43:15 CEST 2019
Sat Apr 20 21:43:16 CEST 2019
Sat Apr 20 21:43:16 CEST 2019
Sat Apr 20 21:43:17 CEST 2019
Sat Apr 20 21:43:17 CEST 2019
Sat Apr 20 21:43:18 CEST 2019
Sat Apr 20 21:43:18 CEST 2019
Sat Apr 20 21:43:19 CEST 2019
Sat Apr 20 21:43:19 CEST 2019
Sat Apr 20 21:43:20 CEST 2019
Sat Apr 20 21:43:20 CEST 2019
Sat Apr 20 21:43:21 CEST 2019
Sat Apr 20 21:43:22 CEST 2019
Sat Apr 20 21:43:22 CEST 2019
Sat Apr 20 21:43:23 CEST 2019
Sat Apr 20 21:43:23 CEST 2019
Sat Apr 20 21:43:24 CEST 2019
Sat Apr 20 21:43:24 CEST 2019
Sat Apr 20 21:43:25 CEST 2019
Sat Apr 20 21:43:25 CEST 2019
Sat Apr 20 21:43:26 CEST 2019
Sat Apr 20 21:43:26 CEST 2019
Sat Apr 20 21:43:27 CEST 2019
Sat Apr 20 21:43:27 CEST 2019
Sat Apr 20 21:43:28 CEST 2019
Sat Apr 20 21:43:28 CEST 2019
Sat Apr 20 21:43:29 CEST 2019
Sat Apr 20 21:43:29 CEST 2019
Sat Apr 20 21:43:30 CEST 2019
Sat Apr 20 21:43:30 CEST 2019
Sat Apr 20 21:43:31 CEST 2019
Sat Apr 20 21:43:31 CEST 2019
Sat Apr 20 21:43:32 CEST 2019
Sat Apr 20 21:43:32 CEST 2019
Sat Apr 20 21:43:33 CEST 2019
Sat Apr 20 21:43:33 CEST 2019
Sat Apr 20 21:43:34 CEST 2019
Sat Apr 20 21:43:34 CEST 2019
Sat Apr 20 21:43:35 CEST 2019
Sat Apr 20 21:43:35 CEST 2019
Sat Apr 20 21:43:36 CEST 2019
Sat Apr 20 21:43:36 CEST 2019
Sat Apr 20 21:43:37 CEST 2019
Sat Apr 20 21:43:37 CEST 2019
Sat Apr 20 21:43:38 CEST 2019
Sat Apr 20 21:43:38 CEST 2019
Sat Apr 20 21:43:39 CEST 2019
Sat Apr 20 21:43:39 CEST 2019
Sat Apr 20 21:43:40 CEST 2019
Sat Apr 20 21:43:40 CEST 2019
Sat Apr 20 21:43:41 CEST 2019
Sat Apr 20 21:43:41 CEST 2019
Sat Apr 20 21:43:42 CEST 2019
Sat Apr 20 21:43:42 CEST 2019
Sat Apr 20 21:43:43 CEST 2019
Sat Apr 20 21:43:43 CEST 2019
Sat Apr 20 21:43:44 CEST 2019
Sat Apr 20 21:43:44 CEST 2019
Sat Apr 20 21:43:45 CEST 2019
Sat Apr 20 21:43:45 CEST 2019
Sat Apr 20 21:43:46 CEST 2019
Sat Apr 20 21:43:46 CEST 2019
Sat Apr 20 21:43:47 CEST 2019
Sat Apr 20 21:43:48 CEST 2019
Sat Apr 20 21:43:48 CEST 2019
Sat Apr 20 21:43:49 CEST 2019
Sat Apr 20 21:43:49 CEST 2019
Sat Apr 20 21:43:50 CEST 2019
Sat Apr 20 21:43:50 CEST 2019
Sat Apr 20 21:43:51 CEST 2019
Sat Apr 20 21:43:51 CEST 2019
Sat Apr 20 21:43:52 CEST 2019
Sat Apr 20 21:43:52 CEST 2019
Sat Apr 20 21:43:53 CEST 2019
Sat Apr 20 21:43:53 CEST 2019
Sat Apr 20 21:43:54 CEST 2019
Sat Apr 20 21:43:54 CEST 2019
Sat Apr 20 21:43:55 CEST 2019
Sat Apr 20 21:43:55 CEST 2019
Sat Apr 20 21:43:56 CEST 2019
Sat Apr 20 21:43:56 CEST 2019
Sat Apr 20 21:43:57 CEST 2019
Sat Apr 20 21:43:57 CEST 2019
Sat Apr 20 21:43:58 CEST 2019
Sat Apr 20 21:43:58 CEST 2019
Sat Apr 20 21:43:59 CEST 2019
Sat Apr 20 21:43:59 CEST 2019
Sat Apr 20 21:44:00 CEST 2019
Sat Apr 20 21:44:00 CEST 2019
Sat Apr 20 21:44:01 CEST 2019
Sat Apr 20 21:44:01 CEST 2019
Sat Apr 20 21:44:02 CEST 2019
Sat Apr 20 21:44:02 CEST 2019
Sat Apr 20 21:44:03 CEST 2019
Sat Apr 20 21:44:03 CEST 2019
Sat Apr 20 21:44:04 CEST 2019
Sat Apr 20 21:44:04 CEST 2019
Sat Apr 20 21:44:05 CEST 2019
Sat Apr 20 21:44:05 CEST 2019
Sat Apr 20 21:44:06 CEST 2019
Sat Apr 20 21:44:07 CEST 2019
Sat Apr 20 21:44:07 CEST 2019
Sat Apr 20 21:44:08 CEST 2019
Sat Apr 20 21:44:08 CEST 2019
Sat Apr 20 21:44:09 CEST 2019
Sat Apr 20 21:44:09 CEST 2019
Sat Apr 20 21:44:10 CEST 2019
Sat Apr 20 21:44:10 CEST 2019
Sat Apr 20 21:44:11 CEST 2019
Sat Apr 20 21:44:11 CEST 2019
Sat Apr 20 21:44:12 CEST 2019
Sat Apr 20 21:50:07 CEST 2019
Sat Apr 20 21:50:08 CEST 2019
Sat Apr 20 21:50:09 CEST 2019
Sat Apr 20 21:50:09 CEST 2019
Sat Apr 20 21:50:10 CEST 2019
Sat Apr 20 21:50:10 CEST 2019
Sat Apr 20 21:50:11 CEST 2019
Sat Apr 20 21:50:11 CEST 2019
Sat Apr 20 21:50:12 CEST 2019
Sat Apr 20 21:50:12 CEST 2019
Sat Apr 20 21:50:13 CEST 2019
Sat Apr 20 21:50:13 CEST 2019
Sat Apr 20 21:50:14 CEST 2019
Sat Apr 20 21:50:14 CEST 2019
Sat Apr 20 21:50:15 CEST 2019
Sat Apr 20 21:50:15 CEST 2019
Sat Apr 20 21:50:16 CEST 2019
Sat Apr 20 21:50:16 CEST 2019
Sat Apr 20 21:50:17 CEST 2019
Sat Apr 20 21:50:17 CEST 2019
Sat Apr 20 21:50:18 CEST 2019
Sat Apr 20 21:50:18 CEST 2019
Sat Apr 20 21:50:19 CEST 2019
Sat Apr 20 21:50:19 CEST 2019
Sat Apr 20 21:50:20 CEST 2019
Sat Apr 20 21:50:20 CEST 2019
Sat Apr 20 21:50:21 CEST 2019
Sat Apr 20 21:50:21 CEST 2019
Sat Apr 20 21:50:22 CEST 2019
Sat Apr 20 21:50:22 CEST 2019
Sat Apr 20 21:50:23 CEST 2019
Sat Apr 20 21:50:23 CEST 2019
Sat Apr 20 21:50:24 CEST 2019
Sat Apr 20 21:50:24 CEST 2019
Sat Apr 20 21:50:25 CEST 2019
Sat Apr 20 21:50:25 CEST 2019
Sat Apr 20 21:50:26 CEST 2019
Sat Apr 20 21:50:26 CEST 2019
Sat Apr 20 21:50:27 CEST 2019
Sat Apr 20 21:50:27 CEST 2019
Sat Apr 20 21:50:28 CEST 2019
Sat Apr 20 21:50:28 CEST 2019
Sat Apr 20 21:50:29 CEST 2019
Sat Apr 20 21:50:29 CEST 2019
Sat Apr 20 21:50:30 CEST 2019
Sat Apr 20 21:50:30 CEST 2019
Sat Apr 20 21:50:31 CEST 2019
Sat Apr 20 21:50:32 CEST 2019
Sat Apr 20 21:50:32 CEST 2019
Sat Apr 20 21:50:33 CEST 2019
Sat Apr 20 21:50:33 CEST 2019
Sat Apr 20 21:50:34 CEST 2019
Sat Apr 20 21:50:34 CEST 2019
Sat Apr 20 21:50:35 CEST 2019
Sat Apr 20 21:50:35 CEST 2019
Sat Apr 20 21:50:36 CEST 2019
Sat Apr 20 21:50:36 CEST 2019
Sat Apr 20 21:50:37 CEST 2019
Sat Apr 20 21:50:37 CEST 2019
Sat Apr 20 21:50:38 CEST 2019
Sat Apr 20 21:50:38 CEST 2019
Sat Apr 20 21:50:39 CEST 2019
Sat Apr 20 21:50:39 CEST 2019
Sat Apr 20 21:50:40 CEST 2019
Sat Apr 20 21:50:40 CEST 2019
Sat Apr 20 21:50:41 CEST 2019
Sat Apr 20 21:50:41 CEST 2019
Sat Apr 20 21:50:42 CEST 2019
Sat Apr 20 21:50:42 CEST 2019
Sat Apr 20 21:50:43 CEST 2019
Sat Apr 20 21:50:43 CEST 2019
Sat Apr 20 21:50:44 CEST 2019
Sat Apr 20 21:50:44 CEST 2019
Sat Apr 20 21:50:45 CEST 2019
Sat Apr 20 21:50:45 CEST 2019
Sat Apr 20 21:50:46 CEST 2019
Sat Apr 20 21:50:46 CEST 2019
Sat Apr 20 21:50:47 CEST 2019
Sat Apr 20 21:50:47 CEST 2019
Sat Apr 20 21:50:48 CEST 2019
Sat Apr 20 21:50:48 CEST 2019
Sat Apr 20 21:50:49 CEST 2019
Sat Apr 20 21:50:49 CEST 2019
Sat Apr 20 21:50:50 CEST 2019
Sat Apr 20 21:50:50 CEST 2019
Sat Apr 20 21:50:51 CEST 2019
Sat Apr 20 21:50:51 CEST 2019
Sat Apr 20 21:50:52 CEST 2019
Sat Apr 20 21:50:52 CEST 2019
Sat Apr 20 21:50:53 CEST 2019
Sat Apr 20 21:50:53 CEST 2019
Sat Apr 20 21:50:54 CEST 2019
Sat Apr 20 21:50:54 CEST 2019
Sat Apr 20 21:50:55 CEST 2019
Sat Apr 20 21:50:55 CEST 2019
Sat Apr 20 21:50:56 CEST 2019
Sat Apr 20 21:50:56 CEST 2019
Sat Apr 20 21:50:57 CEST 2019
Sat Apr 20 21:50:58 CEST 2019
Sat Apr 20 21:50:58 CEST 2019
Sat Apr 20 21:50:59 CEST 2019
Sat Apr 20 21:50:59 CEST 2019
Sat Apr 20 21:51:00 CEST 2019
Sat Apr 20 21:51:00 CEST 2019
Sat Apr 20 21:51:01 CEST 2019
Sat Apr 20 21:51:01 CEST 2019
Sat Apr 20 21:51:02 CEST 2019
Sat Apr 20 21:51:02 CEST 2019
Sat Apr 20 21:51:03 CEST 2019
Sat Apr 20 21:51:03 CEST 2019
Sat Apr 20 21:51:04 CEST 2019
Sat Apr 20 21:51:04 CEST 2019
Sat Apr 20 21:51:05 CEST 2019
Sat Apr 20 21:51:05 CEST 2019
Sat Apr 20 21:51:06 CEST 2019
Sat Apr 20 21:51:06 CEST 2019
Sat Apr 20 21:51:07 CEST 2019
Sat Apr 20 21:51:07 CEST 2019
Sat Apr 20 21:51:08 CEST 2019
Sat Apr 20 21:51:08 CEST 2019
Sat Apr 20 21:51:09 CEST 2019
Sat Apr 20 21:51:09 CEST 2019
Sat Apr 20 21:51:10 CEST 2019
Sat Apr 20 21:51:10 CEST 2019
Sat Apr 20 21:51:11 CEST 2019
Sat Apr 20 21:51:11 CEST 2019
Sat Apr 20 21:51:12 CEST 2019
Sat Apr 20 21:51:12 CEST 2019
Sat Apr 20 21:51:13 CEST 2019
Sat Apr 20 21:51:13 CEST 2019
Sat Apr 20 21:51:14 CEST 2019
Sat Apr 20 21:51:14 CEST 2019
Sat Apr 20 21:51:15 CEST 2019
Sat Apr 20 21:51:15 CEST 2019
Sat Apr 20 21:51:16 CEST 2019
Sat Apr 20 21:51:16 CEST 2019
Sat Apr 20 21:51:17 CEST 2019
Sat Apr 20 21:51:17 CEST 2019
Sat Apr 20 21:51:18 CEST 2019
Sat Apr 20 21:51:18 CEST 2019
Sat Apr 20 21:51:19 CEST 2019
Sat Apr 20 21:51:19 CEST 2019
Sat Apr 20 21:51:20 CEST 2019
Sat Apr 20 21:51:20 CEST 2019
Sat Apr 20 21:51:21 CEST 2019
Sat Apr 20 21:51:21 CEST 2019
Sat Apr 20 21:51:22 CEST 2019
Sat Apr 20 21:51:22 CEST 2019
Sat Apr 20 21:51:23 CEST 2019
Sat Apr 20 21:51:24 CEST 2019
Sat Apr 20 21:51:24 CEST 2019
Sat Apr 20 21:51:25 CEST 2019
Sat Apr 20 21:51:25 CEST 2019
Sat Apr 20 21:51:26 CEST 2019
Sat Apr 20 21:51:26 CEST 2019
Sat Apr 20 21:51:27 CEST 2019
Sat Apr 20 21:51:27 CEST 2019
Sat Apr 20 21:51:28 CEST 2019
Sat Apr 20 21:51:28 CEST 2019
Sat Apr 20 21:51:29 CEST 2019
Sat Apr 20 21:51:29 CEST 2019
Sat Apr 20 21:51:30 CEST 2019
Sat Apr 20 21:51:30 CEST 2019
Sat Apr 20 21:51:31 CEST 2019
Sat Apr 20 21:51:31 CEST 2019
Sat Apr 20 21:51:32 CEST 2019
Sat Apr 20 21:51:32 CEST 2019
Sat Apr 20 21:51:33 CEST 2019
Sat Apr 20 21:51:33 CEST 2019
Sat Apr 20 21:51:34 CEST 2019
Sat Apr 20 21:51:34 CEST 2019
Sat Apr 20 21:51:35 CEST 2019
Sat Apr 20 21:51:35 CEST 2019
Sat Apr 20 21:51:36 CEST 2019
Sat Apr 20 21:51:36 CEST 2019
Sat Apr 20 21:51:37 CEST 2019
Sat Apr 20 21:51:37 CEST 2019
Sat Apr 20 21:51:38 CEST 2019
Sat Apr 20 21:51:38 CEST 2019
Sat Apr 20 21:51:39 CEST 2019
Sat Apr 20 21:51:39 CEST 2019
Sat Apr 20 21:51:40 CEST 2019
Sat Apr 20 21:51:40 CEST 2019
Sat Apr 20 21:51:41 CEST 2019
Sat Apr 20 21:51:41 CEST 2019
Sat Apr 20 21:51:42 CEST 2019
Sat Apr 20 21:51:42 CEST 2019
Sat Apr 20 21:51:43 CEST 2019
Sat Apr 20 21:51:43 CEST 2019
Sat Apr 20 21:51:44 CEST 2019
Sat Apr 20 21:51:44 CEST 2019
Sat Apr 20 21:51:45 CEST 2019
Sat Apr 20 21:51:45 CEST 2019
Sat Apr 20 21:51:46 CEST 2019
Sat Apr 20 21:51:46 CEST 2019
Sat Apr 20 21:51:47 CEST 2019
Sat Apr 20 21:51:48 CEST 2019
Sat Apr 20 21:51:48 CEST 2019
Sat Apr 20 21:51:49 CEST 2019
Sat Apr 20 21:51:49 CEST 2019
Sat Apr 20 21:51:50 CEST 2019
Sat Apr 20 21:51:50 CEST 2019
Sat Apr 20 21:51:51 CEST 2019
Sat Apr 20 21:51:51 CEST 2019
Sat Apr 20 21:51:52 CEST 2019
Sat Apr 20 21:51:52 CEST 2019
Sat Apr 20 21:51:53 CEST 2019
Sat Apr 20 21:51:53 CEST 2019
Sat Apr 20 21:51:54 CEST 2019
Sat Apr 20 21:51:54 CEST 2019
Sat Apr 20 21:51:55 CEST 2019
Sat Apr 20 21:51:55 CEST 2019
Sat Apr 20 21:51:56 CEST 2019
Sat Apr 20 21:51:56 CEST 2019
Sat Apr 20 21:51:57 CEST 2019
Sat Apr 20 21:51:57 CEST 2019
Sat Apr 20 21:51:58 CEST 2019
Sat Apr 20 21:51:58 CEST 2019
Sat Apr 20 21:51:59 CEST 2019
Sat Apr 20 21:51:59 CEST 2019
Sat Apr 20 21:52:00 CEST 2019
Sat Apr 20 21:52:00 CEST 2019
Sat Apr 20 21:52:01 CEST 2019
Sat Apr 20 21:52:01 CEST 2019
Sat Apr 20 21:52:02 CEST 2019
Sat Apr 20 21:52:02 CEST 2019
Sat Apr 20 21:52:03 CEST 2019
Sat Apr 20 21:52:03 CEST 2019
Sat Apr 20 21:52:04 CEST 2019
Sat Apr 20 21:52:04 CEST 2019
Sat Apr 20 21:52:05 CEST 2019
Sat Apr 20 21:52:05 CEST 2019
Sat Apr 20 21:52:06 CEST 2019
Sat Apr 20 21:52:06 CEST 2019
Sat Apr 20 21:52:07 CEST 2019
Sat Apr 20 21:52:07 CEST 2019
Sat Apr 20 21:52:08 CEST 2019
Sat Apr 20 21:52:08 CEST 2019
Sat Apr 20 21:52:09 CEST 2019
Sat Apr 20 21:52:09 CEST 2019
Sat Apr 20 21:52:10 CEST 2019
Sat Apr 20 21:52:10 CEST 2019
Sat Apr 20 21:52:11 CEST 2019
Sat Apr 20 21:52:11 CEST 2019
Sat Apr 20 21:52:12 CEST 2019
Sat Apr 20 21:52:13 CEST 2019
Sat Apr 20 21:52:13 CEST 2019
Sat Apr 20 21:52:14 CEST 2019
Sat Apr 20 21:52:14 CEST 2019
Sat Apr 20 21:52:15 CEST 2019
Sat Apr 20 21:52:15 CEST 2019
Sat Apr 20 21:52:16 CEST 2019
Sat Apr 20 21:52:16 CEST 2019
Sat Apr 20 21:52:17 CEST 2019
Sat Apr 20 21:52:17 CEST 2019
Sat Apr 20 21:52:18 CEST 2019
Sat Apr 20 21:52:18 CEST 2019
Sat Apr 20 21:52:19 CEST 2019
Sat Apr 20 21:52:19 CEST 2019
Sat Apr 20 21:52:20 CEST 2019
Sat Apr 20 21:52:20 CEST 2019
Sat Apr 20 21:52:21 CEST 2019
Sat Apr 20 21:52:21 CEST 2019
Sat Apr 20 21:52:22 CEST 2019
Sat Apr 20 21:52:22 CEST 2019
Sat Apr 20 21:52:23 CEST 2019
Sat Apr 20 21:52:23 CEST 2019
Sat Apr 20 21:52:24 CEST 2019
Sat Apr 20 21:52:24 CEST 2019
Sat Apr 20 21:52:25 CEST 2019
Sat Apr 20 21:52:25 CEST 2019
Sat Apr 20 21:52:26 CEST 2019
Sat Apr 20 21:52:26 CEST 2019
Sat Apr 20 21:52:27 CEST 2019
Sat Apr 20 21:52:27 CEST 2019
Sat Apr 20 21:52:28 CEST 2019
Sat Apr 20 21:52:28 CEST 2019
Sat Apr 20 21:52:29 CEST 2019
Sat Apr 20 21:52:29 CEST 2019
Sat Apr 20 21:52:30 CEST 2019
Sat Apr 20 21:52:30 CEST 2019
Sat Apr 20 21:52:31 CEST 2019
Sat Apr 20 21:52:31 CEST 2019
Sat Apr 20 21:52:32 CEST 2019
Sat Apr 20 21:52:32 CEST 2019
Sat Apr 20 21:52:33 CEST 2019
Sat Apr 20 21:52:33 CEST 2019
Sat Apr 20 21:52:34 CEST 2019
Sat Apr 20 21:52:34 CEST 2019
Sat Apr 20 21:52:35 CEST 2019
Sat Apr 20 21:52:35 CEST 2019
Sat Apr 20 21:52:36 CEST 2019
Sat Apr 20 21:52:37 CEST 2019
Sat Apr 20 21:52:37 CEST 2019
Sat Apr 20 21:52:38 CEST 2019
Sat Apr 20 21:52:38 CEST 2019
Sat Apr 20 21:52:39 CEST 2019
Sat Apr 20 21:52:39 CEST 2019
Sat Apr 20 21:52:40 CEST 2019
Sat Apr 20 21:52:40 CEST 2019
Sat Apr 20 21:52:41 CEST 2019
Sat Apr 20 21:52:41 CEST 2019
Sat Apr 20 21:52:42 CEST 2019
Sat Apr 20 21:52:42 CEST 2019
Sat Apr 20 21:52:43 CEST 2019
Sat Apr 20 21:52:43 CEST 2019
Sat Apr 20 21:52:44 CEST 2019
Sat Apr 20 21:52:44 CEST 2019
Sat Apr 20 21:52:45 CEST 2019
Sat Apr 20 21:52:45 CEST 2019
Sat Apr 20 21:52:46 CEST 2019
Sat Apr 20 21:52:46 CEST 2019
Sat Apr 20 21:52:47 CEST 2019
Sat Apr 20 21:52:47 CEST 2019
Sat Apr 20 21:52:48 CEST 2019
Sat Apr 20 21:52:48 CEST 2019
Sat Apr 20 21:52:49 CEST 2019
Sat Apr 20 21:52:49 CEST 2019
Sat Apr 20 21:52:50 CEST 2019
Sat Apr 20 21:52:50 CEST 2019
Sat Apr 20 21:52:51 CEST 2019
Sat Apr 20 21:52:51 CEST 2019
Sat Apr 20 21:52:52 CEST 2019
Sat Apr 20 21:52:52 CEST 2019
Sat Apr 20 21:52:53 CEST 2019
Sat Apr 20 21:52:53 CEST 2019
Sat Apr 20 21:52:54 CEST 2019
Sat Apr 20 21:52:54 CEST 2019
Sat Apr 20 21:52:55 CEST 2019
Sat Apr 20 21:52:55 CEST 2019
Sat Apr 20 21:52:56 CEST 2019
Sat Apr 20 21:52:56 CEST 2019
Sat Apr 20 21:52:57 CEST 2019
Sat Apr 20 21:52:57 CEST 2019
Sat Apr 20 21:52:58 CEST 2019
Sat Apr 20 21:52:58 CEST 2019
Sat Apr 20 21:52:59 CEST 2019
Sat Apr 20 21:52:59 CEST 2019
Sat Apr 20 21:53:00 CEST 2019
Sat Apr 20 21:53:00 CEST 2019
Sat Apr 20 21:53:01 CEST 2019
Sat Apr 20 21:53:01 CEST 2019
Sat Apr 20 21:53:02 CEST 2019
Sat Apr 20 21:53:03 CEST 2019
Sat Apr 20 21:53:03 CEST 2019
Sat Apr 20 21:53:04 CEST 2019
Sat Apr 20 21:53:04 CEST 2019
Sat Apr 20 21:53:05 CEST 2019
Sat Apr 20 21:53:05 CEST 2019
Sat Apr 20 21:53:06 CEST 2019
Sat Apr 20 21:53:06 CEST 2019
Sat Apr 20 21:53:07 CEST 2019
Sat Apr 20 21:53:07 CEST 2019
Sat Apr 20 21:53:08 CEST 2019
Sat Apr 20 21:53:08 CEST 2019
Sat Apr 20 21:53:09 CEST 2019
Sat Apr 20 21:53:09 CEST 2019
Sat Apr 20 21:53:10 CEST 2019
Sat Apr 20 21:53:10 CEST 2019
Sat Apr 20 21:53:11 CEST 2019
Sat Apr 20 21:53:11 CEST 2019
Sat Apr 20 21:53:12 CEST 2019
Sat Apr 20 21:53:12 CEST 2019
Sat Apr 20 21:53:13 CEST 2019
Sat Apr 20 21:53:13 CEST 2019
Sat Apr 20 21:53:14 CEST 2019
Sat Apr 20 21:53:14 CEST 2019
Sat Apr 20 21:53:15 CEST 2019
Sat Apr 20 21:53:15 CEST 2019
Sat Apr 20 21:53:16 CEST 2019
Sat Apr 20 21:53:16 CEST 2019
Sat Apr 20 21:53:17 CEST 2019
Sat Apr 20 21:53:17 CEST 2019
Sat Apr 20 21:53:18 CEST 2019
Sat Apr 20 21:53:18 CEST 2019
Sat Apr 20 21:53:19 CEST 2019
Sat Apr 20 21:53:19 CEST 2019
Sat Apr 20 21:53:20 CEST 2019
Sat Apr 20 21:53:20 CEST 2019
Sat Apr 20 21:53:21 CEST 2019
Sat Apr 20 21:53:21 CEST 2019
Sat Apr 20 21:53:22 CEST 2019
Sat Apr 20 21:53:22 CEST 2019
Sat Apr 20 21:53:23 CEST 2019
Sat Apr 20 21:53:23 CEST 2019
Sat Apr 20 21:53:24 CEST 2019
Sat Apr 20 21:53:24 CEST 2019
Sat Apr 20 21:53:25 CEST 2019
Sat Apr 20 21:53:25 CEST 2019
Sat Apr 20 21:53:26 CEST 2019
Sat Apr 20 21:53:26 CEST 2019
Sat Apr 20 21:53:27 CEST 2019
Sat Apr 20 21:53:27 CEST 2019
Sat Apr 20 21:53:28 CEST 2019
Sat Apr 20 21:53:29 CEST 2019
Sat Apr 20 21:53:29 CEST 2019
Sat Apr 20 21:53:30 CEST 2019
Sat Apr 20 21:53:30 CEST 2019
Sat Apr 20 21:53:31 CEST 2019
Sat Apr 20 21:53:31 CEST 2019
Sat Apr 20 21:53:32 CEST 2019
Sat Apr 20 21:53:32 CEST 2019
Sat Apr 20 21:53:33 CEST 2019
Sat Apr 20 21:53:33 CEST 2019
Sat Apr 20 21:53:34 CEST 2019
Sat Apr 20 21:53:34 CEST 2019
Sat Apr 20 21:53:35 CEST 2019
Sat Apr 20 21:53:35 CEST 2019
Sat Apr 20 21:53:36 CEST 2019
Sat Apr 20 21:53:36 CEST 2019
Sat Apr 20 21:53:37 CEST 2019
Sat Apr 20 21:53:37 CEST 2019
Sat Apr 20 21:53:38 CEST 2019
Sat Apr 20 21:53:38 CEST 2019
Sat Apr 20 21:53:39 CEST 2019
Sat Apr 20 21:53:39 CEST 2019
Sat Apr 20 21:53:40 CEST 2019
Sat Apr 20 21:53:40 CEST 2019
Sat Apr 20 21:53:41 CEST 2019
Sat Apr 20 21:53:41 CEST 2019
Sat Apr 20 21:53:42 CEST 2019
Sat Apr 20 21:53:42 CEST 2019
Sat Apr 20 21:53:43 CEST 2019
Sat Apr 20 21:53:43 CEST 2019
Sat Apr 20 21:53:44 CEST 2019
Sat Apr 20 21:53:44 CEST 2019
Sat Apr 20 21:53:45 CEST 2019
Sat Apr 20 21:53:45 CEST 2019
Sat Apr 20 21:53:46 CEST 2019
Sat Apr 20 21:53:46 CEST 2019
Sat Apr 20 21:53:47 CEST 2019
Sat Apr 20 21:53:47 CEST 2019
Sat Apr 20 21:53:48 CEST 2019
Sat Apr 20 21:53:48 CEST 2019
Sat Apr 20 21:53:49 CEST 2019
Sat Apr 20 21:53:49 CEST 2019
Sat Apr 20 21:53:50 CEST 2019
Sat Apr 20 21:53:50 CEST 2019
Sat Apr 20 21:53:51 CEST 2019
Sat Apr 20 21:53:51 CEST 2019
Sat Apr 20 21:53:52 CEST 2019
Sat Apr 20 21:53:52 CEST 2019
Sat Apr 20 21:53:53 CEST 2019
Sat Apr 20 21:53:54 CEST 2019
Sat Apr 20 21:53:54 CEST 2019
Sat Apr 20 21:53:55 CEST 2019
Sat Apr 20 21:53:55 CEST 2019
Sat Apr 20 21:53:56 CEST 2019
Sat Apr 20 21:53:56 CEST 2019
Sat Apr 20 21:53:57 CEST 2019
Sat Apr 20 21:53:57 CEST 2019
Sat Apr 20 21:53:58 CEST 2019
Sat Apr 20 21:53:58 CEST 2019
Sat Apr 20 21:53:59 CEST 2019
Sat Apr 20 21:53:59 CEST 2019
Sat Apr 20 21:54:00 CEST 2019
Sat Apr 20 21:54:00 CEST 2019
Sat Apr 20 21:54:01 CEST 2019
Sat Apr 20 21:54:01 CEST 2019
Sat Apr 20 21:54:02 CEST 2019
Sat Apr 20 21:54:02 CEST 2019
Sat Apr 20 21:54:03 CEST 2019
Sat Apr 20 21:54:03 CEST 2019
Sat Apr 20 21:54:04 CEST 2019
Sat Apr 20 21:54:04 CEST 2019
Sat Apr 20 21:54:05 CEST 2019
Sat Apr 20 21:54:05 CEST 2019
Sat Apr 20 21:54:06 CEST 2019
Sat Apr 20 21:54:06 CEST 2019
Sat Apr 20 21:54:07 CEST 2019
Sat Apr 20 21:54:07 CEST 2019
Sat Apr 20 21:54:08 CEST 2019
Sat Apr 20 21:54:08 CEST 2019
Sat Apr 20 21:54:09 CEST 2019
Sat Apr 20 21:54:09 CEST 2019
Sat Apr 20 21:54:10 CEST 2019
Sat Apr 20 21:54:10 CEST 2019
Sat Apr 20 21:54:11 CEST 2019
Sat Apr 20 21:54:11 CEST 2019
Sat Apr 20 21:54:12 CEST 2019
Sat Apr 20 21:54:12 CEST 2019
Sat Apr 20 21:54:13 CEST 2019
Sat Apr 20 21:54:13 CEST 2019
Sat Apr 20 21:54:14 CEST 2019
Sat Apr 20 21:54:14 CEST 2019
Sat Apr 20 21:54:15 CEST 2019
Sat Apr 20 21:54:15 CEST 2019
Sat Apr 20 21:54:16 CEST 2019
Sat Apr 20 21:54:16 CEST 2019
Sat Apr 20 21:54:17 CEST 2019
Sat Apr 20 21:54:17 CEST 2019
Sat Apr 20 21:54:18 CEST 2019
Sat Apr 20 21:54:19 CEST 2019
Sat Apr 20 21:54:19 CEST 2019
Sat Apr 20 21:54:20 CEST 2019
Sat Apr 20 21:54:20 CEST 2019
Sat Apr 20 21:54:21 CEST 2019
Sat Apr 20 21:54:21 CEST 2019
Sat Apr 20 21:54:22 CEST 2019
Sat Apr 20 21:54:22 CEST 2019
Sat Apr 20 21:54:23 CEST 2019
Sat Apr 20 21:54:23 CEST 2019
Sat Apr 20 21:54:24 CEST 2019
Sat Apr 20 21:54:24 CEST 2019
Sat Apr 20 21:54:25 CEST 2019
Sat Apr 20 21:54:25 CEST 2019
Sat Apr 20 21:54:26 CEST 2019
Sat Apr 20 21:54:26 CEST 2019
Sat Apr 20 21:54:27 CEST 2019
Sat Apr 20 21:54:27 CEST 2019
Sat Apr 20 21:54:28 CEST 2019
Sat Apr 20 21:54:28 CEST 2019
Sat Apr 20 21:54:29 CEST 2019
Sat Apr 20 21:54:29 CEST 2019
Sat Apr 20 21:54:30 CEST 2019
Sat Apr 20 21:54:30 CEST 2019
Sat Apr 20 21:54:31 CEST 2019
Sat Apr 20 21:54:31 CEST 2019
Sat Apr 20 21:54:32 CEST 2019
Sat Apr 20 21:54:32 CEST 2019
Sat Apr 20 21:54:33 CEST 2019
Sat Apr 20 21:54:33 CEST 2019
Sat Apr 20 21:54:34 CEST 2019
Sat Apr 20 21:54:34 CEST 2019
Sat Apr 20 21:54:35 CEST 2019
Sat Apr 20 21:54:35 CEST 2019
Sat Apr 20 21:54:36 CEST 2019
Sat Apr 20 21:54:36 CEST 2019
Sat Apr 20 21:54:37 CEST 2019
Sat Apr 20 21:54:37 CEST 2019
Sat Apr 20 21:54:38 CEST 2019
Sat Apr 20 21:54:38 CEST 2019
Sat Apr 20 21:54:39 CEST 2019
Sat Apr 20 21:54:39 CEST 2019
Sat Apr 20 21:54:40 CEST 2019
Sat Apr 20 21:54:40 CEST 2019
Sat Apr 20 21:54:41 CEST 2019
Sat Apr 20 21:54:41 CEST 2019
Sat Apr 20 21:54:42 CEST 2019
Sat Apr 20 21:54:42 CEST 2019
Sat Apr 20 21:54:43 CEST 2019
Sat Apr 20 21:54:43 CEST 2019
Sat Apr 20 21:54:44 CEST 2019
Sat Apr 20 21:54:45 CEST 2019
Sat Apr 20 21:54:45 CEST 2019
Sat Apr 20 21:54:46 CEST 2019
Sat Apr 20 21:54:46 CEST 2019
Sat Apr 20 21:54:47 CEST 2019
Sat Apr 20 21:54:47 CEST 2019
Sat Apr 20 21:54:48 CEST 2019
Sat Apr 20 21:54:48 CEST 2019
Sat Apr 20 21:54:49 CEST 2019
Sat Apr 20 21:54:49 CEST 2019
Sat Apr 20 21:54:50 CEST 2019
Sat Apr 20 21:54:50 CEST 2019
Sat Apr 20 21:54:51 CEST 2019
Sat Apr 20 21:54:51 CEST 2019
Sat Apr 20 21:54:52 CEST 2019
Sat Apr 20 21:54:52 CEST 2019
Sat Apr 20 21:54:53 CEST 2019
Sat Apr 20 21:54:53 CEST 2019
Sat Apr 20 21:54:54 CEST 2019
Sat Apr 20 21:54:54 CEST 2019
Sat Apr 20 21:54:55 CEST 2019
Sat Apr 20 21:54:55 CEST 2019
Sat Apr 20 21:54:56 CEST 2019
Sat Apr 20 21:54:56 CEST 2019
Sat Apr 20 21:54:57 CEST 2019
Sat Apr 20 21:54:57 CEST 2019
Sat Apr 20 21:54:58 CEST 2019
Sat Apr 20 21:54:58 CEST 2019
Sat Apr 20 21:54:59 CEST 2019
Sat Apr 20 21:54:59 CEST 2019
Sat Apr 20 21:55:00 CEST 2019
Sat Apr 20 21:55:00 CEST 2019
Sat Apr 20 21:55:01 CEST 2019
Sat Apr 20 21:55:01 CEST 2019
Sat Apr 20 21:55:02 CEST 2019
Sat Apr 20 21:55:02 CEST 2019
Sat Apr 20 21:55:03 CEST 2019
Sat Apr 20 21:55:03 CEST 2019
Sat Apr 20 21:55:04 CEST 2019
Sat Apr 20 21:55:04 CEST 2019
Sat Apr 20 21:55:05 CEST 2019
Sat Apr 20 21:55:05 CEST 2019
Sat Apr 20 21:55:06 CEST 2019
Sat Apr 20 21:55:06 CEST 2019
Sat Apr 20 21:55:07 CEST 2019
Sat Apr 20 21:55:07 CEST 2019
Sat Apr 20 21:55:08 CEST 2019
Sat Apr 20 21:55:09 CEST 2019
Sat Apr 20 21:55:09 CEST 2019
Sat Apr 20 21:55:10 CEST 2019
Sat Apr 20 21:55:10 CEST 2019
Sat Apr 20 21:55:11 CEST 2019
Sat Apr 20 21:55:11 CEST 2019
Sat Apr 20 21:55:12 CEST 2019
Sat Apr 20 21:55:12 CEST 2019
Sat Apr 20 21:55:13 CEST 2019
Sat Apr 20 21:55:13 CEST 2019
Sat Apr 20 21:55:14 CEST 2019
Sat Apr 20 21:55:14 CEST 2019
Sat Apr 20 21:55:15 CEST 2019
Sat Apr 20 21:55:15 CEST 2019
Sat Apr 20 21:55:16 CEST 2019
Sat Apr 20 21:55:16 CEST 2019
Sat Apr 20 21:55:17 CEST 2019
Sat Apr 20 21:55:17 CEST 2019
Sat Apr 20 21:55:18 CEST 2019
Sat Apr 20 21:55:18 CEST 2019
Sat Apr 20 21:55:19 CEST 2019
Sat Apr 20 21:55:19 CEST 2019
Sat Apr 20 21:55:20 CEST 2019
Sat Apr 20 21:55:20 CEST 2019
Sat Apr 20 21:55:21 CEST 2019
Sat Apr 20 21:55:21 CEST 2019
Sat Apr 20 21:55:22 CEST 2019
Sat Apr 20 21:55:22 CEST 2019
Sat Apr 20 21:55:23 CEST 2019
Sat Apr 20 21:55:23 CEST 2019
Sat Apr 20 21:55:24 CEST 2019
Sat Apr 20 21:55:24 CEST 2019
Sat Apr 20 21:55:25 CEST 2019
Sat Apr 20 21:55:25 CEST 2019
Sat Apr 20 21:55:26 CEST 2019
Sat Apr 20 21:55:26 CEST 2019
Sat Apr 20 21:55:27 CEST 2019
Sat Apr 20 21:55:27 CEST 2019
Sat Apr 20 21:55:28 CEST 2019
Sat Apr 20 21:55:28 CEST 2019
Sat Apr 20 21:55:29 CEST 2019
Sat Apr 20 21:55:29 CEST 2019
Sat Apr 20 21:55:30 CEST 2019
Sat Apr 20 21:55:30 CEST 2019
Sat Apr 20 21:55:31 CEST 2019
Sat Apr 20 21:55:31 CEST 2019
Sat Apr 20 21:55:32 CEST 2019
Sat Apr 20 21:55:33 CEST 2019
Sat Apr 20 21:55:33 CEST 2019
Sat Apr 20 21:55:34 CEST 2019
Sat Apr 20 21:55:34 CEST 2019
Sat Apr 20 21:55:35 CEST 2019
Sat Apr 20 21:55:35 CEST 2019
Sat Apr 20 21:55:36 CEST 2019
Sat Apr 20 21:55:36 CEST 2019
Sat Apr 20 21:55:37 CEST 2019
Sat Apr 20 21:55:37 CEST 2019
Sat Apr 20 21:55:38 CEST 2019
Sat Apr 20 21:55:38 CEST 2019
Sat Apr 20 21:55:39 CEST 2019
Sat Apr 20 21:55:39 CEST 2019
Sat Apr 20 21:55:40 CEST 2019
Sat Apr 20 21:55:40 CEST 2019
Sat Apr 20 21:55:41 CEST 2019
Sat Apr 20 21:55:41 CEST 2019
Sat Apr 20 21:55:42 CEST 2019
Sat Apr 20 21:55:42 CEST 2019
Sat Apr 20 21:55:43 CEST 2019
Sat Apr 20 21:55:43 CEST 2019
Sat Apr 20 21:55:44 CEST 2019
Sat Apr 20 21:55:44 CEST 2019
Sat Apr 20 21:55:45 CEST 2019
Sat Apr 20 21:55:45 CEST 2019
Sat Apr 20 21:55:46 CEST 2019
Sat Apr 20 21:55:46 CEST 2019
Sat Apr 20 21:55:47 CEST 2019
Sat Apr 20 21:55:47 CEST 2019
Sat Apr 20 21:55:48 CEST 2019
Sat Apr 20 21:55:48 CEST 2019
Sat Apr 20 21:55:49 CEST 2019
Sat Apr 20 21:55:49 CEST 2019
Sat Apr 20 21:55:50 CEST 2019
Sat Apr 20 21:55:50 CEST 2019
Sat Apr 20 21:55:51 CEST 2019
Sat Apr 20 21:55:51 CEST 2019
Sat Apr 20 21:55:52 CEST 2019
Sat Apr 20 21:55:52 CEST 2019
Sat Apr 20 21:55:53 CEST 2019
Sat Apr 20 21:55:53 CEST 2019
Sat Apr 20 21:55:54 CEST 2019
Sat Apr 20 21:55:54 CEST 2019
Sat Apr 20 21:55:55 CEST 2019
Sat Apr 20 21:55:55 CEST 2019
Sat Apr 20 21:55:56 CEST 2019
Sat Apr 20 21:55:57 CEST 2019
Sat Apr 20 21:55:57 CEST 2019
Sat Apr 20 21:55:58 CEST 2019
Sat Apr 20 21:55:58 CEST 2019
Sat Apr 20 21:55:59 CEST 2019
Sat Apr 20 21:55:59 CEST 2019
Sat Apr 20 21:56:00 CEST 2019
Sat Apr 20 21:56:00 CEST 2019
Sat Apr 20 21:56:01 CEST 2019
Sat Apr 20 21:56:01 CEST 2019
Sat Apr 20 21:56:02 CEST 2019
Sat Apr 20 21:56:02 CEST 2019
Sat Apr 20 21:56:03 CEST 2019
Sat Apr 20 21:56:03 CEST 2019
Sat Apr 20 21:56:04 CEST 2019
Sat Apr 20 21:56:04 CEST 2019
Sat Apr 20 21:56:05 CEST 2019
Sat Apr 20 21:56:05 CEST 2019
Sat Apr 20 21:56:06 CEST 2019
Sat Apr 20 21:56:06 CEST 2019
Sat Apr 20 21:56:07 CEST 2019
Sat Apr 20 21:56:07 CEST 2019
Sat Apr 20 21:56:08 CEST 2019
Sat Apr 20 21:56:08 CEST 2019
Sat Apr 20 21:56:09 CEST 2019
Sat Apr 20 21:56:09 CEST 2019
Sat Apr 20 21:56:10 CEST 2019
Sat Apr 20 21:56:10 CEST 2019
Sat Apr 20 21:56:11 CEST 2019
Sat Apr 20 21:56:11 CEST 2019
Sat Apr 20 21:56:12 CEST 2019
Sat Apr 20 21:56:12 CEST 2019
Sat Apr 20 21:56:13 CEST 2019
Sat Apr 20 21:56:13 CEST 2019
Sat Apr 20 21:56:14 CEST 2019
Sat Apr 20 21:56:14 CEST 2019
Sat Apr 20 21:56:15 CEST 2019
Sat Apr 20 21:56:15 CEST 2019
Sat Apr 20 21:56:16 CEST 2019
Sat Apr 20 21:56:16 CEST 2019
Sat Apr 20 21:56:17 CEST 2019
Sat Apr 20 21:56:17 CEST 2019
Sat Apr 20 21:56:18 CEST 2019
Sat Apr 20 21:56:18 CEST 2019
Sat Apr 20 21:56:19 CEST 2019
Sat Apr 20 21:56:19 CEST 2019
Sat Apr 20 21:56:20 CEST 2019
Sat Apr 20 21:56:21 CEST 2019
Sat Apr 20 21:56:21 CEST 2019
Sat Apr 20 21:56:22 CEST 2019
Sat Apr 20 21:56:22 CEST 2019
Sat Apr 20 21:56:23 CEST 2019
Sat Apr 20 21:56:23 CEST 2019
Sat Apr 20 21:56:24 CEST 2019
Sat Apr 20 21:56:24 CEST 2019
Sat Apr 20 21:56:25 CEST 2019
Sat Apr 20 21:56:25 CEST 2019
Sat Apr 20 21:56:26 CEST 2019
Sat Apr 20 21:56:26 CEST 2019
Sat Apr 20 21:56:27 CEST 2019
Sat Apr 20 21:56:27 CEST 2019
Sat Apr 20 21:56:28 CEST 2019
Sat Apr 20 21:56:28 CEST 2019
Sat Apr 20 21:56:29 CEST 2019
Sat Apr 20 21:56:29 CEST 2019
Sat Apr 20 21:56:30 CEST 2019
Sat Apr 20 21:56:30 CEST 2019
Sat Apr 20 21:56:31 CEST 2019
Sat Apr 20 21:56:31 CEST 2019
Sat Apr 20 21:56:32 CEST 2019
Sat Apr 20 21:56:32 CEST 2019
Sat Apr 20 21:56:33 CEST 2019
Sat Apr 20 21:56:33 CEST 2019
Sat Apr 20 21:56:34 CEST 2019
Sat Apr 20 21:56:34 CEST 2019
Sat Apr 20 21:56:35 CEST 2019
Sat Apr 20 21:56:35 CEST 2019
Sat Apr 20 21:56:36 CEST 2019
Sat Apr 20 21:56:36 CEST 2019
Sat Apr 20 21:56:37 CEST 2019
Sat Apr 20 21:56:37 CEST 2019
Sat Apr 20 21:56:38 CEST 2019
Sat Apr 20 21:56:38 CEST 2019
Sat Apr 20 21:56:39 CEST 2019
Sat Apr 20 21:56:39 CEST 2019
Sat Apr 20 21:56:40 CEST 2019
Sat Apr 20 21:56:40 CEST 2019
Sat Apr 20 21:56:41 CEST 2019
Sat Apr 20 21:56:41 CEST 2019
Sat Apr 20 21:56:42 CEST 2019
Sat Apr 20 21:56:42 CEST 2019
Sat Apr 20 21:56:43 CEST 2019
Sat Apr 20 21:56:43 CEST 2019
Sat Apr 20 21:56:44 CEST 2019
Sat Apr 20 21:56:44 CEST 2019
Sat Apr 20 21:56:45 CEST 2019
Sat Apr 20 21:56:45 CEST 2019
Sat Apr 20 21:56:46 CEST 2019
Sat Apr 20 21:56:46 CEST 2019
Sat Apr 20 21:56:47 CEST 2019
Sat Apr 20 21:56:48 CEST 2019
Sat Apr 20 21:56:48 CEST 2019
Sat Apr 20 21:56:49 CEST 2019
Sat Apr 20 21:56:49 CEST 2019
Sat Apr 20 21:56:50 CEST 2019
Sat Apr 20 21:56:50 CEST 2019
Sat Apr 20 21:56:51 CEST 2019
Sat Apr 20 21:56:51 CEST 2019
Sat Apr 20 21:56:52 CEST 2019
Sat Apr 20 21:56:52 CEST 2019
Sat Apr 20 21:56:53 CEST 2019
Sat Apr 20 21:56:53 CEST 2019
Sat Apr 20 21:56:54 CEST 2019
Sat Apr 20 21:56:54 CEST 2019
Sat Apr 20 21:56:55 CEST 2019
Sat Apr 20 21:56:55 CEST 2019
Sat Apr 20 21:56:56 CEST 2019
Sat Apr 20 21:56:56 CEST 2019
Sat Apr 20 21:56:57 CEST 2019
Sat Apr 20 21:56:57 CEST 2019
Sat Apr 20 21:56:58 CEST 2019
Sat Apr 20 21:56:58 CEST 2019
Sat Apr 20 21:56:59 CEST 2019
Sat Apr 20 21:56:59 CEST 2019
Sat Apr 20 21:57:00 CEST 2019
Sat Apr 20 21:57:00 CEST 2019
Sat Apr 20 21:57:01 CEST 2019
Sat Apr 20 21:57:01 CEST 2019
Sat Apr 20 21:57:02 CEST 2019
Sat Apr 20 21:57:02 CEST 2019
Sat Apr 20 21:57:03 CEST 2019
Sat Apr 20 21:57:03 CEST 2019
Sat Apr 20 21:57:04 CEST 2019
Sat Apr 20 21:57:04 CEST 2019
Sat Apr 20 21:57:05 CEST 2019
Sat Apr 20 21:57:05 CEST 2019
Sat Apr 20 21:57:06 CEST 2019
Sat Apr 20 21:57:06 CEST 2019
Sat Apr 20 21:57:07 CEST 2019
Sat Apr 20 21:57:07 CEST 2019
Sat Apr 20 21:57:08 CEST 2019
Sat Apr 20 21:57:08 CEST 2019
Sat Apr 20 21:57:09 CEST 2019
Sat Apr 20 21:57:09 CEST 2019
Sat Apr 20 21:57:10 CEST 2019
Sat Apr 20 21:57:11 CEST 2019
Sat Apr 20 21:57:11 CEST 2019
Sat Apr 20 21:57:12 CEST 2019
Sat Apr 20 21:57:12 CEST 2019
Sat Apr 20 21:57:13 CEST 2019
Sat Apr 20 21:57:13 CEST 2019
Sat Apr 20 21:57:14 CEST 2019
Sat Apr 20 21:57:14 CEST 2019
Sat Apr 20 21:57:15 CEST 2019
Sat Apr 20 21:57:15 CEST 2019
Sat Apr 20 21:57:16 CEST 2019
Sat Apr 20 21:57:16 CEST 2019
Sat Apr 20 21:57:17 CEST 2019
Sat Apr 20 21:57:17 CEST 2019
Sat Apr 20 21:57:18 CEST 2019
Sat Apr 20 21:57:18 CEST 2019
Sat Apr 20 21:57:19 CEST 2019
Sat Apr 20 21:57:19 CEST 2019
Sat Apr 20 21:57:20 CEST 2019
Sat Apr 20 21:57:20 CEST 2019
Sat Apr 20 21:57:21 CEST 2019
Sat Apr 20 21:57:21 CEST 2019
Sat Apr 20 21:57:22 CEST 2019
Sat Apr 20 21:57:22 CEST 2019
Sat Apr 20 21:57:23 CEST 2019
Sat Apr 20 21:57:23 CEST 2019
Sat Apr 20 21:57:24 CEST 2019
Sat Apr 20 21:57:24 CEST 2019
Sat Apr 20 21:57:25 CEST 2019
Sat Apr 20 21:57:25 CEST 2019
Sat Apr 20 21:57:26 CEST 2019
Sat Apr 20 21:57:26 CEST 2019
Sat Apr 20 21:57:27 CEST 2019
Sat Apr 20 21:57:27 CEST 2019
Sat Apr 20 21:57:28 CEST 2019
Sat Apr 20 21:57:28 CEST 2019
Sat Apr 20 21:57:29 CEST 2019
Sat Apr 20 21:57:29 CEST 2019
Sat Apr 20 21:57:30 CEST 2019
Sat Apr 20 21:57:30 CEST 2019
Sat Apr 20 21:57:31 CEST 2019
Sat Apr 20 21:57:31 CEST 2019
Sat Apr 20 21:57:32 CEST 2019
Sat Apr 20 21:57:32 CEST 2019
Sat Apr 20 21:57:33 CEST 2019
Sat Apr 20 21:57:33 CEST 2019
Sat Apr 20 21:57:34 CEST 2019
Sat Apr 20 21:57:34 CEST 2019
Sat Apr 20 21:57:35 CEST 2019
Sat Apr 20 21:57:35 CEST 2019
Sat Apr 20 21:57:36 CEST 2019
Sat Apr 20 21:57:37 CEST 2019
Sat Apr 20 21:57:37 CEST 2019
Sat Apr 20 21:57:38 CEST 2019
Sat Apr 20 21:57:38 CEST 2019
Sat Apr 20 21:57:39 CEST 2019
Sat Apr 20 21:57:39 CEST 2019
Sat Apr 20 21:57:40 CEST 2019
Sat Apr 20 21:57:40 CEST 2019
Sat Apr 20 21:57:41 CEST 2019
Sat Apr 20 21:57:41 CEST 2019
Sat Apr 20 21:57:42 CEST 2019
Sat Apr 20 21:57:42 CEST 2019
Sat Apr 20 21:57:43 CEST 2019
Sat Apr 20 21:57:43 CEST 2019
Sat Apr 20 21:57:44 CEST 2019
Sat Apr 20 21:57:44 CEST 2019
Sat Apr 20 21:57:45 CEST 2019
Sat Apr 20 21:57:45 CEST 2019
Sat Apr 20 21:57:46 CEST 2019
Sat Apr 20 21:57:46 CEST 2019
Sat Apr 20 21:57:47 CEST 2019
Sat Apr 20 21:57:47 CEST 2019
Sat Apr 20 21:57:48 CEST 2019
Sat Apr 20 21:57:48 CEST 2019
Sat Apr 20 21:57:49 CEST 2019
Sat Apr 20 21:57:49 CEST 2019
Sat Apr 20 21:57:50 CEST 2019
Sat Apr 20 21:57:50 CEST 2019
Sat Apr 20 21:57:51 CEST 2019
Sat Apr 20 21:57:51 CEST 2019
Sat Apr 20 21:57:52 CEST 2019
Sat Apr 20 21:57:52 CEST 2019
Sat Apr 20 21:57:53 CEST 2019
Sat Apr 20 21:57:53 CEST 2019
Sat Apr 20 21:57:54 CEST 2019
Sat Apr 20 21:57:54 CEST 2019
Sat Apr 20 21:57:55 CEST 2019
Sat Apr 20 21:57:55 CEST 2019
Sat Apr 20 21:57:56 CEST 2019
Sat Apr 20 21:57:56 CEST 2019
Sat Apr 20 21:57:57 CEST 2019
Sat Apr 20 21:57:57 CEST 2019
Sat Apr 20 21:57:58 CEST 2019
Sat Apr 20 21:57:58 CEST 2019
Sat Apr 20 21:57:59 CEST 2019
Sat Apr 20 21:58:00 CEST 2019
Sat Apr 20 21:58:00 CEST 2019
Sat Apr 20 21:58:01 CEST 2019
Sat Apr 20 21:58:01 CEST 2019
Sat Apr 20 21:58:02 CEST 2019
Sat Apr 20 21:58:02 CEST 2019
Sat Apr 20 21:58:03 CEST 2019
Sat Apr 20 21:58:03 CEST 2019
Sat Apr 20 21:58:04 CEST 2019
Sat Apr 20 21:58:04 CEST 2019
Sat Apr 20 21:58:05 CEST 2019
Sat Apr 20 21:58:05 CEST 2019
Sat Apr 20 21:58:06 CEST 2019
Sat Apr 20 21:58:06 CEST 2019
Sat Apr 20 21:58:07 CEST 2019
Sat Apr 20 21:58:07 CEST 2019
Sat Apr 20 21:58:08 CEST 2019
Sat Apr 20 21:58:08 CEST 2019
Sat Apr 20 21:58:09 CEST 2019
Sat Apr 20 21:58:09 CEST 2019
Sat Apr 20 21:58:10 CEST 2019
Sat Apr 20 21:58:10 CEST 2019
Sat Apr 20 21:58:11 CEST 2019
Sat Apr 20 21:58:11 CEST 2019
Sat Apr 20 21:58:12 CEST 2019
Sat Apr 20 21:58:12 CEST 2019
Sat Apr 20 21:58:13 CEST 2019
Sat Apr 20 21:58:13 CEST 2019
Sat Apr 20 21:58:14 CEST 2019
Sat Apr 20 21:58:14 CEST 2019
Sat Apr 20 21:58:15 CEST 2019
Sat Apr 20 21:58:15 CEST 2019
Sat Apr 20 21:58:16 CEST 2019
Sat Apr 20 21:58:16 CEST 2019
Sat Apr 20 21:58:17 CEST 2019
Sat Apr 20 21:58:17 CEST 2019
Sat Apr 20 21:58:18 CEST 2019
Sat Apr 20 21:58:18 CEST 2019
Sat Apr 20 21:58:19 CEST 2019
Sat Apr 20 21:58:19 CEST 2019
Sat Apr 20 21:58:20 CEST 2019
Sat Apr 20 21:58:20 CEST 2019
Sat Apr 20 21:58:21 CEST 2019
Sat Apr 20 21:58:21 CEST 2019
Sat Apr 20 21:58:22 CEST 2019
Sat Apr 20 21:58:22 CEST 2019
Sat Apr 20 21:58:23 CEST 2019
Sat Apr 20 21:58:23 CEST 2019
Sat Apr 20 21:58:24 CEST 2019
Sat Apr 20 21:58:24 CEST 2019
Sat Apr 20 21:58:25 CEST 2019
Sat Apr 20 21:58:26 CEST 2019
Sat Apr 20 21:58:26 CEST 2019
Sat Apr 20 21:58:27 CEST 2019
Sat Apr 20 21:58:27 CEST 2019
Sat Apr 20 21:58:28 CEST 2019
Sat Apr 20 21:58:28 CEST 2019
Sat Apr 20 21:58:29 CEST 2019
Sat Apr 20 21:58:29 CEST 2019
Sat Apr 20 21:58:30 CEST 2019
Sat Apr 20 21:58:30 CEST 2019
Sat Apr 20 21:58:31 CEST 2019
Sat Apr 20 21:58:31 CEST 2019
Sat Apr 20 21:58:32 CEST 2019
Sat Apr 20 21:58:32 CEST 2019
Sat Apr 20 21:58:33 CEST 2019
Sat Apr 20 21:58:33 CEST 2019
Sat Apr 20 21:58:34 CEST 2019
Sat Apr 20 21:58:34 CEST 2019
Sat Apr 20 21:58:35 CEST 2019
Sat Apr 20 21:58:35 CEST 2019
Sat Apr 20 21:58:36 CEST 2019
Sat Apr 20 21:58:36 CEST 2019
Sat Apr 20 21:58:37 CEST 2019
Sat Apr 20 21:58:37 CEST 2019
Sat Apr 20 21:58:38 CEST 2019
Sat Apr 20 21:58:38 CEST 2019
Sat Apr 20 21:58:39 CEST 2019
Sat Apr 20 21:58:39 CEST 2019
Sat Apr 20 21:58:40 CEST 2019
Sat Apr 20 21:58:40 CEST 2019
Sat Apr 20 21:58:41 CEST 2019
Sat Apr 20 21:58:41 CEST 2019
Sat Apr 20 21:58:42 CEST 2019
Sat Apr 20 21:58:42 CEST 2019
Sat Apr 20 21:58:43 CEST 2019
Sat Apr 20 21:58:43 CEST 2019
Sat Apr 20 21:58:44 CEST 2019
Sat Apr 20 21:58:44 CEST 2019
Sat Apr 20 21:58:45 CEST 2019
Sat Apr 20 21:58:45 CEST 2019
Sat Apr 20 21:58:46 CEST 2019
Sat Apr 20 21:58:46 CEST 2019
Sat Apr 20 21:58:47 CEST 2019
Sat Apr 20 21:58:47 CEST 2019
Sat Apr 20 21:58:48 CEST 2019
Sat Apr 20 21:58:48 CEST 2019
Sat Apr 20 21:58:49 CEST 2019
Sat Apr 20 21:58:50 CEST 2019
Sat Apr 20 21:58:50 CEST 2019
Sat Apr 20 21:58:51 CEST 2019
Sat Apr 20 21:58:51 CEST 2019
Sat Apr 20 21:58:52 CEST 2019
Sat Apr 20 21:58:52 CEST 2019
Sat Apr 20 21:58:53 CEST 2019
Sat Apr 20 21:58:53 CEST 2019
Sat Apr 20 21:58:54 CEST 2019
Sat Apr 20 21:58:54 CEST 2019
Sat Apr 20 21:58:55 CEST 2019
Sat Apr 20 21:58:55 CEST 2019
Sat Apr 20 21:58:56 CEST 2019
Sat Apr 20 21:58:56 CEST 2019
Sat Apr 20 21:58:57 CEST 2019
Sat Apr 20 21:58:57 CEST 2019
Sat Apr 20 21:58:58 CEST 2019
Sat Apr 20 21:58:58 CEST 2019
Sat Apr 20 21:58:59 CEST 2019
Sat Apr 20 21:58:59 CEST 2019
Sat Apr 20 21:59:00 CEST 2019
Sat Apr 20 21:59:00 CEST 2019
Sat Apr 20 21:59:01 CEST 2019
Sat Apr 20 21:59:01 CEST 2019
Sat Apr 20 21:59:02 CEST 2019
Sat Apr 20 21:59:02 CEST 2019
Sat Apr 20 21:59:03 CEST 2019
Sat Apr 20 21:59:03 CEST 2019
Sat Apr 20 21:59:04 CEST 2019
Sat Apr 20 21:59:04 CEST 2019
Sat Apr 20 21:59:05 CEST 2019
Sat Apr 20 21:59:05 CEST 2019
Sat Apr 20 21:59:06 CEST 2019
Sat Apr 20 21:59:06 CEST 2019
Sat Apr 20 21:59:07 CEST 2019
Sat Apr 20 21:59:07 CEST 2019
Sat Apr 20 21:59:08 CEST 2019
Sat Apr 20 21:59:08 CEST 2019
Sat Apr 20 21:59:09 CEST 2019
Sat Apr 20 21:59:09 CEST 2019
Sat Apr 20 21:59:10 CEST 2019
Sat Apr 20 21:59:10 CEST 2019
Sat Apr 20 21:59:11 CEST 2019
Sat Apr 20 21:59:12 CEST 2019
Sat Apr 20 21:59:12 CEST 2019
Sat Apr 20 21:59:13 CEST 2019
Sat Apr 20 21:59:13 CEST 2019
Sat Apr 20 21:59:14 CEST 2019
Sat Apr 20 21:59:14 CEST 2019
Sat Apr 20 21:59:15 CEST 2019
Sat Apr 20 21:59:15 CEST 2019
Sat Apr 20 21:59:16 CEST 2019
Sat Apr 20 21:59:16 CEST 2019
Sat Apr 20 21:59:17 CEST 2019
Sat Apr 20 21:59:17 CEST 2019
Sat Apr 20 21:59:18 CEST 2019
Sat Apr 20 21:59:18 CEST 2019
Sat Apr 20 21:59:19 CEST 2019
Sat Apr 20 21:59:19 CEST 2019
Sat Apr 20 21:59:20 CEST 2019
Sat Apr 20 21:59:20 CEST 2019
Sat Apr 20 21:59:21 CEST 2019
Sat Apr 20 21:59:21 CEST 2019
Sat Apr 20 21:59:22 CEST 2019
Sat Apr 20 21:59:22 CEST 2019
Sat Apr 20 21:59:23 CEST 2019
Sat Apr 20 21:59:23 CEST 2019
Sat Apr 20 21:59:24 CEST 2019
Sat Apr 20 21:59:24 CEST 2019
Sat Apr 20 21:59:25 CEST 2019
Sat Apr 20 21:59:25 CEST 2019
Sat Apr 20 21:59:26 CEST 2019
Sat Apr 20 21:59:26 CEST 2019
Sat Apr 20 21:59:27 CEST 2019
Sat Apr 20 21:59:27 CEST 2019
Sat Apr 20 21:59:28 CEST 2019
Sat Apr 20 21:59:28 CEST 2019
Sat Apr 20 21:59:29 CEST 2019
Sat Apr 20 21:59:29 CEST 2019
Sat Apr 20 21:59:30 CEST 2019
Sat Apr 20 21:59:30 CEST 2019
Sat Apr 20 21:59:31 CEST 2019
Sat Apr 20 21:59:31 CEST 2019
Sat Apr 20 21:59:32 CEST 2019
Sat Apr 20 21:59:32 CEST 2019
Sat Apr 20 21:59:33 CEST 2019
Sat Apr 20 21:59:33 CEST 2019
Sat Apr 20 21:59:34 CEST 2019
Sat Apr 20 21:59:34 CEST 2019
Sat Apr 20 21:59:35 CEST 2019
Sat Apr 20 21:59:35 CEST 2019
Sat Apr 20 21:59:36 CEST 2019
Sat Apr 20 21:59:36 CEST 2019
Sat Apr 20 21:59:37 CEST 2019
Sat Apr 20 21:59:38 CEST 2019
Sat Apr 20 21:59:38 CEST 2019
Sat Apr 20 21:59:39 CEST 2019
Sat Apr 20 21:59:39 CEST 2019
Sat Apr 20 21:59:40 CEST 2019
Sat Apr 20 21:59:40 CEST 2019
Sat Apr 20 21:59:41 CEST 2019
Sat Apr 20 21:59:41 CEST 2019
Sat Apr 20 21:59:42 CEST 2019
Sat Apr 20 21:59:42 CEST 2019
Sat Apr 20 21:59:43 CEST 2019
Sat Apr 20 21:59:43 CEST 2019
Sat Apr 20 21:59:44 CEST 2019
Sat Apr 20 21:59:44 CEST 2019
Sat Apr 20 21:59:45 CEST 2019
Sat Apr 20 21:59:45 CEST 2019
Sat Apr 20 21:59:46 CEST 2019
Sat Apr 20 21:59:46 CEST 2019
Sat Apr 20 21:59:47 CEST 2019
Sat Apr 20 21:59:47 CEST 2019
Sat Apr 20 21:59:48 CEST 2019
Sat Apr 20 21:59:48 CEST 2019
Sat Apr 20 21:59:49 CEST 2019
Sat Apr 20 21:59:49 CEST 2019
Sat Apr 20 21:59:50 CEST 2019
Sat Apr 20 21:59:50 CEST 2019
Sat Apr 20 21:59:51 CEST 2019
Sat Apr 20 21:59:51 CEST 2019
Sat Apr 20 21:59:52 CEST 2019
Sat Apr 20 21:59:52 CEST 2019
Sat Apr 20 21:59:53 CEST 2019
Sat Apr 20 21:59:53 CEST 2019
Sat Apr 20 21:59:54 CEST 2019
Sat Apr 20 21:59:54 CEST 2019
Sat Apr 20 21:59:55 CEST 2019
Sat Apr 20 21:59:55 CEST 2019
Sat Apr 20 21:59:56 CEST 2019
Sat Apr 20 21:59:56 CEST 2019
Sat Apr 20 21:59:57 CEST 2019
Sat Apr 20 21:59:57 CEST 2019
Sat Apr 20 21:59:58 CEST 2019
Sat Apr 20 21:59:58 CEST 2019
Sat Apr 20 21:59:59 CEST 2019
Sat Apr 20 21:59:59 CEST 2019
Sat Apr 20 22:00:00 CEST 2019
Sat Apr 20 22:00:00 CEST 2019
Sat Apr 20 22:00:01 CEST 2019
Sat Apr 20 22:00:02 CEST 2019
Sat Apr 20 22:00:02 CEST 2019
Sat Apr 20 22:00:03 CEST 2019
Sat Apr 20 22:00:03 CEST 2019
Sat Apr 20 22:00:04 CEST 2019
Sat Apr 20 22:00:04 CEST 2019
Sat Apr 20 22:00:05 CEST 2019
Sat Apr 20 22:00:05 CEST 2019
Sat Apr 20 22:00:06 CEST 2019
Sat Apr 20 22:00:06 CEST 2019
Sat Apr 20 22:00:07 CEST 2019
Sat Apr 20 22:00:07 CEST 2019
Sat Apr 20 22:00:08 CEST 2019
Sat Apr 20 22:00:08 CEST 2019
Sat Apr 20 22:00:09 CEST 2019
Sat Apr 20 22:00:09 CEST 2019
Sat Apr 20 22:00:10 CEST 2019
Sat Apr 20 22:00:10 CEST 2019
Sat Apr 20 22:00:11 CEST 2019
Sat Apr 20 22:00:11 CEST 2019
Sat Apr 20 22:00:12 CEST 2019
Sat Apr 20 22:00:12 CEST 2019
Sat Apr 20 22:00:13 CEST 2019
Sat Apr 20 22:00:13 CEST 2019
Sat Apr 20 22:00:14 CEST 2019
Sat Apr 20 22:00:14 CEST 2019
Sat Apr 20 22:00:15 CEST 2019
Sat Apr 20 22:00:15 CEST 2019
Sat Apr 20 22:00:16 CEST 2019
Sat Apr 20 22:00:16 CEST 2019
Sat Apr 20 22:00:17 CEST 2019
Sat Apr 20 22:00:17 CEST 2019
Sat Apr 20 22:00:18 CEST 2019
Sat Apr 20 22:00:18 CEST 2019
Sat Apr 20 22:00:19 CEST 2019
Sat Apr 20 22:00:19 CEST 2019
Sat Apr 20 22:00:20 CEST 2019
Sat Apr 20 22:00:20 CEST 2019
Sat Apr 20 22:00:21 CEST 2019
Sat Apr 20 22:00:21 CEST 2019
Sat Apr 20 22:00:22 CEST 2019
Sat Apr 20 22:00:22 CEST 2019
Sat Apr 20 22:00:23 CEST 2019
Sat Apr 20 22:00:23 CEST 2019
Sat Apr 20 22:00:24 CEST 2019
Sat Apr 20 22:00:24 CEST 2019
Sat Apr 20 22:00:25 CEST 2019
Sat Apr 20 22:00:25 CEST 2019
Sat Apr 20 22:00:26 CEST 2019
Sat Apr 20 22:00:26 CEST 2019
Sat Apr 20 22:00:27 CEST 2019
Sat Apr 20 22:00:28 CEST 2019
Sat Apr 20 22:00:28 CEST 2019
Sat Apr 20 22:00:29 CEST 2019
Sat Apr 20 22:00:29 CEST 2019
Sat Apr 20 22:00:30 CEST 2019
Sat Apr 20 22:00:30 CEST 2019
Sat Apr 20 22:00:31 CEST 2019
Sat Apr 20 22:00:31 CEST 2019
Sat Apr 20 22:00:32 CEST 2019
Sat Apr 20 22:00:32 CEST 2019
Sat Apr 20 22:00:33 CEST 2019
Sat Apr 20 22:00:33 CEST 2019
Sat Apr 20 22:00:34 CEST 2019
Sat Apr 20 22:00:34 CEST 2019
Sat Apr 20 22:00:35 CEST 2019
Sat Apr 20 22:00:35 CEST 2019
Sat Apr 20 22:00:36 CEST 2019
Sat Apr 20 22:00:36 CEST 2019
Sat Apr 20 22:00:37 CEST 2019
Sat Apr 20 22:00:37 CEST 2019
Sat Apr 20 22:00:38 CEST 2019
Sat Apr 20 22:00:38 CEST 2019
Sat Apr 20 22:00:39 CEST 2019
Sat Apr 20 22:00:39 CEST 2019
Sat Apr 20 22:00:40 CEST 2019
Sat Apr 20 22:00:40 CEST 2019
Sat Apr 20 22:00:41 CEST 2019
Sat Apr 20 22:00:41 CEST 2019
Sat Apr 20 22:00:42 CEST 2019
Sat Apr 20 22:00:42 CEST 2019
Sat Apr 20 22:00:43 CEST 2019
Sat Apr 20 22:00:43 CEST 2019
Sat Apr 20 22:00:44 CEST 2019
Sat Apr 20 22:00:44 CEST 2019
Sat Apr 20 22:00:45 CEST 2019
Sat Apr 20 22:00:45 CEST 2019
Sat Apr 20 22:00:46 CEST 2019
Sat Apr 20 22:00:46 CEST 2019
Sat Apr 20 22:00:47 CEST 2019
Sat Apr 20 22:00:47 CEST 2019
Sat Apr 20 22:00:48 CEST 2019
Sat Apr 20 22:00:48 CEST 2019
Sat Apr 20 22:00:49 CEST 2019
Sat Apr 20 22:00:49 CEST 2019
Sat Apr 20 22:00:50 CEST 2019
Sat Apr 20 22:00:50 CEST 2019
Sat Apr 20 22:00:51 CEST 2019
Sat Apr 20 22:00:51 CEST 2019
Sat Apr 20 22:00:52 CEST 2019
Sat Apr 20 22:00:53 CEST 2019
Sat Apr 20 22:00:53 CEST 2019
Sat Apr 20 22:00:54 CEST 2019
Sat Apr 20 22:00:54 CEST 2019
Sat Apr 20 22:00:55 CEST 2019
Sat Apr 20 22:00:55 CEST 2019
Sat Apr 20 22:00:56 CEST 2019
Sat Apr 20 22:00:56 CEST 2019
Sat Apr 20 22:00:57 CEST 2019
Sat Apr 20 22:00:57 CEST 2019
Sat Apr 20 22:00:58 CEST 2019
Sat Apr 20 22:00:58 CEST 2019
Sat Apr 20 22:00:59 CEST 2019
Sat Apr 20 22:00:59 CEST 2019
Sat Apr 20 22:01:00 CEST 2019
Sat Apr 20 22:01:00 CEST 2019
Sat Apr 20 22:01:01 CEST 2019
Sat Apr 20 22:01:01 CEST 2019
Sat Apr 20 22:01:02 CEST 2019
Sat Apr 20 22:01:02 CEST 2019
Sat Apr 20 22:01:03 CEST 2019
Sat Apr 20 22:01:03 CEST 2019
Sat Apr 20 22:01:04 CEST 2019
Sat Apr 20 22:01:04 CEST 2019
Sat Apr 20 22:01:05 CEST 2019
Sat Apr 20 22:01:05 CEST 2019
Sat Apr 20 22:01:06 CEST 2019
Sat Apr 20 22:01:06 CEST 2019
Sat Apr 20 22:01:07 CEST 2019
Sat Apr 20 22:01:07 CEST 2019
Sat Apr 20 22:01:08 CEST 2019
Sat Apr 20 22:01:08 CEST 2019
Sat Apr 20 22:01:09 CEST 2019
Sat Apr 20 22:01:09 CEST 2019
Sat Apr 20 22:01:10 CEST 2019
Sat Apr 20 22:01:10 CEST 2019
Sat Apr 20 22:01:11 CEST 2019
Sat Apr 20 22:01:11 CEST 2019
Sat Apr 20 22:01:12 CEST 2019
Sat Apr 20 22:01:12 CEST 2019
Sat Apr 20 22:01:13 CEST 2019
Sat Apr 20 22:01:13 CEST 2019
Sat Apr 20 22:01:14 CEST 2019
Sat Apr 20 22:01:14 CEST 2019
Sat Apr 20 22:01:15 CEST 2019
Sat Apr 20 22:01:15 CEST 2019
Sat Apr 20 22:01:16 CEST 2019
Sat Apr 20 22:01:16 CEST 2019
Sat Apr 20 22:01:17 CEST 2019
Sat Apr 20 22:01:17 CEST 2019
Sat Apr 20 22:01:18 CEST 2019
Sat Apr 20 22:01:19 CEST 2019
Sat Apr 20 22:01:19 CEST 2019
Sat Apr 20 22:01:20 CEST 2019
Sat Apr 20 22:01:20 CEST 2019
Sat Apr 20 22:01:21 CEST 2019
Sat Apr 20 22:01:21 CEST 2019
Sat Apr 20 22:01:22 CEST 2019
Sat Apr 20 22:01:22 CEST 2019
Sat Apr 20 22:01:23 CEST 2019
Sat Apr 20 22:01:23 CEST 2019
Sat Apr 20 22:01:24 CEST 2019
Sat Apr 20 22:01:24 CEST 2019
Sat Apr 20 22:01:25 CEST 2019
Sat Apr 20 22:01:25 CEST 2019
Sat Apr 20 22:01:26 CEST 2019
Sat Apr 20 22:01:26 CEST 2019
Sat Apr 20 22:01:27 CEST 2019
Sat Apr 20 22:01:27 CEST 2019
Sat Apr 20 22:01:28 CEST 2019
Sat Apr 20 22:01:28 CEST 2019
Sat Apr 20 22:01:29 CEST 2019
Sat Apr 20 22:01:29 CEST 2019
Sat Apr 20 22:01:30 CEST 2019
Sat Apr 20 22:01:30 CEST 2019
Sat Apr 20 22:01:31 CEST 2019
Sat Apr 20 22:01:31 CEST 2019
Sat Apr 20 22:01:32 CEST 2019
Sat Apr 20 22:01:32 CEST 2019
Sat Apr 20 22:01:33 CEST 2019
Sat Apr 20 22:01:33 CEST 2019
Sat Apr 20 22:01:34 CEST 2019
Sat Apr 20 22:01:34 CEST 2019
Sat Apr 20 22:01:35 CEST 2019
Sat Apr 20 22:01:35 CEST 2019
Sat Apr 20 22:01:36 CEST 2019
Sat Apr 20 22:01:36 CEST 2019
Sat Apr 20 22:01:37 CEST 2019
Sat Apr 20 22:01:37 CEST 2019
Sat Apr 20 22:01:38 CEST 2019
Sat Apr 20 22:01:38 CEST 2019
Sat Apr 20 22:01:39 CEST 2019
Sat Apr 20 22:01:39 CEST 2019
Sat Apr 20 22:01:40 CEST 2019
Sat Apr 20 22:01:40 CEST 2019
Sat Apr 20 22:01:41 CEST 2019
Sat Apr 20 22:01:41 CEST 2019
Sat Apr 20 22:01:42 CEST 2019
Sat Apr 20 22:01:42 CEST 2019
Sat Apr 20 22:01:43 CEST 2019
Sat Apr 20 22:01:44 CEST 2019
Sat Apr 20 22:01:44 CEST 2019
Sat Apr 20 22:01:45 CEST 2019
Sat Apr 20 22:01:45 CEST 2019
Sat Apr 20 22:01:46 CEST 2019
Sat Apr 20 22:01:46 CEST 2019
Sat Apr 20 22:01:47 CEST 2019
Sat Apr 20 22:01:47 CEST 2019
Sat Apr 20 22:01:48 CEST 2019
Sat Apr 20 22:01:48 CEST 2019
Sat Apr 20 22:01:49 CEST 2019
Sat Apr 20 22:01:49 CEST 2019
Sat Apr 20 22:01:50 CEST 2019
Sat Apr 20 22:01:50 CEST 2019
Sat Apr 20 22:01:51 CEST 2019
Sat Apr 20 22:01:51 CEST 2019
Sat Apr 20 22:01:52 CEST 2019
Sat Apr 20 22:01:52 CEST 2019
Sat Apr 20 22:01:53 CEST 2019
Sat Apr 20 22:01:53 CEST 2019
Sat Apr 20 22:01:54 CEST 2019
Sat Apr 20 22:01:54 CEST 2019
Sat Apr 20 22:01:55 CEST 2019
Sat Apr 20 22:01:55 CEST 2019
Sat Apr 20 22:01:56 CEST 2019
Sat Apr 20 22:01:56 CEST 2019
Sat Apr 20 22:01:57 CEST 2019
Sat Apr 20 22:01:57 CEST 2019
Sat Apr 20 22:01:58 CEST 2019
Sat Apr 20 22:01:58 CEST 2019
Sat Apr 20 22:01:59 CEST 2019
Sat Apr 20 22:01:59 CEST 2019
Sat Apr 20 22:02:00 CEST 2019
Sat Apr 20 22:02:00 CEST 2019
Sat Apr 20 22:02:01 CEST 2019
Sat Apr 20 22:02:01 CEST 2019
Sat Apr 20 22:02:02 CEST 2019
Sat Apr 20 22:02:02 CEST 2019
Sat Apr 20 22:02:03 CEST 2019
Sat Apr 20 22:02:03 CEST 2019
Sat Apr 20 22:02:04 CEST 2019
Sat Apr 20 22:02:04 CEST 2019
Sat Apr 20 22:02:05 CEST 2019
Sat Apr 20 22:02:05 CEST 2019
Sat Apr 20 22:02:06 CEST 2019
Sat Apr 20 22:02:06 CEST 2019
Sat Apr 20 22:02:07 CEST 2019
Sat Apr 20 22:02:08 CEST 2019
Sat Apr 20 22:02:08 CEST 2019
Sat Apr 20 22:02:09 CEST 2019
Sat Apr 20 22:02:09 CEST 2019
Sat Apr 20 22:02:10 CEST 2019
Sat Apr 20 22:02:10 CEST 2019
Sat Apr 20 22:02:11 CEST 2019
Sat Apr 20 22:02:11 CEST 2019
Sat Apr 20 22:02:12 CEST 2019
Sat Apr 20 22:02:12 CEST 2019
Sat Apr 20 22:02:13 CEST 2019
Sat Apr 20 22:02:13 CEST 2019
Sat Apr 20 22:02:14 CEST 2019
Sat Apr 20 22:02:14 CEST 2019
Sat Apr 20 22:02:15 CEST 2019
Sat Apr 20 22:02:15 CEST 2019
Sat Apr 20 22:02:16 CEST 2019
Sat Apr 20 22:02:16 CEST 2019
Sat Apr 20 22:02:17 CEST 2019
Sat Apr 20 22:02:17 CEST 2019
Sat Apr 20 22:02:18 CEST 2019
Sat Apr 20 22:02:18 CEST 2019
Sat Apr 20 22:02:19 CEST 2019
Sat Apr 20 22:02:19 CEST 2019
Sat Apr 20 22:02:20 CEST 2019
Sat Apr 20 22:02:20 CEST 2019
Sat Apr 20 22:02:21 CEST 2019
Sat Apr 20 22:02:21 CEST 2019
Sat Apr 20 22:02:22 CEST 2019
Sat Apr 20 22:02:22 CEST 2019
Sat Apr 20 22:02:23 CEST 2019
Sat Apr 20 22:02:23 CEST 2019
Sat Apr 20 22:02:24 CEST 2019
Sat Apr 20 22:02:24 CEST 2019
Sat Apr 20 22:02:25 CEST 2019
Sat Apr 20 22:02:25 CEST 2019
Sat Apr 20 22:02:26 CEST 2019
Sat Apr 20 22:02:26 CEST 2019
Sat Apr 20 22:02:27 CEST 2019
Sat Apr 20 22:02:27 CEST 2019
Sat Apr 20 22:02:28 CEST 2019
Sat Apr 20 22:02:28 CEST 2019
Sat Apr 20 22:02:29 CEST 2019
Sat Apr 20 22:02:29 CEST 2019
Sat Apr 20 22:02:30 CEST 2019
Sat Apr 20 22:02:30 CEST 2019
Sat Apr 20 22:02:31 CEST 2019
Sat Apr 20 22:02:31 CEST 2019
Sat Apr 20 22:02:32 CEST 2019
Sat Apr 20 22:02:33 CEST 2019
Sat Apr 20 22:02:33 CEST 2019
Sat Apr 20 22:02:34 CEST 2019
Sat Apr 20 22:02:34 CEST 2019
Sat Apr 20 22:02:35 CEST 2019
Sat Apr 20 22:02:35 CEST 2019
Sat Apr 20 22:02:36 CEST 2019
Sat Apr 20 22:02:36 CEST 2019
Sat Apr 20 22:02:37 CEST 2019
Sat Apr 20 22:02:37 CEST 2019
Sat Apr 20 22:02:38 CEST 2019
Sat Apr 20 22:02:38 CEST 2019
Sat Apr 20 22:02:39 CEST 2019
Sat Apr 20 22:02:39 CEST 2019
Sat Apr 20 22:02:40 CEST 2019
Sat Apr 20 22:02:40 CEST 2019
Sat Apr 20 22:02:41 CEST 2019
Sat Apr 20 22:02:41 CEST 2019
Sat Apr 20 22:02:42 CEST 2019
Sat Apr 20 22:02:42 CEST 2019
Sat Apr 20 22:02:43 CEST 2019
Sat Apr 20 22:02:43 CEST 2019
Sat Apr 20 22:02:44 CEST 2019
Sat Apr 20 22:02:44 CEST 2019
Sat Apr 20 22:02:45 CEST 2019
Sat Apr 20 22:02:45 CEST 2019
Sat Apr 20 22:02:46 CEST 2019
Sat Apr 20 22:02:46 CEST 2019
Sat Apr 20 22:02:47 CEST 2019
Sat Apr 20 22:02:47 CEST 2019
Sat Apr 20 22:02:48 CEST 2019
Sat Apr 20 22:02:48 CEST 2019
Sat Apr 20 22:02:49 CEST 2019
Sat Apr 20 22:02:49 CEST 2019
Sat Apr 20 22:02:50 CEST 2019
Sat Apr 20 22:02:50 CEST 2019
Sat Apr 20 22:02:51 CEST 2019
Sat Apr 20 22:02:51 CEST 2019
Sat Apr 20 22:02:52 CEST 2019
Sat Apr 20 22:02:52 CEST 2019
Sat Apr 20 22:02:53 CEST 2019
Sat Apr 20 22:02:53 CEST 2019
Sat Apr 20 22:02:54 CEST 2019
Sat Apr 20 22:02:54 CEST 2019
Sat Apr 20 22:02:55 CEST 2019
Sat Apr 20 22:02:55 CEST 2019
Sat Apr 20 22:02:56 CEST 2019
Sat Apr 20 22:02:56 CEST 2019
Sat Apr 20 22:02:57 CEST 2019
Sat Apr 20 22:02:57 CEST 2019
Sat Apr 20 22:02:58 CEST 2019
Sat Apr 20 22:02:58 CEST 2019
Sat Apr 20 22:02:59 CEST 2019
Sat Apr 20 22:03:00 CEST 2019
Sat Apr 20 22:03:00 CEST 2019
Sat Apr 20 22:03:01 CEST 2019
Sat Apr 20 22:03:01 CEST 2019
Sat Apr 20 22:03:02 CEST 2019
Sat Apr 20 22:03:02 CEST 2019
Sat Apr 20 22:03:03 CEST 2019
Sat Apr 20 22:03:03 CEST 2019
Sat Apr 20 22:03:04 CEST 2019
Sat Apr 20 22:03:04 CEST 2019
Sat Apr 20 22:03:05 CEST 2019
Sat Apr 20 22:03:05 CEST 2019
Sat Apr 20 22:03:06 CEST 2019
Sat Apr 20 22:03:06 CEST 2019
Sat Apr 20 22:03:07 CEST 2019
Sat Apr 20 22:03:07 CEST 2019
Sat Apr 20 22:03:08 CEST 2019
Sat Apr 20 22:03:08 CEST 2019
Sat Apr 20 22:03:09 CEST 2019
Sat Apr 20 22:03:09 CEST 2019
Sat Apr 20 22:03:10 CEST 2019
Sat Apr 20 22:03:10 CEST 2019
Sat Apr 20 22:03:11 CEST 2019
Sat Apr 20 22:03:11 CEST 2019
Sat Apr 20 22:03:12 CEST 2019
Sat Apr 20 22:03:12 CEST 2019
Sat Apr 20 22:03:13 CEST 2019
Sat Apr 20 22:03:13 CEST 2019
Sat Apr 20 22:03:14 CEST 2019
Sat Apr 20 22:03:14 CEST 2019
Sat Apr 20 22:03:15 CEST 2019
Sat Apr 20 22:03:15 CEST 2019
Sat Apr 20 22:03:16 CEST 2019
Sat Apr 20 22:03:16 CEST 2019
Sat Apr 20 22:03:17 CEST 2019
Sat Apr 20 22:03:17 CEST 2019
Sat Apr 20 22:03:18 CEST 2019
Sat Apr 20 22:03:18 CEST 2019
Sat Apr 20 22:03:19 CEST 2019
Sat Apr 20 22:03:19 CEST 2019
Sat Apr 20 22:03:20 CEST 2019
Sat Apr 20 22:03:20 CEST 2019
Sat Apr 20 22:03:21 CEST 2019
Sat Apr 20 22:03:21 CEST 2019
Sat Apr 20 22:03:22 CEST 2019
Sat Apr 20 22:03:22 CEST 2019
Sat Apr 20 22:03:23 CEST 2019
Sat Apr 20 22:03:23 CEST 2019
Sat Apr 20 22:03:24 CEST 2019
Sat Apr 20 22:03:24 CEST 2019
Sat Apr 20 22:03:25 CEST 2019
Sat Apr 20 22:03:25 CEST 2019
Sat Apr 20 22:03:26 CEST 2019
Sat Apr 20 22:03:27 CEST 2019
Sat Apr 20 22:03:27 CEST 2019
Sat Apr 20 22:03:28 CEST 2019
Sat Apr 20 22:03:28 CEST 2019
Sat Apr 20 22:03:29 CEST 2019
Sat Apr 20 22:03:29 CEST 2019
Sat Apr 20 22:03:30 CEST 2019
Sat Apr 20 22:03:30 CEST 2019
Sat Apr 20 22:03:31 CEST 2019
Sat Apr 20 22:03:31 CEST 2019
Sat Apr 20 22:03:32 CEST 2019
Sat Apr 20 22:03:32 CEST 2019
Sat Apr 20 22:03:33 CEST 2019
Sat Apr 20 22:03:33 CEST 2019
Sat Apr 20 22:03:34 CEST 2019
Sat Apr 20 22:03:34 CEST 2019
Sat Apr 20 22:03:35 CEST 2019
Sat Apr 20 22:03:35 CEST 2019
Sat Apr 20 22:03:36 CEST 2019
Sat Apr 20 22:03:36 CEST 2019
Sat Apr 20 22:03:37 CEST 2019
Sat Apr 20 22:03:37 CEST 2019
Sat Apr 20 22:03:38 CEST 2019
Sat Apr 20 22:03:38 CEST 2019
Sat Apr 20 22:03:39 CEST 2019
Sat Apr 20 22:03:39 CEST 2019
Sat Apr 20 22:03:40 CEST 2019
Sat Apr 20 22:03:40 CEST 2019
Sat Apr 20 22:03:41 CEST 2019
Sat Apr 20 22:03:41 CEST 2019
Sat Apr 20 22:03:42 CEST 2019
Sat Apr 20 22:03:42 CEST 2019
Sat Apr 20 22:03:43 CEST 2019
Sat Apr 20 22:03:43 CEST 2019
Sat Apr 20 22:03:44 CEST 2019
Sat Apr 20 22:03:44 CEST 2019
Sat Apr 20 22:03:45 CEST 2019
Sat Apr 20 22:03:45 CEST 2019
Sat Apr 20 22:03:46 CEST 2019
Sat Apr 20 22:03:46 CEST 2019
Sat Apr 20 22:03:47 CEST 2019
Sat Apr 20 22:03:47 CEST 2019
Sat Apr 20 22:03:48 CEST 2019
Sat Apr 20 22:03:48 CEST 2019
Sat Apr 20 22:03:49 CEST 2019
Sat Apr 20 22:03:50 CEST 2019
Sat Apr 20 22:03:50 CEST 2019
Sat Apr 20 22:03:51 CEST 2019
Sat Apr 20 22:03:51 CEST 2019
Sat Apr 20 22:03:52 CEST 2019
Sat Apr 20 22:03:52 CEST 2019
Sat Apr 20 22:03:53 CEST 2019
Sat Apr 20 22:03:53 CEST 2019
Sat Apr 20 22:03:54 CEST 2019
Sat Apr 20 22:03:54 CEST 2019
Sat Apr 20 22:03:55 CEST 2019
Sat Apr 20 22:03:55 CEST 2019
Sat Apr 20 22:03:56 CEST 2019
Sat Apr 20 22:03:56 CEST 2019
Sat Apr 20 22:03:57 CEST 2019
Sat Apr 20 22:03:57 CEST 2019
Sat Apr 20 22:03:58 CEST 2019
Sat Apr 20 22:03:58 CEST 2019
Sat Apr 20 22:03:59 CEST 2019
Sat Apr 20 22:03:59 CEST 2019
Sat Apr 20 22:04:00 CEST 2019
Sat Apr 20 22:04:00 CEST 2019
Sat Apr 20 22:04:01 CEST 2019
Sat Apr 20 22:04:01 CEST 2019
Sat Apr 20 22:04:02 CEST 2019
Sat Apr 20 22:04:02 CEST 2019
Sat Apr 20 22:04:03 CEST 2019
Sat Apr 20 22:04:03 CEST 2019
Sat Apr 20 22:04:04 CEST 2019
Sat Apr 20 22:04:04 CEST 2019
Sat Apr 20 22:04:05 CEST 2019
Sat Apr 20 22:04:05 CEST 2019
Sat Apr 20 22:04:06 CEST 2019
Sat Apr 20 22:04:06 CEST 2019
Sat Apr 20 22:04:07 CEST 2019
Sat Apr 20 22:04:07 CEST 2019
Sat Apr 20 22:04:08 CEST 2019
Sat Apr 20 22:04:08 CEST 2019
Sat Apr 20 22:04:09 CEST 2019
Sat Apr 20 22:04:09 CEST 2019
Sat Apr 20 22:04:10 CEST 2019
Sat Apr 20 22:04:10 CEST 2019
Sat Apr 20 22:04:11 CEST 2019
Sat Apr 20 22:04:11 CEST 2019
Sat Apr 20 22:04:12 CEST 2019
Sat Apr 20 22:04:12 CEST 2019
Sat Apr 20 22:04:13 CEST 2019
Sat Apr 20 22:04:13 CEST 2019
Sat Apr 20 22:04:14 CEST 2019
Sat Apr 20 22:04:14 CEST 2019
Sat Apr 20 22:04:15 CEST 2019
Sat Apr 20 22:04:16 CEST 2019
Sat Apr 20 22:04:16 CEST 2019
Sat Apr 20 22:04:17 CEST 2019
Sat Apr 20 22:04:17 CEST 2019
Sat Apr 20 22:04:18 CEST 2019
Sat Apr 20 22:04:18 CEST 2019
Sat Apr 20 22:04:19 CEST 2019
Sat Apr 20 22:04:19 CEST 2019
Sat Apr 20 22:04:20 CEST 2019
Sat Apr 20 22:04:20 CEST 2019
Sat Apr 20 22:04:21 CEST 2019
Sat Apr 20 22:04:21 CEST 2019
Sat Apr 20 22:04:22 CEST 2019
Sat Apr 20 22:04:22 CEST 2019
Sat Apr 20 22:04:23 CEST 2019
Sat Apr 20 22:04:23 CEST 2019
Sat Apr 20 22:04:24 CEST 2019
Sat Apr 20 22:04:24 CEST 2019
Sat Apr 20 22:04:25 CEST 2019
Sat Apr 20 22:04:25 CEST 2019
Sat Apr 20 22:04:26 CEST 2019
Sat Apr 20 22:04:26 CEST 2019
Sat Apr 20 22:04:27 CEST 2019
Sat Apr 20 22:04:27 CEST 2019
Sat Apr 20 22:04:28 CEST 2019
Sat Apr 20 22:04:28 CEST 2019
Sat Apr 20 22:04:29 CEST 2019
Sat Apr 20 22:04:29 CEST 2019
Sat Apr 20 22:04:30 CEST 2019
Sat Apr 20 22:04:30 CEST 2019
Sat Apr 20 22:04:31 CEST 2019
Sat Apr 20 22:04:31 CEST 2019
Sat Apr 20 22:04:32 CEST 2019
Sat Apr 20 22:04:32 CEST 2019
Sat Apr 20 22:04:33 CEST 2019
Sat Apr 20 22:04:33 CEST 2019
Sat Apr 20 22:04:34 CEST 2019
Sat Apr 20 22:04:34 CEST 2019
Sat Apr 20 22:04:35 CEST 2019
Sat Apr 20 22:04:35 CEST 2019
Sat Apr 20 22:04:36 CEST 2019
Sat Apr 20 22:04:36 CEST 2019
Sat Apr 20 22:04:37 CEST 2019
Sat Apr 20 22:04:37 CEST 2019
Sat Apr 20 22:04:38 CEST 2019
Sat Apr 20 22:04:38 CEST 2019
Sat Apr 20 22:04:39 CEST 2019
Sat Apr 20 22:04:39 CEST 2019
Sat Apr 20 22:04:40 CEST 2019
Sat Apr 20 22:04:41 CEST 2019
Sat Apr 20 22:04:41 CEST 2019
Sat Apr 20 22:04:42 CEST 2019
Sat Apr 20 22:04:42 CEST 2019
Sat Apr 20 22:04:43 CEST 2019
Sat Apr 20 22:04:43 CEST 2019
Sat Apr 20 22:04:44 CEST 2019
Sat Apr 20 22:04:44 CEST 2019
Sat Apr 20 22:04:45 CEST 2019
Sat Apr 20 22:04:45 CEST 2019
Sat Apr 20 22:04:46 CEST 2019
Sat Apr 20 22:04:46 CEST 2019
Sat Apr 20 22:04:47 CEST 2019
Sat Apr 20 22:04:47 CEST 2019
Sat Apr 20 22:04:48 CEST 2019
Sat Apr 20 22:04:48 CEST 2019
Sat Apr 20 22:04:49 CEST 2019
Sat Apr 20 22:04:49 CEST 2019
Sat Apr 20 22:04:50 CEST 2019
Sat Apr 20 22:04:50 CEST 2019
Sat Apr 20 22:04:51 CEST 2019
Sat Apr 20 22:04:51 CEST 2019
Sat Apr 20 22:04:52 CEST 2019
Sat Apr 20 22:04:52 CEST 2019
Sat Apr 20 22:04:53 CEST 2019
Sat Apr 20 22:04:53 CEST 2019
Sat Apr 20 22:04:54 CEST 2019
Sat Apr 20 22:04:54 CEST 2019
Sat Apr 20 22:04:55 CEST 2019
Sat Apr 20 22:04:55 CEST 2019
Sat Apr 20 22:04:56 CEST 2019
Sat Apr 20 22:04:56 CEST 2019
Sat Apr 20 22:04:57 CEST 2019
Sat Apr 20 22:04:57 CEST 2019
Sat Apr 20 22:04:58 CEST 2019
Sat Apr 20 22:04:58 CEST 2019
Sat Apr 20 22:04:59 CEST 2019
Sat Apr 20 22:04:59 CEST 2019
Sat Apr 20 22:05:00 CEST 2019
Sat Apr 20 22:05:00 CEST 2019
Sat Apr 20 22:05:01 CEST 2019
Sat Apr 20 22:05:01 CEST 2019
Sat Apr 20 22:05:02 CEST 2019
Sat Apr 20 22:05:02 CEST 2019
Sat Apr 20 22:05:03 CEST 2019
Sat Apr 20 22:05:03 CEST 2019
Sat Apr 20 22:05:04 CEST 2019
Sat Apr 20 22:05:04 CEST 2019
Sat Apr 20 22:05:05 CEST 2019
Sat Apr 20 22:05:06 CEST 2019
Sat Apr 20 22:05:06 CEST 2019
Sat Apr 20 22:05:07 CEST 2019
Sat Apr 20 22:05:07 CEST 2019
Sat Apr 20 22:05:08 CEST 2019
Sat Apr 20 22:05:08 CEST 2019
Sat Apr 20 22:05:09 CEST 2019
Sat Apr 20 22:05:09 CEST 2019
Sat Apr 20 22:05:10 CEST 2019
Sat Apr 20 22:05:10 CEST 2019
Sat Apr 20 22:05:11 CEST 2019
Sat Apr 20 22:05:11 CEST 2019
Sat Apr 20 22:05:12 CEST 2019
Sat Apr 20 22:05:12 CEST 2019
Sat Apr 20 22:05:13 CEST 2019
Sat Apr 20 22:05:13 CEST 2019
Sat Apr 20 22:05:14 CEST 2019
Sat Apr 20 22:05:14 CEST 2019
Sat Apr 20 22:05:15 CEST 2019
Sat Apr 20 22:05:15 CEST 2019
Sat Apr 20 22:05:16 CEST 2019
Sat Apr 20 22:05:16 CEST 2019
Sat Apr 20 22:05:17 CEST 2019
Sat Apr 20 22:05:17 CEST 2019
Sat Apr 20 22:05:18 CEST 2019
Sat Apr 20 22:05:18 CEST 2019
Sat Apr 20 22:05:19 CEST 2019
Sat Apr 20 22:05:19 CEST 2019
Sat Apr 20 22:05:20 CEST 2019
Sat Apr 20 22:05:20 CEST 2019
Sat Apr 20 22:05:21 CEST 2019
Sat Apr 20 22:05:21 CEST 2019
Sat Apr 20 22:05:22 CEST 2019
Sat Apr 20 22:05:22 CEST 2019
Sat Apr 20 22:05:23 CEST 2019
Sat Apr 20 22:05:23 CEST 2019
Sat Apr 20 22:05:24 CEST 2019
Sat Apr 20 22:05:24 CEST 2019
Sat Apr 20 22:05:25 CEST 2019
Sat Apr 20 22:05:25 CEST 2019
Sat Apr 20 22:05:26 CEST 2019
Sat Apr 20 22:05:26 CEST 2019
Sat Apr 20 22:05:27 CEST 2019
Sat Apr 20 22:05:27 CEST 2019
Sat Apr 20 22:05:28 CEST 2019
Sat Apr 20 22:05:28 CEST 2019
Sat Apr 20 22:05:29 CEST 2019
Sat Apr 20 22:05:29 CEST 2019
Sat Apr 20 22:05:30 CEST 2019
Sat Apr 20 22:05:30 CEST 2019
Sat Apr 20 22:05:31 CEST 2019
Sat Apr 20 22:05:31 CEST 2019
Sat Apr 20 22:05:32 CEST 2019
Sat Apr 20 22:05:33 CEST 2019
Sat Apr 20 22:05:33 CEST 2019
Sat Apr 20 22:05:34 CEST 2019
Sat Apr 20 22:05:34 CEST 2019
Sat Apr 20 22:05:35 CEST 2019
Sat Apr 20 22:05:35 CEST 2019
Sat Apr 20 22:05:36 CEST 2019
Sat Apr 20 22:05:36 CEST 2019
Sat Apr 20 22:05:37 CEST 2019
Sat Apr 20 22:05:37 CEST 2019
Sat Apr 20 22:05:38 CEST 2019
Sat Apr 20 22:05:38 CEST 2019
Sat Apr 20 22:05:39 CEST 2019
Sat Apr 20 22:05:39 CEST 2019
Sat Apr 20 22:05:40 CEST 2019
Sat Apr 20 22:05:40 CEST 2019
Sat Apr 20 22:05:41 CEST 2019
Sat Apr 20 22:05:41 CEST 2019
Sat Apr 20 22:05:42 CEST 2019
Sat Apr 20 22:05:42 CEST 2019
Sat Apr 20 22:05:43 CEST 2019
Sat Apr 20 22:05:43 CEST 2019
Sat Apr 20 22:05:44 CEST 2019
Sat Apr 20 22:05:44 CEST 2019
Sat Apr 20 22:05:45 CEST 2019
Sat Apr 20 22:05:45 CEST 2019
Sat Apr 20 22:05:46 CEST 2019
Sat Apr 20 22:05:46 CEST 2019
Sat Apr 20 22:05:47 CEST 2019
Sat Apr 20 22:05:47 CEST 2019
Sat Apr 20 22:05:48 CEST 2019
Sat Apr 20 22:05:48 CEST 2019
Sat Apr 20 22:05:49 CEST 2019
Sat Apr 20 22:05:49 CEST 2019
Sat Apr 20 22:05:50 CEST 2019
Sat Apr 20 22:05:50 CEST 2019
Sat Apr 20 22:05:51 CEST 2019
Sat Apr 20 22:05:51 CEST 2019
Sat Apr 20 22:05:52 CEST 2019
Sat Apr 20 22:05:52 CEST 2019
Sat Apr 20 22:05:53 CEST 2019
Sat Apr 20 22:05:53 CEST 2019
Sat Apr 20 22:05:54 CEST 2019
Sat Apr 20 22:05:54 CEST 2019
Sat Apr 20 22:05:55 CEST 2019
Sat Apr 20 22:05:55 CEST 2019
Sat Apr 20 22:05:56 CEST 2019
Sat Apr 20 22:05:56 CEST 2019
Sat Apr 20 22:05:57 CEST 2019
Sat Apr 20 22:05:58 CEST 2019
Sat Apr 20 22:05:58 CEST 2019
Sat Apr 20 22:05:59 CEST 2019
Sat Apr 20 22:05:59 CEST 2019
Sat Apr 20 22:06:00 CEST 2019
Sat Apr 20 22:06:00 CEST 2019
Sat Apr 20 22:06:01 CEST 2019
Sat Apr 20 22:06:01 CEST 2019
Sat Apr 20 22:06:02 CEST 2019
Sat Apr 20 22:06:02 CEST 2019
Sat Apr 20 22:06:03 CEST 2019
Sat Apr 20 22:06:03 CEST 2019
Sat Apr 20 22:06:04 CEST 2019
Sat Apr 20 22:06:04 CEST 2019
Sat Apr 20 22:06:05 CEST 2019
Sat Apr 20 22:06:05 CEST 2019
Sat Apr 20 22:06:06 CEST 2019
Sat Apr 20 22:06:06 CEST 2019
Sat Apr 20 22:06:07 CEST 2019
Sat Apr 20 22:06:07 CEST 2019
Sat Apr 20 22:06:08 CEST 2019
Sat Apr 20 22:06:08 CEST 2019
Sat Apr 20 22:06:09 CEST 2019
Sat Apr 20 22:06:09 CEST 2019
Sat Apr 20 22:06:10 CEST 2019
Sat Apr 20 22:06:10 CEST 2019
Sat Apr 20 22:06:11 CEST 2019
Sat Apr 20 22:06:11 CEST 2019
Sat Apr 20 22:06:12 CEST 2019
Sat Apr 20 22:06:12 CEST 2019
Sat Apr 20 22:06:13 CEST 2019
Sat Apr 20 22:06:13 CEST 2019
Sat Apr 20 22:06:14 CEST 2019
Sat Apr 20 22:06:14 CEST 2019
Sat Apr 20 22:06:15 CEST 2019
Sat Apr 20 22:06:15 CEST 2019
Sat Apr 20 22:06:16 CEST 2019
Sat Apr 20 22:06:16 CEST 2019
Sat Apr 20 22:06:17 CEST 2019
Sat Apr 20 22:06:17 CEST 2019
Sat Apr 20 22:06:18 CEST 2019
Sat Apr 20 22:06:18 CEST 2019
Sat Apr 20 22:06:19 CEST 2019
Sat Apr 20 22:06:19 CEST 2019
Sat Apr 20 22:06:20 CEST 2019
Sat Apr 20 22:06:20 CEST 2019
Sat Apr 20 22:06:21 CEST 2019
Sat Apr 20 22:06:21 CEST 2019
Sat Apr 20 22:06:22 CEST 2019
Sat Apr 20 22:06:22 CEST 2019
Sat Apr 20 22:06:23 CEST 2019
Sat Apr 20 22:06:23 CEST 2019
Sat Apr 20 22:06:24 CEST 2019
Sat Apr 20 22:06:24 CEST 2019
Sat Apr 20 22:06:25 CEST 2019
Sat Apr 20 22:06:25 CEST 2019
Sat Apr 20 22:06:26 CEST 2019
Sat Apr 20 22:06:26 CEST 2019
Sat Apr 20 22:06:27 CEST 2019
Sat Apr 20 22:06:28 CEST 2019
Sat Apr 20 22:06:28 CEST 2019
Sat Apr 20 22:06:29 CEST 2019
Sat Apr 20 22:06:29 CEST 2019
Sat Apr 20 22:06:30 CEST 2019
Sat Apr 20 22:06:30 CEST 2019
Sat Apr 20 22:06:31 CEST 2019
Sat Apr 20 22:06:31 CEST 2019
Sat Apr 20 22:06:32 CEST 2019
Sat Apr 20 22:06:32 CEST 2019
Sat Apr 20 22:06:33 CEST 2019
Sat Apr 20 22:06:33 CEST 2019
Sat Apr 20 22:06:34 CEST 2019
Sat Apr 20 22:06:34 CEST 2019
Sat Apr 20 22:06:35 CEST 2019
Sat Apr 20 22:06:35 CEST 2019
Sat Apr 20 22:06:36 CEST 2019
Sat Apr 20 22:06:36 CEST 2019
Sat Apr 20 22:06:37 CEST 2019
Sat Apr 20 22:06:37 CEST 2019
Sat Apr 20 22:06:38 CEST 2019
Sat Apr 20 22:06:38 CEST 2019
Sat Apr 20 22:06:39 CEST 2019
Sat Apr 20 22:06:39 CEST 2019
Sat Apr 20 22:06:40 CEST 2019
Sat Apr 20 22:06:40 CEST 2019
Sat Apr 20 22:06:41 CEST 2019
Sat Apr 20 22:06:41 CEST 2019
Sat Apr 20 22:06:42 CEST 2019
Sat Apr 20 22:06:42 CEST 2019
Sat Apr 20 22:06:43 CEST 2019
Sat Apr 20 22:06:43 CEST 2019
Sat Apr 20 22:06:44 CEST 2019
Sat Apr 20 22:06:44 CEST 2019
Sat Apr 20 22:06:45 CEST 2019
Sat Apr 20 22:06:45 CEST 2019
Sat Apr 20 22:06:46 CEST 2019
Sat Apr 20 22:06:46 CEST 2019
Sat Apr 20 22:06:47 CEST 2019
Sat Apr 20 22:06:47 CEST 2019
Sat Apr 20 22:06:48 CEST 2019
Sat Apr 20 22:06:48 CEST 2019
Sat Apr 20 22:06:49 CEST 2019
Sat Apr 20 22:06:49 CEST 2019
Sat Apr 20 22:06:50 CEST 2019
Sat Apr 20 22:06:50 CEST 2019
Sat Apr 20 22:06:51 CEST 2019
Sat Apr 20 22:06:51 CEST 2019
Sat Apr 20 22:06:52 CEST 2019
Sat Apr 20 22:06:52 CEST 2019
Sat Apr 20 22:06:53 CEST 2019
Sat Apr 20 22:06:54 CEST 2019
Sat Apr 20 22:06:54 CEST 2019
Sat Apr 20 22:06:55 CEST 2019
Sat Apr 20 22:06:55 CEST 2019
Sat Apr 20 22:06:56 CEST 2019
Sat Apr 20 22:06:56 CEST 2019
Sat Apr 20 22:06:57 CEST 2019
Sat Apr 20 22:06:57 CEST 2019
Sat Apr 20 22:06:58 CEST 2019
Sat Apr 20 22:06:58 CEST 2019
Sat Apr 20 22:06:59 CEST 2019
Sat Apr 20 22:06:59 CEST 2019
Sat Apr 20 22:07:00 CEST 2019
Sat Apr 20 22:07:00 CEST 2019
Sat Apr 20 22:07:01 CEST 2019
Sat Apr 20 22:07:01 CEST 2019
Sat Apr 20 22:07:02 CEST 2019
Sat Apr 20 22:07:02 CEST 2019
Sat Apr 20 22:07:03 CEST 2019
Sat Apr 20 22:07:03 CEST 2019
Sat Apr 20 22:07:04 CEST 2019
Sat Apr 20 22:07:04 CEST 2019
Sat Apr 20 22:07:05 CEST 2019
Sat Apr 20 22:07:05 CEST 2019
Sat Apr 20 22:07:06 CEST 2019
Sat Apr 20 22:07:06 CEST 2019
Sat Apr 20 22:07:07 CEST 2019
Sat Apr 20 22:07:07 CEST 2019
Sat Apr 20 22:07:08 CEST 2019
Sat Apr 20 22:07:08 CEST 2019
Sat Apr 20 22:07:09 CEST 2019
Sat Apr 20 22:07:09 CEST 2019
Sat Apr 20 22:07:10 CEST 2019
Sat Apr 20 22:07:10 CEST 2019
Sat Apr 20 22:07:11 CEST 2019
Sat Apr 20 22:07:11 CEST 2019
Sat Apr 20 22:07:12 CEST 2019
Sat Apr 20 22:07:12 CEST 2019
Sat Apr 20 22:07:13 CEST 2019
Sat Apr 20 22:07:13 CEST 2019
Sat Apr 20 22:07:14 CEST 2019
Sat Apr 20 22:07:14 CEST 2019
Sat Apr 20 22:07:15 CEST 2019
Sat Apr 20 22:07:15 CEST 2019
Sat Apr 20 22:07:16 CEST 2019
Sat Apr 20 22:07:16 CEST 2019
Sat Apr 20 22:07:17 CEST 2019
Sat Apr 20 22:07:17 CEST 2019
Sat Apr 20 22:07:18 CEST 2019
Sat Apr 20 22:07:19 CEST 2019
Sat Apr 20 22:07:19 CEST 2019
Sat Apr 20 22:07:20 CEST 2019
Sat Apr 20 22:07:20 CEST 2019
Sat Apr 20 22:07:21 CEST 2019
Sat Apr 20 22:07:21 CEST 2019
Sat Apr 20 22:07:22 CEST 2019
Sat Apr 20 22:07:22 CEST 2019
Sat Apr 20 22:07:23 CEST 2019
Sat Apr 20 22:07:23 CEST 2019
Sat Apr 20 22:07:24 CEST 2019
Sat Apr 20 22:07:24 CEST 2019
Sat Apr 20 22:07:25 CEST 2019
Sat Apr 20 22:07:25 CEST 2019
Sat Apr 20 22:07:26 CEST 2019
Sat Apr 20 22:07:26 CEST 2019
Sat Apr 20 22:07:27 CEST 2019
Sat Apr 20 22:07:27 CEST 2019
Sat Apr 20 22:07:28 CEST 2019
Sat Apr 20 22:07:28 CEST 2019
Sat Apr 20 22:07:29 CEST 2019
Sat Apr 20 22:07:29 CEST 2019
Sat Apr 20 22:07:30 CEST 2019
Sat Apr 20 22:07:30 CEST 2019
Sat Apr 20 22:07:31 CEST 2019
Sat Apr 20 22:07:31 CEST 2019
Sat Apr 20 22:07:32 CEST 2019
Sat Apr 20 22:07:32 CEST 2019
Sat Apr 20 22:07:33 CEST 2019
Sat Apr 20 22:07:33 CEST 2019
Sat Apr 20 22:07:34 CEST 2019
Sat Apr 20 22:07:34 CEST 2019
Sat Apr 20 22:07:35 CEST 2019
Sat Apr 20 22:07:35 CEST 2019
Sat Apr 20 22:07:36 CEST 2019
Sat Apr 20 22:07:36 CEST 2019
Sat Apr 20 22:07:37 CEST 2019
Sat Apr 20 22:07:37 CEST 2019
Sat Apr 20 22:07:38 CEST 2019
Sat Apr 20 22:07:38 CEST 2019
Sat Apr 20 22:07:39 CEST 2019
Sat Apr 20 22:07:39 CEST 2019
Sat Apr 20 22:07:40 CEST 2019
Sat Apr 20 22:07:40 CEST 2019
Sat Apr 20 22:07:41 CEST 2019
Sat Apr 20 22:07:41 CEST 2019
Sat Apr 20 22:07:42 CEST 2019
Sat Apr 20 22:07:42 CEST 2019
Sat Apr 20 22:07:43 CEST 2019
Sat Apr 20 22:07:43 CEST 2019
Sat Apr 20 22:07:44 CEST 2019
Sat Apr 20 22:07:45 CEST 2019
Sat Apr 20 22:07:45 CEST 2019
Sat Apr 20 22:07:46 CEST 2019
Sat Apr 20 22:07:46 CEST 2019
Sat Apr 20 22:07:47 CEST 2019
Sat Apr 20 22:07:47 CEST 2019
Sat Apr 20 22:07:48 CEST 2019
Sat Apr 20 22:07:48 CEST 2019
Sat Apr 20 22:07:49 CEST 2019
Sat Apr 20 22:07:49 CEST 2019
Sat Apr 20 22:07:50 CEST 2019
Sat Apr 20 22:07:50 CEST 2019
Sat Apr 20 22:07:51 CEST 2019
Sat Apr 20 22:07:51 CEST 2019
Sat Apr 20 22:07:52 CEST 2019
Sat Apr 20 22:07:52 CEST 2019
Sat Apr 20 22:07:53 CEST 2019
Sat Apr 20 22:07:53 CEST 2019
Sat Apr 20 22:07:54 CEST 2019
Sat Apr 20 22:07:54 CEST 2019
Sat Apr 20 22:07:55 CEST 2019
Sat Apr 20 22:07:55 CEST 2019
Sat Apr 20 22:07:56 CEST 2019
Sat Apr 20 22:07:56 CEST 2019
Sat Apr 20 22:07:57 CEST 2019
Sat Apr 20 22:07:57 CEST 2019
Sat Apr 20 22:07:58 CEST 2019
Sat Apr 20 22:07:58 CEST 2019
Sat Apr 20 22:07:59 CEST 2019
Sat Apr 20 22:07:59 CEST 2019
Sat Apr 20 22:08:00 CEST 2019
Sat Apr 20 22:08:00 CEST 2019
Sat Apr 20 22:08:01 CEST 2019
Sat Apr 20 22:08:01 CEST 2019
Sat Apr 20 22:08:02 CEST 2019
Sat Apr 20 22:08:02 CEST 2019
Sat Apr 20 22:08:03 CEST 2019
Sat Apr 20 22:08:03 CEST 2019
Sat Apr 20 22:08:04 CEST 2019
Sat Apr 20 22:08:04 CEST 2019
Sat Apr 20 22:08:05 CEST 2019
Sat Apr 20 22:08:05 CEST 2019
Sat Apr 20 22:08:06 CEST 2019
Sat Apr 20 22:08:06 CEST 2019
Sat Apr 20 22:08:07 CEST 2019
Sat Apr 20 22:08:07 CEST 2019
Sat Apr 20 22:08:08 CEST 2019
Sat Apr 20 22:08:08 CEST 2019
Sat Apr 20 22:08:09 CEST 2019
Sat Apr 20 22:08:09 CEST 2019
Sat Apr 20 22:08:10 CEST 2019
Sat Apr 20 22:08:10 CEST 2019
Sat Apr 20 22:08:11 CEST 2019
Sat Apr 20 22:08:12 CEST 2019
Sat Apr 20 22:08:12 CEST 2019
Sat Apr 20 22:08:13 CEST 2019
Sat Apr 20 22:08:13 CEST 2019
Sat Apr 20 22:08:14 CEST 2019
Sat Apr 20 22:08:14 CEST 2019
Sat Apr 20 22:08:15 CEST 2019
Sat Apr 20 22:08:15 CEST 2019
Sat Apr 20 22:08:16 CEST 2019
Sat Apr 20 22:08:16 CEST 2019
Sat Apr 20 22:08:17 CEST 2019
Sat Apr 20 22:08:17 CEST 2019
Sat Apr 20 22:08:18 CEST 2019
Sat Apr 20 22:08:18 CEST 2019
Sat Apr 20 22:08:19 CEST 2019
Sat Apr 20 22:08:19 CEST 2019
Sat Apr 20 22:08:20 CEST 2019
Sat Apr 20 22:08:20 CEST 2019
Sat Apr 20 22:08:21 CEST 2019
Sat Apr 20 22:08:21 CEST 2019
Sat Apr 20 22:08:22 CEST 2019
Sat Apr 20 22:08:22 CEST 2019
Sat Apr 20 22:08:23 CEST 2019
Sat Apr 20 22:08:23 CEST 2019
Sat Apr 20 22:08:24 CEST 2019
Sat Apr 20 22:08:24 CEST 2019
Sat Apr 20 22:08:25 CEST 2019
Sat Apr 20 22:08:25 CEST 2019
Sat Apr 20 22:08:26 CEST 2019
Sat Apr 20 22:08:26 CEST 2019
Sat Apr 20 22:08:27 CEST 2019
Sat Apr 20 22:08:27 CEST 2019
Sat Apr 20 22:08:28 CEST 2019
Sat Apr 20 22:08:28 CEST 2019
Sat Apr 20 22:08:29 CEST 2019
Sat Apr 20 22:08:29 CEST 2019
Sat Apr 20 22:08:30 CEST 2019
Sat Apr 20 22:08:30 CEST 2019
Sat Apr 20 22:08:31 CEST 2019
Sat Apr 20 22:08:31 CEST 2019
Sat Apr 20 22:08:32 CEST 2019
Sat Apr 20 22:08:32 CEST 2019
Sat Apr 20 22:08:33 CEST 2019
Sat Apr 20 22:08:33 CEST 2019
Sat Apr 20 22:08:34 CEST 2019
Sat Apr 20 22:08:34 CEST 2019
Sat Apr 20 22:08:35 CEST 2019
Sat Apr 20 22:08:36 CEST 2019
Sat Apr 20 22:08:36 CEST 2019
Sat Apr 20 22:08:37 CEST 2019
Sat Apr 20 22:08:37 CEST 2019
Sat Apr 20 22:08:38 CEST 2019
Sat Apr 20 22:08:38 CEST 2019
Sat Apr 20 22:08:39 CEST 2019
Sat Apr 20 22:08:39 CEST 2019
Sat Apr 20 22:08:40 CEST 2019
Sat Apr 20 22:08:40 CEST 2019
Sat Apr 20 22:08:41 CEST 2019
Sat Apr 20 22:08:41 CEST 2019
Sat Apr 20 22:08:42 CEST 2019
Sat Apr 20 22:08:42 CEST 2019
Sat Apr 20 22:08:43 CEST 2019
Sat Apr 20 22:08:43 CEST 2019
Sat Apr 20 22:08:44 CEST 2019
Sat Apr 20 22:08:44 CEST 2019
Sat Apr 20 22:08:45 CEST 2019
Sat Apr 20 22:08:45 CEST 2019
Sat Apr 20 22:08:46 CEST 2019
Sat Apr 20 22:08:46 CEST 2019
Sat Apr 20 22:08:47 CEST 2019
Sat Apr 20 22:08:47 CEST 2019
Sat Apr 20 22:08:48 CEST 2019
Sat Apr 20 22:08:48 CEST 2019
Sat Apr 20 22:08:49 CEST 2019
Sat Apr 20 22:08:49 CEST 2019
Sat Apr 20 22:08:50 CEST 2019
Sat Apr 20 22:08:50 CEST 2019
Sat Apr 20 22:08:51 CEST 2019
Sat Apr 20 22:08:51 CEST 2019
Sat Apr 20 22:08:52 CEST 2019
Sat Apr 20 22:08:52 CEST 2019
Sat Apr 20 22:08:53 CEST 2019
Sat Apr 20 22:08:53 CEST 2019
Sat Apr 20 22:08:54 CEST 2019
Sat Apr 20 22:08:54 CEST 2019
Sat Apr 20 22:08:55 CEST 2019
Sat Apr 20 22:08:55 CEST 2019
Sat Apr 20 22:08:56 CEST 2019
Sat Apr 20 22:08:56 CEST 2019
Sat Apr 20 22:08:57 CEST 2019
Sat Apr 20 22:08:57 CEST 2019
Sat Apr 20 22:08:58 CEST 2019
Sat Apr 20 22:08:58 CEST 2019
Sat Apr 20 22:08:59 CEST 2019
Sat Apr 20 22:09:00 CEST 2019
Sat Apr 20 22:09:00 CEST 2019
Sat Apr 20 22:09:01 CEST 2019
Sat Apr 20 22:09:01 CEST 2019
Sat Apr 20 22:09:02 CEST 2019
Sat Apr 20 22:09:02 CEST 2019
Sat Apr 20 22:09:03 CEST 2019
Sat Apr 20 22:09:03 CEST 2019
Sat Apr 20 22:09:04 CEST 2019
Sat Apr 20 22:09:04 CEST 2019
Sat Apr 20 22:09:05 CEST 2019
Sat Apr 20 22:09:05 CEST 2019
Sat Apr 20 22:09:06 CEST 2019
Sat Apr 20 22:09:06 CEST 2019
Sat Apr 20 22:09:07 CEST 2019
Sat Apr 20 22:09:07 CEST 2019
Sat Apr 20 22:09:08 CEST 2019
Sat Apr 20 22:09:08 CEST 2019
Sat Apr 20 22:09:09 CEST 2019
Sat Apr 20 22:09:09 CEST 2019
Sat Apr 20 22:09:10 CEST 2019
Sat Apr 20 22:09:10 CEST 2019
Sat Apr 20 22:09:11 CEST 2019
Sat Apr 20 22:09:11 CEST 2019
Sat Apr 20 22:09:12 CEST 2019
Sat Apr 20 22:09:12 CEST 2019
Sat Apr 20 22:09:13 CEST 2019
Sat Apr 20 22:09:13 CEST 2019
Sat Apr 20 22:09:14 CEST 2019
Sat Apr 20 22:09:14 CEST 2019
Sat Apr 20 22:09:15 CEST 2019
Sat Apr 20 22:09:15 CEST 2019
Sat Apr 20 22:09:16 CEST 2019
Sat Apr 20 22:09:16 CEST 2019
Sat Apr 20 22:09:17 CEST 2019
Sat Apr 20 22:09:17 CEST 2019
Sat Apr 20 22:09:18 CEST 2019
Sat Apr 20 22:09:18 CEST 2019
Sat Apr 20 22:09:19 CEST 2019
Sat Apr 20 22:09:19 CEST 2019
Sat Apr 20 22:09:20 CEST 2019
Sat Apr 20 22:09:20 CEST 2019
Sat Apr 20 22:09:21 CEST 2019
Sat Apr 20 22:09:21 CEST 2019
Sat Apr 20 22:09:22 CEST 2019
Sat Apr 20 22:09:22 CEST 2019
Sat Apr 20 22:09:23 CEST 2019
Sat Apr 20 22:09:23 CEST 2019
Sat Apr 20 22:09:24 CEST 2019
Sat Apr 20 22:09:25 CEST 2019
Sat Apr 20 22:09:25 CEST 2019
Sat Apr 20 22:09:26 CEST 2019
Sat Apr 20 22:09:26 CEST 2019
Sat Apr 20 22:09:27 CEST 2019
Sat Apr 20 22:09:27 CEST 2019
Sat Apr 20 22:09:28 CEST 2019
Sat Apr 20 22:09:28 CEST 2019
Sat Apr 20 22:09:29 CEST 2019
Sat Apr 20 22:09:29 CEST 2019
Sat Apr 20 22:09:30 CEST 2019
Sat Apr 20 22:09:30 CEST 2019
Sat Apr 20 22:09:31 CEST 2019
Sat Apr 20 22:09:31 CEST 2019
Sat Apr 20 22:09:32 CEST 2019
Sat Apr 20 22:09:32 CEST 2019
Sat Apr 20 22:09:33 CEST 2019
Sat Apr 20 22:09:33 CEST 2019
Sat Apr 20 22:09:34 CEST 2019
Sat Apr 20 22:09:34 CEST 2019
Sat Apr 20 22:09:35 CEST 2019
Sat Apr 20 22:09:35 CEST 2019
Sat Apr 20 22:09:36 CEST 2019
Sat Apr 20 22:09:36 CEST 2019
Sat Apr 20 22:09:37 CEST 2019
Sat Apr 20 22:09:37 CEST 2019
Sat Apr 20 22:09:38 CEST 2019
Sat Apr 20 22:09:38 CEST 2019
Sat Apr 20 22:09:39 CEST 2019
Sat Apr 20 22:09:39 CEST 2019
Sat Apr 20 22:09:40 CEST 2019
Sat Apr 20 22:09:40 CEST 2019
Sat Apr 20 22:09:41 CEST 2019
Sat Apr 20 22:09:41 CEST 2019
Sat Apr 20 22:09:42 CEST 2019
Sat Apr 20 22:09:42 CEST 2019
Sat Apr 20 22:09:43 CEST 2019
Sat Apr 20 22:09:43 CEST 2019
Sat Apr 20 22:09:44 CEST 2019
Sat Apr 20 22:09:44 CEST 2019
Sat Apr 20 22:09:45 CEST 2019
Sat Apr 20 22:09:45 CEST 2019
Sat Apr 20 22:09:46 CEST 2019
Sat Apr 20 22:09:47 CEST 2019
Sat Apr 20 22:09:47 CEST 2019
Sat Apr 20 22:09:48 CEST 2019
Sat Apr 20 22:09:48 CEST 2019
Sat Apr 20 22:09:49 CEST 2019
Sat Apr 20 22:09:49 CEST 2019
Sat Apr 20 22:09:50 CEST 2019
Sat Apr 20 22:09:50 CEST 2019
Sat Apr 20 22:09:51 CEST 2019
Sat Apr 20 22:09:51 CEST 2019
Sat Apr 20 22:09:52 CEST 2019
Sat Apr 20 22:09:52 CEST 2019
Sat Apr 20 22:09:53 CEST 2019
Sat Apr 20 22:09:53 CEST 2019
Sat Apr 20 22:09:54 CEST 2019
Sat Apr 20 22:09:54 CEST 2019
Sat Apr 20 22:09:55 CEST 2019
Sat Apr 20 22:09:55 CEST 2019
Sat Apr 20 22:09:56 CEST 2019
Sat Apr 20 22:09:56 CEST 2019
Sat Apr 20 22:09:57 CEST 2019
Sat Apr 20 22:09:57 CEST 2019
Sat Apr 20 22:09:58 CEST 2019
Sat Apr 20 22:09:58 CEST 2019
Sat Apr 20 22:09:59 CEST 2019
Sat Apr 20 22:09:59 CEST 2019
Sat Apr 20 22:10:00 CEST 2019
Sat Apr 20 22:10:00 CEST 2019
Sat Apr 20 22:10:01 CEST 2019
Sat Apr 20 22:10:01 CEST 2019
Sat Apr 20 22:10:02 CEST 2019
Sat Apr 20 22:10:02 CEST 2019
Sat Apr 20 22:10:03 CEST 2019
Sat Apr 20 22:10:03 CEST 2019
Sat Apr 20 22:10:04 CEST 2019
Sat Apr 20 22:10:04 CEST 2019
Sat Apr 20 22:10:05 CEST 2019
Sat Apr 20 22:10:05 CEST 2019
Sat Apr 20 22:10:06 CEST 2019
Sat Apr 20 22:10:06 CEST 2019
Sat Apr 20 22:10:07 CEST 2019
Sat Apr 20 22:10:07 CEST 2019
Sat Apr 20 22:10:08 CEST 2019
Sat Apr 20 22:10:08 CEST 2019
Sat Apr 20 22:10:09 CEST 2019
Sat Apr 20 22:10:09 CEST 2019
Sat Apr 20 22:10:10 CEST 2019
Sat Apr 20 22:10:11 CEST 2019
Sat Apr 20 22:10:11 CEST 2019
Sat Apr 20 22:10:12 CEST 2019
Sat Apr 20 22:10:12 CEST 2019
Sat Apr 20 22:10:13 CEST 2019
Sat Apr 20 22:10:13 CEST 2019
Sat Apr 20 22:10:14 CEST 2019
Sat Apr 20 22:10:14 CEST 2019
Sat Apr 20 22:10:15 CEST 2019
Sat Apr 20 22:10:15 CEST 2019
Sat Apr 20 22:10:16 CEST 2019
Sat Apr 20 22:10:16 CEST 2019
Sat Apr 20 22:10:17 CEST 2019
Sat Apr 20 22:10:17 CEST 2019
Sat Apr 20 22:10:18 CEST 2019
Sat Apr 20 22:10:18 CEST 2019
Sat Apr 20 22:10:19 CEST 2019
Sat Apr 20 22:10:19 CEST 2019
Sat Apr 20 22:10:20 CEST 2019
Sat Apr 20 22:10:20 CEST 2019
Sat Apr 20 22:10:21 CEST 2019
Sat Apr 20 22:10:21 CEST 2019
Sat Apr 20 22:10:22 CEST 2019
Sat Apr 20 22:10:22 CEST 2019
Sat Apr 20 22:10:23 CEST 2019
Sat Apr 20 22:10:23 CEST 2019
Sat Apr 20 22:10:24 CEST 2019
Sat Apr 20 22:10:24 CEST 2019
Sat Apr 20 22:10:25 CEST 2019
Sat Apr 20 22:10:25 CEST 2019
Sat Apr 20 22:10:26 CEST 2019
Sat Apr 20 22:10:26 CEST 2019
Sat Apr 20 22:10:27 CEST 2019
Sat Apr 20 22:10:27 CEST 2019
Sat Apr 20 22:10:28 CEST 2019
Sat Apr 20 22:10:28 CEST 2019
Sat Apr 20 22:10:29 CEST 2019
Sat Apr 20 22:10:29 CEST 2019
Sat Apr 20 22:10:30 CEST 2019
Sat Apr 20 22:10:30 CEST 2019
Sat Apr 20 22:10:31 CEST 2019
Sat Apr 20 22:10:31 CEST 2019
Sat Apr 20 22:10:32 CEST 2019
Sat Apr 20 22:10:32 CEST 2019
Sat Apr 20 22:10:33 CEST 2019
Sat Apr 20 22:10:33 CEST 2019
Sat Apr 20 22:10:34 CEST 2019
Sat Apr 20 22:10:35 CEST 2019
Sat Apr 20 22:10:35 CEST 2019
Sat Apr 20 22:10:36 CEST 2019
Sat Apr 20 22:10:36 CEST 2019
Sat Apr 20 22:10:37 CEST 2019
Sat Apr 20 22:10:37 CEST 2019
Sat Apr 20 22:10:38 CEST 2019
Sat Apr 20 22:10:38 CEST 2019
Sat Apr 20 22:10:39 CEST 2019
Sat Apr 20 22:10:39 CEST 2019
Sat Apr 20 22:10:40 CEST 2019
Sat Apr 20 22:10:40 CEST 2019
Sat Apr 20 22:10:41 CEST 2019
Sat Apr 20 22:10:41 CEST 2019
Sat Apr 20 22:10:42 CEST 2019
Sat Apr 20 22:10:42 CEST 2019
Sat Apr 20 22:10:43 CEST 2019
Sat Apr 20 22:10:43 CEST 2019
Sat Apr 20 22:10:44 CEST 2019
Sat Apr 20 22:10:44 CEST 2019
Sat Apr 20 22:10:45 CEST 2019
Sat Apr 20 22:10:45 CEST 2019
Sat Apr 20 22:10:46 CEST 2019
Sat Apr 20 22:10:46 CEST 2019
Sat Apr 20 22:10:47 CEST 2019
Sat Apr 20 22:10:47 CEST 2019
Sat Apr 20 22:10:48 CEST 2019
Sat Apr 20 22:10:48 CEST 2019
Sat Apr 20 22:10:49 CEST 2019
Sat Apr 20 22:10:49 CEST 2019
Sat Apr 20 22:10:50 CEST 2019
Sat Apr 20 22:10:50 CEST 2019
Sat Apr 20 22:10:51 CEST 2019
Sat Apr 20 22:10:51 CEST 2019
Sat Apr 20 22:10:52 CEST 2019
Sat Apr 20 22:10:52 CEST 2019
Sat Apr 20 22:10:53 CEST 2019
Sat Apr 20 22:10:53 CEST 2019
Sat Apr 20 22:10:54 CEST 2019
Sat Apr 20 22:10:54 CEST 2019
Sat Apr 20 22:10:55 CEST 2019
Sat Apr 20 22:10:55 CEST 2019
Sat Apr 20 22:10:56 CEST 2019
Sat Apr 20 22:10:56 CEST 2019
Sat Apr 20 22:10:57 CEST 2019
Sat Apr 20 22:10:57 CEST 2019
Sat Apr 20 22:10:58 CEST 2019
Sat Apr 20 22:10:58 CEST 2019
Sat Apr 20 22:10:59 CEST 2019
Sat Apr 20 22:10:59 CEST 2019
Sat Apr 20 22:11:00 CEST 2019
Sat Apr 20 22:11:01 CEST 2019
Sat Apr 20 22:11:01 CEST 2019
Sat Apr 20 22:11:02 CEST 2019
Sat Apr 20 22:11:02 CEST 2019
Sat Apr 20 22:11:03 CEST 2019
Sat Apr 20 22:11:03 CEST 2019
Sat Apr 20 22:11:04 CEST 2019
Sat Apr 20 22:11:04 CEST 2019
Sat Apr 20 22:11:05 CEST 2019
Sat Apr 20 22:11:05 CEST 2019
Sat Apr 20 22:11:06 CEST 2019
Sat Apr 20 22:11:06 CEST 2019
Sat Apr 20 22:11:07 CEST 2019
Sat Apr 20 22:11:07 CEST 2019
Sat Apr 20 22:11:08 CEST 2019
Sat Apr 20 22:11:08 CEST 2019
Sat Apr 20 22:11:09 CEST 2019
Sat Apr 20 22:11:09 CEST 2019
Sat Apr 20 22:11:10 CEST 2019
Sat Apr 20 22:11:10 CEST 2019
Sat Apr 20 22:11:11 CEST 2019
Sat Apr 20 22:11:11 CEST 2019
Sat Apr 20 22:11:12 CEST 2019
Sat Apr 20 22:11:12 CEST 2019
Sat Apr 20 22:11:13 CEST 2019
Sat Apr 20 22:11:13 CEST 2019
Sat Apr 20 22:11:14 CEST 2019
Sat Apr 20 22:11:14 CEST 2019
Sat Apr 20 22:11:15 CEST 2019
Sat Apr 20 22:11:15 CEST 2019
Sat Apr 20 22:11:16 CEST 2019
Sat Apr 20 22:11:16 CEST 2019
Sat Apr 20 22:11:17 CEST 2019
Sat Apr 20 22:11:17 CEST 2019
Sat Apr 20 22:11:18 CEST 2019
Sat Apr 20 22:11:18 CEST 2019
Sat Apr 20 22:11:19 CEST 2019
Sat Apr 20 22:11:19 CEST 2019
Sat Apr 20 22:11:20 CEST 2019
Sat Apr 20 22:11:20 CEST 2019
Sat Apr 20 22:11:21 CEST 2019
Sat Apr 20 22:11:21 CEST 2019
Sat Apr 20 22:11:22 CEST 2019
Sat Apr 20 22:11:22 CEST 2019
Sat Apr 20 22:11:23 CEST 2019
Sat Apr 20 22:11:23 CEST 2019
Sat Apr 20 22:11:24 CEST 2019
Sat Apr 20 22:11:24 CEST 2019
Sat Apr 20 22:11:25 CEST 2019
Sat Apr 20 22:11:26 CEST 2019
Sat Apr 20 22:11:26 CEST 2019
Sat Apr 20 22:11:27 CEST 2019
Sat Apr 20 22:11:27 CEST 2019
Sat Apr 20 22:11:28 CEST 2019
Sat Apr 20 22:11:28 CEST 2019
Sat Apr 20 22:11:29 CEST 2019
Sat Apr 20 22:11:29 CEST 2019
Sat Apr 20 22:11:30 CEST 2019
Sat Apr 20 22:11:30 CEST 2019
Sat Apr 20 22:11:31 CEST 2019
Sat Apr 20 22:11:31 CEST 2019
Sat Apr 20 22:11:32 CEST 2019
Sat Apr 20 22:11:32 CEST 2019
Sat Apr 20 22:11:33 CEST 2019
Sat Apr 20 22:11:33 CEST 2019
Sat Apr 20 22:11:34 CEST 2019
Sat Apr 20 22:11:34 CEST 2019
Sat Apr 20 22:11:35 CEST 2019
Sat Apr 20 22:11:35 CEST 2019
Sat Apr 20 22:11:36 CEST 2019
Sat Apr 20 22:11:36 CEST 2019
Sat Apr 20 22:11:37 CEST 2019
Sat Apr 20 22:11:37 CEST 2019
Sat Apr 20 22:11:38 CEST 2019
Sat Apr 20 22:11:38 CEST 2019
Sat Apr 20 22:11:39 CEST 2019
Sat Apr 20 22:11:39 CEST 2019
Sat Apr 20 22:11:40 CEST 2019
Sat Apr 20 22:11:40 CEST 2019
Sat Apr 20 22:11:41 CEST 2019
Sat Apr 20 22:11:41 CEST 2019
Sat Apr 20 22:11:42 CEST 2019
Sat Apr 20 22:11:42 CEST 2019
Sat Apr 20 22:11:43 CEST 2019
Sat Apr 20 22:11:43 CEST 2019
Sat Apr 20 22:11:44 CEST 2019
Sat Apr 20 22:11:44 CEST 2019
Sat Apr 20 22:11:45 CEST 2019
Sat Apr 20 22:11:45 CEST 2019
Sat Apr 20 22:11:46 CEST 2019
Sat Apr 20 22:11:46 CEST 2019
Sat Apr 20 22:11:47 CEST 2019
Sat Apr 20 22:11:47 CEST 2019
Sat Apr 20 22:11:48 CEST 2019
Sat Apr 20 22:11:48 CEST 2019
Sat Apr 20 22:11:49 CEST 2019
Sat Apr 20 22:11:49 CEST 2019
Sat Apr 20 22:11:50 CEST 2019
Sat Apr 20 22:11:50 CEST 2019
Sat Apr 20 22:11:51 CEST 2019
Sat Apr 20 22:11:52 CEST 2019
Sat Apr 20 22:11:52 CEST 2019
Sat Apr 20 22:11:53 CEST 2019
Sat Apr 20 22:11:53 CEST 2019
Sat Apr 20 22:11:54 CEST 2019
Sat Apr 20 22:11:54 CEST 2019
Sat Apr 20 22:11:55 CEST 2019
Sat Apr 20 22:11:55 CEST 2019
Sat Apr 20 22:11:56 CEST 2019
Sat Apr 20 22:11:56 CEST 2019
Sat Apr 20 22:11:57 CEST 2019
Sat Apr 20 22:11:57 CEST 2019
Sat Apr 20 22:11:58 CEST 2019
Sat Apr 20 22:11:58 CEST 2019
Sat Apr 20 22:11:59 CEST 2019
Sat Apr 20 22:11:59 CEST 2019
Sat Apr 20 22:12:00 CEST 2019
Sat Apr 20 22:12:00 CEST 2019
Sat Apr 20 22:12:01 CEST 2019
Sat Apr 20 22:12:01 CEST 2019
Sat Apr 20 22:12:02 CEST 2019
Sat Apr 20 22:12:02 CEST 2019
Sat Apr 20 22:12:03 CEST 2019
Sat Apr 20 22:12:03 CEST 2019
Sat Apr 20 22:12:04 CEST 2019
Sat Apr 20 22:12:04 CEST 2019
Sat Apr 20 22:12:05 CEST 2019
Sat Apr 20 22:12:05 CEST 2019
Sat Apr 20 22:12:06 CEST 2019
Sat Apr 20 22:12:06 CEST 2019
Sat Apr 20 22:12:07 CEST 2019
Sat Apr 20 22:12:07 CEST 2019
Sat Apr 20 22:12:08 CEST 2019
Sat Apr 20 22:12:08 CEST 2019
Sat Apr 20 22:12:09 CEST 2019
Sat Apr 20 22:12:09 CEST 2019
Sat Apr 20 22:12:10 CEST 2019
Sat Apr 20 22:12:10 CEST 2019
Sat Apr 20 22:12:11 CEST 2019
Sat Apr 20 22:12:11 CEST 2019
Sat Apr 20 22:12:12 CEST 2019
Sat Apr 20 22:12:12 CEST 2019
Sat Apr 20 22:12:13 CEST 2019
Sat Apr 20 22:12:13 CEST 2019
Sat Apr 20 22:12:14 CEST 2019
Sat Apr 20 22:12:14 CEST 2019
Sat Apr 20 22:12:15 CEST 2019
Sat Apr 20 22:12:15 CEST 2019
Sat Apr 20 22:12:16 CEST 2019
Sat Apr 20 22:12:17 CEST 2019
Sat Apr 20 22:12:17 CEST 2019
Sat Apr 20 22:12:18 CEST 2019
Sat Apr 20 22:12:18 CEST 2019
Sat Apr 20 22:12:19 CEST 2019
Sat Apr 20 22:12:19 CEST 2019
Sat Apr 20 22:12:20 CEST 2019
Sat Apr 20 22:12:20 CEST 2019
Sat Apr 20 22:12:21 CEST 2019
Sat Apr 20 22:12:21 CEST 2019
Sat Apr 20 22:12:22 CEST 2019
Sat Apr 20 22:12:22 CEST 2019
Sat Apr 20 22:12:23 CEST 2019
Sat Apr 20 22:12:23 CEST 2019
Sat Apr 20 22:12:24 CEST 2019
Sat Apr 20 22:12:24 CEST 2019
Sat Apr 20 22:12:25 CEST 2019
Sat Apr 20 22:12:25 CEST 2019
Sat Apr 20 22:12:26 CEST 2019
Sat Apr 20 22:12:26 CEST 2019
Sat Apr 20 22:12:27 CEST 2019
Sat Apr 20 22:12:27 CEST 2019
Sat Apr 20 22:12:28 CEST 2019
Sat Apr 20 22:12:28 CEST 2019
Sat Apr 20 22:12:29 CEST 2019
Sat Apr 20 22:12:29 CEST 2019
Sat Apr 20 22:12:30 CEST 2019
Sat Apr 20 22:12:30 CEST 2019
Sat Apr 20 22:12:31 CEST 2019
Sat Apr 20 22:12:31 CEST 2019
Sat Apr 20 22:12:32 CEST 2019
Sat Apr 20 22:12:32 CEST 2019
Sat Apr 20 22:12:33 CEST 2019
Sat Apr 20 22:12:33 CEST 2019
Sat Apr 20 22:12:34 CEST 2019
Sat Apr 20 22:12:34 CEST 2019
Sat Apr 20 22:12:35 CEST 2019
Sat Apr 20 22:12:35 CEST 2019
Sat Apr 20 22:12:36 CEST 2019
Sat Apr 20 22:12:36 CEST 2019
Sat Apr 20 22:12:37 CEST 2019
Sat Apr 20 22:12:37 CEST 2019
Sat Apr 20 22:12:38 CEST 2019
Sat Apr 20 22:12:38 CEST 2019
Sat Apr 20 22:12:39 CEST 2019
Sat Apr 20 22:12:39 CEST 2019
Sat Apr 20 22:12:40 CEST 2019
Sat Apr 20 22:12:40 CEST 2019
Sat Apr 20 22:12:41 CEST 2019
Sat Apr 20 22:12:41 CEST 2019
Sat Apr 20 22:12:42 CEST 2019
Sat Apr 20 22:12:42 CEST 2019
Sat Apr 20 22:12:43 CEST 2019
Sat Apr 20 22:12:44 CEST 2019
Sat Apr 20 22:12:44 CEST 2019
Sat Apr 20 22:12:45 CEST 2019
Sat Apr 20 22:12:45 CEST 2019
Sat Apr 20 22:12:46 CEST 2019
Sat Apr 20 22:12:46 CEST 2019
Sat Apr 20 22:12:47 CEST 2019
Sat Apr 20 22:12:47 CEST 2019
Sat Apr 20 22:12:48 CEST 2019
Sat Apr 20 22:12:48 CEST 2019
Sat Apr 20 22:12:49 CEST 2019
Sat Apr 20 22:12:49 CEST 2019
Sat Apr 20 22:12:50 CEST 2019
Sat Apr 20 22:12:50 CEST 2019
Sat Apr 20 22:12:51 CEST 2019
Sat Apr 20 22:12:51 CEST 2019
Sat Apr 20 22:12:52 CEST 2019
Sat Apr 20 22:12:52 CEST 2019
Sat Apr 20 22:12:53 CEST 2019
Sat Apr 20 22:12:53 CEST 2019
Sat Apr 20 22:12:54 CEST 2019
Sat Apr 20 22:12:54 CEST 2019
Sat Apr 20 22:12:55 CEST 2019
Sat Apr 20 22:12:55 CEST 2019
Sat Apr 20 22:12:56 CEST 2019
Sat Apr 20 22:12:56 CEST 2019
Sat Apr 20 22:12:57 CEST 2019
Sat Apr 20 22:12:57 CEST 2019
Sat Apr 20 22:12:58 CEST 2019
Sat Apr 20 22:12:58 CEST 2019
Sat Apr 20 22:12:59 CEST 2019
Sat Apr 20 22:12:59 CEST 2019
Sat Apr 20 22:13:00 CEST 2019
Sat Apr 20 22:13:00 CEST 2019
Sat Apr 20 22:13:01 CEST 2019
Sat Apr 20 22:13:01 CEST 2019
Sat Apr 20 22:13:02 CEST 2019
Sat Apr 20 22:13:02 CEST 2019
Sat Apr 20 22:13:03 CEST 2019
Sat Apr 20 22:13:03 CEST 2019
Sat Apr 20 22:13:04 CEST 2019
Sat Apr 20 22:13:04 CEST 2019
Sat Apr 20 22:13:05 CEST 2019
Sat Apr 20 22:13:05 CEST 2019
Sat Apr 20 22:13:06 CEST 2019
Sat Apr 20 22:13:06 CEST 2019
Sat Apr 20 22:13:07 CEST 2019
Sat Apr 20 22:13:07 CEST 2019
Sat Apr 20 22:13:08 CEST 2019
Sat Apr 20 22:13:08 CEST 2019
Sat Apr 20 22:13:09 CEST 2019
Sat Apr 20 22:13:09 CEST 2019
Sat Apr 20 22:13:10 CEST 2019
Sat Apr 20 22:13:11 CEST 2019
Sat Apr 20 22:13:11 CEST 2019
Sat Apr 20 22:13:12 CEST 2019
Sat Apr 20 22:13:12 CEST 2019
Sat Apr 20 22:13:13 CEST 2019
Sat Apr 20 22:13:13 CEST 2019
Sat Apr 20 22:13:14 CEST 2019
Sat Apr 20 22:13:14 CEST 2019
Sat Apr 20 22:13:15 CEST 2019
Sat Apr 20 22:13:15 CEST 2019
Sat Apr 20 22:13:16 CEST 2019
Sat Apr 20 22:13:16 CEST 2019
Sat Apr 20 22:13:17 CEST 2019
Sat Apr 20 22:13:17 CEST 2019
Sat Apr 20 22:13:18 CEST 2019
Sat Apr 20 22:13:18 CEST 2019
Sat Apr 20 22:13:19 CEST 2019
Sat Apr 20 22:13:19 CEST 2019
Sat Apr 20 22:13:20 CEST 2019
Sat Apr 20 22:13:20 CEST 2019
Sat Apr 20 22:13:21 CEST 2019
Sat Apr 20 22:13:21 CEST 2019
Sat Apr 20 22:13:22 CEST 2019
Sat Apr 20 22:13:22 CEST 2019
Sat Apr 20 22:13:23 CEST 2019
Sat Apr 20 22:13:23 CEST 2019
Sat Apr 20 22:13:24 CEST 2019
Sat Apr 20 22:13:24 CEST 2019
Sat Apr 20 22:13:25 CEST 2019
Sat Apr 20 22:13:25 CEST 2019
Sat Apr 20 22:13:26 CEST 2019
Sat Apr 20 22:13:26 CEST 2019
Sat Apr 20 22:13:27 CEST 2019
Sat Apr 20 22:13:27 CEST 2019
Sat Apr 20 22:13:28 CEST 2019
Sat Apr 20 22:13:28 CEST 2019
Sat Apr 20 22:13:29 CEST 2019
Sat Apr 20 22:13:29 CEST 2019
Sat Apr 20 22:13:30 CEST 2019
Sat Apr 20 22:13:30 CEST 2019
Sat Apr 20 22:13:31 CEST 2019
Sat Apr 20 22:13:31 CEST 2019
Sat Apr 20 22:13:32 CEST 2019
Sat Apr 20 22:13:32 CEST 2019
Sat Apr 20 22:13:33 CEST 2019
Sat Apr 20 22:13:33 CEST 2019
Sat Apr 20 22:13:34 CEST 2019
Sat Apr 20 22:13:34 CEST 2019
Sat Apr 20 22:13:35 CEST 2019
Sat Apr 20 22:13:35 CEST 2019
Sat Apr 20 22:13:36 CEST 2019
Sat Apr 20 22:13:37 CEST 2019
Sat Apr 20 22:13:37 CEST 2019
Sat Apr 20 22:13:38 CEST 2019
Sat Apr 20 22:13:38 CEST 2019
Sat Apr 20 22:13:39 CEST 2019
Sat Apr 20 22:13:39 CEST 2019
Sat Apr 20 22:13:40 CEST 2019
Sat Apr 20 22:13:40 CEST 2019
Sat Apr 20 22:13:41 CEST 2019
Sat Apr 20 22:13:41 CEST 2019
Sat Apr 20 22:13:42 CEST 2019
Sat Apr 20 22:13:42 CEST 2019
Sat Apr 20 22:13:43 CEST 2019
Sat Apr 20 22:13:43 CEST 2019
Sat Apr 20 22:13:44 CEST 2019
Sat Apr 20 22:13:44 CEST 2019
Sat Apr 20 22:13:45 CEST 2019
Sat Apr 20 22:13:45 CEST 2019
Sat Apr 20 22:13:46 CEST 2019
Sat Apr 20 22:13:46 CEST 2019
Sat Apr 20 22:13:47 CEST 2019
Sat Apr 20 22:13:47 CEST 2019
Sat Apr 20 22:13:48 CEST 2019
Sat Apr 20 22:13:48 CEST 2019
Sat Apr 20 22:13:49 CEST 2019
Sat Apr 20 22:13:49 CEST 2019
Sat Apr 20 22:13:50 CEST 2019
Sat Apr 20 22:13:50 CEST 2019
Sat Apr 20 22:13:51 CEST 2019
Sat Apr 20 22:13:51 CEST 2019
Sat Apr 20 22:13:52 CEST 2019
Sat Apr 20 22:13:52 CEST 2019
Sat Apr 20 22:13:53 CEST 2019
Sat Apr 20 22:13:53 CEST 2019
Sat Apr 20 22:13:54 CEST 2019
Sat Apr 20 22:13:54 CEST 2019
Sat Apr 20 22:13:55 CEST 2019
Sat Apr 20 22:13:55 CEST 2019
Sat Apr 20 22:13:56 CEST 2019
Sat Apr 20 22:13:56 CEST 2019
Sat Apr 20 22:13:57 CEST 2019
Sat Apr 20 22:13:57 CEST 2019
Sat Apr 20 22:13:58 CEST 2019
Sat Apr 20 22:13:58 CEST 2019
Sat Apr 20 22:13:59 CEST 2019
Sat Apr 20 22:13:59 CEST 2019
Sat Apr 20 22:14:00 CEST 2019
Sat Apr 20 22:14:00 CEST 2019
Sat Apr 20 22:14:01 CEST 2019
Sat Apr 20 22:14:02 CEST 2019
Sat Apr 20 22:14:02 CEST 2019
Sat Apr 20 22:14:03 CEST 2019
Sat Apr 20 22:14:03 CEST 2019
Sat Apr 20 22:14:04 CEST 2019
Sat Apr 20 22:14:04 CEST 2019
Sat Apr 20 22:14:05 CEST 2019
Sat Apr 20 22:14:05 CEST 2019
Sat Apr 20 22:14:06 CEST 2019
Sat Apr 20 22:14:06 CEST 2019
Sat Apr 20 22:14:07 CEST 2019
Sat Apr 20 22:14:07 CEST 2019
Sat Apr 20 22:14:08 CEST 2019
Sat Apr 20 22:14:08 CEST 2019
Sat Apr 20 22:14:09 CEST 2019
Sat Apr 20 22:14:09 CEST 2019
Sat Apr 20 22:14:10 CEST 2019
Sat Apr 20 22:14:10 CEST 2019
Sat Apr 20 22:14:11 CEST 2019
Sat Apr 20 22:14:11 CEST 2019
Sat Apr 20 22:14:12 CEST 2019
Sat Apr 20 22:14:12 CEST 2019
Sat Apr 20 22:14:13 CEST 2019
Sat Apr 20 22:14:13 CEST 2019
Sat Apr 20 22:14:14 CEST 2019
Sat Apr 20 22:14:14 CEST 2019
Sat Apr 20 22:14:15 CEST 2019
Sat Apr 20 22:14:15 CEST 2019
Sat Apr 20 22:14:16 CEST 2019
Sat Apr 20 22:14:16 CEST 2019
Sat Apr 20 22:14:17 CEST 2019
Sat Apr 20 22:14:17 CEST 2019
Sat Apr 20 22:14:18 CEST 2019
Sat Apr 20 22:14:18 CEST 2019
Sat Apr 20 22:14:19 CEST 2019
Sat Apr 20 22:14:19 CEST 2019
Sat Apr 20 22:14:20 CEST 2019
Sat Apr 20 22:14:20 CEST 2019
Sat Apr 20 22:14:21 CEST 2019
Sat Apr 20 22:14:21 CEST 2019
Sat Apr 20 22:14:22 CEST 2019
Sat Apr 20 22:14:22 CEST 2019
Sat Apr 20 22:14:23 CEST 2019
Sat Apr 20 22:14:23 CEST 2019
Sat Apr 20 22:14:24 CEST 2019
Sat Apr 20 22:14:24 CEST 2019
Sat Apr 20 22:14:25 CEST 2019
Sat Apr 20 22:14:25 CEST 2019
Sat Apr 20 22:14:26 CEST 2019
Sat Apr 20 22:14:26 CEST 2019
Sat Apr 20 22:14:27 CEST 2019
Sat Apr 20 22:14:28 CEST 2019
Sat Apr 20 22:14:28 CEST 2019
Sat Apr 20 22:14:29 CEST 2019
Sat Apr 20 22:14:29 CEST 2019
Sat Apr 20 22:14:30 CEST 2019
Sat Apr 20 22:14:30 CEST 2019
Sat Apr 20 22:14:31 CEST 2019
Sat Apr 20 22:14:31 CEST 2019
Sat Apr 20 22:14:32 CEST 2019
Sat Apr 20 22:14:32 CEST 2019
Sat Apr 20 22:14:33 CEST 2019
Sat Apr 20 22:14:33 CEST 2019
Sat Apr 20 22:14:34 CEST 2019
Sat Apr 20 22:14:34 CEST 2019
Sat Apr 20 22:14:35 CEST 2019
Sat Apr 20 22:14:35 CEST 2019
Sat Apr 20 22:14:36 CEST 2019
Sat Apr 20 22:14:36 CEST 2019
Sat Apr 20 22:14:37 CEST 2019
Sat Apr 20 22:14:37 CEST 2019
Sat Apr 20 22:14:38 CEST 2019
Sat Apr 20 22:14:38 CEST 2019
Sat Apr 20 22:14:39 CEST 2019
Sat Apr 20 22:14:39 CEST 2019
Sat Apr 20 22:14:40 CEST 2019
Sat Apr 20 22:14:40 CEST 2019
Sat Apr 20 22:14:41 CEST 2019
Sat Apr 20 22:14:41 CEST 2019
Sat Apr 20 22:14:42 CEST 2019
Sat Apr 20 22:14:42 CEST 2019
Sat Apr 20 22:14:43 CEST 2019
Sat Apr 20 22:14:43 CEST 2019
Sat Apr 20 22:14:44 CEST 2019
Sat Apr 20 22:14:44 CEST 2019
Sat Apr 20 22:14:45 CEST 2019
Sat Apr 20 22:14:45 CEST 2019
Sat Apr 20 22:14:46 CEST 2019
Sat Apr 20 22:14:46 CEST 2019
Sat Apr 20 22:14:47 CEST 2019
Sat Apr 20 22:14:47 CEST 2019
Sat Apr 20 22:14:48 CEST 2019
Sat Apr 20 22:14:48 CEST 2019
Sat Apr 20 22:14:49 CEST 2019
Sat Apr 20 22:14:49 CEST 2019
Sat Apr 20 22:14:50 CEST 2019
Sat Apr 20 22:14:50 CEST 2019
Sat Apr 20 22:14:51 CEST 2019
Sat Apr 20 22:14:51 CEST 2019
Sat Apr 20 22:14:52 CEST 2019
Sat Apr 20 22:14:52 CEST 2019
Sat Apr 20 22:14:53 CEST 2019
Sat Apr 20 22:14:54 CEST 2019
Sat Apr 20 22:14:54 CEST 2019
Sat Apr 20 22:14:55 CEST 2019
Sat Apr 20 22:14:55 CEST 2019
Sat Apr 20 22:14:56 CEST 2019
Sat Apr 20 22:14:56 CEST 2019
Sat Apr 20 22:14:57 CEST 2019
Sat Apr 20 22:14:57 CEST 2019
Sat Apr 20 22:14:58 CEST 2019
Sat Apr 20 22:14:58 CEST 2019
Sat Apr 20 22:14:59 CEST 2019
Sat Apr 20 22:14:59 CEST 2019
Sat Apr 20 22:15:00 CEST 2019
Sat Apr 20 22:15:00 CEST 2019
Sat Apr 20 22:15:01 CEST 2019
Sat Apr 20 22:15:01 CEST 2019
Sat Apr 20 22:15:02 CEST 2019
Sat Apr 20 22:15:02 CEST 2019
Sat Apr 20 22:15:03 CEST 2019
Sat Apr 20 22:15:03 CEST 2019
Sat Apr 20 22:15:04 CEST 2019
Sat Apr 20 22:15:04 CEST 2019
Sat Apr 20 22:15:05 CEST 2019
Sat Apr 20 22:15:05 CEST 2019
Sat Apr 20 22:15:06 CEST 2019
Sat Apr 20 22:15:06 CEST 2019
Sat Apr 20 22:15:07 CEST 2019
Sat Apr 20 22:15:07 CEST 2019
Sat Apr 20 22:15:08 CEST 2019
Sat Apr 20 22:15:08 CEST 2019
Sat Apr 20 22:15:09 CEST 2019
Sat Apr 20 22:15:09 CEST 2019
Sat Apr 20 22:15:10 CEST 2019
Sat Apr 20 22:15:10 CEST 2019
Sat Apr 20 22:15:11 CEST 2019
Sat Apr 20 22:15:11 CEST 2019
Sat Apr 20 22:15:12 CEST 2019
Sat Apr 20 22:15:12 CEST 2019
Sat Apr 20 22:15:13 CEST 2019
Sat Apr 20 22:15:13 CEST 2019
Sat Apr 20 22:15:14 CEST 2019
Sat Apr 20 22:15:14 CEST 2019
Sat Apr 20 22:15:15 CEST 2019
Sat Apr 20 22:15:15 CEST 2019
Sat Apr 20 22:15:16 CEST 2019
Sat Apr 20 22:15:16 CEST 2019
Sat Apr 20 22:15:17 CEST 2019
Sat Apr 20 22:15:17 CEST 2019
Sat Apr 20 22:15:18 CEST 2019
Sat Apr 20 22:15:18 CEST 2019
Sat Apr 20 22:15:19 CEST 2019
Sat Apr 20 22:15:19 CEST 2019
Sat Apr 20 22:15:20 CEST 2019
Sat Apr 20 22:15:21 CEST 2019
Sat Apr 20 22:15:21 CEST 2019
Sat Apr 20 22:15:22 CEST 2019
Sat Apr 20 22:15:22 CEST 2019
Sat Apr 20 22:15:23 CEST 2019
Sat Apr 20 22:15:23 CEST 2019
Sat Apr 20 22:15:24 CEST 2019
Sat Apr 20 22:15:24 CEST 2019
Sat Apr 20 22:15:25 CEST 2019
Sat Apr 20 22:15:25 CEST 2019
Sat Apr 20 22:15:26 CEST 2019
Sat Apr 20 22:15:26 CEST 2019
Sat Apr 20 22:15:27 CEST 2019
Sat Apr 20 22:15:27 CEST 2019
Sat Apr 20 22:15:28 CEST 2019
Sat Apr 20 22:15:28 CEST 2019
Sat Apr 20 22:15:29 CEST 2019
Sat Apr 20 22:15:29 CEST 2019
Sat Apr 20 22:15:30 CEST 2019
Sat Apr 20 22:15:30 CEST 2019
Sat Apr 20 22:15:31 CEST 2019
Sat Apr 20 22:15:31 CEST 2019
Sat Apr 20 22:15:32 CEST 2019
Sat Apr 20 22:15:32 CEST 2019
Sat Apr 20 22:15:33 CEST 2019
Sat Apr 20 22:15:33 CEST 2019
Sat Apr 20 22:15:34 CEST 2019
Sat Apr 20 22:15:34 CEST 2019
Sat Apr 20 22:15:35 CEST 2019
Sat Apr 20 22:15:35 CEST 2019
Sat Apr 20 22:15:36 CEST 2019
Sat Apr 20 22:15:36 CEST 2019
Sat Apr 20 22:15:37 CEST 2019
Sat Apr 20 22:15:37 CEST 2019
Sat Apr 20 22:15:38 CEST 2019
Sat Apr 20 22:15:38 CEST 2019
Sat Apr 20 22:15:39 CEST 2019
Sat Apr 20 22:15:39 CEST 2019
Sat Apr 20 22:15:40 CEST 2019
Sat Apr 20 22:15:40 CEST 2019
Sat Apr 20 22:15:41 CEST 2019
Sat Apr 20 22:15:41 CEST 2019
Sat Apr 20 22:15:42 CEST 2019
Sat Apr 20 22:15:42 CEST 2019
Sat Apr 20 22:15:43 CEST 2019
Sat Apr 20 22:15:43 CEST 2019
Sat Apr 20 22:15:44 CEST 2019
Sat Apr 20 22:15:44 CEST 2019
Sat Apr 20 22:15:45 CEST 2019
Sat Apr 20 22:15:45 CEST 2019
Sat Apr 20 22:15:46 CEST 2019
Sat Apr 20 22:15:46 CEST 2019
Sat Apr 20 22:15:47 CEST 2019
Sat Apr 20 22:15:47 CEST 2019
Sat Apr 20 22:15:48 CEST 2019
Sat Apr 20 22:15:49 CEST 2019
Sat Apr 20 22:15:49 CEST 2019
Sat Apr 20 22:15:50 CEST 2019
Sat Apr 20 22:15:50 CEST 2019
Sat Apr 20 22:15:51 CEST 2019
Sat Apr 20 22:15:51 CEST 2019
Sat Apr 20 22:15:52 CEST 2019
Sat Apr 20 22:15:52 CEST 2019
Sat Apr 20 22:15:53 CEST 2019
Sat Apr 20 22:15:53 CEST 2019
Sat Apr 20 22:15:54 CEST 2019
Sat Apr 20 22:15:54 CEST 2019
Sat Apr 20 22:15:55 CEST 2019
Sat Apr 20 22:15:55 CEST 2019
Sat Apr 20 22:15:56 CEST 2019
Sat Apr 20 22:15:56 CEST 2019
Sat Apr 20 22:15:57 CEST 2019
Sat Apr 20 22:15:57 CEST 2019
Sat Apr 20 22:15:58 CEST 2019
Sat Apr 20 22:15:58 CEST 2019
Sat Apr 20 22:15:59 CEST 2019
Sat Apr 20 22:15:59 CEST 2019
Sat Apr 20 22:16:00 CEST 2019
Sat Apr 20 22:16:00 CEST 2019
Sat Apr 20 22:16:01 CEST 2019
Sat Apr 20 22:16:01 CEST 2019
Sat Apr 20 22:16:02 CEST 2019
Sat Apr 20 22:16:02 CEST 2019
Sat Apr 20 22:16:03 CEST 2019
Sat Apr 20 22:16:03 CEST 2019
Sat Apr 20 22:16:04 CEST 2019
Sat Apr 20 22:16:04 CEST 2019
Sat Apr 20 22:16:05 CEST 2019
Sat Apr 20 22:16:05 CEST 2019
Sat Apr 20 22:16:06 CEST 2019
Sat Apr 20 22:16:06 CEST 2019
Sat Apr 20 22:16:07 CEST 2019
Sat Apr 20 22:16:07 CEST 2019
Sat Apr 20 22:16:08 CEST 2019
Sat Apr 20 22:16:08 CEST 2019
Sat Apr 20 22:16:09 CEST 2019
Sat Apr 20 22:16:09 CEST 2019
Sat Apr 20 22:16:10 CEST 2019
Sat Apr 20 22:16:10 CEST 2019
Sat Apr 20 22:16:11 CEST 2019
Sat Apr 20 22:16:11 CEST 2019
Sat Apr 20 22:16:12 CEST 2019
Sat Apr 20 22:16:12 CEST 2019
Sat Apr 20 22:16:13 CEST 2019
Sat Apr 20 22:16:13 CEST 2019
Sat Apr 20 22:16:14 CEST 2019
Sat Apr 20 22:16:15 CEST 2019
Sat Apr 20 22:16:15 CEST 2019
Sat Apr 20 22:16:16 CEST 2019
Sat Apr 20 22:16:16 CEST 2019
Sat Apr 20 22:16:17 CEST 2019
Sat Apr 20 22:16:17 CEST 2019
Sat Apr 20 22:16:18 CEST 2019
Sat Apr 20 22:16:18 CEST 2019
Sat Apr 20 22:16:19 CEST 2019
Sat Apr 20 22:16:19 CEST 2019
Sat Apr 20 22:16:20 CEST 2019
Sat Apr 20 22:16:20 CEST 2019
Sat Apr 20 22:16:21 CEST 2019
Sat Apr 20 22:16:21 CEST 2019
Sat Apr 20 22:16:22 CEST 2019
Sat Apr 20 22:16:22 CEST 2019
Sat Apr 20 22:16:23 CEST 2019
Sat Apr 20 22:16:23 CEST 2019
Sat Apr 20 22:16:24 CEST 2019
Sat Apr 20 22:16:24 CEST 2019
Sat Apr 20 22:16:25 CEST 2019
Sat Apr 20 22:16:25 CEST 2019
Sat Apr 20 22:16:26 CEST 2019
Sat Apr 20 22:16:26 CEST 2019
Sat Apr 20 22:16:27 CEST 2019
Sat Apr 20 22:16:27 CEST 2019
Sat Apr 20 22:16:28 CEST 2019
Sat Apr 20 22:16:28 CEST 2019
Sat Apr 20 22:16:29 CEST 2019
Sat Apr 20 22:16:29 CEST 2019
Sat Apr 20 22:16:30 CEST 2019
Sat Apr 20 22:16:30 CEST 2019
Sat Apr 20 22:16:31 CEST 2019
Sat Apr 20 22:16:31 CEST 2019
Sat Apr 20 22:16:32 CEST 2019
Sat Apr 20 22:16:32 CEST 2019
Sat Apr 20 22:16:33 CEST 2019
Sat Apr 20 22:16:33 CEST 2019
Sat Apr 20 22:16:34 CEST 2019
Sat Apr 20 22:16:34 CEST 2019
Sat Apr 20 22:16:35 CEST 2019
Sat Apr 20 22:16:35 CEST 2019
Sat Apr 20 22:16:36 CEST 2019
Sat Apr 20 22:16:36 CEST 2019
Sat Apr 20 22:16:37 CEST 2019
Sat Apr 20 22:16:37 CEST 2019
Sat Apr 20 22:16:38 CEST 2019
Sat Apr 20 22:16:38 CEST 2019
Sat Apr 20 22:16:39 CEST 2019
Sat Apr 20 22:16:39 CEST 2019
Sat Apr 20 22:16:40 CEST 2019
Sat Apr 20 22:16:41 CEST 2019
Sat Apr 20 22:16:41 CEST 2019
Sat Apr 20 22:16:42 CEST 2019
Sat Apr 20 22:16:42 CEST 2019
Sat Apr 20 22:16:43 CEST 2019
Sat Apr 20 22:16:43 CEST 2019
Sat Apr 20 22:16:44 CEST 2019
Sat Apr 20 22:16:44 CEST 2019
Sat Apr 20 22:16:45 CEST 2019
Sat Apr 20 22:16:45 CEST 2019
Sat Apr 20 22:16:46 CEST 2019
Sat Apr 20 22:16:46 CEST 2019
Sat Apr 20 22:16:47 CEST 2019
Sat Apr 20 22:16:47 CEST 2019
Sat Apr 20 22:16:48 CEST 2019
Sat Apr 20 22:16:48 CEST 2019
Sat Apr 20 22:16:49 CEST 2019
Sat Apr 20 22:16:49 CEST 2019
Sat Apr 20 22:16:50 CEST 2019
Sat Apr 20 22:16:50 CEST 2019
Sat Apr 20 22:16:51 CEST 2019
Sat Apr 20 22:16:51 CEST 2019
Sat Apr 20 22:16:52 CEST 2019
Sat Apr 20 22:16:52 CEST 2019
Sat Apr 20 22:16:53 CEST 2019
Sat Apr 20 22:16:53 CEST 2019
Sat Apr 20 22:16:54 CEST 2019
Sat Apr 20 22:16:54 CEST 2019
Sat Apr 20 22:16:55 CEST 2019
Sat Apr 20 22:16:55 CEST 2019
Sat Apr 20 22:16:56 CEST 2019
Sat Apr 20 22:16:56 CEST 2019
Sat Apr 20 22:16:57 CEST 2019
Sat Apr 20 22:16:57 CEST 2019
Sat Apr 20 22:16:58 CEST 2019
Sat Apr 20 22:16:58 CEST 2019
Sat Apr 20 22:16:59 CEST 2019
Sat Apr 20 22:16:59 CEST 2019
Sat Apr 20 22:17:00 CEST 2019
Sat Apr 20 22:17:00 CEST 2019
Sat Apr 20 22:17:01 CEST 2019
Sat Apr 20 22:17:01 CEST 2019
Sat Apr 20 22:17:02 CEST 2019
Sat Apr 20 22:17:02 CEST 2019
Sat Apr 20 22:17:03 CEST 2019
Sat Apr 20 22:17:04 CEST 2019
Sat Apr 20 22:17:04 CEST 2019
Sat Apr 20 22:17:05 CEST 2019
Sat Apr 20 22:17:05 CEST 2019
Sat Apr 20 22:17:06 CEST 2019
Sat Apr 20 22:17:06 CEST 2019
Sat Apr 20 22:17:07 CEST 2019
Sat Apr 20 22:17:07 CEST 2019
Sat Apr 20 22:17:08 CEST 2019
Sat Apr 20 22:17:08 CEST 2019
Sat Apr 20 22:17:09 CEST 2019
Sat Apr 20 22:17:09 CEST 2019
Sat Apr 20 22:17:10 CEST 2019
Sat Apr 20 22:17:10 CEST 2019
Sat Apr 20 22:17:11 CEST 2019
Sat Apr 20 22:17:11 CEST 2019
Sat Apr 20 22:17:12 CEST 2019
Sat Apr 20 22:17:12 CEST 2019
Sat Apr 20 22:17:13 CEST 2019
Sat Apr 20 22:17:13 CEST 2019
Sat Apr 20 22:17:14 CEST 2019
Sat Apr 20 22:17:14 CEST 2019
Sat Apr 20 22:17:15 CEST 2019
Sat Apr 20 22:17:15 CEST 2019
Sat Apr 20 22:17:16 CEST 2019
Sat Apr 20 22:17:16 CEST 2019
Sat Apr 20 22:17:17 CEST 2019
Sat Apr 20 22:17:17 CEST 2019
Sat Apr 20 22:17:18 CEST 2019
Sat Apr 20 22:17:18 CEST 2019
Sat Apr 20 22:17:19 CEST 2019
Sat Apr 20 22:17:19 CEST 2019
Sat Apr 20 22:17:20 CEST 2019
Sat Apr 20 22:17:20 CEST 2019
Sat Apr 20 22:17:21 CEST 2019
Sat Apr 20 22:17:21 CEST 2019
Sat Apr 20 22:17:22 CEST 2019
Sat Apr 20 22:17:22 CEST 2019
Sat Apr 20 22:17:23 CEST 2019
Sat Apr 20 22:17:23 CEST 2019
Sat Apr 20 22:17:24 CEST 2019
Sat Apr 20 22:17:24 CEST 2019
Sat Apr 20 22:17:25 CEST 2019
Sat Apr 20 22:17:25 CEST 2019
Sat Apr 20 22:17:26 CEST 2019
Sat Apr 20 22:17:27 CEST 2019
Sat Apr 20 22:17:27 CEST 2019
Sat Apr 20 22:17:28 CEST 2019
Sat Apr 20 22:17:28 CEST 2019
Sat Apr 20 22:17:29 CEST 2019
Sat Apr 20 22:17:29 CEST 2019
Sat Apr 20 22:17:30 CEST 2019
Sat Apr 20 22:17:30 CEST 2019
Sat Apr 20 22:17:31 CEST 2019
Sat Apr 20 22:17:31 CEST 2019
Sat Apr 20 22:17:32 CEST 2019
Sat Apr 20 22:17:32 CEST 2019
Sat Apr 20 22:17:33 CEST 2019
Sat Apr 20 22:17:33 CEST 2019
Sat Apr 20 22:17:34 CEST 2019
Sat Apr 20 22:17:34 CEST 2019
Sat Apr 20 22:17:35 CEST 2019
Sat Apr 20 22:17:35 CEST 2019
Sat Apr 20 22:17:36 CEST 2019
Sat Apr 20 22:17:36 CEST 2019
Sat Apr 20 22:17:37 CEST 2019
Sat Apr 20 22:17:37 CEST 2019
Sat Apr 20 22:17:38 CEST 2019
Sat Apr 20 22:17:38 CEST 2019
Sat Apr 20 22:17:39 CEST 2019
Sat Apr 20 22:17:39 CEST 2019
Sat Apr 20 22:17:40 CEST 2019
Sat Apr 20 22:17:40 CEST 2019
Sat Apr 20 22:17:41 CEST 2019
Sat Apr 20 22:17:41 CEST 2019
Sat Apr 20 22:17:42 CEST 2019
Sat Apr 20 22:17:42 CEST 2019
Sat Apr 20 22:17:43 CEST 2019
Sat Apr 20 22:17:43 CEST 2019
Sat Apr 20 22:17:44 CEST 2019
Sat Apr 20 22:17:44 CEST 2019
Sat Apr 20 22:17:45 CEST 2019
Sat Apr 20 22:17:45 CEST 2019
Sat Apr 20 22:17:46 CEST 2019
Sat Apr 20 22:17:46 CEST 2019
Sat Apr 20 22:17:47 CEST 2019
Sat Apr 20 22:17:47 CEST 2019
Sat Apr 20 22:17:48 CEST 2019
Sat Apr 20 22:17:48 CEST 2019
Sat Apr 20 22:17:49 CEST 2019
Sat Apr 20 22:17:50 CEST 2019
Sat Apr 20 22:17:50 CEST 2019
Sat Apr 20 22:17:51 CEST 2019
Sat Apr 20 22:17:51 CEST 2019
Sat Apr 20 22:17:52 CEST 2019
Sat Apr 20 22:17:52 CEST 2019
Sat Apr 20 22:17:53 CEST 2019
Sat Apr 20 22:17:53 CEST 2019
Sat Apr 20 22:17:54 CEST 2019
Sat Apr 20 22:17:54 CEST 2019
Sat Apr 20 22:17:55 CEST 2019
Sat Apr 20 22:17:55 CEST 2019
Sat Apr 20 22:17:56 CEST 2019
Sat Apr 20 22:17:56 CEST 2019
Sat Apr 20 22:17:57 CEST 2019
Sat Apr 20 22:17:57 CEST 2019
Sat Apr 20 22:17:58 CEST 2019
Sat Apr 20 22:17:58 CEST 2019
Sat Apr 20 22:17:59 CEST 2019
Sat Apr 20 22:17:59 CEST 2019
Sat Apr 20 22:18:00 CEST 2019
Sat Apr 20 22:18:00 CEST 2019
Sat Apr 20 22:18:01 CEST 2019
Sat Apr 20 22:18:01 CEST 2019
Sat Apr 20 22:18:02 CEST 2019
Sat Apr 20 22:18:02 CEST 2019
Sat Apr 20 22:18:03 CEST 2019
Sat Apr 20 22:18:03 CEST 2019
Sat Apr 20 22:18:04 CEST 2019
Sat Apr 20 22:18:04 CEST 2019
Sat Apr 20 22:18:05 CEST 2019
Sat Apr 20 22:18:05 CEST 2019
Sat Apr 20 22:18:06 CEST 2019
Sat Apr 20 22:18:06 CEST 2019
Sat Apr 20 22:18:07 CEST 2019
Sat Apr 20 22:18:07 CEST 2019
Sat Apr 20 22:18:08 CEST 2019
Sat Apr 20 22:18:08 CEST 2019
Sat Apr 20 22:18:09 CEST 2019
Sat Apr 20 22:18:09 CEST 2019
Sat Apr 20 22:18:10 CEST 2019
Sat Apr 20 22:18:10 CEST 2019
Sat Apr 20 22:18:11 CEST 2019
Sat Apr 20 22:18:11 CEST 2019
Sat Apr 20 22:18:12 CEST 2019
Sat Apr 20 22:18:13 CEST 2019
Sat Apr 20 22:18:13 CEST 2019
Sat Apr 20 22:18:14 CEST 2019
Sat Apr 20 22:18:14 CEST 2019
Sat Apr 20 22:18:15 CEST 2019
Sat Apr 20 22:18:15 CEST 2019
Sat Apr 20 22:18:16 CEST 2019
Sat Apr 20 22:18:16 CEST 2019
Sat Apr 20 22:18:17 CEST 2019
Sat Apr 20 22:18:17 CEST 2019
Sat Apr 20 22:18:18 CEST 2019
Sat Apr 20 22:18:18 CEST 2019
Sat Apr 20 22:18:19 CEST 2019
Sat Apr 20 22:18:19 CEST 2019
Sat Apr 20 22:18:20 CEST 2019
Sat Apr 20 22:18:20 CEST 2019
Sat Apr 20 22:18:21 CEST 2019
Sat Apr 20 22:18:21 CEST 2019
Sat Apr 20 22:18:22 CEST 2019
Sat Apr 20 22:18:22 CEST 2019
Sat Apr 20 22:18:23 CEST 2019
Sat Apr 20 22:18:23 CEST 2019
Sat Apr 20 22:18:24 CEST 2019
Sat Apr 20 22:18:24 CEST 2019
Sat Apr 20 22:18:25 CEST 2019
Sat Apr 20 22:18:25 CEST 2019
Sat Apr 20 22:18:26 CEST 2019
Sat Apr 20 22:18:26 CEST 2019
Sat Apr 20 22:18:27 CEST 2019
Sat Apr 20 22:18:27 CEST 2019
Sat Apr 20 22:18:28 CEST 2019
Sat Apr 20 22:18:28 CEST 2019
Sat Apr 20 22:18:29 CEST 2019
Sat Apr 20 22:18:29 CEST 2019
Sat Apr 20 22:18:30 CEST 2019
Sat Apr 20 22:18:30 CEST 2019
Sat Apr 20 22:18:31 CEST 2019
Sat Apr 20 22:18:31 CEST 2019
Sat Apr 20 22:18:32 CEST 2019
Sat Apr 20 22:18:32 CEST 2019
Sat Apr 20 22:18:33 CEST 2019
Sat Apr 20 22:18:33 CEST 2019
Sat Apr 20 22:18:34 CEST 2019
Sat Apr 20 22:18:34 CEST 2019
Sat Apr 20 22:18:35 CEST 2019
Sat Apr 20 22:18:35 CEST 2019
Sat Apr 20 22:18:36 CEST 2019
Sat Apr 20 22:18:36 CEST 2019
Sat Apr 20 22:18:37 CEST 2019
Sat Apr 20 22:18:37 CEST 2019
Sat Apr 20 22:18:38 CEST 2019
Sat Apr 20 22:18:39 CEST 2019
Sat Apr 20 22:18:39 CEST 2019
Sat Apr 20 22:18:40 CEST 2019
Sat Apr 20 22:18:40 CEST 2019
Sat Apr 20 22:18:41 CEST 2019
Sat Apr 20 22:18:41 CEST 2019
Sat Apr 20 22:18:42 CEST 2019
Sat Apr 20 22:18:42 CEST 2019
Sat Apr 20 22:18:43 CEST 2019
Sat Apr 20 22:18:43 CEST 2019
Sat Apr 20 22:18:44 CEST 2019
Sat Apr 20 22:18:44 CEST 2019
Sat Apr 20 22:18:45 CEST 2019
Sat Apr 20 22:18:45 CEST 2019
Sat Apr 20 22:18:46 CEST 2019
Sat Apr 20 22:18:46 CEST 2019
Sat Apr 20 22:18:47 CEST 2019
Sat Apr 20 22:18:47 CEST 2019
Sat Apr 20 22:18:48 CEST 2019
Sat Apr 20 22:18:48 CEST 2019
Sat Apr 20 22:18:49 CEST 2019
Sat Apr 20 22:18:49 CEST 2019
Sat Apr 20 22:18:50 CEST 2019
Sat Apr 20 22:18:50 CEST 2019
Sat Apr 20 22:18:51 CEST 2019
Sat Apr 20 22:18:51 CEST 2019
Sat Apr 20 22:18:52 CEST 2019
Sat Apr 20 22:18:52 CEST 2019
Sat Apr 20 22:18:53 CEST 2019
Sat Apr 20 22:18:53 CEST 2019
Sat Apr 20 22:18:54 CEST 2019
Sat Apr 20 22:18:54 CEST 2019
Sat Apr 20 22:18:55 CEST 2019
Sat Apr 20 22:18:55 CEST 2019
Sat Apr 20 22:18:56 CEST 2019
Sat Apr 20 22:18:56 CEST 2019
Sat Apr 20 22:18:57 CEST 2019
Sat Apr 20 22:18:57 CEST 2019
Sat Apr 20 22:18:58 CEST 2019
Sat Apr 20 22:18:58 CEST 2019
Sat Apr 20 22:18:59 CEST 2019
Sat Apr 20 22:18:59 CEST 2019
Sat Apr 20 22:19:00 CEST 2019
Sat Apr 20 22:19:00 CEST 2019
Sat Apr 20 22:19:01 CEST 2019
Sat Apr 20 22:19:02 CEST 2019
Sat Apr 20 22:19:02 CEST 2019
Sat Apr 20 22:19:03 CEST 2019
Sat Apr 20 22:19:03 CEST 2019
Sat Apr 20 22:19:04 CEST 2019
Sat Apr 20 22:19:04 CEST 2019
Sat Apr 20 22:19:05 CEST 2019
Sat Apr 20 22:19:05 CEST 2019
Sat Apr 20 22:19:06 CEST 2019
Sat Apr 20 22:19:06 CEST 2019
Sat Apr 20 22:19:07 CEST 2019
Sat Apr 20 22:19:07 CEST 2019
Sat Apr 20 22:19:08 CEST 2019
Sat Apr 20 22:19:08 CEST 2019
Sat Apr 20 22:19:09 CEST 2019
Sat Apr 20 22:19:09 CEST 2019
Sat Apr 20 22:19:10 CEST 2019
Sat Apr 20 22:19:10 CEST 2019
Sat Apr 20 22:19:11 CEST 2019
Sat Apr 20 22:19:11 CEST 2019
Sat Apr 20 22:19:12 CEST 2019
Sat Apr 20 22:19:12 CEST 2019
Sat Apr 20 22:19:13 CEST 2019
Sat Apr 20 22:19:13 CEST 2019
Sat Apr 20 22:19:14 CEST 2019
Sat Apr 20 22:19:14 CEST 2019
Sat Apr 20 22:19:15 CEST 2019
Sat Apr 20 22:19:15 CEST 2019
Sat Apr 20 22:19:16 CEST 2019
Sat Apr 20 22:19:16 CEST 2019
Sat Apr 20 22:19:17 CEST 2019
Sat Apr 20 22:19:17 CEST 2019
Sat Apr 20 22:19:18 CEST 2019
Sat Apr 20 22:19:18 CEST 2019
Sat Apr 20 22:19:19 CEST 2019
Sat Apr 20 22:19:19 CEST 2019
Sat Apr 20 22:19:20 CEST 2019
Sat Apr 20 22:19:20 CEST 2019
Sat Apr 20 22:19:21 CEST 2019
Sat Apr 20 22:19:21 CEST 2019
Sat Apr 20 22:19:22 CEST 2019
Sat Apr 20 22:19:22 CEST 2019
Sat Apr 20 22:19:23 CEST 2019
Sat Apr 20 22:19:23 CEST 2019
Sat Apr 20 22:19:24 CEST 2019
Sat Apr 20 22:19:24 CEST 2019
Sat Apr 20 22:19:25 CEST 2019
Sat Apr 20 22:19:26 CEST 2019
Sat Apr 20 22:19:26 CEST 2019
Sat Apr 20 22:19:27 CEST 2019
Sat Apr 20 22:19:27 CEST 2019
Sat Apr 20 22:19:28 CEST 2019
Sat Apr 20 22:19:28 CEST 2019
Sat Apr 20 22:19:29 CEST 2019
Sat Apr 20 22:19:29 CEST 2019
Sat Apr 20 22:19:30 CEST 2019
Sat Apr 20 22:19:30 CEST 2019
Sat Apr 20 22:19:31 CEST 2019
Sat Apr 20 22:19:31 CEST 2019
Sat Apr 20 22:19:32 CEST 2019
Sat Apr 20 22:19:32 CEST 2019
Sat Apr 20 22:19:33 CEST 2019
Sat Apr 20 22:19:33 CEST 2019
Sat Apr 20 22:19:34 CEST 2019
Sat Apr 20 22:19:34 CEST 2019
Sat Apr 20 22:19:35 CEST 2019
Sat Apr 20 22:19:35 CEST 2019
Sat Apr 20 22:19:36 CEST 2019
Sat Apr 20 22:19:36 CEST 2019
Sat Apr 20 22:19:37 CEST 2019
Sat Apr 20 22:19:37 CEST 2019
Sat Apr 20 22:19:38 CEST 2019
Sat Apr 20 22:19:38 CEST 2019
Sat Apr 20 22:19:39 CEST 2019
Sat Apr 20 22:19:39 CEST 2019
Sat Apr 20 22:19:40 CEST 2019
Sat Apr 20 22:19:40 CEST 2019
Sat Apr 20 22:19:41 CEST 2019
Sat Apr 20 22:19:41 CEST 2019
Sat Apr 20 22:19:42 CEST 2019
Sat Apr 20 22:19:42 CEST 2019
Sat Apr 20 22:19:43 CEST 2019
Sat Apr 20 22:19:43 CEST 2019
Sat Apr 20 22:19:44 CEST 2019
Sat Apr 20 22:19:44 CEST 2019
Sat Apr 20 22:19:45 CEST 2019
Sat Apr 20 22:19:45 CEST 2019
Sat Apr 20 22:19:46 CEST 2019
Sat Apr 20 22:19:46 CEST 2019
Sat Apr 20 22:19:47 CEST 2019
Sat Apr 20 22:19:47 CEST 2019
Sat Apr 20 22:19:48 CEST 2019
Sat Apr 20 22:19:48 CEST 2019
Sat Apr 20 22:19:49 CEST 2019
Sat Apr 20 22:19:49 CEST 2019
Sat Apr 20 22:19:50 CEST 2019
Sat Apr 20 22:19:51 CEST 2019
Sat Apr 20 22:19:51 CEST 2019
Sat Apr 20 22:19:52 CEST 2019
Sat Apr 20 22:19:52 CEST 2019
Sat Apr 20 22:19:53 CEST 2019
Sat Apr 20 22:19:53 CEST 2019
Sat Apr 20 22:19:54 CEST 2019
Sat Apr 20 22:19:54 CEST 2019
Sat Apr 20 22:19:55 CEST 2019
Sat Apr 20 22:19:55 CEST 2019
Sat Apr 20 22:19:56 CEST 2019
Sat Apr 20 22:19:56 CEST 2019
Sat Apr 20 22:19:57 CEST 2019
Sat Apr 20 22:19:57 CEST 2019
Sat Apr 20 22:19:58 CEST 2019
Sat Apr 20 22:19:58 CEST 2019
Sat Apr 20 22:19:59 CEST 2019
Sat Apr 20 22:19:59 CEST 2019
Sat Apr 20 22:20:00 CEST 2019
Sat Apr 20 22:20:00 CEST 2019
Sat Apr 20 22:20:01 CEST 2019
Sat Apr 20 22:20:01 CEST 2019
Sat Apr 20 22:20:02 CEST 2019
Sat Apr 20 22:20:02 CEST 2019
Sat Apr 20 22:20:03 CEST 2019
Sat Apr 20 22:20:03 CEST 2019
Sat Apr 20 22:20:04 CEST 2019
Sat Apr 20 22:20:04 CEST 2019
Sat Apr 20 22:20:05 CEST 2019
Sat Apr 20 22:20:05 CEST 2019
Sat Apr 20 22:20:06 CEST 2019
Sat Apr 20 22:20:06 CEST 2019
Sat Apr 20 22:20:07 CEST 2019
Sat Apr 20 22:20:07 CEST 2019
Sat Apr 20 22:20:08 CEST 2019
Sat Apr 20 22:20:08 CEST 2019
Sat Apr 20 22:20:09 CEST 2019
Sat Apr 20 22:20:09 CEST 2019
Sat Apr 20 22:20:10 CEST 2019
Sat Apr 20 22:20:10 CEST 2019
Sat Apr 20 22:20:11 CEST 2019
Sat Apr 20 22:20:11 CEST 2019
Sat Apr 20 22:20:12 CEST 2019
Sat Apr 20 22:20:12 CEST 2019
Sat Apr 20 22:20:13 CEST 2019
Sat Apr 20 22:20:13 CEST 2019
Sat Apr 20 22:20:14 CEST 2019
Sat Apr 20 22:20:15 CEST 2019
Sat Apr 20 22:20:15 CEST 2019
Sat Apr 20 22:20:16 CEST 2019
Sat Apr 20 22:20:16 CEST 2019
Sat Apr 20 22:20:17 CEST 2019
Sat Apr 20 22:20:17 CEST 2019
Sat Apr 20 22:20:18 CEST 2019
Sat Apr 20 22:20:18 CEST 2019
Sat Apr 20 22:20:19 CEST 2019
Sat Apr 20 22:20:19 CEST 2019
Sat Apr 20 22:20:20 CEST 2019
Sat Apr 20 22:20:20 CEST 2019
Sat Apr 20 22:20:21 CEST 2019
Sat Apr 20 22:20:21 CEST 2019
Sat Apr 20 22:20:22 CEST 2019
Sat Apr 20 22:20:22 CEST 2019
Sat Apr 20 22:20:23 CEST 2019
Sat Apr 20 22:20:23 CEST 2019
Sat Apr 20 22:20:24 CEST 2019
Sat Apr 20 22:20:24 CEST 2019
Sat Apr 20 22:20:25 CEST 2019
Sat Apr 20 22:20:25 CEST 2019
Sat Apr 20 22:20:26 CEST 2019
Sat Apr 20 22:20:26 CEST 2019
Sat Apr 20 22:20:27 CEST 2019
Sat Apr 20 22:20:27 CEST 2019
Sat Apr 20 22:20:28 CEST 2019
Sat Apr 20 22:20:28 CEST 2019
Sat Apr 20 22:20:29 CEST 2019
Sat Apr 20 22:20:29 CEST 2019
Sat Apr 20 22:20:30 CEST 2019
Sat Apr 20 22:20:30 CEST 2019
Sat Apr 20 22:20:31 CEST 2019
Sat Apr 20 22:20:31 CEST 2019
Sat Apr 20 22:20:32 CEST 2019
Sat Apr 20 22:20:32 CEST 2019
Sat Apr 20 22:20:33 CEST 2019
Sat Apr 20 22:20:33 CEST 2019
Sat Apr 20 22:20:34 CEST 2019
Sat Apr 20 22:20:34 CEST 2019
Sat Apr 20 22:20:35 CEST 2019
Sat Apr 20 22:20:35 CEST 2019
Sat Apr 20 22:20:36 CEST 2019
Sat Apr 20 22:20:36 CEST 2019
Sat Apr 20 22:20:37 CEST 2019
Sat Apr 20 22:20:37 CEST 2019
Sat Apr 20 22:20:38 CEST 2019
Sat Apr 20 22:20:38 CEST 2019
Sat Apr 20 22:20:39 CEST 2019
Sat Apr 20 22:20:39 CEST 2019
Sat Apr 20 22:20:40 CEST 2019
Sat Apr 20 22:20:41 CEST 2019
Sat Apr 20 22:20:41 CEST 2019
Sat Apr 20 22:20:42 CEST 2019
Sat Apr 20 22:20:42 CEST 2019
Sat Apr 20 22:20:43 CEST 2019
Sat Apr 20 22:20:43 CEST 2019
Sat Apr 20 22:20:44 CEST 2019
Sat Apr 20 22:20:44 CEST 2019
Sat Apr 20 22:20:45 CEST 2019
Sat Apr 20 22:20:45 CEST 2019
Sat Apr 20 22:20:46 CEST 2019
Sat Apr 20 22:20:46 CEST 2019
Sat Apr 20 22:20:47 CEST 2019
Sat Apr 20 22:20:47 CEST 2019
Sat Apr 20 22:20:48 CEST 2019
Sat Apr 20 22:20:48 CEST 2019
Sat Apr 20 22:20:49 CEST 2019
Sat Apr 20 22:20:49 CEST 2019
Sat Apr 20 22:20:50 CEST 2019
Sat Apr 20 22:20:50 CEST 2019
Sat Apr 20 22:20:51 CEST 2019
Sat Apr 20 22:20:51 CEST 2019
Sat Apr 20 22:20:52 CEST 2019
Sat Apr 20 22:20:52 CEST 2019
Sat Apr 20 22:20:53 CEST 2019
Sat Apr 20 22:20:53 CEST 2019
Sat Apr 20 22:20:54 CEST 2019
Sat Apr 20 22:20:54 CEST 2019
Sat Apr 20 22:20:55 CEST 2019
Sat Apr 20 22:20:55 CEST 2019
Sat Apr 20 22:20:56 CEST 2019
Sat Apr 20 22:20:56 CEST 2019
Sat Apr 20 22:20:57 CEST 2019
Sat Apr 20 22:20:57 CEST 2019
Sat Apr 20 22:20:58 CEST 2019
Sat Apr 20 22:20:58 CEST 2019
Sat Apr 20 22:20:59 CEST 2019
Sat Apr 20 22:20:59 CEST 2019
Sat Apr 20 22:21:00 CEST 2019
Sat Apr 20 22:21:00 CEST 2019
Sat Apr 20 22:21:01 CEST 2019
Sat Apr 20 22:21:01 CEST 2019
Sat Apr 20 22:21:02 CEST 2019
Sat Apr 20 22:21:02 CEST 2019
Sat Apr 20 22:21:03 CEST 2019
Sat Apr 20 22:21:03 CEST 2019
Sat Apr 20 22:21:04 CEST 2019
Sat Apr 20 22:21:05 CEST 2019
Sat Apr 20 22:21:05 CEST 2019
Sat Apr 20 22:21:06 CEST 2019
Sat Apr 20 22:21:06 CEST 2019
Sat Apr 20 22:21:07 CEST 2019
Sat Apr 20 22:21:07 CEST 2019
Sat Apr 20 22:21:08 CEST 2019
Sat Apr 20 22:21:08 CEST 2019
Sat Apr 20 22:21:09 CEST 2019
Sat Apr 20 22:21:09 CEST 2019
Sat Apr 20 22:21:10 CEST 2019
Sat Apr 20 22:21:10 CEST 2019
Sat Apr 20 22:21:11 CEST 2019
Sat Apr 20 22:21:11 CEST 2019
Sat Apr 20 22:21:12 CEST 2019
Sat Apr 20 22:21:12 CEST 2019
Sat Apr 20 22:21:13 CEST 2019
Sat Apr 20 22:21:13 CEST 2019
Sat Apr 20 22:21:14 CEST 2019
Sat Apr 20 22:21:14 CEST 2019
Sat Apr 20 22:21:15 CEST 2019
Sat Apr 20 22:21:15 CEST 2019
Sat Apr 20 22:21:16 CEST 2019
Sat Apr 20 22:21:16 CEST 2019
Sat Apr 20 22:21:17 CEST 2019
Sat Apr 20 22:21:17 CEST 2019
Sat Apr 20 22:21:18 CEST 2019
Sat Apr 20 22:21:18 CEST 2019
Sat Apr 20 22:21:19 CEST 2019
Sat Apr 20 22:21:19 CEST 2019
Sat Apr 20 22:21:20 CEST 2019
Sat Apr 20 22:21:20 CEST 2019
Sat Apr 20 22:21:21 CEST 2019
Sat Apr 20 22:21:21 CEST 2019
Sat Apr 20 22:21:22 CEST 2019
Sat Apr 20 22:21:22 CEST 2019
Sat Apr 20 22:21:23 CEST 2019
Sat Apr 20 22:21:23 CEST 2019
Sat Apr 20 22:21:24 CEST 2019
Sat Apr 20 22:21:24 CEST 2019
Sat Apr 20 22:21:25 CEST 2019
Sat Apr 20 22:21:25 CEST 2019
Sat Apr 20 22:21:26 CEST 2019
Sat Apr 20 22:21:26 CEST 2019
Sat Apr 20 22:21:27 CEST 2019
Sat Apr 20 22:21:27 CEST 2019
Sat Apr 20 22:21:28 CEST 2019
Sat Apr 20 22:21:29 CEST 2019
Sat Apr 20 22:21:29 CEST 2019
Sat Apr 20 22:21:30 CEST 2019
Sat Apr 20 22:21:30 CEST 2019
Sat Apr 20 22:21:31 CEST 2019
Sat Apr 20 22:21:31 CEST 2019
Sat Apr 20 22:21:32 CEST 2019
Sat Apr 20 22:21:32 CEST 2019
Sat Apr 20 22:21:33 CEST 2019
Sat Apr 20 22:21:33 CEST 2019
Sat Apr 20 22:21:34 CEST 2019
Sat Apr 20 22:21:34 CEST 2019
Sat Apr 20 22:21:35 CEST 2019
Sat Apr 20 22:21:35 CEST 2019
Sat Apr 20 22:21:36 CEST 2019
Sat Apr 20 22:21:36 CEST 2019
Sat Apr 20 22:21:37 CEST 2019
Sat Apr 20 22:21:37 CEST 2019
Sat Apr 20 22:21:38 CEST 2019
Sat Apr 20 22:21:38 CEST 2019
Sat Apr 20 22:21:39 CEST 2019
Sat Apr 20 22:21:39 CEST 2019
Sat Apr 20 22:21:40 CEST 2019
Sat Apr 20 22:21:40 CEST 2019
Sat Apr 20 22:21:41 CEST 2019
Sat Apr 20 22:21:41 CEST 2019
Sat Apr 20 22:21:42 CEST 2019
Sat Apr 20 22:21:42 CEST 2019
Sat Apr 20 22:21:43 CEST 2019
Sat Apr 20 22:21:43 CEST 2019
Sat Apr 20 22:21:44 CEST 2019
Sat Apr 20 22:21:44 CEST 2019
Sat Apr 20 22:21:45 CEST 2019
Sat Apr 20 22:21:45 CEST 2019
Sat Apr 20 22:21:46 CEST 2019
Sat Apr 20 22:21:46 CEST 2019
Sat Apr 20 22:21:47 CEST 2019
Sat Apr 20 22:21:47 CEST 2019
Sat Apr 20 22:21:48 CEST 2019
Sat Apr 20 22:21:48 CEST 2019
Sat Apr 20 22:21:49 CEST 2019
Sat Apr 20 22:21:49 CEST 2019
Sat Apr 20 22:21:50 CEST 2019
Sat Apr 20 22:21:50 CEST 2019
Sat Apr 20 22:21:51 CEST 2019
Sat Apr 20 22:21:52 CEST 2019
Sat Apr 20 22:21:52 CEST 2019
Sat Apr 20 22:21:53 CEST 2019
Sat Apr 20 22:21:53 CEST 2019
Sat Apr 20 22:21:54 CEST 2019
Sat Apr 20 22:21:54 CEST 2019
Sat Apr 20 22:21:55 CEST 2019
Sat Apr 20 22:21:55 CEST 2019
Sat Apr 20 22:21:56 CEST 2019
Sat Apr 20 22:21:56 CEST 2019
Sat Apr 20 22:21:57 CEST 2019
Sat Apr 20 22:21:57 CEST 2019
Sat Apr 20 22:21:58 CEST 2019
Sat Apr 20 22:21:58 CEST 2019
Sat Apr 20 22:21:59 CEST 2019
Sat Apr 20 22:21:59 CEST 2019
Sat Apr 20 22:22:00 CEST 2019
Sat Apr 20 22:22:00 CEST 2019
Sat Apr 20 22:22:01 CEST 2019
Sat Apr 20 22:22:01 CEST 2019
Sat Apr 20 22:22:02 CEST 2019
Sat Apr 20 22:22:02 CEST 2019
Sat Apr 20 22:22:03 CEST 2019
Sat Apr 20 22:22:03 CEST 2019
Sat Apr 20 22:22:04 CEST 2019
Sat Apr 20 22:22:04 CEST 2019
Sat Apr 20 22:22:05 CEST 2019
Sat Apr 20 22:22:05 CEST 2019
Sat Apr 20 22:22:06 CEST 2019
Sat Apr 20 22:22:06 CEST 2019
Sat Apr 20 22:22:07 CEST 2019
Sat Apr 20 22:22:07 CEST 2019
Sat Apr 20 22:22:08 CEST 2019
Sat Apr 20 22:22:08 CEST 2019
Sat Apr 20 22:22:09 CEST 2019
Sat Apr 20 22:22:09 CEST 2019
Sat Apr 20 22:22:10 CEST 2019
Sat Apr 20 22:22:10 CEST 2019
Sat Apr 20 22:22:11 CEST 2019
Sat Apr 20 22:22:11 CEST 2019
Sat Apr 20 22:22:12 CEST 2019
Sat Apr 20 22:22:12 CEST 2019
Sat Apr 20 22:22:13 CEST 2019
Sat Apr 20 22:22:13 CEST 2019
Sat Apr 20 22:22:14 CEST 2019
Sat Apr 20 22:22:14 CEST 2019
Sat Apr 20 22:22:15 CEST 2019
Sat Apr 20 22:22:15 CEST 2019
Sat Apr 20 22:22:16 CEST 2019
Sat Apr 20 22:22:16 CEST 2019
Sat Apr 20 22:22:17 CEST 2019
Sat Apr 20 22:22:18 CEST 2019
Sat Apr 20 22:22:18 CEST 2019
Sat Apr 20 22:22:19 CEST 2019
Sat Apr 20 22:22:19 CEST 2019
Sat Apr 20 22:22:20 CEST 2019
Sat Apr 20 22:22:20 CEST 2019
Sat Apr 20 22:22:21 CEST 2019
Sat Apr 20 22:22:21 CEST 2019
Sat Apr 20 22:22:22 CEST 2019
Sat Apr 20 22:22:22 CEST 2019
Sat Apr 20 22:22:23 CEST 2019
Sat Apr 20 22:22:23 CEST 2019
Sat Apr 20 22:22:24 CEST 2019
Sat Apr 20 22:22:24 CEST 2019
Sat Apr 20 22:22:25 CEST 2019
Sat Apr 20 22:22:25 CEST 2019
Sat Apr 20 22:22:26 CEST 2019
Sat Apr 20 22:22:26 CEST 2019
Sat Apr 20 22:22:27 CEST 2019
Sat Apr 20 22:22:27 CEST 2019
Sat Apr 20 22:22:28 CEST 2019
Sat Apr 20 22:22:28 CEST 2019
Sat Apr 20 22:22:29 CEST 2019
Sat Apr 20 22:22:29 CEST 2019
Sat Apr 20 22:22:30 CEST 2019
Sat Apr 20 22:22:30 CEST 2019
Sat Apr 20 22:22:31 CEST 2019
Sat Apr 20 22:22:31 CEST 2019
Sat Apr 20 22:22:32 CEST 2019
Sat Apr 20 22:22:32 CEST 2019
Sat Apr 20 22:22:33 CEST 2019
Sat Apr 20 22:22:33 CEST 2019
Sat Apr 20 22:22:34 CEST 2019
Sat Apr 20 22:22:34 CEST 2019
Sat Apr 20 22:22:35 CEST 2019
Sat Apr 20 22:22:35 CEST 2019
Sat Apr 20 22:22:36 CEST 2019
Sat Apr 20 22:22:36 CEST 2019
Sat Apr 20 22:22:37 CEST 2019
Sat Apr 20 22:22:37 CEST 2019
Sat Apr 20 22:22:38 CEST 2019
Sat Apr 20 22:22:38 CEST 2019
Sat Apr 20 22:22:39 CEST 2019
Sat Apr 20 22:22:39 CEST 2019
Sat Apr 20 22:22:40 CEST 2019
Sat Apr 20 22:22:40 CEST 2019
Sat Apr 20 22:22:41 CEST 2019
Sat Apr 20 22:22:42 CEST 2019
Sat Apr 20 22:22:42 CEST 2019
Sat Apr 20 22:22:43 CEST 2019
Sat Apr 20 22:22:43 CEST 2019
Sat Apr 20 22:22:44 CEST 2019
Sat Apr 20 22:22:44 CEST 2019
Sat Apr 20 22:22:45 CEST 2019
Sat Apr 20 22:22:45 CEST 2019
Sat Apr 20 22:22:46 CEST 2019
Sat Apr 20 22:22:46 CEST 2019
Sat Apr 20 22:22:47 CEST 2019
Sat Apr 20 22:22:47 CEST 2019
Sat Apr 20 22:22:48 CEST 2019
Sat Apr 20 22:22:48 CEST 2019
Sat Apr 20 22:22:49 CEST 2019
Sat Apr 20 22:22:49 CEST 2019
Sat Apr 20 22:22:50 CEST 2019
Sat Apr 20 22:22:50 CEST 2019
Sat Apr 20 22:22:51 CEST 2019
Sat Apr 20 22:22:51 CEST 2019
Sat Apr 20 22:22:52 CEST 2019
Sat Apr 20 22:22:52 CEST 2019
Sat Apr 20 22:22:53 CEST 2019
Sat Apr 20 22:22:53 CEST 2019
Sat Apr 20 22:22:54 CEST 2019
Sat Apr 20 22:22:54 CEST 2019
Sat Apr 20 22:22:55 CEST 2019
Sat Apr 20 22:22:55 CEST 2019
Sat Apr 20 22:22:56 CEST 2019
Sat Apr 20 22:22:56 CEST 2019
Sat Apr 20 22:22:57 CEST 2019
Sat Apr 20 22:22:57 CEST 2019
Sat Apr 20 22:22:58 CEST 2019
Sat Apr 20 22:22:58 CEST 2019
Sat Apr 20 22:22:59 CEST 2019
Sat Apr 20 22:22:59 CEST 2019
Sat Apr 20 22:23:00 CEST 2019
Sat Apr 20 22:23:00 CEST 2019
Sat Apr 20 22:23:01 CEST 2019
Sat Apr 20 22:23:01 CEST 2019
Sat Apr 20 22:23:02 CEST 2019
Sat Apr 20 22:23:02 CEST 2019
Sat Apr 20 22:23:03 CEST 2019
Sat Apr 20 22:23:03 CEST 2019
Sat Apr 20 22:23:04 CEST 2019
Sat Apr 20 22:23:04 CEST 2019
Sat Apr 20 22:23:05 CEST 2019
Sat Apr 20 22:23:05 CEST 2019
Sat Apr 20 22:23:06 CEST 2019
Sat Apr 20 22:23:07 CEST 2019
Sat Apr 20 22:23:07 CEST 2019
Sat Apr 20 22:23:08 CEST 2019
Sat Apr 20 22:23:08 CEST 2019
Sat Apr 20 22:23:09 CEST 2019
Sat Apr 20 22:23:09 CEST 2019
Sat Apr 20 22:23:10 CEST 2019
Sat Apr 20 22:23:10 CEST 2019
Sat Apr 20 22:23:11 CEST 2019
Sat Apr 20 22:23:11 CEST 2019
Sat Apr 20 22:23:12 CEST 2019
Sat Apr 20 22:23:12 CEST 2019
Sat Apr 20 22:23:13 CEST 2019
Sat Apr 20 22:23:13 CEST 2019
Sat Apr 20 22:23:14 CEST 2019
Sat Apr 20 22:23:14 CEST 2019
Sat Apr 20 22:23:15 CEST 2019
Sat Apr 20 22:23:15 CEST 2019
Sat Apr 20 22:23:16 CEST 2019
Sat Apr 20 22:23:16 CEST 2019
Sat Apr 20 22:23:17 CEST 2019
Sat Apr 20 22:23:17 CEST 2019
Sat Apr 20 22:23:18 CEST 2019
Sat Apr 20 22:23:18 CEST 2019
Sat Apr 20 22:23:19 CEST 2019
Sat Apr 20 22:23:19 CEST 2019
Sat Apr 20 22:23:20 CEST 2019
Sat Apr 20 22:23:20 CEST 2019
Sat Apr 20 22:23:21 CEST 2019
Sat Apr 20 22:23:21 CEST 2019
Sat Apr 20 22:23:22 CEST 2019
Sat Apr 20 22:23:22 CEST 2019
Sat Apr 20 22:23:23 CEST 2019
Sat Apr 20 22:23:23 CEST 2019
Sat Apr 20 22:23:24 CEST 2019
Sat Apr 20 22:23:24 CEST 2019
Sat Apr 20 22:23:25 CEST 2019
Sat Apr 20 22:23:25 CEST 2019
Sat Apr 20 22:23:26 CEST 2019
Sat Apr 20 22:23:26 CEST 2019
Sat Apr 20 22:23:27 CEST 2019
Sat Apr 20 22:23:27 CEST 2019
Sat Apr 20 22:23:28 CEST 2019
Sat Apr 20 22:23:28 CEST 2019
Sat Apr 20 22:23:29 CEST 2019
Sat Apr 20 22:23:30 CEST 2019
Sat Apr 20 22:23:30 CEST 2019
Sat Apr 20 22:23:31 CEST 2019
Sat Apr 20 22:23:31 CEST 2019
Sat Apr 20 22:23:32 CEST 2019
Sat Apr 20 22:23:32 CEST 2019
Sat Apr 20 22:23:33 CEST 2019
Sat Apr 20 22:23:33 CEST 2019
Sat Apr 20 22:23:34 CEST 2019
Sat Apr 20 22:23:34 CEST 2019
Sat Apr 20 22:23:35 CEST 2019
Sat Apr 20 22:23:35 CEST 2019
Sat Apr 20 22:23:36 CEST 2019
Sat Apr 20 22:23:36 CEST 2019
Sat Apr 20 22:23:37 CEST 2019
Sat Apr 20 22:23:37 CEST 2019
Sat Apr 20 22:23:38 CEST 2019
Sat Apr 20 22:23:38 CEST 2019
Sat Apr 20 22:23:39 CEST 2019
Sat Apr 20 22:23:39 CEST 2019
Sat Apr 20 22:23:40 CEST 2019
Sat Apr 20 22:23:40 CEST 2019
Sat Apr 20 22:23:41 CEST 2019
Sat Apr 20 22:23:41 CEST 2019
Sat Apr 20 22:23:42 CEST 2019
Sat Apr 20 22:23:42 CEST 2019
Sat Apr 20 22:23:43 CEST 2019
Sat Apr 20 22:23:43 CEST 2019
Sat Apr 20 22:23:44 CEST 2019
Sat Apr 20 22:23:44 CEST 2019
Sat Apr 20 22:23:45 CEST 2019
Sat Apr 20 22:23:45 CEST 2019
Sat Apr 20 22:23:46 CEST 2019
Sat Apr 20 22:23:46 CEST 2019
Sat Apr 20 22:23:47 CEST 2019
Sat Apr 20 22:23:47 CEST 2019
Sat Apr 20 22:23:48 CEST 2019
Sat Apr 20 22:23:48 CEST 2019
Sat Apr 20 22:23:49 CEST 2019
Sat Apr 20 22:23:49 CEST 2019
Sat Apr 20 22:23:50 CEST 2019
Sat Apr 20 22:23:50 CEST 2019
Sat Apr 20 22:23:51 CEST 2019
Sat Apr 20 22:23:51 CEST 2019
Sat Apr 20 22:23:52 CEST 2019
Sat Apr 20 22:23:52 CEST 2019
Sat Apr 20 22:23:53 CEST 2019
Sat Apr 20 22:23:54 CEST 2019
Sat Apr 20 22:23:54 CEST 2019
Sat Apr 20 22:23:55 CEST 2019
Sat Apr 20 22:23:55 CEST 2019
Sat Apr 20 22:23:56 CEST 2019
Sat Apr 20 22:23:56 CEST 2019
Sat Apr 20 22:23:57 CEST 2019
Sat Apr 20 22:23:57 CEST 2019
Sat Apr 20 22:23:58 CEST 2019
Sat Apr 20 22:23:58 CEST 2019
Sat Apr 20 22:23:59 CEST 2019
Sat Apr 20 22:23:59 CEST 2019
Sat Apr 20 22:24:00 CEST 2019
Sat Apr 20 22:24:00 CEST 2019
Sat Apr 20 22:24:01 CEST 2019
Sat Apr 20 22:24:01 CEST 2019
Sat Apr 20 22:24:02 CEST 2019
Sat Apr 20 22:24:02 CEST 2019
Sat Apr 20 22:24:03 CEST 2019
Sat Apr 20 22:24:03 CEST 2019
Sat Apr 20 22:24:04 CEST 2019
Sat Apr 20 22:24:04 CEST 2019
Sat Apr 20 22:24:05 CEST 2019
Sat Apr 20 22:24:05 CEST 2019
Sat Apr 20 22:24:06 CEST 2019
Sat Apr 20 22:24:06 CEST 2019
Sat Apr 20 22:24:07 CEST 2019
Sat Apr 20 22:24:07 CEST 2019
Sat Apr 20 22:24:08 CEST 2019
Sat Apr 20 22:24:08 CEST 2019
Sat Apr 20 22:24:09 CEST 2019
Sat Apr 20 22:24:09 CEST 2019
Sat Apr 20 22:24:10 CEST 2019
Sat Apr 20 22:24:10 CEST 2019
Sat Apr 20 22:24:11 CEST 2019
Sat Apr 20 22:24:11 CEST 2019
Sat Apr 20 22:24:12 CEST 2019
Sat Apr 20 22:24:12 CEST 2019
Sat Apr 20 22:24:13 CEST 2019
Sat Apr 20 22:24:13 CEST 2019
Sat Apr 20 22:24:14 CEST 2019
Sat Apr 20 22:24:14 CEST 2019
Sat Apr 20 22:24:15 CEST 2019
Sat Apr 20 22:24:15 CEST 2019
Sat Apr 20 22:24:16 CEST 2019
Sat Apr 20 22:24:16 CEST 2019
Sat Apr 20 22:24:17 CEST 2019
Sat Apr 20 22:24:18 CEST 2019
Sat Apr 20 22:24:18 CEST 2019
Sat Apr 20 22:24:19 CEST 2019
Sat Apr 20 22:24:19 CEST 2019
Sat Apr 20 22:24:20 CEST 2019
Sat Apr 20 22:24:20 CEST 2019
Sat Apr 20 22:24:21 CEST 2019
Sat Apr 20 22:24:21 CEST 2019
Sat Apr 20 22:24:22 CEST 2019
Sat Apr 20 22:24:22 CEST 2019
Sat Apr 20 22:24:23 CEST 2019
Sat Apr 20 22:24:23 CEST 2019
Sat Apr 20 22:24:24 CEST 2019
Sat Apr 20 22:24:24 CEST 2019
Sat Apr 20 22:24:25 CEST 2019
Sat Apr 20 22:24:25 CEST 2019
Sat Apr 20 22:24:26 CEST 2019
Sat Apr 20 22:24:26 CEST 2019
Sat Apr 20 22:24:27 CEST 2019
Sat Apr 20 22:24:27 CEST 2019
Sat Apr 20 22:24:28 CEST 2019
Sat Apr 20 22:24:28 CEST 2019
Sat Apr 20 22:24:29 CEST 2019
Sat Apr 20 22:24:29 CEST 2019
Sat Apr 20 22:24:30 CEST 2019
Sat Apr 20 22:24:30 CEST 2019
Sat Apr 20 22:24:31 CEST 2019
Sat Apr 20 22:24:31 CEST 2019
Sat Apr 20 22:24:32 CEST 2019
Sat Apr 20 22:24:32 CEST 2019
Sat Apr 20 22:24:33 CEST 2019
Sat Apr 20 22:24:33 CEST 2019
Sat Apr 20 22:24:34 CEST 2019
Sat Apr 20 22:24:34 CEST 2019
Sat Apr 20 22:24:35 CEST 2019
Sat Apr 20 22:24:35 CEST 2019
Sat Apr 20 22:24:36 CEST 2019
Sat Apr 20 22:24:36 CEST 2019
Sat Apr 20 22:24:37 CEST 2019
Sat Apr 20 22:24:37 CEST 2019
Sat Apr 20 22:24:38 CEST 2019
Sat Apr 20 22:24:38 CEST 2019
Sat Apr 20 22:24:39 CEST 2019
Sat Apr 20 22:24:39 CEST 2019
Sat Apr 20 22:24:40 CEST 2019
Sat Apr 20 22:24:40 CEST 2019
Sat Apr 20 22:24:41 CEST 2019
Sat Apr 20 22:24:42 CEST 2019
Sat Apr 20 22:24:42 CEST 2019
Sat Apr 20 22:24:43 CEST 2019
Sat Apr 20 22:24:43 CEST 2019
Sat Apr 20 22:24:44 CEST 2019
Sat Apr 20 22:24:44 CEST 2019
Sat Apr 20 22:24:45 CEST 2019
Sat Apr 20 22:24:45 CEST 2019
Sat Apr 20 22:24:46 CEST 2019
Sat Apr 20 22:24:46 CEST 2019
Sat Apr 20 22:24:47 CEST 2019
Sat Apr 20 22:24:47 CEST 2019
Sat Apr 20 22:24:48 CEST 2019
Sat Apr 20 22:24:48 CEST 2019
Sat Apr 20 22:24:49 CEST 2019
Sat Apr 20 22:24:49 CEST 2019
Sat Apr 20 22:24:50 CEST 2019
Sat Apr 20 22:24:50 CEST 2019
Sat Apr 20 22:24:51 CEST 2019
Sat Apr 20 22:24:51 CEST 2019
Sat Apr 20 22:24:52 CEST 2019
Sat Apr 20 22:24:52 CEST 2019
Sat Apr 20 22:24:53 CEST 2019
Sat Apr 20 22:24:53 CEST 2019
Sat Apr 20 22:24:54 CEST 2019
Sat Apr 20 22:24:54 CEST 2019
Sat Apr 20 22:24:55 CEST 2019
Sat Apr 20 22:24:55 CEST 2019
Sat Apr 20 22:24:56 CEST 2019
Sat Apr 20 22:24:56 CEST 2019
Sat Apr 20 22:24:57 CEST 2019
Sat Apr 20 22:24:57 CEST 2019
Sat Apr 20 22:24:58 CEST 2019
Sat Apr 20 22:24:58 CEST 2019
Sat Apr 20 22:24:59 CEST 2019
Sat Apr 20 22:24:59 CEST 2019
Sat Apr 20 22:25:00 CEST 2019
Sat Apr 20 22:25:00 CEST 2019
Sat Apr 20 22:25:01 CEST 2019
Sat Apr 20 22:25:01 CEST 2019
Sat Apr 20 22:25:02 CEST 2019
Sat Apr 20 22:25:02 CEST 2019
Sat Apr 20 22:25:03 CEST 2019
Sat Apr 20 22:25:03 CEST 2019
Sat Apr 20 22:25:04 CEST 2019
Sat Apr 20 22:25:04 CEST 2019
Sat Apr 20 22:25:05 CEST 2019
Sat Apr 20 22:25:06 CEST 2019
Sat Apr 20 22:25:06 CEST 2019
Sat Apr 20 22:25:07 CEST 2019
Sat Apr 20 22:25:07 CEST 2019
Sat Apr 20 22:25:08 CEST 2019
Sat Apr 20 22:25:08 CEST 2019
Sat Apr 20 22:25:09 CEST 2019
Sat Apr 20 22:25:09 CEST 2019
Sat Apr 20 22:25:10 CEST 2019
Sat Apr 20 22:25:10 CEST 2019
Sat Apr 20 22:25:11 CEST 2019
Sat Apr 20 22:25:11 CEST 2019
Sat Apr 20 22:25:12 CEST 2019
Sat Apr 20 22:25:12 CEST 2019
Sat Apr 20 22:25:13 CEST 2019
Sat Apr 20 22:25:13 CEST 2019
Sat Apr 20 22:25:14 CEST 2019
Sat Apr 20 22:25:14 CEST 2019
Sat Apr 20 22:25:15 CEST 2019
Sat Apr 20 22:25:15 CEST 2019
Sat Apr 20 22:25:16 CEST 2019
Sat Apr 20 22:25:16 CEST 2019
Sat Apr 20 22:25:17 CEST 2019
Sat Apr 20 22:25:17 CEST 2019
Sat Apr 20 22:25:18 CEST 2019
Sat Apr 20 22:25:18 CEST 2019
Sat Apr 20 22:25:19 CEST 2019
Sat Apr 20 22:25:19 CEST 2019
Sat Apr 20 22:25:20 CEST 2019
Sat Apr 20 22:25:20 CEST 2019
Sat Apr 20 22:25:21 CEST 2019
Sat Apr 20 22:25:21 CEST 2019
Sat Apr 20 22:25:22 CEST 2019
Sat Apr 20 22:25:22 CEST 2019
Sat Apr 20 22:25:23 CEST 2019
Sat Apr 20 22:25:23 CEST 2019
Sat Apr 20 22:25:24 CEST 2019
Sat Apr 20 22:25:24 CEST 2019
Sat Apr 20 22:25:25 CEST 2019
Sat Apr 20 22:25:25 CEST 2019
Sat Apr 20 22:25:26 CEST 2019
Sat Apr 20 22:25:26 CEST 2019
Sat Apr 20 22:25:27 CEST 2019
Sat Apr 20 22:25:27 CEST 2019
Sat Apr 20 22:25:28 CEST 2019
Sat Apr 20 22:25:29 CEST 2019
Sat Apr 20 22:25:29 CEST 2019
Sat Apr 20 22:25:30 CEST 2019
Sat Apr 20 22:25:30 CEST 2019
Sat Apr 20 22:25:31 CEST 2019
Sat Apr 20 22:25:31 CEST 2019
Sat Apr 20 22:25:32 CEST 2019
Sat Apr 20 22:25:32 CEST 2019
Sat Apr 20 22:25:33 CEST 2019
Sat Apr 20 22:25:33 CEST 2019
Sat Apr 20 22:25:34 CEST 2019
Sat Apr 20 22:25:34 CEST 2019
Sat Apr 20 22:25:35 CEST 2019
Sat Apr 20 22:25:35 CEST 2019
Sat Apr 20 22:25:36 CEST 2019
Sat Apr 20 22:25:36 CEST 2019
Sat Apr 20 22:25:37 CEST 2019
Sat Apr 20 22:25:37 CEST 2019
Sat Apr 20 22:25:38 CEST 2019
Sat Apr 20 22:25:38 CEST 2019
Sat Apr 20 22:25:39 CEST 2019
Sat Apr 20 22:25:39 CEST 2019
Sat Apr 20 22:25:40 CEST 2019
Sat Apr 20 22:25:40 CEST 2019
Sat Apr 20 22:25:41 CEST 2019
Sat Apr 20 22:25:41 CEST 2019
Sat Apr 20 22:25:42 CEST 2019
Sat Apr 20 22:25:42 CEST 2019
Sat Apr 20 22:25:43 CEST 2019
Sat Apr 20 22:25:43 CEST 2019
Sat Apr 20 22:25:44 CEST 2019
Sat Apr 20 22:25:44 CEST 2019
Sat Apr 20 22:25:45 CEST 2019
Sat Apr 20 22:25:45 CEST 2019
Sat Apr 20 22:25:46 CEST 2019
Sat Apr 20 22:25:46 CEST 2019
Sat Apr 20 22:25:47 CEST 2019
Sat Apr 20 22:25:47 CEST 2019
Sat Apr 20 22:25:48 CEST 2019
Sat Apr 20 22:25:48 CEST 2019
Sat Apr 20 22:25:49 CEST 2019
Sat Apr 20 22:25:49 CEST 2019
Sat Apr 20 22:25:50 CEST 2019
Sat Apr 20 22:25:50 CEST 2019
Sat Apr 20 22:25:51 CEST 2019
Sat Apr 20 22:25:51 CEST 2019
Sat Apr 20 22:25:52 CEST 2019
Sat Apr 20 22:25:52 CEST 2019
Sat Apr 20 22:25:53 CEST 2019
Sat Apr 20 22:25:54 CEST 2019
Sat Apr 20 22:25:54 CEST 2019
Sat Apr 20 22:25:55 CEST 2019
Sat Apr 20 22:25:55 CEST 2019
Sat Apr 20 22:25:56 CEST 2019
Sat Apr 20 22:25:56 CEST 2019
Sat Apr 20 22:25:57 CEST 2019
Sat Apr 20 22:25:57 CEST 2019
Sat Apr 20 22:25:58 CEST 2019
Sat Apr 20 22:25:58 CEST 2019
Sat Apr 20 22:25:59 CEST 2019
Sat Apr 20 22:25:59 CEST 2019
Sat Apr 20 22:26:00 CEST 2019
Sat Apr 20 22:26:00 CEST 2019
Sat Apr 20 22:26:01 CEST 2019
Sat Apr 20 22:26:01 CEST 2019
Sat Apr 20 22:26:02 CEST 2019
Sat Apr 20 22:26:02 CEST 2019
Sat Apr 20 22:26:03 CEST 2019
Sat Apr 20 22:26:03 CEST 2019
Sat Apr 20 22:26:04 CEST 2019
Sat Apr 20 22:26:04 CEST 2019
Sat Apr 20 22:26:05 CEST 2019
Sat Apr 20 22:26:05 CEST 2019
Sat Apr 20 22:26:06 CEST 2019
Sat Apr 20 22:26:06 CEST 2019
Sat Apr 20 22:26:07 CEST 2019
Sat Apr 20 22:26:07 CEST 2019
Sat Apr 20 22:26:08 CEST 2019
Sat Apr 20 22:26:08 CEST 2019
Sat Apr 20 22:26:09 CEST 2019
Sat Apr 20 22:26:09 CEST 2019
Sat Apr 20 22:26:10 CEST 2019
Sat Apr 20 22:26:10 CEST 2019
Sat Apr 20 22:26:11 CEST 2019
Sat Apr 20 22:26:11 CEST 2019
Sat Apr 20 22:26:12 CEST 2019
Sat Apr 20 22:26:12 CEST 2019
Sat Apr 20 22:26:13 CEST 2019
Sat Apr 20 22:26:13 CEST 2019
Sat Apr 20 22:26:14 CEST 2019
Sat Apr 20 22:26:14 CEST 2019
Sat Apr 20 22:26:15 CEST 2019
Sat Apr 20 22:26:15 CEST 2019
Sat Apr 20 22:26:16 CEST 2019
Sat Apr 20 22:26:16 CEST 2019
Sat Apr 20 22:26:17 CEST 2019
Sat Apr 20 22:26:17 CEST 2019
Sat Apr 20 22:26:18 CEST 2019
Sat Apr 20 22:26:19 CEST 2019
Sat Apr 20 22:26:19 CEST 2019
Sat Apr 20 22:26:20 CEST 2019
Sat Apr 20 22:26:20 CEST 2019
Sat Apr 20 22:26:21 CEST 2019
Sat Apr 20 22:26:21 CEST 2019
Sat Apr 20 22:26:22 CEST 2019
Sat Apr 20 22:26:22 CEST 2019
Sat Apr 20 22:26:23 CEST 2019
Sat Apr 20 22:26:23 CEST 2019
Sat Apr 20 22:26:24 CEST 2019
Sat Apr 20 22:26:24 CEST 2019
Sat Apr 20 22:26:25 CEST 2019
Sat Apr 20 22:26:25 CEST 2019
Sat Apr 20 22:26:26 CEST 2019
Sat Apr 20 22:26:26 CEST 2019
Sat Apr 20 22:26:27 CEST 2019
Sat Apr 20 22:26:27 CEST 2019
Sat Apr 20 22:26:28 CEST 2019
Sat Apr 20 22:26:28 CEST 2019
Sat Apr 20 22:26:29 CEST 2019
Sat Apr 20 22:26:29 CEST 2019
Sat Apr 20 22:26:30 CEST 2019
Sat Apr 20 22:26:30 CEST 2019
Sat Apr 20 22:26:31 CEST 2019
Sat Apr 20 22:26:31 CEST 2019
Sat Apr 20 22:26:32 CEST 2019
Sat Apr 20 22:26:32 CEST 2019
Sat Apr 20 22:26:33 CEST 2019
Sat Apr 20 22:26:33 CEST 2019
Sat Apr 20 22:26:34 CEST 2019
Sat Apr 20 22:26:34 CEST 2019
Sat Apr 20 22:26:35 CEST 2019
Sat Apr 20 22:26:35 CEST 2019
Sat Apr 20 22:26:36 CEST 2019
Sat Apr 20 22:26:36 CEST 2019
Sat Apr 20 22:26:37 CEST 2019
Sat Apr 20 22:26:37 CEST 2019
Sat Apr 20 22:26:38 CEST 2019
Sat Apr 20 22:26:38 CEST 2019
Sat Apr 20 22:26:39 CEST 2019
Sat Apr 20 22:26:39 CEST 2019
Sat Apr 20 22:26:40 CEST 2019
Sat Apr 20 22:26:40 CEST 2019
Sat Apr 20 22:26:41 CEST 2019
Sat Apr 20 22:26:42 CEST 2019
Sat Apr 20 22:26:42 CEST 2019
Sat Apr 20 22:26:43 CEST 2019
Sat Apr 20 22:26:43 CEST 2019
Sat Apr 20 22:26:44 CEST 2019
Sat Apr 20 22:26:44 CEST 2019
Sat Apr 20 22:26:45 CEST 2019
Sat Apr 20 22:26:45 CEST 2019
Sat Apr 20 22:26:46 CEST 2019
Sat Apr 20 22:26:46 CEST 2019
Sat Apr 20 22:26:47 CEST 2019
Sat Apr 20 22:26:47 CEST 2019
Sat Apr 20 22:26:48 CEST 2019
Sat Apr 20 22:26:48 CEST 2019
Sat Apr 20 22:26:49 CEST 2019
Sat Apr 20 22:26:49 CEST 2019
Sat Apr 20 22:26:50 CEST 2019
Sat Apr 20 22:26:50 CEST 2019
Sat Apr 20 22:26:51 CEST 2019
Sat Apr 20 22:26:51 CEST 2019
Sat Apr 20 22:26:52 CEST 2019
Sat Apr 20 22:26:52 CEST 2019
Sat Apr 20 22:26:53 CEST 2019
Sat Apr 20 22:26:53 CEST 2019
Sat Apr 20 22:26:54 CEST 2019
Sat Apr 20 22:26:54 CEST 2019
Sat Apr 20 22:26:55 CEST 2019
Sat Apr 20 22:26:55 CEST 2019
Sat Apr 20 22:26:56 CEST 2019
Sat Apr 20 22:26:56 CEST 2019
Sat Apr 20 22:26:57 CEST 2019
Sat Apr 20 22:26:57 CEST 2019
Sat Apr 20 22:26:58 CEST 2019
Sat Apr 20 22:26:58 CEST 2019
Sat Apr 20 22:26:59 CEST 2019
Sat Apr 20 22:26:59 CEST 2019
Sat Apr 20 22:27:00 CEST 2019
Sat Apr 20 22:27:00 CEST 2019
Sat Apr 20 22:27:01 CEST 2019
Sat Apr 20 22:27:01 CEST 2019
Sat Apr 20 22:27:02 CEST 2019
Sat Apr 20 22:27:02 CEST 2019
Sat Apr 20 22:27:03 CEST 2019
Sat Apr 20 22:27:03 CEST 2019
Sat Apr 20 22:27:04 CEST 2019
Sat Apr 20 22:27:04 CEST 2019
Sat Apr 20 22:27:05 CEST 2019
Sat Apr 20 22:27:05 CEST 2019
Sat Apr 20 22:27:06 CEST 2019
Sat Apr 20 22:27:07 CEST 2019
Sat Apr 20 22:27:07 CEST 2019
Sat Apr 20 22:27:08 CEST 2019
Sat Apr 20 22:27:08 CEST 2019
Sat Apr 20 22:27:09 CEST 2019
Sat Apr 20 22:27:09 CEST 2019
Sat Apr 20 22:27:10 CEST 2019
Sat Apr 20 22:27:10 CEST 2019
Sat Apr 20 22:27:11 CEST 2019
Sat Apr 20 22:27:11 CEST 2019
Sat Apr 20 22:27:12 CEST 2019
Sat Apr 20 22:27:12 CEST 2019
Sat Apr 20 22:27:13 CEST 2019
Sat Apr 20 22:27:13 CEST 2019
Sat Apr 20 22:27:14 CEST 2019
Sat Apr 20 22:27:14 CEST 2019
Sat Apr 20 22:27:15 CEST 2019
Sat Apr 20 22:27:15 CEST 2019
Sat Apr 20 22:27:16 CEST 2019
Sat Apr 20 22:27:16 CEST 2019
Sat Apr 20 22:27:17 CEST 2019
Sat Apr 20 22:27:17 CEST 2019
Sat Apr 20 22:27:18 CEST 2019
Sat Apr 20 22:27:18 CEST 2019
Sat Apr 20 22:27:19 CEST 2019
Sat Apr 20 22:27:19 CEST 2019
Sat Apr 20 22:27:20 CEST 2019
Sat Apr 20 22:27:20 CEST 2019
Sat Apr 20 22:27:21 CEST 2019
Sat Apr 20 22:27:21 CEST 2019
Sat Apr 20 22:27:22 CEST 2019
Sat Apr 20 22:27:22 CEST 2019
Sat Apr 20 22:27:23 CEST 2019
Sat Apr 20 22:27:23 CEST 2019
Sat Apr 20 22:27:24 CEST 2019
Sat Apr 20 22:27:24 CEST 2019
Sat Apr 20 22:27:25 CEST 2019
Sat Apr 20 22:27:25 CEST 2019
Sat Apr 20 22:27:26 CEST 2019
Sat Apr 20 22:27:26 CEST 2019
Sat Apr 20 22:27:27 CEST 2019
Sat Apr 20 22:27:27 CEST 2019
Sat Apr 20 22:27:28 CEST 2019
Sat Apr 20 22:27:28 CEST 2019
Sat Apr 20 22:27:29 CEST 2019
Sat Apr 20 22:27:30 CEST 2019
Sat Apr 20 22:27:30 CEST 2019
Sat Apr 20 22:27:31 CEST 2019
Sat Apr 20 22:27:31 CEST 2019
Sat Apr 20 22:27:32 CEST 2019
Sat Apr 20 22:27:32 CEST 2019
Sat Apr 20 22:27:33 CEST 2019
Sat Apr 20 22:27:33 CEST 2019
Sat Apr 20 22:27:34 CEST 2019
Sat Apr 20 22:27:34 CEST 2019
Sat Apr 20 22:27:35 CEST 2019
Sat Apr 20 22:27:35 CEST 2019
Sat Apr 20 22:27:36 CEST 2019
Sat Apr 20 22:27:36 CEST 2019
Sat Apr 20 22:27:37 CEST 2019
Sat Apr 20 22:27:37 CEST 2019
Sat Apr 20 22:27:38 CEST 2019
Sat Apr 20 22:27:38 CEST 2019
Sat Apr 20 22:27:39 CEST 2019
Sat Apr 20 22:27:39 CEST 2019
Sat Apr 20 22:27:40 CEST 2019
Sat Apr 20 22:27:40 CEST 2019
Sat Apr 20 22:27:41 CEST 2019
Sat Apr 20 22:27:41 CEST 2019
Sat Apr 20 22:27:42 CEST 2019
Sat Apr 20 22:27:42 CEST 2019
Sat Apr 20 22:27:43 CEST 2019
Sat Apr 20 22:27:43 CEST 2019
Sat Apr 20 22:27:44 CEST 2019
Sat Apr 20 22:27:44 CEST 2019
Sat Apr 20 22:27:45 CEST 2019
Sat Apr 20 22:27:45 CEST 2019
Sat Apr 20 22:27:46 CEST 2019
Sat Apr 20 22:27:46 CEST 2019
Sat Apr 20 22:27:47 CEST 2019
Sat Apr 20 22:27:47 CEST 2019
Sat Apr 20 22:27:48 CEST 2019
Sat Apr 20 22:27:48 CEST 2019
Sat Apr 20 22:27:49 CEST 2019
Sat Apr 20 22:27:49 CEST 2019
Sat Apr 20 22:27:50 CEST 2019
Sat Apr 20 22:27:50 CEST 2019
Sat Apr 20 22:27:51 CEST 2019
Sat Apr 20 22:27:51 CEST 2019
Sat Apr 20 22:27:52 CEST 2019
Sat Apr 20 22:27:53 CEST 2019
Sat Apr 20 22:27:53 CEST 2019
Sat Apr 20 22:27:54 CEST 2019
Sat Apr 20 22:27:54 CEST 2019
Sat Apr 20 22:27:55 CEST 2019
Sat Apr 20 22:27:55 CEST 2019
Sat Apr 20 22:27:56 CEST 2019
Sat Apr 20 22:27:56 CEST 2019
Sat Apr 20 22:27:57 CEST 2019
Sat Apr 20 22:27:57 CEST 2019
Sat Apr 20 22:27:58 CEST 2019
Sat Apr 20 22:27:58 CEST 2019
Sat Apr 20 22:27:59 CEST 2019
Sat Apr 20 22:27:59 CEST 2019
Sat Apr 20 22:28:00 CEST 2019
Sat Apr 20 22:28:00 CEST 2019
Sat Apr 20 22:28:01 CEST 2019
Sat Apr 20 22:28:01 CEST 2019
Sat Apr 20 22:28:02 CEST 2019
Sat Apr 20 22:28:02 CEST 2019
Sat Apr 20 22:28:03 CEST 2019
Sat Apr 20 22:28:03 CEST 2019
Sat Apr 20 22:28:04 CEST 2019
Sat Apr 20 22:28:04 CEST 2019
Sat Apr 20 22:28:05 CEST 2019
Sat Apr 20 22:28:05 CEST 2019
Sat Apr 20 22:28:06 CEST 2019
Sat Apr 20 22:28:06 CEST 2019
Sat Apr 20 22:28:07 CEST 2019
Sat Apr 20 22:28:07 CEST 2019
Sat Apr 20 22:28:08 CEST 2019
Sat Apr 20 22:28:08 CEST 2019
Sat Apr 20 22:28:09 CEST 2019
Sat Apr 20 22:28:09 CEST 2019
Sat Apr 20 22:28:10 CEST 2019
Sat Apr 20 22:28:10 CEST 2019
Sat Apr 20 22:28:11 CEST 2019
Sat Apr 20 22:28:11 CEST 2019
Sat Apr 20 22:28:12 CEST 2019
Sat Apr 20 22:28:12 CEST 2019
Sat Apr 20 22:28:13 CEST 2019
Sat Apr 20 22:28:13 CEST 2019
Sat Apr 20 22:28:14 CEST 2019
Sat Apr 20 22:28:15 CEST 2019
Sat Apr 20 22:28:15 CEST 2019
Sat Apr 20 22:28:16 CEST 2019
Sat Apr 20 22:28:16 CEST 2019
Sat Apr 20 22:28:17 CEST 2019
Sat Apr 20 22:28:17 CEST 2019
Sat Apr 20 22:28:18 CEST 2019
Sat Apr 20 22:28:18 CEST 2019
Sat Apr 20 22:28:19 CEST 2019
Sat Apr 20 22:28:19 CEST 2019
Sat Apr 20 22:28:20 CEST 2019
Sat Apr 20 22:28:20 CEST 2019
Sat Apr 20 22:28:21 CEST 2019
Sat Apr 20 22:28:21 CEST 2019
Sat Apr 20 22:28:22 CEST 2019
Sat Apr 20 22:28:22 CEST 2019
Sat Apr 20 22:28:23 CEST 2019
Sat Apr 20 22:28:23 CEST 2019
Sat Apr 20 22:28:24 CEST 2019
Sat Apr 20 22:28:24 CEST 2019
Sat Apr 20 22:28:25 CEST 2019
Sat Apr 20 22:28:25 CEST 2019
Sat Apr 20 22:28:26 CEST 2019
Sat Apr 20 22:28:26 CEST 2019
Sat Apr 20 22:28:27 CEST 2019
Sat Apr 20 22:28:27 CEST 2019
Sat Apr 20 22:28:28 CEST 2019
Sat Apr 20 22:28:28 CEST 2019
Sat Apr 20 22:28:29 CEST 2019
Sat Apr 20 22:28:29 CEST 2019
Sat Apr 20 22:28:30 CEST 2019
Sat Apr 20 22:28:30 CEST 2019
Sat Apr 20 22:28:31 CEST 2019
Sat Apr 20 22:28:31 CEST 2019
Sat Apr 20 22:28:32 CEST 2019
Sat Apr 20 22:28:32 CEST 2019
Sat Apr 20 22:28:33 CEST 2019
Sat Apr 20 22:28:33 CEST 2019
Sat Apr 20 22:28:34 CEST 2019
Sat Apr 20 22:28:34 CEST 2019
Sat Apr 20 22:28:35 CEST 2019
Sat Apr 20 22:28:35 CEST 2019
Sat Apr 20 22:28:36 CEST 2019
Sat Apr 20 22:28:36 CEST 2019
Sat Apr 20 22:28:37 CEST 2019
Sat Apr 20 22:28:37 CEST 2019
Sat Apr 20 22:28:38 CEST 2019
Sat Apr 20 22:28:38 CEST 2019
Sat Apr 20 22:28:39 CEST 2019
Sat Apr 20 22:28:39 CEST 2019
Sat Apr 20 22:28:40 CEST 2019
Sat Apr 20 22:28:41 CEST 2019
Sat Apr 20 22:28:41 CEST 2019
Sat Apr 20 22:28:42 CEST 2019
Sat Apr 20 22:28:42 CEST 2019
Sat Apr 20 22:28:43 CEST 2019
Sat Apr 20 22:28:43 CEST 2019
Sat Apr 20 22:28:44 CEST 2019
Sat Apr 20 22:28:44 CEST 2019
Sat Apr 20 22:28:45 CEST 2019
Sat Apr 20 22:28:45 CEST 2019
Sat Apr 20 22:28:46 CEST 2019
Sat Apr 20 22:28:46 CEST 2019
Sat Apr 20 22:28:47 CEST 2019
Sat Apr 20 22:28:47 CEST 2019
Sat Apr 20 22:28:48 CEST 2019
Sat Apr 20 22:28:48 CEST 2019
Sat Apr 20 22:28:49 CEST 2019
Sat Apr 20 22:28:49 CEST 2019
Sat Apr 20 22:28:50 CEST 2019
Sat Apr 20 22:28:50 CEST 2019
Sat Apr 20 22:28:51 CEST 2019
Sat Apr 20 22:28:51 CEST 2019
Sat Apr 20 22:28:52 CEST 2019
Sat Apr 20 22:28:52 CEST 2019
Sat Apr 20 22:28:53 CEST 2019
Sat Apr 20 22:28:53 CEST 2019
Sat Apr 20 22:28:54 CEST 2019
Sat Apr 20 22:28:54 CEST 2019
Sat Apr 20 22:28:55 CEST 2019
Sat Apr 20 22:28:55 CEST 2019
Sat Apr 20 22:28:56 CEST 2019
Sat Apr 20 22:28:56 CEST 2019
Sat Apr 20 22:28:57 CEST 2019
Sat Apr 20 22:28:57 CEST 2019
Sat Apr 20 22:28:58 CEST 2019
Sat Apr 20 22:28:58 CEST 2019
Sat Apr 20 22:28:59 CEST 2019
Sat Apr 20 22:28:59 CEST 2019
Sat Apr 20 22:29:00 CEST 2019
Sat Apr 20 22:29:00 CEST 2019
Sat Apr 20 22:29:01 CEST 2019
Sat Apr 20 22:29:01 CEST 2019
Sat Apr 20 22:29:02 CEST 2019
Sat Apr 20 22:29:02 CEST 2019
Sat Apr 20 22:29:03 CEST 2019
Sat Apr 20 22:29:03 CEST 2019
Sat Apr 20 22:29:04 CEST 2019
Sat Apr 20 22:29:04 CEST 2019
Sat Apr 20 22:29:05 CEST 2019
Sat Apr 20 22:29:05 CEST 2019
Sat Apr 20 22:29:06 CEST 2019
Sat Apr 20 22:29:07 CEST 2019
Sat Apr 20 22:29:07 CEST 2019
Sat Apr 20 22:29:08 CEST 2019
Sat Apr 20 22:29:08 CEST 2019
Sat Apr 20 22:29:09 CEST 2019
Sat Apr 20 22:29:09 CEST 2019
Sat Apr 20 22:29:10 CEST 2019
Sat Apr 20 22:29:10 CEST 2019
Sat Apr 20 22:29:11 CEST 2019
Sat Apr 20 22:29:11 CEST 2019
Sat Apr 20 22:29:12 CEST 2019
Sat Apr 20 22:29:12 CEST 2019
Sat Apr 20 22:29:13 CEST 2019
Sat Apr 20 22:29:13 CEST 2019
Sat Apr 20 22:29:14 CEST 2019
Sat Apr 20 22:29:14 CEST 2019
Sat Apr 20 22:29:15 CEST 2019
Sat Apr 20 22:29:15 CEST 2019
Sat Apr 20 22:29:16 CEST 2019
Sat Apr 20 22:29:16 CEST 2019
Sat Apr 20 22:29:17 CEST 2019
Sat Apr 20 22:29:17 CEST 2019
Sat Apr 20 22:29:18 CEST 2019
Sat Apr 20 22:29:18 CEST 2019
Sat Apr 20 22:29:19 CEST 2019
Sat Apr 20 22:29:19 CEST 2019
Sat Apr 20 22:29:20 CEST 2019
Sat Apr 20 22:29:20 CEST 2019
Sat Apr 20 22:29:21 CEST 2019
Sat Apr 20 22:29:21 CEST 2019
Sat Apr 20 22:29:22 CEST 2019
Sat Apr 20 22:29:22 CEST 2019
Sat Apr 20 22:29:23 CEST 2019
Sat Apr 20 22:29:23 CEST 2019
Sat Apr 20 22:29:24 CEST 2019
Sat Apr 20 22:29:24 CEST 2019
Sat Apr 20 22:29:25 CEST 2019
Sat Apr 20 22:29:25 CEST 2019
Sat Apr 20 22:29:26 CEST 2019
Sat Apr 20 22:29:26 CEST 2019
Sat Apr 20 22:29:27 CEST 2019
Sat Apr 20 22:29:27 CEST 2019
Sat Apr 20 22:29:28 CEST 2019
Sat Apr 20 22:29:28 CEST 2019
Sat Apr 20 22:29:29 CEST 2019
Sat Apr 20 22:29:29 CEST 2019
Sat Apr 20 22:29:30 CEST 2019
Sat Apr 20 22:29:30 CEST 2019
Sat Apr 20 22:29:31 CEST 2019
Sat Apr 20 22:29:32 CEST 2019
Sat Apr 20 22:29:32 CEST 2019
Sat Apr 20 22:29:33 CEST 2019
Sat Apr 20 22:29:33 CEST 2019
Sat Apr 20 22:29:34 CEST 2019
Sat Apr 20 22:29:34 CEST 2019
Sat Apr 20 22:29:35 CEST 2019
Sat Apr 20 22:29:35 CEST 2019
Sat Apr 20 22:29:36 CEST 2019
Sat Apr 20 22:29:36 CEST 2019
Sat Apr 20 22:29:37 CEST 2019
Sat Apr 20 22:29:37 CEST 2019
Sat Apr 20 22:29:38 CEST 2019
Sat Apr 20 22:29:38 CEST 2019
Sat Apr 20 22:29:39 CEST 2019
Sat Apr 20 22:29:39 CEST 2019
Sat Apr 20 22:29:40 CEST 2019
Sat Apr 20 22:29:40 CEST 2019
Sat Apr 20 22:29:41 CEST 2019
Sat Apr 20 22:29:41 CEST 2019
Sat Apr 20 22:29:42 CEST 2019
Sat Apr 20 22:29:42 CEST 2019
Sat Apr 20 22:29:43 CEST 2019
Sat Apr 20 22:29:43 CEST 2019
Sat Apr 20 22:29:44 CEST 2019
Sat Apr 20 22:29:44 CEST 2019
Sat Apr 20 22:29:45 CEST 2019
Sat Apr 20 22:29:45 CEST 2019
Sat Apr 20 22:29:46 CEST 2019
Sat Apr 20 22:29:46 CEST 2019
Sat Apr 20 22:29:47 CEST 2019
Sat Apr 20 22:29:47 CEST 2019
Sat Apr 20 22:29:48 CEST 2019
Sat Apr 20 22:29:48 CEST 2019
Sat Apr 20 22:29:49 CEST 2019
Sat Apr 20 22:29:49 CEST 2019
Sat Apr 20 22:29:50 CEST 2019
Sat Apr 20 22:29:50 CEST 2019
Sat Apr 20 22:29:51 CEST 2019
Sat Apr 20 22:29:51 CEST 2019
Sat Apr 20 22:29:52 CEST 2019
Sat Apr 20 22:29:52 CEST 2019
Sat Apr 20 22:29:53 CEST 2019
Sat Apr 20 22:29:53 CEST 2019
Sat Apr 20 22:29:54 CEST 2019
Sat Apr 20 22:29:54 CEST 2019
Sat Apr 20 22:29:55 CEST 2019
Sat Apr 20 22:29:56 CEST 2019
Sat Apr 20 22:29:56 CEST 2019
Sat Apr 20 22:29:57 CEST 2019
Sat Apr 20 22:29:57 CEST 2019
Sat Apr 20 22:29:58 CEST 2019
Sat Apr 20 22:29:58 CEST 2019
Sat Apr 20 22:29:59 CEST 2019
Sat Apr 20 22:29:59 CEST 2019
Sat Apr 20 22:30:00 CEST 2019
Sat Apr 20 22:30:00 CEST 2019
Sat Apr 20 22:30:01 CEST 2019
Sat Apr 20 22:30:01 CEST 2019
Sat Apr 20 22:30:02 CEST 2019
Sat Apr 20 22:30:02 CEST 2019
Sat Apr 20 22:30:03 CEST 2019
Sat Apr 20 22:30:03 CEST 2019
Sat Apr 20 22:30:04 CEST 2019
Sat Apr 20 22:30:04 CEST 2019
Sat Apr 20 22:30:05 CEST 2019
Sat Apr 20 22:30:05 CEST 2019
Sat Apr 20 22:30:06 CEST 2019
Sat Apr 20 22:30:06 CEST 2019
Sat Apr 20 22:30:07 CEST 2019
Sat Apr 20 22:30:07 CEST 2019
Sat Apr 20 22:30:08 CEST 2019
Sat Apr 20 22:30:08 CEST 2019
Sat Apr 20 22:30:09 CEST 2019
Sat Apr 20 22:30:09 CEST 2019
Sat Apr 20 22:30:10 CEST 2019
Sat Apr 20 22:30:10 CEST 2019
Sat Apr 20 22:30:11 CEST 2019
Sat Apr 20 22:30:11 CEST 2019
Sat Apr 20 22:30:12 CEST 2019
Sat Apr 20 22:30:12 CEST 2019
Sat Apr 20 22:30:13 CEST 2019
Sat Apr 20 22:30:13 CEST 2019
Sat Apr 20 22:30:14 CEST 2019
Sat Apr 20 22:30:14 CEST 2019
Sat Apr 20 22:30:15 CEST 2019
Sat Apr 20 22:30:15 CEST 2019
Sat Apr 20 22:30:16 CEST 2019
Sat Apr 20 22:30:16 CEST 2019
Sat Apr 20 22:30:17 CEST 2019
Sat Apr 20 22:30:17 CEST 2019
Sat Apr 20 22:30:18 CEST 2019
Sat Apr 20 22:30:18 CEST 2019
Sat Apr 20 22:30:19 CEST 2019
Sat Apr 20 22:30:19 CEST 2019
Sat Apr 20 22:30:20 CEST 2019
Sat Apr 20 22:30:20 CEST 2019
Sat Apr 20 22:30:21 CEST 2019
Sat Apr 20 22:30:21 CEST 2019
Sat Apr 20 22:30:22 CEST 2019
Sat Apr 20 22:30:23 CEST 2019
Sat Apr 20 22:30:23 CEST 2019
Sat Apr 20 22:30:24 CEST 2019
Sat Apr 20 22:30:24 CEST 2019
Sat Apr 20 22:30:25 CEST 2019
Sat Apr 20 22:30:25 CEST 2019
Sat Apr 20 22:30:26 CEST 2019
Sat Apr 20 22:30:26 CEST 2019
Sat Apr 20 22:30:27 CEST 2019
Sat Apr 20 22:30:27 CEST 2019
Sat Apr 20 22:30:28 CEST 2019
Sat Apr 20 22:30:28 CEST 2019
Sat Apr 20 22:30:29 CEST 2019
Sat Apr 20 22:30:29 CEST 2019
Sat Apr 20 22:30:30 CEST 2019
Sat Apr 20 22:30:30 CEST 2019
Sat Apr 20 22:30:31 CEST 2019
Sat Apr 20 22:30:31 CEST 2019
Sat Apr 20 22:30:32 CEST 2019
Sat Apr 20 22:30:32 CEST 2019
Sat Apr 20 22:30:33 CEST 2019
Sat Apr 20 22:30:33 CEST 2019
Sat Apr 20 22:30:34 CEST 2019
Sat Apr 20 22:30:34 CEST 2019
Sat Apr 20 22:30:35 CEST 2019
Sat Apr 20 22:30:35 CEST 2019
Sat Apr 20 22:30:36 CEST 2019
Sat Apr 20 22:30:36 CEST 2019
Sat Apr 20 22:30:37 CEST 2019
Sat Apr 20 22:30:37 CEST 2019
Sat Apr 20 22:30:38 CEST 2019
Sat Apr 20 22:30:38 CEST 2019
Sat Apr 20 22:30:39 CEST 2019
Sat Apr 20 22:30:39 CEST 2019
Sat Apr 20 22:30:40 CEST 2019
Sat Apr 20 22:30:40 CEST 2019
Sat Apr 20 22:30:41 CEST 2019
Sat Apr 20 22:30:41 CEST 2019
Sat Apr 20 22:30:42 CEST 2019
Sat Apr 20 22:30:42 CEST 2019
Sat Apr 20 22:30:43 CEST 2019
Sat Apr 20 22:30:43 CEST 2019
Sat Apr 20 22:30:44 CEST 2019
Sat Apr 20 22:30:44 CEST 2019
Sat Apr 20 22:30:45 CEST 2019
Sat Apr 20 22:30:45 CEST 2019
Sat Apr 20 22:30:46 CEST 2019
Sat Apr 20 22:30:46 CEST 2019
Sat Apr 20 22:30:47 CEST 2019
Sat Apr 20 22:30:48 CEST 2019
Sat Apr 20 22:30:48 CEST 2019
Sat Apr 20 22:30:49 CEST 2019
Sat Apr 20 22:30:49 CEST 2019
Sat Apr 20 22:30:50 CEST 2019
Sat Apr 20 22:30:50 CEST 2019
Sat Apr 20 22:30:51 CEST 2019
Sat Apr 20 22:30:51 CEST 2019
Sat Apr 20 22:30:52 CEST 2019
Sat Apr 20 22:30:52 CEST 2019
Sat Apr 20 22:30:53 CEST 2019
Sat Apr 20 22:30:53 CEST 2019
Sat Apr 20 22:30:54 CEST 2019
Sat Apr 20 22:30:54 CEST 2019
Sat Apr 20 22:30:55 CEST 2019
Sat Apr 20 22:30:55 CEST 2019
Sat Apr 20 22:30:56 CEST 2019
Sat Apr 20 22:30:56 CEST 2019
Sat Apr 20 22:30:57 CEST 2019
Sat Apr 20 22:30:57 CEST 2019
Sat Apr 20 22:30:58 CEST 2019
Sat Apr 20 22:30:58 CEST 2019
Sat Apr 20 22:30:59 CEST 2019
Sat Apr 20 22:30:59 CEST 2019
Sat Apr 20 22:31:00 CEST 2019
Sat Apr 20 22:31:00 CEST 2019
Sat Apr 20 22:31:01 CEST 2019
Sat Apr 20 22:31:01 CEST 2019
Sat Apr 20 22:31:02 CEST 2019
Sat Apr 20 22:31:02 CEST 2019
Sat Apr 20 22:31:03 CEST 2019
Sat Apr 20 22:31:03 CEST 2019
Sat Apr 20 22:31:04 CEST 2019
Sat Apr 20 22:31:04 CEST 2019
Sat Apr 20 22:31:05 CEST 2019
Sat Apr 20 22:31:05 CEST 2019
Sat Apr 20 22:31:06 CEST 2019
Sat Apr 20 22:31:06 CEST 2019
Sat Apr 20 22:31:07 CEST 2019
Sat Apr 20 22:31:07 CEST 2019
Sat Apr 20 22:31:08 CEST 2019
Sat Apr 20 22:31:08 CEST 2019
Sat Apr 20 22:31:09 CEST 2019
Sat Apr 20 22:31:09 CEST 2019
Sat Apr 20 22:31:10 CEST 2019
Sat Apr 20 22:31:10 CEST 2019
Sat Apr 20 22:31:11 CEST 2019
Sat Apr 20 22:31:12 CEST 2019
Sat Apr 20 22:31:12 CEST 2019
Sat Apr 20 22:31:13 CEST 2019
Sat Apr 20 22:31:13 CEST 2019
Sat Apr 20 22:31:14 CEST 2019
Sat Apr 20 22:31:14 CEST 2019
Sat Apr 20 22:31:15 CEST 2019
Sat Apr 20 22:31:15 CEST 2019
Sat Apr 20 22:31:16 CEST 2019
Sat Apr 20 22:31:16 CEST 2019
Sat Apr 20 22:31:17 CEST 2019
Sat Apr 20 22:31:17 CEST 2019
Sat Apr 20 22:31:18 CEST 2019
Sat Apr 20 22:31:18 CEST 2019
Sat Apr 20 22:31:19 CEST 2019
Sat Apr 20 22:31:19 CEST 2019
Sat Apr 20 22:31:20 CEST 2019
Sat Apr 20 22:31:20 CEST 2019
Sat Apr 20 22:31:21 CEST 2019
Sat Apr 20 22:31:21 CEST 2019
Sat Apr 20 22:31:22 CEST 2019
Sat Apr 20 22:31:22 CEST 2019
Sat Apr 20 22:31:23 CEST 2019
Sat Apr 20 22:31:23 CEST 2019
Sat Apr 20 22:31:24 CEST 2019
Sat Apr 20 22:31:24 CEST 2019
Sat Apr 20 22:31:25 CEST 2019
Sat Apr 20 22:31:25 CEST 2019
Sat Apr 20 22:31:26 CEST 2019
Sat Apr 20 22:31:26 CEST 2019
Sat Apr 20 22:31:27 CEST 2019
Sat Apr 20 22:31:27 CEST 2019
Sat Apr 20 22:31:28 CEST 2019
Sat Apr 20 22:31:28 CEST 2019
Sat Apr 20 22:31:29 CEST 2019
Sat Apr 20 22:31:29 CEST 2019
Sat Apr 20 22:31:30 CEST 2019
Sat Apr 20 22:31:30 CEST 2019
Sat Apr 20 22:32:01 CEST 2019
Sat Apr 20 22:32:02 CEST 2019
Sat Apr 20 22:32:02 CEST 2019
Sat Apr 20 22:32:03 CEST 2019
Sat Apr 20 22:32:03 CEST 2019
Sat Apr 20 22:32:04 CEST 2019
Sat Apr 20 22:32:04 CEST 2019
Sat Apr 20 22:32:05 CEST 2019
Sat Apr 20 22:32:05 CEST 2019
Sat Apr 20 22:32:06 CEST 2019
Sat Apr 20 22:32:06 CEST 2019
Sat Apr 20 22:32:07 CEST 2019
Sat Apr 20 22:32:07 CEST 2019
Sat Apr 20 22:32:08 CEST 2019
Sat Apr 20 22:32:08 CEST 2019
Sat Apr 20 22:32:09 CEST 2019
Sat Apr 20 22:32:09 CEST 2019
Sat Apr 20 22:32:10 CEST 2019
Sat Apr 20 22:32:10 CEST 2019
Sat Apr 20 22:32:11 CEST 2019
Sat Apr 20 22:32:11 CEST 2019
Sat Apr 20 22:32:12 CEST 2019
Sat Apr 20 22:32:12 CEST 2019
Sat Apr 20 22:32:13 CEST 2019
Sat Apr 20 22:32:13 CEST 2019
Sat Apr 20 22:32:14 CEST 2019
Sat Apr 20 22:32:14 CEST 2019
Sat Apr 20 22:32:15 CEST 2019
Sat Apr 20 22:32:15 CEST 2019
Sat Apr 20 22:32:16 CEST 2019
Sat Apr 20 22:32:17 CEST 2019
Sat Apr 20 22:32:17 CEST 2019
Sat Apr 20 22:32:18 CEST 2019
Sat Apr 20 22:32:18 CEST 2019
Sat Apr 20 22:32:19 CEST 2019
Sat Apr 20 22:32:19 CEST 2019
Sat Apr 20 22:32:20 CEST 2019
Sat Apr 20 22:32:20 CEST 2019
Sat Apr 20 22:32:21 CEST 2019
Sat Apr 20 22:32:21 CEST 2019
Sat Apr 20 22:32:22 CEST 2019
Sat Apr 20 22:32:22 CEST 2019
Sat Apr 20 22:32:23 CEST 2019
Sat Apr 20 22:32:23 CEST 2019
Sat Apr 20 22:32:24 CEST 2019
Sat Apr 20 22:32:24 CEST 2019
Sat Apr 20 22:32:25 CEST 2019
Sat Apr 20 22:32:25 CEST 2019
Sat Apr 20 22:32:26 CEST 2019
Sat Apr 20 22:32:26 CEST 2019
Sat Apr 20 22:32:27 CEST 2019
Sat Apr 20 22:32:27 CEST 2019
Sat Apr 20 22:32:28 CEST 2019
Sat Apr 20 22:32:28 CEST 2019
Sat Apr 20 22:32:29 CEST 2019
Sat Apr 20 22:32:29 CEST 2019
Sat Apr 20 22:32:30 CEST 2019
Sat Apr 20 22:32:30 CEST 2019
Sat Apr 20 22:32:31 CEST 2019
Sat Apr 20 22:32:31 CEST 2019
Sat Apr 20 22:32:32 CEST 2019
Sat Apr 20 22:32:32 CEST 2019
Sat Apr 20 22:32:33 CEST 2019
Sat Apr 20 22:32:33 CEST 2019
Sat Apr 20 22:32:34 CEST 2019
Sat Apr 20 22:32:34 CEST 2019
Sat Apr 20 22:32:35 CEST 2019
Sat Apr 20 22:32:35 CEST 2019
Sat Apr 20 22:32:36 CEST 2019
Sat Apr 20 22:32:36 CEST 2019
Sat Apr 20 22:32:37 CEST 2019
Sat Apr 20 22:32:37 CEST 2019
Sat Apr 20 22:32:38 CEST 2019
Sat Apr 20 22:32:38 CEST 2019
Sat Apr 20 22:32:39 CEST 2019
Sat Apr 20 22:32:39 CEST 2019
Sat Apr 20 22:32:40 CEST 2019
Sat Apr 20 22:32:40 CEST 2019
Sat Apr 20 22:32:41 CEST 2019
Sat Apr 20 22:32:42 CEST 2019
Sat Apr 20 22:32:42 CEST 2019
Sat Apr 20 22:32:43 CEST 2019
Sat Apr 20 22:32:43 CEST 2019
Sat Apr 20 22:32:44 CEST 2019
Sat Apr 20 22:32:44 CEST 2019
Sat Apr 20 22:32:45 CEST 2019
Sat Apr 20 22:32:45 CEST 2019
Sat Apr 20 22:32:46 CEST 2019
Sat Apr 20 22:32:46 CEST 2019
Sat Apr 20 22:32:47 CEST 2019
Sat Apr 20 22:32:47 CEST 2019
Sat Apr 20 22:32:48 CEST 2019
Sat Apr 20 22:32:48 CEST 2019
Sat Apr 20 22:32:49 CEST 2019
Sat Apr 20 22:32:49 CEST 2019
Sat Apr 20 22:32:50 CEST 2019
Sat Apr 20 22:32:50 CEST 2019
Sat Apr 20 22:32:51 CEST 2019
Sat Apr 20 22:32:51 CEST 2019
Sat Apr 20 22:32:52 CEST 2019
Sat Apr 20 22:32:52 CEST 2019
Sat Apr 20 22:32:53 CEST 2019
Sat Apr 20 22:32:53 CEST 2019
Sat Apr 20 22:32:54 CEST 2019
Sat Apr 20 22:32:54 CEST 2019
Sat Apr 20 22:32:55 CEST 2019
Sat Apr 20 22:32:55 CEST 2019
Sat Apr 20 22:32:56 CEST 2019
Sat Apr 20 22:32:56 CEST 2019
Sat Apr 20 22:32:57 CEST 2019
Sat Apr 20 22:32:57 CEST 2019
Sat Apr 20 22:32:58 CEST 2019
Sat Apr 20 22:32:58 CEST 2019
Sat Apr 20 22:32:59 CEST 2019
Sat Apr 20 22:32:59 CEST 2019
Sat Apr 20 22:33:00 CEST 2019
Sat Apr 20 22:33:00 CEST 2019
Sat Apr 20 22:33:01 CEST 2019
Sat Apr 20 22:33:01 CEST 2019
Sat Apr 20 22:33:02 CEST 2019
Sat Apr 20 22:33:02 CEST 2019
Sat Apr 20 22:33:03 CEST 2019
Sat Apr 20 22:33:03 CEST 2019
Sat Apr 20 22:33:04 CEST 2019
Sat Apr 20 22:33:04 CEST 2019
Sat Apr 20 22:33:05 CEST 2019
Sat Apr 20 22:33:06 CEST 2019
Sat Apr 20 22:33:06 CEST 2019
Sat Apr 20 22:33:07 CEST 2019
Sat Apr 20 22:33:07 CEST 2019
Sat Apr 20 22:33:08 CEST 2019
Sat Apr 20 22:33:08 CEST 2019
Sat Apr 20 22:33:09 CEST 2019
Sat Apr 20 22:33:09 CEST 2019
Sat Apr 20 22:33:10 CEST 2019
Sat Apr 20 22:33:10 CEST 2019
Sat Apr 20 22:33:11 CEST 2019
Sat Apr 20 22:33:11 CEST 2019
Sat Apr 20 22:33:12 CEST 2019
Sat Apr 20 22:33:12 CEST 2019
Sat Apr 20 22:33:13 CEST 2019
Sat Apr 20 22:33:13 CEST 2019
Sat Apr 20 22:33:14 CEST 2019
Sat Apr 20 22:33:14 CEST 2019
Sat Apr 20 22:33:15 CEST 2019
Sat Apr 20 22:33:15 CEST 2019
Sat Apr 20 22:33:16 CEST 2019
Sat Apr 20 22:33:16 CEST 2019
Sat Apr 20 22:33:17 CEST 2019
Sat Apr 20 22:33:17 CEST 2019
Sat Apr 20 22:33:18 CEST 2019
Sat Apr 20 22:33:18 CEST 2019
Sat Apr 20 22:33:19 CEST 2019
Sat Apr 20 22:33:19 CEST 2019
Sat Apr 20 22:33:20 CEST 2019
Sat Apr 20 22:33:20 CEST 2019
Sat Apr 20 22:33:21 CEST 2019
Sat Apr 20 22:33:21 CEST 2019
Sat Apr 20 22:33:22 CEST 2019
Sat Apr 20 22:33:22 CEST 2019
Sat Apr 20 22:33:23 CEST 2019
Sat Apr 20 22:33:23 CEST 2019
Sat Apr 20 22:33:24 CEST 2019
Sat Apr 20 22:33:24 CEST 2019
Sat Apr 20 22:33:25 CEST 2019
Sat Apr 20 22:33:25 CEST 2019
Sat Apr 20 22:33:26 CEST 2019
Sat Apr 20 22:33:26 CEST 2019
Sat Apr 20 22:33:27 CEST 2019
Sat Apr 20 22:33:27 CEST 2019
Sat Apr 20 22:33:28 CEST 2019
Sat Apr 20 22:33:28 CEST 2019
Sat Apr 20 22:33:29 CEST 2019
Sat Apr 20 22:33:30 CEST 2019
Sat Apr 20 22:33:30 CEST 2019
Sat Apr 20 22:33:31 CEST 2019
Sat Apr 20 22:33:31 CEST 2019
Sat Apr 20 22:33:32 CEST 2019
Sat Apr 20 22:33:32 CEST 2019
Sat Apr 20 22:33:33 CEST 2019
Sat Apr 20 22:33:33 CEST 2019
Sat Apr 20 22:33:34 CEST 2019
Sat Apr 20 22:33:34 CEST 2019
Sat Apr 20 22:33:35 CEST 2019
Sat Apr 20 22:33:35 CEST 2019
Sat Apr 20 22:33:36 CEST 2019
Sat Apr 20 22:33:36 CEST 2019
Sat Apr 20 22:33:37 CEST 2019
Sat Apr 20 22:33:37 CEST 2019
Sat Apr 20 22:33:38 CEST 2019
Sat Apr 20 22:33:38 CEST 2019
Sat Apr 20 22:33:39 CEST 2019
Sat Apr 20 22:33:39 CEST 2019
Sat Apr 20 22:33:40 CEST 2019
Sat Apr 20 22:33:40 CEST 2019
Sat Apr 20 22:33:41 CEST 2019
Sat Apr 20 22:33:41 CEST 2019
Sat Apr 20 22:33:42 CEST 2019
Sat Apr 20 22:33:42 CEST 2019
Sat Apr 20 22:33:43 CEST 2019
Sat Apr 20 22:33:43 CEST 2019
Sat Apr 20 22:33:44 CEST 2019
Sat Apr 20 22:33:44 CEST 2019
Sat Apr 20 22:33:45 CEST 2019
Sat Apr 20 22:33:45 CEST 2019
Sat Apr 20 22:33:46 CEST 2019
Sat Apr 20 22:33:46 CEST 2019
Sat Apr 20 22:33:47 CEST 2019
Sat Apr 20 22:33:47 CEST 2019
Sat Apr 20 22:33:48 CEST 2019
Sat Apr 20 22:33:48 CEST 2019
Sat Apr 20 22:33:49 CEST 2019
Sat Apr 20 22:33:49 CEST 2019
Sat Apr 20 22:33:50 CEST 2019
Sat Apr 20 22:33:50 CEST 2019
Sat Apr 20 22:33:51 CEST 2019
Sat Apr 20 22:33:51 CEST 2019
Sat Apr 20 22:33:52 CEST 2019
Sat Apr 20 22:33:52 CEST 2019
Sat Apr 20 22:33:53 CEST 2019
Sat Apr 20 22:33:53 CEST 2019
Sat Apr 20 22:33:54 CEST 2019
Sat Apr 20 22:33:54 CEST 2019
Sat Apr 20 22:33:55 CEST 2019
Sat Apr 20 22:33:56 CEST 2019
Sat Apr 20 22:33:56 CEST 2019
Sat Apr 20 22:33:57 CEST 2019
Sat Apr 20 22:33:57 CEST 2019
Sat Apr 20 22:33:58 CEST 2019
Sat Apr 20 22:33:58 CEST 2019
Sat Apr 20 22:33:59 CEST 2019
Sat Apr 20 22:33:59 CEST 2019
Sat Apr 20 22:34:00 CEST 2019
Sat Apr 20 22:34:00 CEST 2019
Sat Apr 20 22:34:01 CEST 2019
Sat Apr 20 22:34:01 CEST 2019
Sat Apr 20 22:34:02 CEST 2019
Sat Apr 20 22:34:02 CEST 2019
Sat Apr 20 22:34:03 CEST 2019
Sat Apr 20 22:34:03 CEST 2019
Sat Apr 20 22:34:04 CEST 2019
Sat Apr 20 22:34:04 CEST 2019
Sat Apr 20 22:34:05 CEST 2019
Sat Apr 20 22:34:05 CEST 2019
Sat Apr 20 22:34:06 CEST 2019
Sat Apr 20 22:34:06 CEST 2019
Sat Apr 20 22:34:07 CEST 2019
Sat Apr 20 22:34:07 CEST 2019
Sat Apr 20 22:34:08 CEST 2019
Sat Apr 20 22:34:08 CEST 2019
Sat Apr 20 22:34:09 CEST 2019
Sat Apr 20 22:34:09 CEST 2019
Sat Apr 20 22:34:10 CEST 2019
Sat Apr 20 22:34:10 CEST 2019
Sat Apr 20 22:34:11 CEST 2019
Sat Apr 20 22:34:11 CEST 2019
Sat Apr 20 22:34:12 CEST 2019
Sat Apr 20 22:34:12 CEST 2019
Sat Apr 20 22:34:13 CEST 2019
Sat Apr 20 22:34:13 CEST 2019
Sat Apr 20 22:34:14 CEST 2019
Sat Apr 20 22:34:14 CEST 2019
Sat Apr 20 22:34:15 CEST 2019
Sat Apr 20 22:34:15 CEST 2019
Sat Apr 20 22:34:16 CEST 2019
Sat Apr 20 22:34:16 CEST 2019
Sat Apr 20 22:34:17 CEST 2019
Sat Apr 20 22:34:17 CEST 2019
Sat Apr 20 22:34:18 CEST 2019
Sat Apr 20 22:34:18 CEST 2019
Sat Apr 20 22:34:19 CEST 2019
Sat Apr 20 22:34:19 CEST 2019
Sat Apr 20 22:34:20 CEST 2019
Sat Apr 20 22:34:20 CEST 2019
Sat Apr 20 22:34:21 CEST 2019
Sat Apr 20 22:34:22 CEST 2019
Sat Apr 20 22:34:22 CEST 2019
Sat Apr 20 22:34:23 CEST 2019
Sat Apr 20 22:34:23 CEST 2019
Sat Apr 20 22:34:24 CEST 2019
Sat Apr 20 22:34:24 CEST 2019
Sat Apr 20 22:34:25 CEST 2019
Sat Apr 20 22:34:25 CEST 2019
Sat Apr 20 22:34:26 CEST 2019
Sat Apr 20 22:34:26 CEST 2019
Sat Apr 20 22:34:27 CEST 2019
Sat Apr 20 22:34:27 CEST 2019
Sat Apr 20 22:34:28 CEST 2019
Sat Apr 20 22:34:28 CEST 2019
Sat Apr 20 22:34:29 CEST 2019
Sat Apr 20 22:34:29 CEST 2019
Sat Apr 20 22:34:30 CEST 2019
Sat Apr 20 22:34:30 CEST 2019
Sat Apr 20 22:34:31 CEST 2019
Sat Apr 20 22:34:31 CEST 2019
Sat Apr 20 22:34:32 CEST 2019
Sat Apr 20 22:34:32 CEST 2019
Sat Apr 20 22:34:33 CEST 2019
Sat Apr 20 22:34:33 CEST 2019
Sat Apr 20 22:34:34 CEST 2019
Sat Apr 20 22:34:34 CEST 2019
Sat Apr 20 22:34:35 CEST 2019
Sat Apr 20 22:34:35 CEST 2019
Sat Apr 20 22:34:36 CEST 2019
Sat Apr 20 22:34:36 CEST 2019
Sat Apr 20 22:34:37 CEST 2019
Sat Apr 20 22:34:37 CEST 2019
Sat Apr 20 22:34:38 CEST 2019
Sat Apr 20 22:34:38 CEST 2019
Sat Apr 20 22:34:39 CEST 2019
Sat Apr 20 22:34:39 CEST 2019
Sat Apr 20 22:34:40 CEST 2019
Sat Apr 20 22:34:40 CEST 2019
Sat Apr 20 22:34:41 CEST 2019
Sat Apr 20 22:34:41 CEST 2019
Sat Apr 20 22:34:42 CEST 2019
Sat Apr 20 22:34:42 CEST 2019
Sat Apr 20 22:34:43 CEST 2019
Sat Apr 20 22:34:43 CEST 2019
Sat Apr 20 22:34:44 CEST 2019
Sat Apr 20 22:34:44 CEST 2019
Sat Apr 20 22:34:45 CEST 2019
Sat Apr 20 22:34:45 CEST 2019
Sat Apr 20 22:34:46 CEST 2019
Sat Apr 20 22:34:47 CEST 2019
Sat Apr 20 22:34:47 CEST 2019
Sat Apr 20 22:34:48 CEST 2019
Sat Apr 20 22:34:48 CEST 2019
Sat Apr 20 22:34:49 CEST 2019
Sat Apr 20 22:34:49 CEST 2019
Sat Apr 20 22:34:50 CEST 2019
Sat Apr 20 22:34:50 CEST 2019
Sat Apr 20 22:34:51 CEST 2019
Sat Apr 20 22:34:51 CEST 2019
Sat Apr 20 22:34:52 CEST 2019
Sat Apr 20 22:34:52 CEST 2019
Sat Apr 20 22:34:53 CEST 2019
Sat Apr 20 22:34:53 CEST 2019
Sat Apr 20 22:34:54 CEST 2019
Sat Apr 20 22:34:54 CEST 2019
Sat Apr 20 22:34:55 CEST 2019
Sat Apr 20 22:34:55 CEST 2019
Sat Apr 20 22:34:56 CEST 2019
Sat Apr 20 22:34:56 CEST 2019
Sat Apr 20 22:34:57 CEST 2019
Sat Apr 20 22:34:57 CEST 2019
Sat Apr 20 22:34:58 CEST 2019
Sat Apr 20 22:34:58 CEST 2019
Sat Apr 20 22:34:59 CEST 2019
Sat Apr 20 22:34:59 CEST 2019
Sat Apr 20 22:35:00 CEST 2019
Sat Apr 20 22:35:00 CEST 2019
Sat Apr 20 22:35:01 CEST 2019
Sat Apr 20 22:35:01 CEST 2019
Sat Apr 20 22:35:02 CEST 2019
Sat Apr 20 22:35:02 CEST 2019
Sat Apr 20 22:35:03 CEST 2019
Sat Apr 20 22:35:03 CEST 2019
Sat Apr 20 22:35:04 CEST 2019
Sat Apr 20 22:35:04 CEST 2019
Sat Apr 20 22:35:05 CEST 2019
Sat Apr 20 22:35:05 CEST 2019
Sat Apr 20 22:35:06 CEST 2019
Sat Apr 20 22:35:06 CEST 2019
Sat Apr 20 22:35:07 CEST 2019
Sat Apr 20 22:35:07 CEST 2019
Sat Apr 20 22:35:08 CEST 2019
Sat Apr 20 22:35:08 CEST 2019
Sat Apr 20 22:35:09 CEST 2019
Sat Apr 20 22:35:09 CEST 2019
Sat Apr 20 22:35:10 CEST 2019
Sat Apr 20 22:35:10 CEST 2019
Sat Apr 20 22:35:11 CEST 2019
Sat Apr 20 22:35:11 CEST 2019
Sat Apr 20 22:35:12 CEST 2019
Sat Apr 20 22:35:12 CEST 2019
Sat Apr 20 22:35:13 CEST 2019
Sat Apr 20 22:35:14 CEST 2019
Sat Apr 20 22:35:14 CEST 2019
Sat Apr 20 22:35:15 CEST 2019
Sat Apr 20 22:35:15 CEST 2019
Sat Apr 20 22:35:16 CEST 2019
Sat Apr 20 22:35:16 CEST 2019
Sat Apr 20 22:35:17 CEST 2019
Sat Apr 20 22:35:17 CEST 2019
Sat Apr 20 22:35:18 CEST 2019
Sat Apr 20 22:35:18 CEST 2019
Sat Apr 20 22:35:19 CEST 2019
Sat Apr 20 22:35:19 CEST 2019
Sat Apr 20 22:35:20 CEST 2019
Sat Apr 20 22:35:20 CEST 2019
Sat Apr 20 22:35:21 CEST 2019
Sat Apr 20 22:35:21 CEST 2019
Sat Apr 20 22:35:22 CEST 2019
Sat Apr 20 22:35:22 CEST 2019
Sat Apr 20 22:35:23 CEST 2019
Sat Apr 20 22:35:23 CEST 2019
Sat Apr 20 22:35:24 CEST 2019
Sat Apr 20 22:35:24 CEST 2019
Sat Apr 20 22:35:25 CEST 2019
Sat Apr 20 22:35:25 CEST 2019
Sat Apr 20 22:35:26 CEST 2019
Sat Apr 20 22:35:26 CEST 2019
Sat Apr 20 22:35:27 CEST 2019
Sat Apr 20 22:35:27 CEST 2019
Sat Apr 20 22:35:28 CEST 2019
Sat Apr 20 22:35:28 CEST 2019
Sat Apr 20 22:35:29 CEST 2019
Sat Apr 20 22:35:29 CEST 2019
Sat Apr 20 22:35:30 CEST 2019
Sat Apr 20 22:35:30 CEST 2019
Sat Apr 20 22:35:31 CEST 2019
Sat Apr 20 22:35:31 CEST 2019
Sat Apr 20 22:35:32 CEST 2019
Sat Apr 20 22:35:32 CEST 2019
Sat Apr 20 22:35:33 CEST 2019
Sat Apr 20 22:35:33 CEST 2019
Sat Apr 20 22:35:34 CEST 2019
Sat Apr 20 22:35:34 CEST 2019
Sat Apr 20 22:35:35 CEST 2019
Sat Apr 20 22:35:35 CEST 2019
Sat Apr 20 22:35:36 CEST 2019
Sat Apr 20 22:35:36 CEST 2019
Sat Apr 20 22:35:37 CEST 2019
Sat Apr 20 22:35:37 CEST 2019
Sat Apr 20 22:35:38 CEST 2019
Sat Apr 20 22:35:38 CEST 2019
Sat Apr 20 22:35:39 CEST 2019
Sat Apr 20 22:35:40 CEST 2019
Sat Apr 20 22:35:40 CEST 2019
Sat Apr 20 22:35:41 CEST 2019
Sat Apr 20 22:35:41 CEST 2019
Sat Apr 20 22:35:42 CEST 2019
Sat Apr 20 22:35:42 CEST 2019
Sat Apr 20 22:35:43 CEST 2019
Sat Apr 20 22:35:43 CEST 2019
Sat Apr 20 22:35:44 CEST 2019
Sat Apr 20 22:35:44 CEST 2019
Sat Apr 20 22:35:45 CEST 2019
Sat Apr 20 22:35:45 CEST 2019
Sat Apr 20 22:35:46 CEST 2019
Sat Apr 20 22:35:46 CEST 2019
Sat Apr 20 22:35:47 CEST 2019
Sat Apr 20 22:35:47 CEST 2019
Sat Apr 20 22:35:48 CEST 2019
Sat Apr 20 22:35:48 CEST 2019
Sat Apr 20 22:35:49 CEST 2019
Sat Apr 20 22:35:49 CEST 2019
Sat Apr 20 22:35:50 CEST 2019
Sat Apr 20 22:35:50 CEST 2019
Sat Apr 20 22:35:51 CEST 2019
Sat Apr 20 22:35:51 CEST 2019
Sat Apr 20 22:35:52 CEST 2019
Sat Apr 20 22:35:52 CEST 2019
Sat Apr 20 22:35:53 CEST 2019
Sat Apr 20 22:35:53 CEST 2019
Sat Apr 20 22:35:54 CEST 2019
Sat Apr 20 22:35:54 CEST 2019
Sat Apr 20 22:35:55 CEST 2019
Sat Apr 20 22:35:55 CEST 2019
Sat Apr 20 22:35:56 CEST 2019
Sat Apr 20 22:35:56 CEST 2019
Sat Apr 20 22:35:57 CEST 2019
Sat Apr 20 22:35:57 CEST 2019
Sat Apr 20 22:35:58 CEST 2019
Sat Apr 20 22:35:58 CEST 2019
Sat Apr 20 22:35:59 CEST 2019
Sat Apr 20 22:35:59 CEST 2019
Sat Apr 20 22:36:00 CEST 2019
Sat Apr 20 22:36:00 CEST 2019
Sat Apr 20 22:36:01 CEST 2019
Sat Apr 20 22:36:02 CEST 2019
Sat Apr 20 22:36:02 CEST 2019
Sat Apr 20 22:36:03 CEST 2019
Sat Apr 20 22:36:03 CEST 2019
Sat Apr 20 22:36:04 CEST 2019
Sat Apr 20 22:36:04 CEST 2019
Sat Apr 20 22:36:05 CEST 2019
Sat Apr 20 22:36:05 CEST 2019
Sat Apr 20 22:36:06 CEST 2019
Sat Apr 20 22:36:06 CEST 2019
Sat Apr 20 22:36:07 CEST 2019
Sat Apr 20 22:36:07 CEST 2019
Sat Apr 20 22:36:08 CEST 2019
Sat Apr 20 22:36:08 CEST 2019
Sat Apr 20 22:36:09 CEST 2019
Sat Apr 20 22:36:09 CEST 2019
Sat Apr 20 22:36:10 CEST 2019
Sat Apr 20 22:36:10 CEST 2019
Sat Apr 20 22:36:11 CEST 2019
Sat Apr 20 22:36:11 CEST 2019
Sat Apr 20 22:36:12 CEST 2019
Sat Apr 20 22:36:12 CEST 2019
Sat Apr 20 22:36:13 CEST 2019
Sat Apr 20 22:36:13 CEST 2019
Sat Apr 20 22:36:14 CEST 2019
Sat Apr 20 22:36:14 CEST 2019
Sat Apr 20 22:36:15 CEST 2019
Sat Apr 20 22:36:15 CEST 2019
Sat Apr 20 22:36:16 CEST 2019
Sat Apr 20 22:36:16 CEST 2019
Sat Apr 20 22:36:17 CEST 2019
Sat Apr 20 22:36:17 CEST 2019
Sat Apr 20 22:36:18 CEST 2019
Sat Apr 20 22:36:18 CEST 2019
Sat Apr 20 22:36:19 CEST 2019
Sat Apr 20 22:36:19 CEST 2019
Sat Apr 20 22:36:20 CEST 2019
Sat Apr 20 22:36:20 CEST 2019
Sat Apr 20 22:36:21 CEST 2019
Sat Apr 20 22:36:21 CEST 2019
Sat Apr 20 22:36:22 CEST 2019
Sat Apr 20 22:36:22 CEST 2019
Sat Apr 20 22:36:23 CEST 2019
Sat Apr 20 22:36:23 CEST 2019
Sat Apr 20 22:36:24 CEST 2019
Sat Apr 20 22:36:24 CEST 2019
Sat Apr 20 22:36:25 CEST 2019
Sat Apr 20 22:36:25 CEST 2019
Sat Apr 20 22:36:26 CEST 2019
Sat Apr 20 22:36:27 CEST 2019
Sat Apr 20 22:36:27 CEST 2019
Sat Apr 20 22:36:28 CEST 2019
Sat Apr 20 22:36:28 CEST 2019
Sat Apr 20 22:36:29 CEST 2019
Sat Apr 20 22:36:29 CEST 2019
Sat Apr 20 22:36:30 CEST 2019
Sat Apr 20 22:36:30 CEST 2019
Sat Apr 20 22:36:31 CEST 2019
Sat Apr 20 22:36:31 CEST 2019
Sat Apr 20 22:36:32 CEST 2019
Sat Apr 20 22:36:32 CEST 2019
Sat Apr 20 22:36:33 CEST 2019
Sat Apr 20 22:36:33 CEST 2019
Sat Apr 20 22:36:34 CEST 2019
Sat Apr 20 22:36:34 CEST 2019
Sat Apr 20 22:36:35 CEST 2019
Sat Apr 20 22:36:35 CEST 2019
Sat Apr 20 22:36:36 CEST 2019
Sat Apr 20 22:36:36 CEST 2019
Sat Apr 20 22:36:37 CEST 2019
Sat Apr 20 22:36:37 CEST 2019
Sat Apr 20 22:36:38 CEST 2019
Sat Apr 20 22:36:38 CEST 2019
Sat Apr 20 22:36:39 CEST 2019
Sat Apr 20 22:36:39 CEST 2019
Sat Apr 20 22:36:40 CEST 2019
Sat Apr 20 22:36:40 CEST 2019
Sat Apr 20 22:36:41 CEST 2019
Sat Apr 20 22:36:41 CEST 2019
Sat Apr 20 22:36:42 CEST 2019
Sat Apr 20 22:36:42 CEST 2019
Sat Apr 20 22:36:43 CEST 2019
Sat Apr 20 22:36:43 CEST 2019
Sat Apr 20 22:36:44 CEST 2019
Sat Apr 20 22:36:44 CEST 2019
Sat Apr 20 22:36:45 CEST 2019
Sat Apr 20 22:36:45 CEST 2019
Sat Apr 20 22:36:46 CEST 2019
Sat Apr 20 22:36:46 CEST 2019
Sat Apr 20 22:36:47 CEST 2019
Sat Apr 20 22:36:47 CEST 2019
Sat Apr 20 22:36:48 CEST 2019
Sat Apr 20 22:36:48 CEST 2019
Sat Apr 20 22:36:49 CEST 2019
Sat Apr 20 22:36:49 CEST 2019
Sat Apr 20 22:36:50 CEST 2019
Sat Apr 20 22:36:51 CEST 2019
Sat Apr 20 22:36:51 CEST 2019
Sat Apr 20 22:36:52 CEST 2019
Sat Apr 20 22:36:52 CEST 2019
Sat Apr 20 22:36:53 CEST 2019
Sat Apr 20 22:36:53 CEST 2019
Sat Apr 20 22:36:54 CEST 2019
Sat Apr 20 22:36:54 CEST 2019
Sat Apr 20 22:36:55 CEST 2019
Sat Apr 20 22:36:55 CEST 2019
Sat Apr 20 22:36:56 CEST 2019
Sat Apr 20 22:36:56 CEST 2019
Sat Apr 20 22:36:57 CEST 2019
Sat Apr 20 22:36:57 CEST 2019
Sat Apr 20 22:36:58 CEST 2019
Sat Apr 20 22:36:58 CEST 2019
Sat Apr 20 22:36:59 CEST 2019
Sat Apr 20 22:36:59 CEST 2019
Sat Apr 20 22:37:00 CEST 2019
Sat Apr 20 22:37:00 CEST 2019
Sat Apr 20 22:37:01 CEST 2019
Sat Apr 20 22:37:01 CEST 2019
Sat Apr 20 22:37:02 CEST 2019
Sat Apr 20 22:37:02 CEST 2019
Sat Apr 20 22:37:03 CEST 2019
Sat Apr 20 22:37:03 CEST 2019
Sat Apr 20 22:37:04 CEST 2019
Sat Apr 20 22:37:04 CEST 2019
Sat Apr 20 22:37:05 CEST 2019
Sat Apr 20 22:37:05 CEST 2019
Sat Apr 20 22:37:06 CEST 2019
Sat Apr 20 22:37:06 CEST 2019
Sat Apr 20 22:37:07 CEST 2019
Sat Apr 20 22:37:07 CEST 2019
Sat Apr 20 22:37:08 CEST 2019
Sat Apr 20 22:37:08 CEST 2019
Sat Apr 20 22:37:09 CEST 2019
Sat Apr 20 22:37:09 CEST 2019
Sat Apr 20 22:37:10 CEST 2019
Sat Apr 20 22:37:10 CEST 2019
Sat Apr 20 22:37:11 CEST 2019
Sat Apr 20 22:37:11 CEST 2019
Sat Apr 20 22:37:12 CEST 2019
Sat Apr 20 22:37:12 CEST 2019
Sat Apr 20 22:37:13 CEST 2019
Sat Apr 20 22:37:13 CEST 2019
Sat Apr 20 22:37:14 CEST 2019
Sat Apr 20 22:37:14 CEST 2019
Sat Apr 20 22:37:15 CEST 2019
Sat Apr 20 22:37:16 CEST 2019
Sat Apr 20 22:37:16 CEST 2019
Sat Apr 20 22:37:17 CEST 2019
Sat Apr 20 22:37:17 CEST 2019
Sat Apr 20 22:37:18 CEST 2019
Sat Apr 20 22:37:18 CEST 2019
Sat Apr 20 22:37:19 CEST 2019
Sat Apr 20 22:37:19 CEST 2019
Sat Apr 20 22:37:20 CEST 2019
Sat Apr 20 22:37:20 CEST 2019
Sat Apr 20 22:37:21 CEST 2019
Sat Apr 20 22:37:21 CEST 2019
Sat Apr 20 22:37:22 CEST 2019
Sat Apr 20 22:37:22 CEST 2019
Sat Apr 20 22:37:23 CEST 2019
Sat Apr 20 22:37:23 CEST 2019
Sat Apr 20 22:37:24 CEST 2019
Sat Apr 20 22:37:24 CEST 2019
Sat Apr 20 22:37:25 CEST 2019
Sat Apr 20 22:37:25 CEST 2019
Sat Apr 20 22:37:26 CEST 2019
Sat Apr 20 22:37:26 CEST 2019
Sat Apr 20 22:37:27 CEST 2019
Sat Apr 20 22:37:27 CEST 2019
Sat Apr 20 22:37:28 CEST 2019
Sat Apr 20 22:37:28 CEST 2019
Sat Apr 20 22:37:29 CEST 2019
Sat Apr 20 22:37:29 CEST 2019
Sat Apr 20 22:37:30 CEST 2019
Sat Apr 20 22:37:30 CEST 2019
Sat Apr 20 22:37:31 CEST 2019
Sat Apr 20 22:37:31 CEST 2019
Sat Apr 20 22:37:32 CEST 2019
Sat Apr 20 22:37:32 CEST 2019
Sat Apr 20 22:37:33 CEST 2019
Sat Apr 20 22:37:33 CEST 2019
Sat Apr 20 22:37:34 CEST 2019
Sat Apr 20 22:37:34 CEST 2019
Sat Apr 20 22:37:35 CEST 2019
Sat Apr 20 22:37:35 CEST 2019
Sat Apr 20 22:37:36 CEST 2019
Sat Apr 20 22:37:36 CEST 2019
Sat Apr 20 22:37:37 CEST 2019
Sat Apr 20 22:37:37 CEST 2019
Sat Apr 20 22:37:38 CEST 2019
Sat Apr 20 22:37:38 CEST 2019
Sat Apr 20 22:37:39 CEST 2019
Sat Apr 20 22:37:40 CEST 2019
Sat Apr 20 22:37:40 CEST 2019
Sat Apr 20 22:37:41 CEST 2019
Sat Apr 20 22:37:41 CEST 2019
Sat Apr 20 22:37:42 CEST 2019
Sat Apr 20 22:37:42 CEST 2019
Sat Apr 20 22:37:43 CEST 2019
Sat Apr 20 22:37:43 CEST 2019
Sat Apr 20 22:37:44 CEST 2019
Sat Apr 20 22:37:44 CEST 2019
Sat Apr 20 22:37:45 CEST 2019
Sat Apr 20 22:37:45 CEST 2019
Sat Apr 20 22:37:46 CEST 2019
Sat Apr 20 22:37:46 CEST 2019
Sat Apr 20 22:37:47 CEST 2019
Sat Apr 20 22:37:47 CEST 2019
Sat Apr 20 22:37:48 CEST 2019
Sat Apr 20 22:37:48 CEST 2019
Sat Apr 20 22:37:49 CEST 2019
Sat Apr 20 22:37:49 CEST 2019
Sat Apr 20 22:37:50 CEST 2019
Sat Apr 20 22:37:50 CEST 2019
Sat Apr 20 22:37:51 CEST 2019
Sat Apr 20 22:37:51 CEST 2019
Sat Apr 20 22:37:52 CEST 2019
Sat Apr 20 22:37:52 CEST 2019
Sat Apr 20 22:37:53 CEST 2019
Sat Apr 20 22:37:53 CEST 2019
Sat Apr 20 22:37:54 CEST 2019
Sat Apr 20 22:37:54 CEST 2019
Sat Apr 20 22:37:55 CEST 2019
Sat Apr 20 22:37:55 CEST 2019
Sat Apr 20 22:37:56 CEST 2019
Sat Apr 20 22:37:56 CEST 2019
Sat Apr 20 22:37:57 CEST 2019
Sat Apr 20 22:37:57 CEST 2019
Sat Apr 20 22:37:58 CEST 2019
Sat Apr 20 22:37:58 CEST 2019
Sat Apr 20 22:37:59 CEST 2019
Sat Apr 20 22:37:59 CEST 2019
Sat Apr 20 22:38:00 CEST 2019
Sat Apr 20 22:38:00 CEST 2019
Sat Apr 20 22:38:01 CEST 2019
Sat Apr 20 22:38:01 CEST 2019
Sat Apr 20 22:38:02 CEST 2019
Sat Apr 20 22:38:02 CEST 2019
Sat Apr 20 22:38:03 CEST 2019
Sat Apr 20 22:38:03 CEST 2019
Sat Apr 20 22:38:04 CEST 2019
Sat Apr 20 22:38:04 CEST 2019
Sat Apr 20 22:38:05 CEST 2019
Sat Apr 20 22:38:06 CEST 2019
Sat Apr 20 22:38:06 CEST 2019
Sat Apr 20 22:38:07 CEST 2019
Sat Apr 20 22:38:07 CEST 2019
Sat Apr 20 22:38:08 CEST 2019
Sat Apr 20 22:38:08 CEST 2019
Sat Apr 20 22:38:09 CEST 2019
Sat Apr 20 22:38:09 CEST 2019
Sat Apr 20 22:38:10 CEST 2019
Sat Apr 20 22:38:10 CEST 2019
Sat Apr 20 22:38:11 CEST 2019
Sat Apr 20 22:38:11 CEST 2019
Sat Apr 20 22:38:12 CEST 2019
Sat Apr 20 22:38:12 CEST 2019
Sat Apr 20 22:38:13 CEST 2019
Sat Apr 20 22:38:13 CEST 2019
Sat Apr 20 22:38:14 CEST 2019
Sat Apr 20 22:38:14 CEST 2019
Sat Apr 20 22:38:15 CEST 2019
Sat Apr 20 22:38:15 CEST 2019
Sat Apr 20 22:38:16 CEST 2019
Sat Apr 20 22:38:16 CEST 2019
Sat Apr 20 22:38:17 CEST 2019
Sat Apr 20 22:38:17 CEST 2019
Sat Apr 20 22:38:18 CEST 2019
Sat Apr 20 22:38:18 CEST 2019
Sat Apr 20 22:38:19 CEST 2019
Sat Apr 20 22:38:19 CEST 2019
Sat Apr 20 22:38:20 CEST 2019
Sat Apr 20 22:38:20 CEST 2019
Sat Apr 20 22:38:21 CEST 2019
Sat Apr 20 22:38:21 CEST 2019
Sat Apr 20 22:38:22 CEST 2019
Sat Apr 20 22:38:22 CEST 2019
Sat Apr 20 22:38:23 CEST 2019
Sat Apr 20 22:38:23 CEST 2019
Sat Apr 20 22:38:24 CEST 2019
Sat Apr 20 22:38:24 CEST 2019
Sat Apr 20 22:38:25 CEST 2019
Sat Apr 20 22:38:25 CEST 2019
Sat Apr 20 22:38:26 CEST 2019
Sat Apr 20 22:38:26 CEST 2019
Sat Apr 20 22:38:27 CEST 2019
Sat Apr 20 22:38:27 CEST 2019
Sat Apr 20 22:38:28 CEST 2019
Sat Apr 20 22:38:28 CEST 2019
Sat Apr 20 22:38:29 CEST 2019
Sat Apr 20 22:38:29 CEST 2019
Sat Apr 20 22:38:30 CEST 2019
Sat Apr 20 22:38:30 CEST 2019
Sat Apr 20 22:38:31 CEST 2019
Sat Apr 20 22:38:32 CEST 2019
Sat Apr 20 22:38:32 CEST 2019
Sat Apr 20 22:38:33 CEST 2019
Sat Apr 20 22:38:33 CEST 2019
Sat Apr 20 22:38:34 CEST 2019
Sat Apr 20 22:38:34 CEST 2019
Sat Apr 20 22:38:35 CEST 2019
Sat Apr 20 22:38:35 CEST 2019
Sat Apr 20 22:38:36 CEST 2019
Sat Apr 20 22:38:36 CEST 2019
Sat Apr 20 22:38:37 CEST 2019
Sat Apr 20 22:38:37 CEST 2019
Sat Apr 20 22:38:38 CEST 2019
Sat Apr 20 22:38:38 CEST 2019
Sat Apr 20 22:38:39 CEST 2019
Sat Apr 20 22:38:39 CEST 2019
Sat Apr 20 22:38:40 CEST 2019
Sat Apr 20 22:38:40 CEST 2019
Sat Apr 20 22:38:41 CEST 2019
Sat Apr 20 22:38:41 CEST 2019
Sat Apr 20 22:38:42 CEST 2019
Sat Apr 20 22:38:42 CEST 2019
Sat Apr 20 22:38:43 CEST 2019
Sat Apr 20 22:38:43 CEST 2019
Sat Apr 20 22:38:44 CEST 2019
Sat Apr 20 22:38:44 CEST 2019
Sat Apr 20 22:38:45 CEST 2019
Sat Apr 20 22:38:45 CEST 2019
Sat Apr 20 22:38:46 CEST 2019
Sat Apr 20 22:38:46 CEST 2019
Sat Apr 20 22:38:47 CEST 2019
Sat Apr 20 22:38:47 CEST 2019
Sat Apr 20 22:38:48 CEST 2019
Sat Apr 20 22:38:48 CEST 2019
Sat Apr 20 22:38:49 CEST 2019
Sat Apr 20 22:38:49 CEST 2019
Sat Apr 20 22:38:50 CEST 2019
Sat Apr 20 22:38:50 CEST 2019
Sat Apr 20 22:38:51 CEST 2019
Sat Apr 20 22:38:51 CEST 2019
Sat Apr 20 22:38:52 CEST 2019
Sat Apr 20 22:38:52 CEST 2019
Sat Apr 20 22:38:53 CEST 2019
Sat Apr 20 22:38:53 CEST 2019
Sat Apr 20 22:38:54 CEST 2019
Sat Apr 20 22:38:54 CEST 2019
Sat Apr 20 22:38:55 CEST 2019
Sat Apr 20 22:38:55 CEST 2019
Sat Apr 20 22:38:56 CEST 2019
Sat Apr 20 22:38:56 CEST 2019
Sat Apr 20 22:38:57 CEST 2019
Sat Apr 20 22:38:58 CEST 2019
Sat Apr 20 22:38:58 CEST 2019
Sat Apr 20 22:38:59 CEST 2019
Sat Apr 20 22:38:59 CEST 2019
Sat Apr 20 22:39:00 CEST 2019
Sat Apr 20 22:39:00 CEST 2019
Sat Apr 20 22:39:01 CEST 2019
Sat Apr 20 22:39:01 CEST 2019
Sat Apr 20 22:39:02 CEST 2019
Sat Apr 20 22:39:02 CEST 2019
Sat Apr 20 22:39:03 CEST 2019
Sat Apr 20 22:39:03 CEST 2019
Sat Apr 20 22:39:04 CEST 2019
Sat Apr 20 22:39:04 CEST 2019
Sat Apr 20 22:39:05 CEST 2019
Sat Apr 20 22:39:05 CEST 2019
Sat Apr 20 22:39:06 CEST 2019
Sat Apr 20 22:39:06 CEST 2019
Sat Apr 20 22:39:07 CEST 2019
Sat Apr 20 22:39:07 CEST 2019
Sat Apr 20 22:39:08 CEST 2019
Sat Apr 20 22:39:08 CEST 2019
Sat Apr 20 22:39:09 CEST 2019
Sat Apr 20 22:39:09 CEST 2019
Sat Apr 20 22:39:10 CEST 2019
Sat Apr 20 22:39:10 CEST 2019
Sat Apr 20 22:39:11 CEST 2019
Sat Apr 20 22:39:11 CEST 2019
Sat Apr 20 22:39:12 CEST 2019
Sat Apr 20 22:39:12 CEST 2019
Sat Apr 20 22:39:13 CEST 2019
Sat Apr 20 22:39:13 CEST 2019
Sat Apr 20 22:39:14 CEST 2019
Sat Apr 20 22:39:14 CEST 2019
Sat Apr 20 22:39:15 CEST 2019
Sat Apr 20 22:39:15 CEST 2019
Sat Apr 20 22:39:16 CEST 2019
Sat Apr 20 22:39:16 CEST 2019
Sat Apr 20 22:39:17 CEST 2019
Sat Apr 20 22:39:17 CEST 2019
Sat Apr 20 22:39:18 CEST 2019
Sat Apr 20 22:39:18 CEST 2019
Sat Apr 20 22:39:19 CEST 2019
Sat Apr 20 22:39:19 CEST 2019
Sat Apr 20 22:39:20 CEST 2019
Sat Apr 20 22:39:21 CEST 2019
Sat Apr 20 22:39:21 CEST 2019
Sat Apr 20 22:39:22 CEST 2019
Sat Apr 20 22:39:22 CEST 2019
Sat Apr 20 22:39:23 CEST 2019
Sat Apr 20 22:39:23 CEST 2019
Sat Apr 20 22:39:24 CEST 2019
Sat Apr 20 22:39:24 CEST 2019
Sat Apr 20 22:39:25 CEST 2019
Sat Apr 20 22:39:25 CEST 2019
Sat Apr 20 22:39:26 CEST 2019
Sat Apr 20 22:39:26 CEST 2019
Sat Apr 20 22:39:27 CEST 2019
Sat Apr 20 22:39:27 CEST 2019
Sat Apr 20 22:39:28 CEST 2019
Sat Apr 20 22:39:28 CEST 2019
Sat Apr 20 22:39:29 CEST 2019
Sat Apr 20 22:39:29 CEST 2019
Sat Apr 20 22:39:30 CEST 2019
Sat Apr 20 22:39:30 CEST 2019
Sat Apr 20 22:39:31 CEST 2019
Sat Apr 20 22:39:31 CEST 2019
Sat Apr 20 22:39:32 CEST 2019
Sat Apr 20 22:39:32 CEST 2019
Sat Apr 20 22:39:33 CEST 2019
Sat Apr 20 22:39:33 CEST 2019
Sat Apr 20 22:39:34 CEST 2019
Sat Apr 20 22:39:34 CEST 2019
Sat Apr 20 22:39:35 CEST 2019
Sat Apr 20 22:39:35 CEST 2019
Sat Apr 20 22:39:36 CEST 2019
Sat Apr 20 22:39:36 CEST 2019
Sat Apr 20 22:39:37 CEST 2019
Sat Apr 20 22:39:37 CEST 2019
Sat Apr 20 22:39:38 CEST 2019
Sat Apr 20 22:39:38 CEST 2019
Sat Apr 20 22:39:39 CEST 2019
Sat Apr 20 22:39:39 CEST 2019
Sat Apr 20 22:39:40 CEST 2019
Sat Apr 20 22:39:40 CEST 2019
Sat Apr 20 22:39:41 CEST 2019
Sat Apr 20 22:39:41 CEST 2019
Sat Apr 20 22:39:42 CEST 2019
Sat Apr 20 22:39:42 CEST 2019
Sat Apr 20 22:39:43 CEST 2019
Sat Apr 20 22:39:43 CEST 2019
Sat Apr 20 22:39:44 CEST 2019
Sat Apr 20 22:39:44 CEST 2019
Sat Apr 20 22:39:45 CEST 2019
Sat Apr 20 22:39:45 CEST 2019
Sat Apr 20 22:39:46 CEST 2019
Sat Apr 20 22:39:47 CEST 2019
Sat Apr 20 22:39:47 CEST 2019
Sat Apr 20 22:39:48 CEST 2019
Sat Apr 20 22:39:48 CEST 2019
Sat Apr 20 22:39:49 CEST 2019
Sat Apr 20 22:39:49 CEST 2019
Sat Apr 20 22:39:50 CEST 2019
Sat Apr 20 22:39:50 CEST 2019
Sat Apr 20 22:39:51 CEST 2019
Sat Apr 20 22:39:51 CEST 2019
Sat Apr 20 22:39:52 CEST 2019
Sat Apr 20 22:39:52 CEST 2019
Sat Apr 20 22:39:53 CEST 2019
Sat Apr 20 22:39:53 CEST 2019
Sat Apr 20 22:39:54 CEST 2019
Sat Apr 20 22:39:54 CEST 2019
Sat Apr 20 22:39:55 CEST 2019
Sat Apr 20 22:39:55 CEST 2019
Sat Apr 20 22:39:56 CEST 2019
Sat Apr 20 22:39:56 CEST 2019
Sat Apr 20 22:39:57 CEST 2019
Sat Apr 20 22:39:57 CEST 2019
Sat Apr 20 22:39:58 CEST 2019
Sat Apr 20 22:39:58 CEST 2019
Sat Apr 20 22:39:59 CEST 2019
Sat Apr 20 22:39:59 CEST 2019
Sat Apr 20 22:40:00 CEST 2019
Sat Apr 20 22:40:00 CEST 2019
Sat Apr 20 22:40:01 CEST 2019
Sat Apr 20 22:40:01 CEST 2019
Sat Apr 20 22:40:02 CEST 2019
Sat Apr 20 22:40:02 CEST 2019
Sat Apr 20 22:40:03 CEST 2019
Sat Apr 20 22:40:03 CEST 2019
Sat Apr 20 22:40:04 CEST 2019
Sat Apr 20 22:40:04 CEST 2019
Sat Apr 20 22:40:05 CEST 2019
Sat Apr 20 22:40:05 CEST 2019
Sat Apr 20 22:40:06 CEST 2019
Sat Apr 20 22:40:06 CEST 2019
Sat Apr 20 22:40:07 CEST 2019
Sat Apr 20 22:40:07 CEST 2019
Sat Apr 20 22:40:08 CEST 2019
Sat Apr 20 22:40:08 CEST 2019
Sat Apr 20 22:40:09 CEST 2019
Sat Apr 20 22:40:10 CEST 2019
Sat Apr 20 22:40:10 CEST 2019
Sat Apr 20 22:40:11 CEST 2019
Sat Apr 20 22:40:11 CEST 2019
Sat Apr 20 22:40:12 CEST 2019
Sat Apr 20 22:40:12 CEST 2019
Sat Apr 20 22:40:13 CEST 2019
Sat Apr 20 22:40:13 CEST 2019
Sat Apr 20 22:40:14 CEST 2019
Sat Apr 20 22:40:14 CEST 2019
Sat Apr 20 22:40:15 CEST 2019
Sat Apr 20 22:40:15 CEST 2019
Sat Apr 20 22:40:16 CEST 2019
Sat Apr 20 22:40:16 CEST 2019
Sat Apr 20 22:40:17 CEST 2019
Sat Apr 20 22:40:17 CEST 2019
Sat Apr 20 22:40:18 CEST 2019
Sat Apr 20 22:40:18 CEST 2019
Sat Apr 20 22:40:19 CEST 2019
Sat Apr 20 22:40:19 CEST 2019
Sat Apr 20 22:40:20 CEST 2019
Sat Apr 20 22:40:20 CEST 2019
Sat Apr 20 22:40:21 CEST 2019
Sat Apr 20 22:40:21 CEST 2019
Sat Apr 20 22:40:22 CEST 2019
Sat Apr 20 22:40:22 CEST 2019
Sat Apr 20 22:40:23 CEST 2019
Sat Apr 20 22:40:23 CEST 2019
Sat Apr 20 22:40:24 CEST 2019
Sat Apr 20 22:40:24 CEST 2019
Sat Apr 20 22:40:25 CEST 2019
Sat Apr 20 22:40:25 CEST 2019
Sat Apr 20 22:40:26 CEST 2019
Sat Apr 20 22:40:26 CEST 2019
Sat Apr 20 22:40:27 CEST 2019
Sat Apr 20 22:40:27 CEST 2019
Sat Apr 20 22:40:28 CEST 2019
Sat Apr 20 22:40:28 CEST 2019
Sat Apr 20 22:40:29 CEST 2019
Sat Apr 20 22:40:29 CEST 2019
Sat Apr 20 22:40:30 CEST 2019
Sat Apr 20 22:40:30 CEST 2019
Sat Apr 20 22:40:31 CEST 2019
Sat Apr 20 22:40:31 CEST 2019
Sat Apr 20 22:40:32 CEST 2019
Sat Apr 20 22:40:32 CEST 2019
Sat Apr 20 22:40:33 CEST 2019
Sat Apr 20 22:40:33 CEST 2019
Sat Apr 20 22:40:34 CEST 2019
Sat Apr 20 22:40:34 CEST 2019
Sat Apr 20 22:40:35 CEST 2019
Sat Apr 20 22:40:35 CEST 2019
Sat Apr 20 22:40:36 CEST 2019
Sat Apr 20 22:40:37 CEST 2019
Sat Apr 20 22:40:37 CEST 2019
Sat Apr 20 22:40:38 CEST 2019
Sat Apr 20 22:40:38 CEST 2019
Sat Apr 20 22:40:39 CEST 2019
Sat Apr 20 22:40:39 CEST 2019
Sat Apr 20 22:40:40 CEST 2019
Sat Apr 20 22:40:40 CEST 2019
Sat Apr 20 22:40:41 CEST 2019
Sat Apr 20 22:40:41 CEST 2019
Sat Apr 20 22:40:42 CEST 2019
Sat Apr 20 22:40:42 CEST 2019
Sat Apr 20 22:40:43 CEST 2019
Sat Apr 20 22:40:43 CEST 2019
Sat Apr 20 22:40:44 CEST 2019
Sat Apr 20 22:40:44 CEST 2019
Sat Apr 20 22:40:45 CEST 2019
Sat Apr 20 22:40:45 CEST 2019
Sat Apr 20 22:40:46 CEST 2019
Sat Apr 20 22:40:46 CEST 2019
Sat Apr 20 22:40:47 CEST 2019
Sat Apr 20 22:40:47 CEST 2019
Sat Apr 20 22:40:48 CEST 2019
Sat Apr 20 22:40:48 CEST 2019
Sat Apr 20 22:40:49 CEST 2019
Sat Apr 20 22:40:49 CEST 2019
Sat Apr 20 22:40:50 CEST 2019
Sat Apr 20 22:40:50 CEST 2019
Sat Apr 20 22:40:51 CEST 2019
Sat Apr 20 22:40:51 CEST 2019
Sat Apr 20 22:40:52 CEST 2019
Sat Apr 20 22:40:52 CEST 2019
Sat Apr 20 22:40:53 CEST 2019
Sat Apr 20 22:40:53 CEST 2019
Sat Apr 20 22:40:54 CEST 2019
Sat Apr 20 22:40:54 CEST 2019
Sat Apr 20 22:40:55 CEST 2019
Sat Apr 20 22:40:55 CEST 2019
Sat Apr 20 22:40:56 CEST 2019
Sat Apr 20 22:40:56 CEST 2019
Sat Apr 20 22:40:57 CEST 2019
Sat Apr 20 22:40:57 CEST 2019
Sat Apr 20 22:40:58 CEST 2019
Sat Apr 20 22:40:58 CEST 2019
Sat Apr 20 22:40:59 CEST 2019
Sat Apr 20 22:40:59 CEST 2019
Sat Apr 20 22:41:00 CEST 2019
Sat Apr 20 22:41:00 CEST 2019
Sat Apr 20 22:41:01 CEST 2019
Sat Apr 20 22:41:01 CEST 2019
Sat Apr 20 22:41:02 CEST 2019
Sat Apr 20 22:41:03 CEST 2019
Sat Apr 20 22:41:03 CEST 2019
Sat Apr 20 22:41:04 CEST 2019
Sat Apr 20 22:41:04 CEST 2019
Sat Apr 20 22:41:05 CEST 2019
Sat Apr 20 22:41:05 CEST 2019
Sat Apr 20 22:41:06 CEST 2019
Sat Apr 20 22:41:06 CEST 2019
Sat Apr 20 22:41:07 CEST 2019
Sat Apr 20 22:41:07 CEST 2019
Sat Apr 20 22:41:08 CEST 2019
Sat Apr 20 22:41:08 CEST 2019
Sat Apr 20 22:41:09 CEST 2019
Sat Apr 20 22:41:09 CEST 2019
Sat Apr 20 22:41:10 CEST 2019
Sat Apr 20 22:41:10 CEST 2019
Sat Apr 20 22:41:11 CEST 2019
Sat Apr 20 22:41:11 CEST 2019
Sat Apr 20 22:41:12 CEST 2019
Sat Apr 20 22:41:12 CEST 2019
Sat Apr 20 22:41:13 CEST 2019
Sat Apr 20 22:41:13 CEST 2019
Sat Apr 20 22:41:14 CEST 2019
Sat Apr 20 22:41:14 CEST 2019
Sat Apr 20 22:41:15 CEST 2019
Sat Apr 20 22:41:15 CEST 2019
Sat Apr 20 22:41:16 CEST 2019
Sat Apr 20 22:41:16 CEST 2019
Sat Apr 20 22:41:17 CEST 2019
Sat Apr 20 22:41:17 CEST 2019
Sat Apr 20 22:41:18 CEST 2019
Sat Apr 20 22:41:18 CEST 2019
Sat Apr 20 22:41:19 CEST 2019
Sat Apr 20 22:41:19 CEST 2019
Sat Apr 20 22:41:20 CEST 2019
Sat Apr 20 22:41:20 CEST 2019
Sat Apr 20 22:41:21 CEST 2019
Sat Apr 20 22:41:21 CEST 2019
Sat Apr 20 22:41:22 CEST 2019
Sat Apr 20 22:41:22 CEST 2019
Sat Apr 20 22:41:23 CEST 2019
Sat Apr 20 22:41:23 CEST 2019
Sat Apr 20 22:41:24 CEST 2019
Sat Apr 20 22:41:24 CEST 2019
Sat Apr 20 22:41:25 CEST 2019
Sat Apr 20 22:41:25 CEST 2019
Sat Apr 20 22:41:26 CEST 2019
Sat Apr 20 22:41:26 CEST 2019
Sat Apr 20 22:41:27 CEST 2019
Sat Apr 20 22:41:28 CEST 2019
Sat Apr 20 22:41:28 CEST 2019
Sat Apr 20 22:41:29 CEST 2019
Sat Apr 20 22:41:29 CEST 2019
Sat Apr 20 22:41:30 CEST 2019
Sat Apr 20 22:41:30 CEST 2019
Sat Apr 20 22:41:31 CEST 2019
Sat Apr 20 22:41:31 CEST 2019
Sat Apr 20 22:41:32 CEST 2019
Sat Apr 20 22:41:32 CEST 2019
Sat Apr 20 22:41:33 CEST 2019
Sat Apr 20 22:41:33 CEST 2019
Sat Apr 20 22:41:34 CEST 2019
Sat Apr 20 22:41:34 CEST 2019
Sat Apr 20 22:41:35 CEST 2019
Sat Apr 20 22:41:35 CEST 2019
Sat Apr 20 22:41:36 CEST 2019
Sat Apr 20 22:41:36 CEST 2019
Sat Apr 20 22:41:37 CEST 2019
Sat Apr 20 22:41:37 CEST 2019
Sat Apr 20 22:41:38 CEST 2019
Sat Apr 20 22:41:38 CEST 2019
Sat Apr 20 22:41:39 CEST 2019
Sat Apr 20 22:41:39 CEST 2019
Sat Apr 20 22:41:40 CEST 2019
Sat Apr 20 22:41:40 CEST 2019
Sat Apr 20 22:41:41 CEST 2019
Sat Apr 20 22:41:41 CEST 2019
Sat Apr 20 22:41:42 CEST 2019
Sat Apr 20 22:41:42 CEST 2019
Sat Apr 20 22:41:43 CEST 2019
Sat Apr 20 22:41:43 CEST 2019
Sat Apr 20 22:41:44 CEST 2019
Sat Apr 20 22:41:44 CEST 2019
Sat Apr 20 22:41:45 CEST 2019
Sat Apr 20 22:41:45 CEST 2019
Sat Apr 20 22:41:46 CEST 2019
Sat Apr 20 22:41:46 CEST 2019
Sat Apr 20 22:41:47 CEST 2019
Sat Apr 20 22:41:47 CEST 2019
Sat Apr 20 22:41:48 CEST 2019
Sat Apr 20 22:41:48 CEST 2019
Sat Apr 20 22:41:49 CEST 2019
Sat Apr 20 22:41:49 CEST 2019
Sat Apr 20 22:41:50 CEST 2019
Sat Apr 20 22:41:50 CEST 2019
Sat Apr 20 22:41:51 CEST 2019
Sat Apr 20 22:41:52 CEST 2019
Sat Apr 20 22:41:52 CEST 2019
Sat Apr 20 22:41:53 CEST 2019
Sat Apr 20 22:41:53 CEST 2019
Sat Apr 20 22:41:54 CEST 2019
Sat Apr 20 22:41:54 CEST 2019
Sat Apr 20 22:41:55 CEST 2019
Sat Apr 20 22:41:55 CEST 2019
Sat Apr 20 22:41:56 CEST 2019
Sat Apr 20 22:41:56 CEST 2019
Sat Apr 20 22:41:57 CEST 2019
Sat Apr 20 22:41:57 CEST 2019
Sat Apr 20 22:41:58 CEST 2019
Sat Apr 20 22:41:58 CEST 2019
Sat Apr 20 22:41:59 CEST 2019
Sat Apr 20 22:41:59 CEST 2019
Sat Apr 20 22:42:00 CEST 2019
Sat Apr 20 22:42:00 CEST 2019
Sat Apr 20 22:42:01 CEST 2019
Sat Apr 20 22:42:01 CEST 2019
Sat Apr 20 22:42:02 CEST 2019
Sat Apr 20 22:42:02 CEST 2019
Sat Apr 20 22:42:03 CEST 2019
Sat Apr 20 22:42:03 CEST 2019
Sat Apr 20 22:42:04 CEST 2019
Sat Apr 20 22:42:04 CEST 2019
Sat Apr 20 22:42:05 CEST 2019
Sat Apr 20 22:42:05 CEST 2019
Sat Apr 20 22:42:06 CEST 2019
Sat Apr 20 22:42:06 CEST 2019
Sat Apr 20 22:42:07 CEST 2019
Sat Apr 20 22:42:07 CEST 2019
Sat Apr 20 22:42:08 CEST 2019
Sat Apr 20 22:42:08 CEST 2019
Sat Apr 20 22:42:09 CEST 2019
Sat Apr 20 22:42:09 CEST 2019
Sat Apr 20 22:42:10 CEST 2019
Sat Apr 20 22:42:10 CEST 2019
Sat Apr 20 22:42:11 CEST 2019
Sat Apr 20 22:42:11 CEST 2019
Sat Apr 20 22:42:12 CEST 2019
Sat Apr 20 22:42:12 CEST 2019
Sat Apr 20 22:42:13 CEST 2019
Sat Apr 20 22:42:13 CEST 2019
Sat Apr 20 22:42:14 CEST 2019
Sat Apr 20 22:42:14 CEST 2019
Sat Apr 20 22:42:15 CEST 2019
Sat Apr 20 22:42:15 CEST 2019
Sat Apr 20 22:42:16 CEST 2019
Sat Apr 20 22:42:17 CEST 2019
Sat Apr 20 22:42:17 CEST 2019
Sat Apr 20 22:42:18 CEST 2019
Sat Apr 20 22:42:18 CEST 2019
Sat Apr 20 22:42:19 CEST 2019
Sat Apr 20 22:42:19 CEST 2019
Sat Apr 20 22:42:20 CEST 2019
Sat Apr 20 22:42:20 CEST 2019
Sat Apr 20 22:42:21 CEST 2019
Sat Apr 20 22:42:21 CEST 2019
Sat Apr 20 22:42:22 CEST 2019
Sat Apr 20 22:42:22 CEST 2019
Sat Apr 20 22:42:23 CEST 2019
Sat Apr 20 22:42:23 CEST 2019
Sat Apr 20 22:42:24 CEST 2019
Sat Apr 20 22:42:24 CEST 2019
Sat Apr 20 22:42:25 CEST 2019
Sat Apr 20 22:42:25 CEST 2019
Sat Apr 20 22:42:26 CEST 2019
Sat Apr 20 22:42:26 CEST 2019
Sat Apr 20 22:42:27 CEST 2019
Sat Apr 20 22:42:27 CEST 2019
Sat Apr 20 22:42:28 CEST 2019
Sat Apr 20 22:42:28 CEST 2019
Sat Apr 20 22:42:29 CEST 2019
Sat Apr 20 22:42:29 CEST 2019
Sat Apr 20 22:42:30 CEST 2019
Sat Apr 20 22:42:30 CEST 2019
Sat Apr 20 22:42:31 CEST 2019
Sat Apr 20 22:42:31 CEST 2019
Sat Apr 20 22:42:32 CEST 2019
Sat Apr 20 22:42:32 CEST 2019
Sat Apr 20 22:42:33 CEST 2019
Sat Apr 20 22:42:33 CEST 2019
Sat Apr 20 22:42:34 CEST 2019
Sat Apr 20 22:42:34 CEST 2019
Sat Apr 20 22:42:35 CEST 2019
Sat Apr 20 22:42:35 CEST 2019
Sat Apr 20 22:42:36 CEST 2019
Sat Apr 20 22:42:36 CEST 2019
Sat Apr 20 22:42:37 CEST 2019
Sat Apr 20 22:42:37 CEST 2019
Sat Apr 20 22:42:38 CEST 2019
Sat Apr 20 22:42:38 CEST 2019
Sat Apr 20 22:42:39 CEST 2019
Sat Apr 20 22:42:39 CEST 2019
Sat Apr 20 22:42:40 CEST 2019
Sat Apr 20 22:42:40 CEST 2019
Sat Apr 20 22:42:41 CEST 2019
Sat Apr 20 22:42:42 CEST 2019
Sat Apr 20 22:42:42 CEST 2019
Sat Apr 20 22:42:43 CEST 2019
Sat Apr 20 22:42:43 CEST 2019
Sat Apr 20 22:42:44 CEST 2019
Sat Apr 20 22:42:44 CEST 2019
Sat Apr 20 22:42:45 CEST 2019
Sat Apr 20 22:42:45 CEST 2019
Sat Apr 20 22:42:46 CEST 2019
Sat Apr 20 22:42:46 CEST 2019
Sat Apr 20 22:42:47 CEST 2019
Sat Apr 20 22:42:47 CEST 2019
Sat Apr 20 22:42:48 CEST 2019
Sat Apr 20 22:42:48 CEST 2019
Sat Apr 20 22:42:49 CEST 2019
Sat Apr 20 22:42:49 CEST 2019
Sat Apr 20 22:42:50 CEST 2019
Sat Apr 20 22:42:50 CEST 2019
Sat Apr 20 22:42:51 CEST 2019
Sat Apr 20 22:42:51 CEST 2019
Sat Apr 20 22:42:52 CEST 2019
Sat Apr 20 22:42:52 CEST 2019
Sat Apr 20 22:42:53 CEST 2019
Sat Apr 20 22:42:53 CEST 2019
Sat Apr 20 22:42:54 CEST 2019
Sat Apr 20 22:42:54 CEST 2019
Sat Apr 20 22:42:55 CEST 2019
Sat Apr 20 22:42:55 CEST 2019
Sat Apr 20 22:42:56 CEST 2019
Sat Apr 20 22:42:56 CEST 2019
Sat Apr 20 22:42:57 CEST 2019
Sat Apr 20 22:42:57 CEST 2019
Sat Apr 20 22:42:58 CEST 2019
Sat Apr 20 22:42:58 CEST 2019
Sat Apr 20 22:42:59 CEST 2019
Sat Apr 20 22:42:59 CEST 2019
Sat Apr 20 22:43:00 CEST 2019
Sat Apr 20 22:43:00 CEST 2019
Sat Apr 20 22:43:01 CEST 2019
Sat Apr 20 22:43:01 CEST 2019
Sat Apr 20 22:43:02 CEST 2019
Sat Apr 20 22:43:02 CEST 2019
Sat Apr 20 22:43:03 CEST 2019
Sat Apr 20 22:43:03 CEST 2019
Sat Apr 20 22:43:04 CEST 2019
Sat Apr 20 22:43:04 CEST 2019
Sat Apr 20 22:43:05 CEST 2019
Sat Apr 20 22:43:05 CEST 2019
Sat Apr 20 22:43:06 CEST 2019
Sat Apr 20 22:43:07 CEST 2019
Sat Apr 20 22:43:07 CEST 2019
Sat Apr 20 22:43:08 CEST 2019
Sat Apr 20 22:43:08 CEST 2019
Sat Apr 20 22:43:09 CEST 2019
Sat Apr 20 22:43:09 CEST 2019
Sat Apr 20 22:43:10 CEST 2019
Sat Apr 20 22:43:10 CEST 2019
Sat Apr 20 22:43:11 CEST 2019
Sat Apr 20 22:43:11 CEST 2019
Sat Apr 20 22:43:12 CEST 2019
Sat Apr 20 22:43:12 CEST 2019
Sat Apr 20 22:43:13 CEST 2019
Sat Apr 20 22:43:13 CEST 2019
Sat Apr 20 22:43:14 CEST 2019
Sat Apr 20 22:43:14 CEST 2019
Sat Apr 20 22:43:15 CEST 2019
Sat Apr 20 22:43:15 CEST 2019
Sat Apr 20 22:43:16 CEST 2019
Sat Apr 20 22:43:16 CEST 2019
Sat Apr 20 22:43:17 CEST 2019
Sat Apr 20 22:43:17 CEST 2019
Sat Apr 20 22:43:18 CEST 2019
Sat Apr 20 22:43:18 CEST 2019
Sat Apr 20 22:43:19 CEST 2019
Sat Apr 20 22:43:19 CEST 2019
Sat Apr 20 22:43:20 CEST 2019
Sat Apr 20 22:43:20 CEST 2019
Sat Apr 20 22:43:21 CEST 2019
Sat Apr 20 22:43:21 CEST 2019
Sat Apr 20 22:43:22 CEST 2019
Sat Apr 20 22:43:22 CEST 2019
Sat Apr 20 22:43:23 CEST 2019
Sat Apr 20 22:43:23 CEST 2019
Sat Apr 20 22:43:24 CEST 2019
Sat Apr 20 22:43:24 CEST 2019
Sat Apr 20 22:43:25 CEST 2019
Sat Apr 20 22:43:25 CEST 2019
Sat Apr 20 22:43:26 CEST 2019
Sat Apr 20 22:43:26 CEST 2019
Sat Apr 20 22:43:27 CEST 2019
Sat Apr 20 22:43:27 CEST 2019
Sat Apr 20 22:43:28 CEST 2019
Sat Apr 20 22:43:28 CEST 2019
Sat Apr 20 22:43:29 CEST 2019
Sat Apr 20 22:43:29 CEST 2019
Sat Apr 20 22:43:30 CEST 2019
Sat Apr 20 22:43:31 CEST 2019
Sat Apr 20 22:43:31 CEST 2019
Sat Apr 20 22:43:32 CEST 2019
Sat Apr 20 22:43:32 CEST 2019
Sat Apr 20 22:43:33 CEST 2019
Sat Apr 20 22:43:33 CEST 2019
Sat Apr 20 22:43:34 CEST 2019
Sat Apr 20 22:43:34 CEST 2019
Sat Apr 20 22:43:35 CEST 2019
Sat Apr 20 22:43:35 CEST 2019
Sat Apr 20 22:43:36 CEST 2019
Sat Apr 20 22:43:36 CEST 2019
Sat Apr 20 22:43:37 CEST 2019
Sat Apr 20 22:43:37 CEST 2019
Sat Apr 20 22:43:38 CEST 2019
Sat Apr 20 22:43:38 CEST 2019
Sat Apr 20 22:43:39 CEST 2019
Sat Apr 20 22:43:39 CEST 2019
Sat Apr 20 22:43:40 CEST 2019
Sat Apr 20 22:43:40 CEST 2019
Sat Apr 20 22:43:41 CEST 2019
Sat Apr 20 22:43:41 CEST 2019
Sat Apr 20 22:43:42 CEST 2019
Sat Apr 20 22:43:42 CEST 2019
Sat Apr 20 22:43:43 CEST 2019
Sat Apr 20 22:43:43 CEST 2019
Sat Apr 20 22:43:44 CEST 2019
Sat Apr 20 22:43:44 CEST 2019
Sat Apr 20 22:43:45 CEST 2019
Sat Apr 20 22:43:45 CEST 2019
Sat Apr 20 22:43:46 CEST 2019
Sat Apr 20 22:43:46 CEST 2019
Sat Apr 20 22:43:47 CEST 2019
Sat Apr 20 22:43:47 CEST 2019
Sat Apr 20 22:43:48 CEST 2019
Sat Apr 20 22:43:48 CEST 2019
Sat Apr 20 22:43:49 CEST 2019
Sat Apr 20 22:43:49 CEST 2019
Sat Apr 20 22:43:50 CEST 2019
Sat Apr 20 22:43:50 CEST 2019
Sat Apr 20 22:43:51 CEST 2019
Sat Apr 20 22:43:51 CEST 2019
Sat Apr 20 22:43:52 CEST 2019
Sat Apr 20 22:43:53 CEST 2019
Sat Apr 20 22:43:53 CEST 2019
Sat Apr 20 22:43:54 CEST 2019
Sat Apr 20 22:43:54 CEST 2019
Sat Apr 20 22:43:55 CEST 2019
Sat Apr 20 22:43:55 CEST 2019
Sat Apr 20 22:43:56 CEST 2019
Sat Apr 20 22:43:56 CEST 2019
Sat Apr 20 22:43:57 CEST 2019
Sat Apr 20 22:43:57 CEST 2019
Sat Apr 20 22:43:58 CEST 2019
Sat Apr 20 22:43:58 CEST 2019
Sat Apr 20 22:43:59 CEST 2019
Sat Apr 20 22:43:59 CEST 2019
Sat Apr 20 22:44:00 CEST 2019
Sat Apr 20 22:44:00 CEST 2019
Sat Apr 20 22:44:01 CEST 2019
Sat Apr 20 22:44:01 CEST 2019
Sat Apr 20 22:44:02 CEST 2019
Sat Apr 20 22:44:02 CEST 2019
Sat Apr 20 22:44:03 CEST 2019
Sat Apr 20 22:44:03 CEST 2019
Sat Apr 20 22:44:04 CEST 2019
Sat Apr 20 22:44:04 CEST 2019
Sat Apr 20 22:44:05 CEST 2019
Sat Apr 20 22:44:05 CEST 2019
Sat Apr 20 22:44:06 CEST 2019
Sat Apr 20 22:44:06 CEST 2019
Sat Apr 20 22:44:07 CEST 2019
Sat Apr 20 22:44:07 CEST 2019
Sat Apr 20 22:44:08 CEST 2019
Sat Apr 20 22:44:08 CEST 2019
Sat Apr 20 22:44:09 CEST 2019
Sat Apr 20 22:44:09 CEST 2019
Sat Apr 20 22:44:10 CEST 2019
Sat Apr 20 22:44:10 CEST 2019
Sat Apr 20 22:44:11 CEST 2019
Sat Apr 20 22:44:11 CEST 2019
Sat Apr 20 22:44:12 CEST 2019
Sat Apr 20 22:44:12 CEST 2019
Sat Apr 20 22:44:13 CEST 2019
Sat Apr 20 22:44:13 CEST 2019
Sat Apr 20 22:44:14 CEST 2019
Sat Apr 20 22:44:14 CEST 2019
Sat Apr 20 22:44:15 CEST 2019
Sat Apr 20 22:44:15 CEST 2019
Sat Apr 20 22:44:16 CEST 2019
Sat Apr 20 22:44:16 CEST 2019
Sat Apr 20 22:44:17 CEST 2019
Sat Apr 20 22:44:18 CEST 2019
Sat Apr 20 22:44:18 CEST 2019
Sat Apr 20 22:44:19 CEST 2019
Sat Apr 20 22:44:19 CEST 2019
Sat Apr 20 22:44:20 CEST 2019
Sat Apr 20 22:44:20 CEST 2019
Sat Apr 20 22:44:21 CEST 2019
Sat Apr 20 22:44:21 CEST 2019
Sat Apr 20 22:44:22 CEST 2019
Sat Apr 20 22:44:22 CEST 2019
Sat Apr 20 22:44:23 CEST 2019
Sat Apr 20 22:44:23 CEST 2019
Sat Apr 20 22:44:24 CEST 2019
Sat Apr 20 22:44:24 CEST 2019
Sat Apr 20 22:44:25 CEST 2019
Sat Apr 20 22:44:25 CEST 2019
Sat Apr 20 22:44:26 CEST 2019
Sat Apr 20 22:44:26 CEST 2019
Sat Apr 20 22:44:27 CEST 2019
Sat Apr 20 22:44:27 CEST 2019
Sat Apr 20 22:44:28 CEST 2019
Sat Apr 20 22:44:28 CEST 2019
Sat Apr 20 22:44:29 CEST 2019
Sat Apr 20 22:44:29 CEST 2019
Sat Apr 20 22:44:30 CEST 2019
Sat Apr 20 22:44:30 CEST 2019
Sat Apr 20 22:44:31 CEST 2019
Sat Apr 20 22:44:31 CEST 2019
Sat Apr 20 22:44:32 CEST 2019
Sat Apr 20 22:44:32 CEST 2019
Sat Apr 20 22:44:33 CEST 2019
Sat Apr 20 22:44:33 CEST 2019
Sat Apr 20 22:44:34 CEST 2019
Sat Apr 20 22:44:34 CEST 2019
Sat Apr 20 22:44:35 CEST 2019
Sat Apr 20 22:44:35 CEST 2019
Sat Apr 20 22:44:36 CEST 2019
Sat Apr 20 22:44:36 CEST 2019
Sat Apr 20 22:44:37 CEST 2019
Sat Apr 20 22:44:37 CEST 2019
Sat Apr 20 22:44:38 CEST 2019
Sat Apr 20 22:44:38 CEST 2019
Sat Apr 20 22:44:39 CEST 2019
Sat Apr 20 22:44:39 CEST 2019
Sat Apr 20 22:44:40 CEST 2019
Sat Apr 20 22:44:40 CEST 2019
Sat Apr 20 22:44:41 CEST 2019
Sat Apr 20 22:44:42 CEST 2019
Sat Apr 20 22:44:42 CEST 2019
Sat Apr 20 22:44:43 CEST 2019
Sat Apr 20 22:44:43 CEST 2019
Sat Apr 20 22:44:44 CEST 2019
Sat Apr 20 22:44:44 CEST 2019
Sat Apr 20 22:44:45 CEST 2019
Sat Apr 20 22:44:45 CEST 2019
Sat Apr 20 22:44:46 CEST 2019
Sat Apr 20 22:44:46 CEST 2019
Sat Apr 20 22:44:47 CEST 2019
Sat Apr 20 22:44:47 CEST 2019
Sat Apr 20 22:44:48 CEST 2019
Sat Apr 20 22:44:48 CEST 2019
Sat Apr 20 22:44:49 CEST 2019
Sat Apr 20 22:44:49 CEST 2019
Sat Apr 20 22:44:50 CEST 2019
Sat Apr 20 22:44:50 CEST 2019
Sat Apr 20 22:44:51 CEST 2019
Sat Apr 20 22:44:51 CEST 2019
Sat Apr 20 22:44:52 CEST 2019
Sat Apr 20 22:44:52 CEST 2019
Sat Apr 20 22:44:53 CEST 2019
Sat Apr 20 22:44:53 CEST 2019
Sat Apr 20 22:44:54 CEST 2019
Sat Apr 20 22:44:54 CEST 2019
Sat Apr 20 22:44:55 CEST 2019
Sat Apr 20 22:44:55 CEST 2019
Sat Apr 20 22:44:56 CEST 2019
Sat Apr 20 22:44:56 CEST 2019
Sat Apr 20 22:44:57 CEST 2019
Sat Apr 20 22:44:57 CEST 2019
Sat Apr 20 22:44:58 CEST 2019
Sat Apr 20 22:44:58 CEST 2019
Sat Apr 20 22:44:59 CEST 2019
Sat Apr 20 22:44:59 CEST 2019
Sat Apr 20 22:45:00 CEST 2019
Sat Apr 20 22:45:00 CEST 2019
Sat Apr 20 22:45:01 CEST 2019
Sat Apr 20 22:45:01 CEST 2019
Sat Apr 20 22:45:02 CEST 2019
Sat Apr 20 22:45:02 CEST 2019
Sat Apr 20 22:45:03 CEST 2019
Sat Apr 20 22:45:03 CEST 2019
Sat Apr 20 22:45:04 CEST 2019
Sat Apr 20 22:45:04 CEST 2019
Sat Apr 20 22:45:05 CEST 2019
Sat Apr 20 22:45:05 CEST 2019
Sat Apr 20 22:45:06 CEST 2019
Sat Apr 20 22:45:06 CEST 2019
Sat Apr 20 22:45:07 CEST 2019
Sat Apr 20 22:45:08 CEST 2019
Sat Apr 20 22:45:08 CEST 2019
Sat Apr 20 22:45:09 CEST 2019
Sat Apr 20 22:45:09 CEST 2019
Sat Apr 20 22:45:10 CEST 2019
Sat Apr 20 22:45:10 CEST 2019
Sat Apr 20 22:45:11 CEST 2019
Sat Apr 20 22:45:11 CEST 2019
Sat Apr 20 22:45:12 CEST 2019
Sat Apr 20 22:45:12 CEST 2019
Sat Apr 20 22:45:13 CEST 2019
Sat Apr 20 22:45:13 CEST 2019
Sat Apr 20 22:45:14 CEST 2019
Sat Apr 20 22:45:14 CEST 2019
Sat Apr 20 22:45:15 CEST 2019
Sat Apr 20 22:45:15 CEST 2019
Sat Apr 20 22:45:16 CEST 2019
Sat Apr 20 22:45:16 CEST 2019
Sat Apr 20 22:45:17 CEST 2019
Sat Apr 20 22:45:17 CEST 2019
Sat Apr 20 22:45:18 CEST 2019
Sat Apr 20 22:45:18 CEST 2019
Sat Apr 20 22:45:19 CEST 2019
Sat Apr 20 22:45:19 CEST 2019
Sat Apr 20 22:45:20 CEST 2019
Sat Apr 20 22:45:20 CEST 2019
Sat Apr 20 22:45:21 CEST 2019
Sat Apr 20 22:45:21 CEST 2019
Sat Apr 20 22:45:22 CEST 2019
Sat Apr 20 22:45:22 CEST 2019
Sat Apr 20 22:45:23 CEST 2019
Sat Apr 20 22:45:23 CEST 2019
Sat Apr 20 22:45:24 CEST 2019
Sat Apr 20 22:45:24 CEST 2019
Sat Apr 20 22:45:25 CEST 2019
Sat Apr 20 22:45:25 CEST 2019
Sat Apr 20 22:45:26 CEST 2019
Sat Apr 20 22:45:26 CEST 2019
Sat Apr 20 22:45:27 CEST 2019
Sat Apr 20 22:45:28 CEST 2019
Sat Apr 20 22:45:28 CEST 2019
Sat Apr 20 22:45:29 CEST 2019
Sat Apr 20 22:45:29 CEST 2019
Sat Apr 20 22:45:30 CEST 2019
Sat Apr 20 22:45:30 CEST 2019
Sat Apr 20 22:45:31 CEST 2019
Sat Apr 20 22:45:31 CEST 2019
Sat Apr 20 22:45:32 CEST 2019
Sat Apr 20 22:45:32 CEST 2019
Sat Apr 20 22:45:33 CEST 2019
Sat Apr 20 22:45:33 CEST 2019
Sat Apr 20 22:45:34 CEST 2019
Sat Apr 20 22:45:34 CEST 2019
Sat Apr 20 22:45:35 CEST 2019
Sat Apr 20 22:45:35 CEST 2019
Sat Apr 20 22:45:36 CEST 2019
Sat Apr 20 22:45:36 CEST 2019
Sat Apr 20 22:45:37 CEST 2019
Sat Apr 20 22:45:37 CEST 2019
Sat Apr 20 22:45:38 CEST 2019
Sat Apr 20 22:45:38 CEST 2019
Sat Apr 20 22:45:39 CEST 2019
Sat Apr 20 22:45:39 CEST 2019
Sat Apr 20 22:45:40 CEST 2019
Sat Apr 20 22:45:40 CEST 2019
Sat Apr 20 22:45:41 CEST 2019
Sat Apr 20 22:45:41 CEST 2019
Sat Apr 20 22:45:42 CEST 2019
Sat Apr 20 22:45:42 CEST 2019
Sat Apr 20 22:45:43 CEST 2019
Sat Apr 20 22:45:43 CEST 2019
Sat Apr 20 22:45:44 CEST 2019
Sat Apr 20 22:45:44 CEST 2019
Sat Apr 20 22:45:45 CEST 2019
Sat Apr 20 22:45:45 CEST 2019
Sat Apr 20 22:45:46 CEST 2019
Sat Apr 20 22:45:46 CEST 2019
Sat Apr 20 22:45:47 CEST 2019
Sat Apr 20 22:45:47 CEST 2019
Sat Apr 20 22:45:48 CEST 2019
Sat Apr 20 22:45:48 CEST 2019
Sat Apr 20 22:45:49 CEST 2019
Sat Apr 20 22:45:49 CEST 2019
Sat Apr 20 22:45:50 CEST 2019
Sat Apr 20 22:45:50 CEST 2019
Sat Apr 20 22:45:51 CEST 2019
Sat Apr 20 22:45:51 CEST 2019
Sat Apr 20 22:45:52 CEST 2019
Sat Apr 20 22:45:53 CEST 2019
Sat Apr 20 22:45:53 CEST 2019
Sat Apr 20 22:45:54 CEST 2019
Sat Apr 20 22:45:54 CEST 2019
Sat Apr 20 22:45:55 CEST 2019
Sat Apr 20 22:45:55 CEST 2019
Sat Apr 20 22:45:56 CEST 2019
Sat Apr 20 22:45:56 CEST 2019
Sat Apr 20 22:45:57 CEST 2019
Sat Apr 20 22:45:57 CEST 2019
Sat Apr 20 22:45:58 CEST 2019
Sat Apr 20 22:45:58 CEST 2019
Sat Apr 20 22:45:59 CEST 2019
Sat Apr 20 22:45:59 CEST 2019
Sat Apr 20 22:46:00 CEST 2019
Sat Apr 20 22:46:00 CEST 2019
Sat Apr 20 22:46:01 CEST 2019
Sat Apr 20 22:46:01 CEST 2019
Sat Apr 20 22:46:02 CEST 2019
Sat Apr 20 22:46:02 CEST 2019
Sat Apr 20 22:46:03 CEST 2019
Sat Apr 20 22:46:03 CEST 2019
Sat Apr 20 22:46:04 CEST 2019
Sat Apr 20 22:46:04 CEST 2019
Sat Apr 20 22:46:05 CEST 2019
Sat Apr 20 22:46:05 CEST 2019
Sat Apr 20 22:46:06 CEST 2019
Sat Apr 20 22:46:06 CEST 2019
Sat Apr 20 22:46:07 CEST 2019
Sat Apr 20 22:46:07 CEST 2019
Sat Apr 20 22:46:08 CEST 2019
Sat Apr 20 22:46:08 CEST 2019
Sat Apr 20 22:46:09 CEST 2019
Sat Apr 20 22:46:09 CEST 2019
Sat Apr 20 22:46:10 CEST 2019
Sat Apr 20 22:46:10 CEST 2019
Sat Apr 20 22:46:11 CEST 2019
Sat Apr 20 22:46:11 CEST 2019
Sat Apr 20 22:46:12 CEST 2019
Sat Apr 20 22:46:12 CEST 2019
Sat Apr 20 22:46:13 CEST 2019
Sat Apr 20 22:46:13 CEST 2019
Sat Apr 20 22:46:14 CEST 2019
Sat Apr 20 22:46:14 CEST 2019
Sat Apr 20 22:46:15 CEST 2019
Sat Apr 20 22:46:15 CEST 2019
Sat Apr 20 22:46:16 CEST 2019
Sat Apr 20 22:46:16 CEST 2019
Sat Apr 20 22:46:17 CEST 2019
Sat Apr 20 22:46:18 CEST 2019
Sat Apr 20 22:46:18 CEST 2019
Sat Apr 20 22:46:19 CEST 2019
Sat Apr 20 22:46:19 CEST 2019
Sat Apr 20 22:46:20 CEST 2019
Sat Apr 20 22:46:20 CEST 2019
Sat Apr 20 22:46:21 CEST 2019
Sat Apr 20 22:46:21 CEST 2019
Sat Apr 20 22:46:22 CEST 2019
Sat Apr 20 22:46:22 CEST 2019
Sat Apr 20 22:46:23 CEST 2019
Sat Apr 20 22:46:23 CEST 2019
Sat Apr 20 22:46:24 CEST 2019
Sat Apr 20 22:46:24 CEST 2019
Sat Apr 20 22:46:25 CEST 2019
Sat Apr 20 22:46:25 CEST 2019
Sat Apr 20 22:46:26 CEST 2019
Sat Apr 20 22:46:26 CEST 2019
Sat Apr 20 22:46:27 CEST 2019
Sat Apr 20 22:46:27 CEST 2019
Sat Apr 20 22:46:28 CEST 2019
Sat Apr 20 22:46:28 CEST 2019
Sat Apr 20 22:46:29 CEST 2019
Sat Apr 20 22:46:29 CEST 2019
Sat Apr 20 22:46:30 CEST 2019
Sat Apr 20 22:46:30 CEST 2019
Sat Apr 20 22:46:31 CEST 2019
Sat Apr 20 22:46:31 CEST 2019
Sat Apr 20 22:46:32 CEST 2019
Sat Apr 20 22:46:32 CEST 2019
Sat Apr 20 22:46:33 CEST 2019
Sat Apr 20 22:46:33 CEST 2019
Sat Apr 20 22:46:34 CEST 2019
Sat Apr 20 22:46:34 CEST 2019
Sat Apr 20 22:46:35 CEST 2019
Sat Apr 20 22:46:35 CEST 2019
Sat Apr 20 22:46:36 CEST 2019
Sat Apr 20 22:46:36 CEST 2019
Sat Apr 20 22:46:37 CEST 2019
Sat Apr 20 22:46:37 CEST 2019
Sat Apr 20 22:46:38 CEST 2019
Sat Apr 20 22:46:39 CEST 2019
Sat Apr 20 22:46:39 CEST 2019
Sat Apr 20 22:46:40 CEST 2019
Sat Apr 20 22:46:40 CEST 2019
Sat Apr 20 22:46:41 CEST 2019
Sat Apr 20 22:46:41 CEST 2019
Sat Apr 20 22:46:42 CEST 2019
Sat Apr 20 22:46:42 CEST 2019
Sat Apr 20 22:46:43 CEST 2019
Sat Apr 20 22:46:43 CEST 2019
Sat Apr 20 22:46:44 CEST 2019
Sat Apr 20 22:46:44 CEST 2019
Sat Apr 20 22:46:45 CEST 2019
Sat Apr 20 22:46:45 CEST 2019
Sat Apr 20 22:46:46 CEST 2019
Sat Apr 20 22:46:46 CEST 2019
Sat Apr 20 22:46:47 CEST 2019
Sat Apr 20 22:46:47 CEST 2019
Sat Apr 20 22:46:48 CEST 2019
Sat Apr 20 22:46:48 CEST 2019
Sat Apr 20 22:46:49 CEST 2019
Sat Apr 20 22:46:49 CEST 2019
Sat Apr 20 22:46:50 CEST 2019
Sat Apr 20 22:46:50 CEST 2019
Sat Apr 20 22:46:51 CEST 2019
Sat Apr 20 22:46:51 CEST 2019
Sat Apr 20 22:46:52 CEST 2019
Sat Apr 20 22:46:52 CEST 2019
Sat Apr 20 22:46:53 CEST 2019
Sat Apr 20 22:46:53 CEST 2019
Sat Apr 20 22:46:54 CEST 2019
Sat Apr 20 22:46:54 CEST 2019
Sat Apr 20 22:46:55 CEST 2019
Sat Apr 20 22:46:55 CEST 2019
Sat Apr 20 22:46:56 CEST 2019
Sat Apr 20 22:46:56 CEST 2019
Sat Apr 20 22:46:57 CEST 2019
Sat Apr 20 22:46:57 CEST 2019
Sat Apr 20 22:46:58 CEST 2019
Sat Apr 20 22:46:58 CEST 2019
Sat Apr 20 22:46:59 CEST 2019
Sat Apr 20 22:46:59 CEST 2019
Sat Apr 20 22:47:00 CEST 2019
Sat Apr 20 22:47:00 CEST 2019
Sat Apr 20 22:47:01 CEST 2019
Sat Apr 20 22:47:01 CEST 2019
Sat Apr 20 22:47:02 CEST 2019
Sat Apr 20 22:47:03 CEST 2019
Sat Apr 20 22:47:03 CEST 2019
Sat Apr 20 22:47:04 CEST 2019
Sat Apr 20 22:47:04 CEST 2019
Sat Apr 20 22:47:05 CEST 2019
Sat Apr 20 22:47:05 CEST 2019
Sat Apr 20 22:47:06 CEST 2019
Sat Apr 20 22:47:06 CEST 2019
Sat Apr 20 22:47:07 CEST 2019
Sat Apr 20 22:47:07 CEST 2019
Sat Apr 20 22:47:08 CEST 2019
Sat Apr 20 22:47:08 CEST 2019
Sat Apr 20 22:47:09 CEST 2019
Sat Apr 20 22:47:09 CEST 2019
Sat Apr 20 22:47:10 CEST 2019
Sat Apr 20 22:47:10 CEST 2019
Sat Apr 20 22:47:11 CEST 2019
Sat Apr 20 22:47:11 CEST 2019
Sat Apr 20 22:47:12 CEST 2019
Sat Apr 20 22:47:12 CEST 2019
Sat Apr 20 22:47:13 CEST 2019
Sat Apr 20 22:47:13 CEST 2019
Sat Apr 20 22:47:14 CEST 2019
Sat Apr 20 22:47:14 CEST 2019
Sat Apr 20 22:47:15 CEST 2019
Sat Apr 20 22:47:15 CEST 2019
Sat Apr 20 22:47:16 CEST 2019
Sat Apr 20 22:47:16 CEST 2019
Sat Apr 20 22:47:17 CEST 2019
Sat Apr 20 22:47:17 CEST 2019
Sat Apr 20 22:47:18 CEST 2019
Sat Apr 20 22:47:18 CEST 2019
Sat Apr 20 22:47:19 CEST 2019
Sat Apr 20 22:47:19 CEST 2019
Sat Apr 20 22:47:20 CEST 2019
Sat Apr 20 22:47:20 CEST 2019
Sat Apr 20 22:47:21 CEST 2019
Sat Apr 20 22:47:21 CEST 2019
Sat Apr 20 22:47:22 CEST 2019
Sat Apr 20 22:47:22 CEST 2019
Sat Apr 20 22:47:23 CEST 2019
Sat Apr 20 22:47:23 CEST 2019
Sat Apr 20 22:47:24 CEST 2019
Sat Apr 20 22:47:24 CEST 2019
Sat Apr 20 22:47:25 CEST 2019
Sat Apr 20 22:47:25 CEST 2019
Sat Apr 20 22:47:26 CEST 2019
Sat Apr 20 22:47:26 CEST 2019
Sat Apr 20 22:47:27 CEST 2019
Sat Apr 20 22:47:27 CEST 2019
Sat Apr 20 22:47:28 CEST 2019
Sat Apr 20 22:47:29 CEST 2019
Sat Apr 20 22:47:29 CEST 2019
Sat Apr 20 22:47:30 CEST 2019
Sat Apr 20 22:47:30 CEST 2019
Sat Apr 20 22:47:31 CEST 2019
Sat Apr 20 22:47:31 CEST 2019
Sat Apr 20 22:47:32 CEST 2019
Sat Apr 20 22:47:32 CEST 2019
Sat Apr 20 22:47:33 CEST 2019
Sat Apr 20 22:47:33 CEST 2019
Sat Apr 20 22:47:34 CEST 2019
Sat Apr 20 22:47:34 CEST 2019
Sat Apr 20 22:47:35 CEST 2019
Sat Apr 20 22:47:35 CEST 2019
Sat Apr 20 22:47:36 CEST 2019
Sat Apr 20 22:47:36 CEST 2019
Sat Apr 20 22:47:37 CEST 2019
Sat Apr 20 22:47:37 CEST 2019
Sat Apr 20 22:47:38 CEST 2019
Sat Apr 20 22:47:38 CEST 2019
Sat Apr 20 22:47:39 CEST 2019
Sat Apr 20 22:47:39 CEST 2019
Sat Apr 20 22:47:40 CEST 2019
Sat Apr 20 22:47:40 CEST 2019
Sat Apr 20 22:47:41 CEST 2019
Sat Apr 20 22:47:41 CEST 2019
Sat Apr 20 22:47:42 CEST 2019
Sat Apr 20 22:47:42 CEST 2019
Sat Apr 20 22:47:43 CEST 2019
Sat Apr 20 22:47:43 CEST 2019
Sat Apr 20 22:47:44 CEST 2019
Sat Apr 20 22:47:44 CEST 2019
Sat Apr 20 22:47:45 CEST 2019
Sat Apr 20 22:47:45 CEST 2019
Sat Apr 20 22:47:46 CEST 2019
Sat Apr 20 22:47:46 CEST 2019
Sat Apr 20 22:47:47 CEST 2019
Sat Apr 20 22:47:47 CEST 2019
Sat Apr 20 22:47:48 CEST 2019
Sat Apr 20 22:47:48 CEST 2019
Sat Apr 20 22:47:49 CEST 2019
Sat Apr 20 22:47:49 CEST 2019
Sat Apr 20 22:47:50 CEST 2019
Sat Apr 20 22:47:50 CEST 2019
Sat Apr 20 22:47:51 CEST 2019
Sat Apr 20 22:47:51 CEST 2019
Sat Apr 20 22:47:52 CEST 2019
Sat Apr 20 22:47:52 CEST 2019
Sat Apr 20 22:47:53 CEST 2019
Sat Apr 20 22:47:54 CEST 2019
Sat Apr 20 22:47:54 CEST 2019
Sat Apr 20 22:47:55 CEST 2019
Sat Apr 20 22:47:55 CEST 2019
Sat Apr 20 22:47:56 CEST 2019
Sat Apr 20 22:47:56 CEST 2019
Sat Apr 20 22:47:57 CEST 2019
Sat Apr 20 22:47:57 CEST 2019
Sat Apr 20 22:47:58 CEST 2019
Sat Apr 20 22:47:58 CEST 2019
Sat Apr 20 22:47:59 CEST 2019
Sat Apr 20 22:47:59 CEST 2019
Sat Apr 20 22:48:00 CEST 2019
Sat Apr 20 22:48:00 CEST 2019
Sat Apr 20 22:48:01 CEST 2019
Sat Apr 20 22:48:01 CEST 2019
Sat Apr 20 22:48:02 CEST 2019
Sat Apr 20 22:48:02 CEST 2019
Sat Apr 20 22:48:03 CEST 2019
Sat Apr 20 22:48:03 CEST 2019
Sat Apr 20 22:48:04 CEST 2019
Sat Apr 20 22:48:04 CEST 2019
Sat Apr 20 22:48:05 CEST 2019
Sat Apr 20 22:48:05 CEST 2019
Sat Apr 20 22:48:06 CEST 2019
Sat Apr 20 22:48:06 CEST 2019
Sat Apr 20 22:48:07 CEST 2019
Sat Apr 20 22:48:07 CEST 2019
Sat Apr 20 22:48:08 CEST 2019
Sat Apr 20 22:48:08 CEST 2019
Sat Apr 20 22:48:09 CEST 2019
Sat Apr 20 22:48:09 CEST 2019
Sat Apr 20 22:48:10 CEST 2019
Sat Apr 20 22:48:10 CEST 2019
Sat Apr 20 22:48:11 CEST 2019
Sat Apr 20 22:48:11 CEST 2019
Sat Apr 20 22:48:12 CEST 2019
Sat Apr 20 22:48:12 CEST 2019
Sat Apr 20 22:48:13 CEST 2019
Sat Apr 20 22:48:13 CEST 2019
Sat Apr 20 22:48:14 CEST 2019
Sat Apr 20 22:48:14 CEST 2019
Sat Apr 20 22:48:15 CEST 2019
Sat Apr 20 22:48:15 CEST 2019
Sat Apr 20 22:48:16 CEST 2019
Sat Apr 20 22:48:16 CEST 2019
Sat Apr 20 22:48:17 CEST 2019
Sat Apr 20 22:48:17 CEST 2019
Sat Apr 20 22:48:18 CEST 2019
Sat Apr 20 22:48:19 CEST 2019
Sat Apr 20 22:48:19 CEST 2019
Sat Apr 20 22:48:20 CEST 2019
Sat Apr 20 22:48:20 CEST 2019
Sat Apr 20 22:48:21 CEST 2019
Sat Apr 20 22:48:21 CEST 2019
Sat Apr 20 22:48:22 CEST 2019
Sat Apr 20 22:48:22 CEST 2019
Sat Apr 20 22:48:23 CEST 2019
Sat Apr 20 22:48:23 CEST 2019
Sat Apr 20 22:48:24 CEST 2019
Sat Apr 20 22:48:24 CEST 2019
Sat Apr 20 22:48:25 CEST 2019
Sat Apr 20 22:48:25 CEST 2019
Sat Apr 20 22:48:26 CEST 2019
Sat Apr 20 22:48:26 CEST 2019
Sat Apr 20 22:48:27 CEST 2019
Sat Apr 20 22:48:27 CEST 2019
Sat Apr 20 22:48:28 CEST 2019
Sat Apr 20 22:48:28 CEST 2019
Sat Apr 20 22:48:29 CEST 2019
Sat Apr 20 22:48:29 CEST 2019
Sat Apr 20 22:48:30 CEST 2019
Sat Apr 20 22:48:30 CEST 2019
Sat Apr 20 22:48:31 CEST 2019
Sat Apr 20 22:48:31 CEST 2019
Sat Apr 20 22:48:32 CEST 2019
Sat Apr 20 22:48:32 CEST 2019
Sat Apr 20 22:48:33 CEST 2019
Sat Apr 20 22:48:33 CEST 2019
Sat Apr 20 22:48:34 CEST 2019
Sat Apr 20 22:48:34 CEST 2019
Sat Apr 20 22:48:35 CEST 2019
Sat Apr 20 22:48:35 CEST 2019
Sat Apr 20 22:48:36 CEST 2019
Sat Apr 20 22:48:36 CEST 2019
Sat Apr 20 22:48:37 CEST 2019
Sat Apr 20 22:48:37 CEST 2019
Sat Apr 20 22:48:38 CEST 2019
Sat Apr 20 22:48:38 CEST 2019
Sat Apr 20 22:48:39 CEST 2019
Sat Apr 20 22:48:39 CEST 2019
Sat Apr 20 22:48:40 CEST 2019
Sat Apr 20 22:48:40 CEST 2019
Sat Apr 20 22:48:41 CEST 2019
Sat Apr 20 22:48:41 CEST 2019
Sat Apr 20 22:48:42 CEST 2019
Sat Apr 20 22:48:42 CEST 2019
Sat Apr 20 22:48:43 CEST 2019
Sat Apr 20 22:48:44 CEST 2019
Sat Apr 20 22:48:44 CEST 2019
Sat Apr 20 22:48:45 CEST 2019
Sat Apr 20 22:48:45 CEST 2019
Sat Apr 20 22:48:46 CEST 2019
Sat Apr 20 22:48:46 CEST 2019
Sat Apr 20 22:48:47 CEST 2019
Sat Apr 20 22:48:47 CEST 2019
Sat Apr 20 22:48:48 CEST 2019
Sat Apr 20 22:48:48 CEST 2019
Sat Apr 20 22:48:49 CEST 2019
Sat Apr 20 22:48:49 CEST 2019
Sat Apr 20 22:48:50 CEST 2019
Sat Apr 20 22:48:50 CEST 2019
Sat Apr 20 22:48:51 CEST 2019
Sat Apr 20 22:48:51 CEST 2019
Sat Apr 20 22:48:52 CEST 2019
Sat Apr 20 22:48:52 CEST 2019
Sat Apr 20 22:48:53 CEST 2019
Sat Apr 20 22:48:53 CEST 2019
Sat Apr 20 22:48:54 CEST 2019
Sat Apr 20 22:48:54 CEST 2019
Sat Apr 20 22:48:55 CEST 2019
Sat Apr 20 22:48:55 CEST 2019
Sat Apr 20 22:48:56 CEST 2019
Sat Apr 20 22:48:56 CEST 2019
Sat Apr 20 22:48:57 CEST 2019
Sat Apr 20 22:48:57 CEST 2019
Sat Apr 20 22:48:58 CEST 2019
Sat Apr 20 22:48:58 CEST 2019
Sat Apr 20 22:48:59 CEST 2019
Sat Apr 20 22:48:59 CEST 2019
Sat Apr 20 22:49:00 CEST 2019
Sat Apr 20 22:49:00 CEST 2019
Sat Apr 20 22:49:01 CEST 2019
Sat Apr 20 22:49:01 CEST 2019
Sat Apr 20 22:49:02 CEST 2019
Sat Apr 20 22:49:02 CEST 2019
Sat Apr 20 22:49:03 CEST 2019
Sat Apr 20 22:49:03 CEST 2019
Sat Apr 20 22:49:04 CEST 2019
Sat Apr 20 22:49:04 CEST 2019
Sat Apr 20 22:49:05 CEST 2019
Sat Apr 20 22:49:05 CEST 2019
Sat Apr 20 22:49:06 CEST 2019
Sat Apr 20 22:49:06 CEST 2019
Sat Apr 20 22:49:07 CEST 2019
Sat Apr 20 22:49:07 CEST 2019
Sat Apr 20 22:49:08 CEST 2019
Sat Apr 20 22:49:09 CEST 2019
Sat Apr 20 22:49:09 CEST 2019
Sat Apr 20 22:49:10 CEST 2019
Sat Apr 20 22:49:10 CEST 2019
Sat Apr 20 22:49:11 CEST 2019
Sat Apr 20 22:49:11 CEST 2019
Sat Apr 20 22:49:12 CEST 2019
Sat Apr 20 22:49:12 CEST 2019
Sat Apr 20 22:49:13 CEST 2019
Sat Apr 20 22:49:13 CEST 2019
Sat Apr 20 22:49:14 CEST 2019
Sat Apr 20 22:49:14 CEST 2019
Sat Apr 20 22:49:15 CEST 2019
Sat Apr 20 22:49:15 CEST 2019
Sat Apr 20 22:49:16 CEST 2019
Sat Apr 20 22:49:16 CEST 2019
Sat Apr 20 22:49:17 CEST 2019
Sat Apr 20 22:49:17 CEST 2019
Sat Apr 20 22:49:18 CEST 2019
Sat Apr 20 22:49:18 CEST 2019
Sat Apr 20 22:49:19 CEST 2019
Sat Apr 20 22:49:19 CEST 2019
Sat Apr 20 22:49:20 CEST 2019
Sat Apr 20 22:49:20 CEST 2019
Sat Apr 20 22:49:21 CEST 2019
Sat Apr 20 22:49:21 CEST 2019
Sat Apr 20 22:49:22 CEST 2019
Sat Apr 20 22:49:22 CEST 2019
Sat Apr 20 22:49:23 CEST 2019
Sat Apr 20 22:49:23 CEST 2019
Sat Apr 20 22:49:24 CEST 2019
Sat Apr 20 22:49:24 CEST 2019
Sat Apr 20 22:49:25 CEST 2019
Sat Apr 20 22:49:25 CEST 2019
Sat Apr 20 22:49:26 CEST 2019
Sat Apr 20 22:49:26 CEST 2019
Sat Apr 20 22:49:27 CEST 2019
Sat Apr 20 22:49:27 CEST 2019
Sat Apr 20 22:49:28 CEST 2019
Sat Apr 20 22:49:28 CEST 2019
Sat Apr 20 22:49:29 CEST 2019
Sat Apr 20 22:49:29 CEST 2019
Sat Apr 20 22:49:30 CEST 2019
Sat Apr 20 22:49:30 CEST 2019
Sat Apr 20 22:49:31 CEST 2019
Sat Apr 20 22:49:31 CEST 2019
Sat Apr 20 22:49:32 CEST 2019
Sat Apr 20 22:49:33 CEST 2019
Sat Apr 20 22:49:33 CEST 2019
Sat Apr 20 22:49:34 CEST 2019
Sat Apr 20 22:49:34 CEST 2019
Sat Apr 20 22:49:35 CEST 2019
Sat Apr 20 22:49:35 CEST 2019
Sat Apr 20 22:49:36 CEST 2019
Sat Apr 20 22:49:36 CEST 2019
Sat Apr 20 22:49:37 CEST 2019
Sat Apr 20 22:49:37 CEST 2019
Sat Apr 20 22:49:38 CEST 2019
Sat Apr 20 22:49:38 CEST 2019
Sat Apr 20 22:49:39 CEST 2019
Sat Apr 20 22:49:39 CEST 2019
Sat Apr 20 22:49:40 CEST 2019
Sat Apr 20 22:49:40 CEST 2019
Sat Apr 20 22:49:41 CEST 2019
Sat Apr 20 22:49:41 CEST 2019
Sat Apr 20 22:49:42 CEST 2019
Sat Apr 20 22:49:42 CEST 2019
Sat Apr 20 22:49:43 CEST 2019
Sat Apr 20 22:49:43 CEST 2019
Sat Apr 20 22:49:44 CEST 2019
Sat Apr 20 22:49:44 CEST 2019
Sat Apr 20 22:49:45 CEST 2019
Sat Apr 20 22:49:45 CEST 2019
Sat Apr 20 22:49:46 CEST 2019
Sat Apr 20 22:49:46 CEST 2019
Sat Apr 20 22:49:47 CEST 2019
Sat Apr 20 22:49:47 CEST 2019
Sat Apr 20 22:49:48 CEST 2019
Sat Apr 20 22:49:48 CEST 2019
Sat Apr 20 22:49:49 CEST 2019
Sat Apr 20 22:49:49 CEST 2019
Sat Apr 20 22:49:50 CEST 2019
Sat Apr 20 22:49:50 CEST 2019
Sat Apr 20 22:49:51 CEST 2019
Sat Apr 20 22:49:51 CEST 2019
Sat Apr 20 22:49:52 CEST 2019
Sat Apr 20 22:49:52 CEST 2019
Sat Apr 20 22:49:53 CEST 2019
Sat Apr 20 22:49:53 CEST 2019
Sat Apr 20 22:49:54 CEST 2019
Sat Apr 20 22:49:54 CEST 2019
Sat Apr 20 22:49:55 CEST 2019
Sat Apr 20 22:49:55 CEST 2019
Sat Apr 20 22:49:56 CEST 2019
Sat Apr 20 22:49:56 CEST 2019
Sat Apr 20 22:49:57 CEST 2019
Sat Apr 20 22:49:58 CEST 2019
Sat Apr 20 22:49:58 CEST 2019
Sat Apr 20 22:49:59 CEST 2019
Sat Apr 20 22:49:59 CEST 2019
Sat Apr 20 22:50:00 CEST 2019
Sat Apr 20 22:50:00 CEST 2019
Sat Apr 20 22:50:01 CEST 2019
Sat Apr 20 22:50:01 CEST 2019
Sat Apr 20 22:50:02 CEST 2019
Sat Apr 20 22:50:02 CEST 2019
Sat Apr 20 22:50:03 CEST 2019
Sat Apr 20 22:50:03 CEST 2019
Sat Apr 20 22:50:04 CEST 2019
Sat Apr 20 22:50:04 CEST 2019
Sat Apr 20 22:50:05 CEST 2019
Sat Apr 20 22:50:05 CEST 2019
Sat Apr 20 22:50:06 CEST 2019
Sat Apr 20 22:50:06 CEST 2019
Sat Apr 20 22:50:07 CEST 2019
Sat Apr 20 22:50:07 CEST 2019
Sat Apr 20 22:50:08 CEST 2019
Sat Apr 20 22:50:08 CEST 2019
Sat Apr 20 22:50:09 CEST 2019
Sat Apr 20 22:50:09 CEST 2019
Sat Apr 20 22:50:10 CEST 2019
Sat Apr 20 22:50:10 CEST 2019
Sat Apr 20 22:50:11 CEST 2019
Sat Apr 20 22:50:11 CEST 2019
Sat Apr 20 22:50:12 CEST 2019
Sat Apr 20 22:50:12 CEST 2019
Sat Apr 20 22:50:13 CEST 2019
Sat Apr 20 22:50:13 CEST 2019
Sat Apr 20 22:50:14 CEST 2019
Sat Apr 20 22:50:14 CEST 2019
Sat Apr 20 22:50:15 CEST 2019
Sat Apr 20 22:50:15 CEST 2019
Sat Apr 20 22:50:16 CEST 2019
Sat Apr 20 22:50:16 CEST 2019
Sat Apr 20 22:50:17 CEST 2019
Sat Apr 20 22:50:17 CEST 2019
Sat Apr 20 22:50:18 CEST 2019
Sat Apr 20 22:50:18 CEST 2019
Sat Apr 20 22:50:19 CEST 2019
Sat Apr 20 22:50:19 CEST 2019
Sat Apr 20 22:50:20 CEST 2019
Sat Apr 20 22:50:20 CEST 2019
Sat Apr 20 22:50:21 CEST 2019
Sat Apr 20 22:50:21 CEST 2019
Sat Apr 20 22:50:22 CEST 2019
Sat Apr 20 22:50:23 CEST 2019
Sat Apr 20 22:50:23 CEST 2019
Sat Apr 20 22:50:24 CEST 2019
Sat Apr 20 22:50:24 CEST 2019
Sat Apr 20 22:50:25 CEST 2019
Sat Apr 20 22:50:25 CEST 2019
Sat Apr 20 22:50:26 CEST 2019
Sat Apr 20 22:50:26 CEST 2019
Sat Apr 20 22:50:27 CEST 2019
Sat Apr 20 22:50:27 CEST 2019
Sat Apr 20 22:50:28 CEST 2019
Sat Apr 20 22:50:28 CEST 2019
Sat Apr 20 22:50:29 CEST 2019
Sat Apr 20 22:50:29 CEST 2019
Sat Apr 20 22:50:30 CEST 2019
Sat Apr 20 22:50:30 CEST 2019
Sat Apr 20 22:50:31 CEST 2019
Sat Apr 20 22:50:31 CEST 2019
Sat Apr 20 22:50:32 CEST 2019
Sat Apr 20 22:50:32 CEST 2019
Sat Apr 20 22:50:33 CEST 2019
Sat Apr 20 22:50:33 CEST 2019
Sat Apr 20 22:50:34 CEST 2019
Sat Apr 20 22:50:34 CEST 2019
Sat Apr 20 22:50:35 CEST 2019
Sat Apr 20 22:50:35 CEST 2019
Sat Apr 20 22:50:36 CEST 2019
Sat Apr 20 22:50:36 CEST 2019
Sat Apr 20 22:50:37 CEST 2019
Sat Apr 20 22:50:37 CEST 2019
Sat Apr 20 22:50:38 CEST 2019
Sat Apr 20 22:50:38 CEST 2019
Sat Apr 20 22:50:39 CEST 2019
Sat Apr 20 22:50:39 CEST 2019
Sat Apr 20 22:50:40 CEST 2019
Sat Apr 20 22:50:40 CEST 2019
Sat Apr 20 22:50:41 CEST 2019
Sat Apr 20 22:50:41 CEST 2019
Sat Apr 20 22:50:42 CEST 2019
Sat Apr 20 22:50:42 CEST 2019
Sat Apr 20 22:50:43 CEST 2019
Sat Apr 20 22:50:43 CEST 2019
Sat Apr 20 22:50:44 CEST 2019
Sat Apr 20 22:50:44 CEST 2019
Sat Apr 20 22:50:45 CEST 2019
Sat Apr 20 22:50:45 CEST 2019
Sat Apr 20 22:50:46 CEST 2019
Sat Apr 20 22:50:46 CEST 2019
Sat Apr 20 22:50:47 CEST 2019
Sat Apr 20 22:50:48 CEST 2019
Sat Apr 20 22:50:48 CEST 2019
Sat Apr 20 22:50:49 CEST 2019
Sat Apr 20 22:50:49 CEST 2019
Sat Apr 20 22:50:50 CEST 2019
Sat Apr 20 22:50:50 CEST 2019
Sat Apr 20 22:50:51 CEST 2019
Sat Apr 20 22:50:51 CEST 2019
Sat Apr 20 22:50:52 CEST 2019
Sat Apr 20 22:50:52 CEST 2019
Sat Apr 20 22:50:53 CEST 2019
Sat Apr 20 22:50:53 CEST 2019
Sat Apr 20 22:50:54 CEST 2019
Sat Apr 20 22:50:54 CEST 2019
Sat Apr 20 22:50:55 CEST 2019
Sat Apr 20 22:50:55 CEST 2019
Sat Apr 20 22:50:56 CEST 2019
Sat Apr 20 22:50:56 CEST 2019
Sat Apr 20 22:50:57 CEST 2019
Sat Apr 20 22:50:57 CEST 2019
Sat Apr 20 22:50:58 CEST 2019
Sat Apr 20 22:50:58 CEST 2019
Sat Apr 20 22:50:59 CEST 2019
Sat Apr 20 22:50:59 CEST 2019
Sat Apr 20 22:51:00 CEST 2019
Sat Apr 20 22:51:00 CEST 2019
Sat Apr 20 22:51:01 CEST 2019
Sat Apr 20 22:51:01 CEST 2019
Sat Apr 20 22:51:02 CEST 2019
Sat Apr 20 22:51:02 CEST 2019
Sat Apr 20 22:51:03 CEST 2019
Sat Apr 20 22:51:03 CEST 2019
Sat Apr 20 22:51:04 CEST 2019
Sat Apr 20 22:51:04 CEST 2019
Sat Apr 20 22:51:05 CEST 2019
Sat Apr 20 22:51:05 CEST 2019
Sat Apr 20 22:51:06 CEST 2019
Sat Apr 20 22:51:06 CEST 2019
Sat Apr 20 22:51:07 CEST 2019
Sat Apr 20 22:51:07 CEST 2019
Sat Apr 20 22:51:08 CEST 2019
Sat Apr 20 22:51:08 CEST 2019
Sat Apr 20 22:51:09 CEST 2019
Sat Apr 20 22:51:09 CEST 2019
Sat Apr 20 22:51:10 CEST 2019
Sat Apr 20 22:51:10 CEST 2019
Sat Apr 20 22:51:11 CEST 2019
Sat Apr 20 22:51:11 CEST 2019
Sat Apr 20 22:51:12 CEST 2019
Sat Apr 20 22:51:13 CEST 2019
Sat Apr 20 22:51:13 CEST 2019
Sat Apr 20 22:51:14 CEST 2019
Sat Apr 20 22:51:14 CEST 2019
Sat Apr 20 22:51:15 CEST 2019
Sat Apr 20 22:51:15 CEST 2019
Sat Apr 20 22:51:16 CEST 2019
Sat Apr 20 22:51:16 CEST 2019
Sat Apr 20 22:51:17 CEST 2019
Sat Apr 20 22:51:17 CEST 2019
Sat Apr 20 22:51:18 CEST 2019
Sat Apr 20 22:51:18 CEST 2019
Sat Apr 20 22:51:19 CEST 2019
Sat Apr 20 22:51:19 CEST 2019
Sat Apr 20 22:51:20 CEST 2019
Sat Apr 20 22:51:20 CEST 2019
Sat Apr 20 22:51:21 CEST 2019
Sat Apr 20 22:51:21 CEST 2019
Sat Apr 20 22:51:22 CEST 2019
Sat Apr 20 22:51:22 CEST 2019
Sat Apr 20 22:51:23 CEST 2019
Sat Apr 20 22:51:23 CEST 2019
Sat Apr 20 22:51:24 CEST 2019
Sat Apr 20 22:51:24 CEST 2019
Sat Apr 20 22:51:25 CEST 2019
Sat Apr 20 22:51:25 CEST 2019
Sat Apr 20 22:51:26 CEST 2019
Sat Apr 20 22:51:26 CEST 2019
Sat Apr 20 22:51:27 CEST 2019
Sat Apr 20 22:51:27 CEST 2019
Sat Apr 20 22:51:28 CEST 2019
Sat Apr 20 22:51:28 CEST 2019
Sat Apr 20 22:51:29 CEST 2019
Sat Apr 20 22:51:29 CEST 2019
Sat Apr 20 22:51:30 CEST 2019
Sat Apr 20 22:51:30 CEST 2019
Sat Apr 20 22:51:31 CEST 2019
Sat Apr 20 22:51:31 CEST 2019
Sat Apr 20 22:51:32 CEST 2019
Sat Apr 20 22:51:32 CEST 2019
Sat Apr 20 22:51:33 CEST 2019
Sat Apr 20 22:51:33 CEST 2019
Sat Apr 20 22:51:34 CEST 2019
Sat Apr 20 22:51:35 CEST 2019
Sat Apr 20 22:51:35 CEST 2019
Sat Apr 20 22:51:36 CEST 2019
Sat Apr 20 22:51:36 CEST 2019
Sat Apr 20 22:51:37 CEST 2019
Sat Apr 20 22:51:37 CEST 2019
Sat Apr 20 22:51:38 CEST 2019
Sat Apr 20 22:51:38 CEST 2019
Sat Apr 20 22:51:39 CEST 2019
Sat Apr 20 22:51:39 CEST 2019
Sat Apr 20 22:51:40 CEST 2019
Sat Apr 20 22:51:40 CEST 2019
Sat Apr 20 22:51:41 CEST 2019
Sat Apr 20 22:51:41 CEST 2019
Sat Apr 20 22:51:42 CEST 2019
Sat Apr 20 22:51:42 CEST 2019
Sat Apr 20 22:51:43 CEST 2019
Sat Apr 20 22:51:43 CEST 2019
Sat Apr 20 22:51:44 CEST 2019
Sat Apr 20 22:51:44 CEST 2019
Sat Apr 20 22:51:45 CEST 2019
Sat Apr 20 22:51:45 CEST 2019
Sat Apr 20 22:51:46 CEST 2019
Sat Apr 20 22:51:46 CEST 2019
Sat Apr 20 22:51:47 CEST 2019
Sat Apr 20 22:51:47 CEST 2019
Sat Apr 20 22:51:48 CEST 2019
Sat Apr 20 22:51:48 CEST 2019
Sat Apr 20 22:51:49 CEST 2019
Sat Apr 20 22:51:49 CEST 2019
Sat Apr 20 22:51:50 CEST 2019
Sat Apr 20 22:51:50 CEST 2019
Sat Apr 20 22:51:51 CEST 2019
Sat Apr 20 22:51:51 CEST 2019
Sat Apr 20 22:51:52 CEST 2019
Sat Apr 20 22:51:52 CEST 2019
Sat Apr 20 22:51:53 CEST 2019
Sat Apr 20 22:51:53 CEST 2019
Sat Apr 20 22:51:54 CEST 2019
Sat Apr 20 22:51:54 CEST 2019
Sat Apr 20 22:51:55 CEST 2019
Sat Apr 20 22:51:55 CEST 2019
Sat Apr 20 22:51:56 CEST 2019
Sat Apr 20 22:51:56 CEST 2019
Sat Apr 20 22:51:57 CEST 2019
Sat Apr 20 22:51:57 CEST 2019
Sat Apr 20 22:51:58 CEST 2019
Sat Apr 20 22:51:59 CEST 2019
Sat Apr 20 22:51:59 CEST 2019
Sat Apr 20 22:52:00 CEST 2019
Sat Apr 20 22:52:00 CEST 2019
Sat Apr 20 22:52:01 CEST 2019
Sat Apr 20 22:52:01 CEST 2019
Sat Apr 20 22:52:02 CEST 2019
Sat Apr 20 22:52:02 CEST 2019
Sat Apr 20 22:52:03 CEST 2019
Sat Apr 20 22:52:03 CEST 2019
Sat Apr 20 22:52:04 CEST 2019
Sat Apr 20 22:52:04 CEST 2019
Sat Apr 20 22:52:05 CEST 2019
Sat Apr 20 22:52:05 CEST 2019
Sat Apr 20 22:52:06 CEST 2019
Sat Apr 20 22:52:06 CEST 2019
Sat Apr 20 22:52:07 CEST 2019
Sat Apr 20 22:52:07 CEST 2019
Sat Apr 20 22:52:08 CEST 2019
Sat Apr 20 22:52:08 CEST 2019
Sat Apr 20 22:52:09 CEST 2019
Sat Apr 20 22:52:09 CEST 2019
Sat Apr 20 22:52:10 CEST 2019
Sat Apr 20 22:52:10 CEST 2019
Sat Apr 20 22:52:11 CEST 2019
Sat Apr 20 22:52:11 CEST 2019
Sat Apr 20 22:52:12 CEST 2019
Sat Apr 20 22:52:12 CEST 2019
Sat Apr 20 22:52:13 CEST 2019
Sat Apr 20 22:52:13 CEST 2019
Sat Apr 20 22:52:14 CEST 2019
Sat Apr 20 22:52:14 CEST 2019
Sat Apr 20 22:52:15 CEST 2019
Sat Apr 20 22:52:15 CEST 2019
Sat Apr 20 22:52:16 CEST 2019
Sat Apr 20 22:52:16 CEST 2019
Sat Apr 20 22:52:17 CEST 2019
Sat Apr 20 22:52:17 CEST 2019
Sat Apr 20 22:52:18 CEST 2019
Sat Apr 20 22:52:18 CEST 2019
Sat Apr 20 22:52:19 CEST 2019
Sat Apr 20 22:52:19 CEST 2019
Sat Apr 20 22:52:20 CEST 2019
Sat Apr 20 22:52:20 CEST 2019
Sat Apr 20 22:52:21 CEST 2019
Sat Apr 20 22:52:21 CEST 2019
Sat Apr 20 22:52:22 CEST 2019
Sat Apr 20 22:52:22 CEST 2019
Sat Apr 20 22:52:23 CEST 2019
Sat Apr 20 22:52:24 CEST 2019
Sat Apr 20 22:52:24 CEST 2019
Sat Apr 20 22:52:25 CEST 2019
Sat Apr 20 22:52:25 CEST 2019
Sat Apr 20 22:52:26 CEST 2019
Sat Apr 20 22:52:26 CEST 2019
Sat Apr 20 22:52:27 CEST 2019
Sat Apr 20 22:52:27 CEST 2019
Sat Apr 20 22:52:28 CEST 2019
Sat Apr 20 22:52:28 CEST 2019
Sat Apr 20 22:52:29 CEST 2019
Sat Apr 20 22:52:29 CEST 2019
Sat Apr 20 22:52:30 CEST 2019
Sat Apr 20 22:52:30 CEST 2019
Sat Apr 20 22:52:31 CEST 2019
Sat Apr 20 22:52:31 CEST 2019
Sat Apr 20 22:52:32 CEST 2019
Sat Apr 20 22:52:32 CEST 2019
Sat Apr 20 22:52:33 CEST 2019
Sat Apr 20 22:52:33 CEST 2019
Sat Apr 20 22:52:34 CEST 2019
Sat Apr 20 22:52:34 CEST 2019
Sat Apr 20 22:52:35 CEST 2019
Sat Apr 20 22:52:35 CEST 2019
Sat Apr 20 22:52:36 CEST 2019
Sat Apr 20 22:52:36 CEST 2019
Sat Apr 20 22:52:37 CEST 2019
Sat Apr 20 22:52:37 CEST 2019
Sat Apr 20 22:52:38 CEST 2019
Sat Apr 20 22:52:38 CEST 2019
Sat Apr 20 22:52:39 CEST 2019
Sat Apr 20 22:52:39 CEST 2019
Sat Apr 20 22:52:40 CEST 2019
Sat Apr 20 22:52:40 CEST 2019
Sat Apr 20 22:52:41 CEST 2019
Sat Apr 20 22:52:41 CEST 2019
Sat Apr 20 22:52:42 CEST 2019
Sat Apr 20 22:52:42 CEST 2019
Sat Apr 20 22:52:43 CEST 2019
Sat Apr 20 22:52:43 CEST 2019
Sat Apr 20 22:52:44 CEST 2019
Sat Apr 20 22:52:44 CEST 2019
Sat Apr 20 22:52:45 CEST 2019
Sat Apr 20 22:52:45 CEST 2019
Sat Apr 20 22:52:46 CEST 2019
Sat Apr 20 22:52:46 CEST 2019
Sat Apr 20 22:52:47 CEST 2019
Sat Apr 20 22:52:47 CEST 2019
Sat Apr 20 22:52:48 CEST 2019
Sat Apr 20 22:52:49 CEST 2019
Sat Apr 20 22:52:49 CEST 2019
Sat Apr 20 22:52:50 CEST 2019
Sat Apr 20 22:52:50 CEST 2019
Sat Apr 20 22:52:51 CEST 2019
Sat Apr 20 22:52:51 CEST 2019
Sat Apr 20 22:52:52 CEST 2019
Sat Apr 20 22:52:52 CEST 2019
Sat Apr 20 22:52:53 CEST 2019
Sat Apr 20 22:52:53 CEST 2019
Sat Apr 20 22:52:54 CEST 2019
Sat Apr 20 22:52:54 CEST 2019
Sat Apr 20 22:52:55 CEST 2019
Sat Apr 20 22:52:55 CEST 2019
Sat Apr 20 22:52:56 CEST 2019
Sat Apr 20 22:52:56 CEST 2019
Sat Apr 20 22:52:57 CEST 2019
Sat Apr 20 22:52:57 CEST 2019
Sat Apr 20 22:52:58 CEST 2019
Sat Apr 20 22:52:58 CEST 2019
Sat Apr 20 22:52:59 CEST 2019
Sat Apr 20 22:52:59 CEST 2019
Sat Apr 20 22:53:00 CEST 2019
Sat Apr 20 22:53:00 CEST 2019
Sat Apr 20 22:53:01 CEST 2019
Sat Apr 20 22:53:01 CEST 2019
Sat Apr 20 22:53:02 CEST 2019
Sat Apr 20 22:53:02 CEST 2019
Sat Apr 20 22:53:03 CEST 2019
Sat Apr 20 22:53:03 CEST 2019
Sat Apr 20 22:53:04 CEST 2019
Sat Apr 20 22:53:04 CEST 2019
Sat Apr 20 22:53:05 CEST 2019
Sat Apr 20 22:53:05 CEST 2019
Sat Apr 20 22:53:06 CEST 2019
Sat Apr 20 22:53:06 CEST 2019
Sat Apr 20 22:53:07 CEST 2019
Sat Apr 20 22:53:07 CEST 2019
Sat Apr 20 22:53:08 CEST 2019
Sat Apr 20 22:53:08 CEST 2019
Sat Apr 20 22:53:09 CEST 2019
Sat Apr 20 22:53:09 CEST 2019
Sat Apr 20 22:53:10 CEST 2019
Sat Apr 20 22:53:10 CEST 2019
Sat Apr 20 22:53:11 CEST 2019
Sat Apr 20 22:53:11 CEST 2019
Sat Apr 20 22:53:12 CEST 2019
Sat Apr 20 22:53:12 CEST 2019
Sat Apr 20 22:53:13 CEST 2019
Sat Apr 20 22:53:14 CEST 2019
Sat Apr 20 22:53:14 CEST 2019
Sat Apr 20 22:53:15 CEST 2019
Sat Apr 20 22:53:15 CEST 2019
Sat Apr 20 22:53:16 CEST 2019
Sat Apr 20 22:53:16 CEST 2019
Sat Apr 20 22:53:17 CEST 2019
Sat Apr 20 22:53:17 CEST 2019
Sat Apr 20 22:53:18 CEST 2019
Sat Apr 20 22:53:18 CEST 2019
Sat Apr 20 22:53:19 CEST 2019
Sat Apr 20 22:53:19 CEST 2019
Sat Apr 20 22:53:20 CEST 2019
Sat Apr 20 22:53:20 CEST 2019
Sat Apr 20 22:53:21 CEST 2019
Sat Apr 20 22:53:21 CEST 2019
Sat Apr 20 22:53:22 CEST 2019
Sat Apr 20 22:53:22 CEST 2019
Sat Apr 20 22:53:23 CEST 2019
Sat Apr 20 22:53:23 CEST 2019
Sat Apr 20 22:53:24 CEST 2019
Sat Apr 20 22:53:24 CEST 2019
Sat Apr 20 22:53:25 CEST 2019
Sat Apr 20 22:53:25 CEST 2019
Sat Apr 20 22:53:26 CEST 2019
Sat Apr 20 22:53:26 CEST 2019
Sat Apr 20 22:53:27 CEST 2019
Sat Apr 20 22:53:27 CEST 2019
Sat Apr 20 22:53:28 CEST 2019
Sat Apr 20 22:53:28 CEST 2019
Sat Apr 20 22:53:29 CEST 2019
Sat Apr 20 22:53:29 CEST 2019
Sat Apr 20 22:53:30 CEST 2019
Sat Apr 20 22:53:30 CEST 2019
Sat Apr 20 22:53:31 CEST 2019
Sat Apr 20 22:53:31 CEST 2019
Sat Apr 20 22:53:32 CEST 2019
Sat Apr 20 22:53:32 CEST 2019
Sat Apr 20 22:53:33 CEST 2019
Sat Apr 20 22:53:33 CEST 2019
Sat Apr 20 22:53:34 CEST 2019
Sat Apr 20 22:53:34 CEST 2019
Sat Apr 20 22:53:35 CEST 2019
Sat Apr 20 22:53:35 CEST 2019
Sat Apr 20 22:53:36 CEST 2019
Sat Apr 20 22:53:36 CEST 2019
Sat Apr 20 22:53:37 CEST 2019
Sat Apr 20 22:53:37 CEST 2019
Sat Apr 20 22:53:38 CEST 2019
Sat Apr 20 22:53:38 CEST 2019
Sat Apr 20 22:53:39 CEST 2019
Sat Apr 20 22:53:40 CEST 2019
Sat Apr 20 22:53:40 CEST 2019
Sat Apr 20 22:53:41 CEST 2019
Sat Apr 20 22:53:41 CEST 2019
Sat Apr 20 22:53:42 CEST 2019
Sat Apr 20 22:53:42 CEST 2019
Sat Apr 20 22:53:43 CEST 2019
Sat Apr 20 22:53:43 CEST 2019
Sat Apr 20 22:53:44 CEST 2019
Sat Apr 20 22:53:44 CEST 2019
Sat Apr 20 22:53:45 CEST 2019
Sat Apr 20 22:53:45 CEST 2019
Sat Apr 20 22:53:46 CEST 2019
Sat Apr 20 22:53:46 CEST 2019
Sat Apr 20 22:53:47 CEST 2019
Sat Apr 20 22:53:47 CEST 2019
Sat Apr 20 22:53:48 CEST 2019
Sat Apr 20 22:53:48 CEST 2019
Sat Apr 20 22:53:49 CEST 2019
Sat Apr 20 22:53:49 CEST 2019
Sat Apr 20 22:53:50 CEST 2019
Sat Apr 20 22:53:50 CEST 2019
Sat Apr 20 22:53:51 CEST 2019
Sat Apr 20 22:53:51 CEST 2019
Sat Apr 20 22:53:52 CEST 2019
Sat Apr 20 22:53:52 CEST 2019
Sat Apr 20 22:53:53 CEST 2019
Sat Apr 20 22:53:53 CEST 2019
Sat Apr 20 22:53:54 CEST 2019
Sat Apr 20 22:53:54 CEST 2019
Sat Apr 20 22:53:55 CEST 2019
Sat Apr 20 22:53:55 CEST 2019
Sat Apr 20 22:53:56 CEST 2019
Sat Apr 20 22:53:56 CEST 2019
Sat Apr 20 22:53:57 CEST 2019
Sat Apr 20 22:53:57 CEST 2019
Sat Apr 20 22:53:58 CEST 2019
Sat Apr 20 22:53:58 CEST 2019
Sat Apr 20 22:53:59 CEST 2019
Sat Apr 20 22:53:59 CEST 2019
Sat Apr 20 22:54:00 CEST 2019
Sat Apr 20 22:54:00 CEST 2019
Sat Apr 20 22:54:01 CEST 2019
Sat Apr 20 22:54:01 CEST 2019
Sat Apr 20 22:54:02 CEST 2019
Sat Apr 20 22:54:03 CEST 2019
Sat Apr 20 22:54:03 CEST 2019
Sat Apr 20 22:54:04 CEST 2019
Sat Apr 20 22:54:04 CEST 2019
Sat Apr 20 22:54:05 CEST 2019
Sat Apr 20 22:54:05 CEST 2019
Sat Apr 20 22:54:06 CEST 2019
Sat Apr 20 22:54:06 CEST 2019
Sat Apr 20 22:54:07 CEST 2019
Sat Apr 20 22:54:07 CEST 2019
Sat Apr 20 22:54:08 CEST 2019
Sat Apr 20 22:54:08 CEST 2019
Sat Apr 20 22:54:09 CEST 2019
Sat Apr 20 22:54:09 CEST 2019
Sat Apr 20 22:54:10 CEST 2019
Sat Apr 20 22:54:10 CEST 2019
Sat Apr 20 22:54:11 CEST 2019
Sat Apr 20 22:54:11 CEST 2019
Sat Apr 20 22:54:12 CEST 2019
Sat Apr 20 22:54:12 CEST 2019
Sat Apr 20 22:54:13 CEST 2019
Sat Apr 20 22:54:13 CEST 2019
Sat Apr 20 22:54:14 CEST 2019
Sat Apr 20 22:54:14 CEST 2019
Sat Apr 20 22:54:15 CEST 2019
Sat Apr 20 22:54:15 CEST 2019
Sat Apr 20 22:54:16 CEST 2019
Sat Apr 20 22:54:16 CEST 2019
Sat Apr 20 22:54:17 CEST 2019
Sat Apr 20 22:54:17 CEST 2019
Sat Apr 20 22:54:18 CEST 2019
Sat Apr 20 22:54:18 CEST 2019
Sat Apr 20 22:54:19 CEST 2019
Sat Apr 20 22:54:19 CEST 2019
Sat Apr 20 22:54:20 CEST 2019
Sat Apr 20 22:54:20 CEST 2019
Sat Apr 20 22:54:21 CEST 2019
Sat Apr 20 22:54:21 CEST 2019
Sat Apr 20 22:54:22 CEST 2019
Sat Apr 20 22:54:22 CEST 2019
Sat Apr 20 22:54:23 CEST 2019
Sat Apr 20 22:54:23 CEST 2019
Sat Apr 20 22:54:24 CEST 2019
Sat Apr 20 22:54:24 CEST 2019
Sat Apr 20 22:54:25 CEST 2019
Sat Apr 20 22:54:25 CEST 2019
Sat Apr 20 22:54:26 CEST 2019
Sat Apr 20 22:54:26 CEST 2019
Sat Apr 20 22:54:27 CEST 2019
Sat Apr 20 22:54:28 CEST 2019
Sat Apr 20 22:54:28 CEST 2019
Sat Apr 20 22:54:29 CEST 2019
Sat Apr 20 22:54:29 CEST 2019
Sat Apr 20 22:54:30 CEST 2019
Sat Apr 20 22:54:30 CEST 2019
Sat Apr 20 22:54:31 CEST 2019
Sat Apr 20 22:54:31 CEST 2019
Sat Apr 20 22:54:32 CEST 2019
Sat Apr 20 22:54:32 CEST 2019
Sat Apr 20 22:54:33 CEST 2019
Sat Apr 20 22:54:33 CEST 2019
Sat Apr 20 22:54:34 CEST 2019
Sat Apr 20 22:54:34 CEST 2019
Sat Apr 20 22:54:35 CEST 2019
Sat Apr 20 22:54:35 CEST 2019
Sat Apr 20 22:54:36 CEST 2019
Sat Apr 20 22:54:36 CEST 2019
Sat Apr 20 22:54:37 CEST 2019
Sat Apr 20 22:54:37 CEST 2019
Sat Apr 20 22:54:38 CEST 2019
Sat Apr 20 22:54:38 CEST 2019
Sat Apr 20 22:54:39 CEST 2019
Sat Apr 20 22:54:39 CEST 2019
Sat Apr 20 22:54:40 CEST 2019
Sat Apr 20 22:54:40 CEST 2019
Sat Apr 20 22:54:41 CEST 2019
Sat Apr 20 22:54:41 CEST 2019
Sat Apr 20 22:54:42 CEST 2019
Sat Apr 20 22:54:42 CEST 2019
Sat Apr 20 22:54:43 CEST 2019
Sat Apr 20 22:54:43 CEST 2019
Sat Apr 20 22:54:44 CEST 2019
Sat Apr 20 22:54:44 CEST 2019
Sat Apr 20 22:54:45 CEST 2019
Sat Apr 20 22:54:45 CEST 2019
Sat Apr 20 22:54:46 CEST 2019
Sat Apr 20 22:54:46 CEST 2019
Sat Apr 20 22:54:47 CEST 2019
Sat Apr 20 22:54:47 CEST 2019
Sat Apr 20 22:54:48 CEST 2019
Sat Apr 20 22:54:48 CEST 2019
Sat Apr 20 22:54:49 CEST 2019
Sat Apr 20 22:54:49 CEST 2019
Sat Apr 20 22:54:50 CEST 2019
Sat Apr 20 22:54:50 CEST 2019
Sat Apr 20 22:54:51 CEST 2019
Sat Apr 20 22:54:51 CEST 2019
Sat Apr 20 22:54:52 CEST 2019
Sat Apr 20 22:54:53 CEST 2019
Sat Apr 20 22:54:53 CEST 2019
Sat Apr 20 22:54:54 CEST 2019
Sat Apr 20 22:54:54 CEST 2019
Sat Apr 20 22:54:55 CEST 2019
Sat Apr 20 22:54:55 CEST 2019
Sat Apr 20 22:54:56 CEST 2019
Sat Apr 20 22:54:56 CEST 2019
Sat Apr 20 22:54:57 CEST 2019
Sat Apr 20 22:54:57 CEST 2019
Sat Apr 20 22:54:58 CEST 2019
Sat Apr 20 22:54:58 CEST 2019
Sat Apr 20 22:54:59 CEST 2019
Sat Apr 20 22:54:59 CEST 2019
Sat Apr 20 22:55:00 CEST 2019
Sat Apr 20 22:55:00 CEST 2019
Sat Apr 20 22:55:01 CEST 2019
Sat Apr 20 22:55:01 CEST 2019
Sat Apr 20 22:55:02 CEST 2019
Sat Apr 20 22:55:02 CEST 2019
Sat Apr 20 22:55:03 CEST 2019
Sat Apr 20 22:55:03 CEST 2019
Sat Apr 20 22:55:04 CEST 2019
Sat Apr 20 22:55:04 CEST 2019
Sat Apr 20 22:55:05 CEST 2019
Sat Apr 20 22:55:05 CEST 2019
Sat Apr 20 22:55:06 CEST 2019
Sat Apr 20 22:55:06 CEST 2019
Sat Apr 20 22:55:07 CEST 2019
Sat Apr 20 22:55:07 CEST 2019
Sat Apr 20 22:55:08 CEST 2019
Sat Apr 20 22:55:08 CEST 2019
Sat Apr 20 22:55:09 CEST 2019
Sat Apr 20 22:55:09 CEST 2019
Sat Apr 20 22:55:10 CEST 2019
Sat Apr 20 22:55:10 CEST 2019
Sat Apr 20 22:55:11 CEST 2019
Sat Apr 20 22:55:11 CEST 2019
Sat Apr 20 22:55:12 CEST 2019
Sat Apr 20 22:55:12 CEST 2019
Sat Apr 20 22:55:13 CEST 2019
Sat Apr 20 22:55:13 CEST 2019
Sat Apr 20 22:55:14 CEST 2019
Sat Apr 20 22:55:14 CEST 2019
Sat Apr 20 22:55:15 CEST 2019
Sat Apr 20 22:55:15 CEST 2019
Sat Apr 20 22:55:16 CEST 2019
Sat Apr 20 22:55:16 CEST 2019
Sat Apr 20 22:55:17 CEST 2019
Sat Apr 20 22:55:17 CEST 2019
Sat Apr 20 22:55:18 CEST 2019
Sat Apr 20 22:55:19 CEST 2019
Sat Apr 20 22:55:19 CEST 2019
Sat Apr 20 22:55:20 CEST 2019
Sat Apr 20 22:55:20 CEST 2019
Sat Apr 20 22:55:21 CEST 2019
Sat Apr 20 22:55:21 CEST 2019
Sat Apr 20 22:55:22 CEST 2019
Sat Apr 20 22:55:22 CEST 2019
Sat Apr 20 22:55:23 CEST 2019
Sat Apr 20 22:55:23 CEST 2019
Sat Apr 20 22:55:24 CEST 2019
Sat Apr 20 22:55:24 CEST 2019
Sat Apr 20 22:55:25 CEST 2019
Sat Apr 20 22:55:25 CEST 2019
Sat Apr 20 22:55:26 CEST 2019
Sat Apr 20 22:55:26 CEST 2019
Sat Apr 20 22:55:27 CEST 2019
Sat Apr 20 22:55:27 CEST 2019
Sat Apr 20 22:55:28 CEST 2019
Sat Apr 20 22:55:28 CEST 2019
Sat Apr 20 22:55:29 CEST 2019
Sat Apr 20 22:55:29 CEST 2019
Sat Apr 20 22:55:30 CEST 2019
Sat Apr 20 22:55:30 CEST 2019
Sat Apr 20 22:55:31 CEST 2019
Sat Apr 20 22:55:31 CEST 2019
Sat Apr 20 22:55:32 CEST 2019
Sat Apr 20 22:55:32 CEST 2019
Sat Apr 20 22:55:33 CEST 2019
Sat Apr 20 22:55:33 CEST 2019
Sat Apr 20 22:55:34 CEST 2019
Sat Apr 20 22:55:34 CEST 2019
Sat Apr 20 22:55:35 CEST 2019
Sat Apr 20 22:55:35 CEST 2019
Sat Apr 20 22:55:36 CEST 2019
Sat Apr 20 22:55:36 CEST 2019
Sat Apr 20 22:55:37 CEST 2019
Sat Apr 20 22:55:37 CEST 2019
Sat Apr 20 22:55:38 CEST 2019
Sat Apr 20 22:55:38 CEST 2019
Sat Apr 20 22:55:39 CEST 2019
Sat Apr 20 22:55:39 CEST 2019
Sat Apr 20 22:55:40 CEST 2019
Sat Apr 20 22:55:40 CEST 2019
Sat Apr 20 22:55:41 CEST 2019
Sat Apr 20 22:55:41 CEST 2019
Sat Apr 20 22:55:42 CEST 2019
Sat Apr 20 22:55:42 CEST 2019
Sat Apr 20 22:55:43 CEST 2019
Sat Apr 20 22:55:44 CEST 2019
Sat Apr 20 22:55:44 CEST 2019
Sat Apr 20 22:55:45 CEST 2019
Sat Apr 20 22:55:45 CEST 2019
Sat Apr 20 22:55:46 CEST 2019
Sat Apr 20 22:55:46 CEST 2019
Sat Apr 20 22:55:47 CEST 2019
Sat Apr 20 22:55:47 CEST 2019
Sat Apr 20 22:55:48 CEST 2019
Sat Apr 20 22:55:48 CEST 2019
Sat Apr 20 22:55:49 CEST 2019
Sat Apr 20 22:55:49 CEST 2019
Sat Apr 20 22:55:50 CEST 2019
Sat Apr 20 22:55:50 CEST 2019
Sat Apr 20 22:55:51 CEST 2019
Sat Apr 20 22:55:51 CEST 2019
Sat Apr 20 22:55:52 CEST 2019
Sat Apr 20 22:55:52 CEST 2019
Sat Apr 20 22:55:53 CEST 2019
Sat Apr 20 22:55:53 CEST 2019
Sat Apr 20 22:55:54 CEST 2019
Sat Apr 20 22:55:54 CEST 2019
Sat Apr 20 22:55:55 CEST 2019
Sat Apr 20 22:55:55 CEST 2019
Sat Apr 20 22:55:56 CEST 2019
Sat Apr 20 22:55:56 CEST 2019
Sat Apr 20 22:55:57 CEST 2019
Sat Apr 20 22:55:57 CEST 2019
Sat Apr 20 22:55:58 CEST 2019
Sat Apr 20 22:55:58 CEST 2019
Sat Apr 20 22:55:59 CEST 2019
Sat Apr 20 22:55:59 CEST 2019
Sat Apr 20 22:56:00 CEST 2019
Sat Apr 20 22:56:00 CEST 2019
Sat Apr 20 22:56:01 CEST 2019
Sat Apr 20 22:56:01 CEST 2019
Sat Apr 20 22:56:02 CEST 2019
Sat Apr 20 22:56:02 CEST 2019
Sat Apr 20 22:56:03 CEST 2019
Sat Apr 20 22:56:03 CEST 2019
Sat Apr 20 22:56:04 CEST 2019
Sat Apr 20 22:56:04 CEST 2019
Sat Apr 20 22:56:05 CEST 2019
Sat Apr 20 22:56:05 CEST 2019
Sat Apr 20 22:56:06 CEST 2019
Sat Apr 20 22:56:06 CEST 2019
Sat Apr 20 22:56:07 CEST 2019
Sat Apr 20 22:56:07 CEST 2019
Sat Apr 20 22:56:08 CEST 2019
Sat Apr 20 22:56:08 CEST 2019
Sat Apr 20 22:56:09 CEST 2019
Sat Apr 20 22:56:10 CEST 2019
Sat Apr 20 22:56:10 CEST 2019
Sat Apr 20 22:56:11 CEST 2019
Sat Apr 20 22:56:11 CEST 2019
Sat Apr 20 22:56:12 CEST 2019
Sat Apr 20 22:56:12 CEST 2019
Sat Apr 20 22:56:13 CEST 2019
Sat Apr 20 22:56:13 CEST 2019
Sat Apr 20 22:56:14 CEST 2019
Sat Apr 20 22:56:14 CEST 2019
Sat Apr 20 22:56:15 CEST 2019
Sat Apr 20 22:56:15 CEST 2019
Sat Apr 20 22:56:16 CEST 2019
Sat Apr 20 22:56:16 CEST 2019
Sat Apr 20 22:56:17 CEST 2019
Sat Apr 20 22:56:17 CEST 2019
Sat Apr 20 22:56:18 CEST 2019
Sat Apr 20 22:56:18 CEST 2019
Sat Apr 20 22:56:19 CEST 2019
Sat Apr 20 22:56:19 CEST 2019
Sat Apr 20 22:56:20 CEST 2019
Sat Apr 20 22:56:20 CEST 2019
Sat Apr 20 22:56:21 CEST 2019
Sat Apr 20 22:56:21 CEST 2019
Sat Apr 20 22:56:22 CEST 2019
Sat Apr 20 22:56:22 CEST 2019
Sat Apr 20 22:56:23 CEST 2019
Sat Apr 20 22:56:23 CEST 2019
Sat Apr 20 22:56:24 CEST 2019
Sat Apr 20 22:56:24 CEST 2019
Sat Apr 20 22:56:25 CEST 2019
Sat Apr 20 22:56:25 CEST 2019
Sat Apr 20 22:56:26 CEST 2019
Sat Apr 20 22:56:26 CEST 2019
Sat Apr 20 22:56:27 CEST 2019
Sat Apr 20 22:56:27 CEST 2019
Sat Apr 20 22:56:28 CEST 2019
Sat Apr 20 22:56:28 CEST 2019
Sat Apr 20 22:56:29 CEST 2019
Sat Apr 20 22:56:29 CEST 2019
Sat Apr 20 22:56:30 CEST 2019
Sat Apr 20 22:56:30 CEST 2019
Sat Apr 20 22:56:31 CEST 2019
Sat Apr 20 22:56:31 CEST 2019
Sat Apr 20 22:56:32 CEST 2019
Sat Apr 20 22:56:32 CEST 2019
Sat Apr 20 22:56:33 CEST 2019
Sat Apr 20 22:56:33 CEST 2019
Sat Apr 20 22:56:34 CEST 2019
Sat Apr 20 22:56:35 CEST 2019
Sat Apr 20 22:56:35 CEST 2019
Sat Apr 20 22:56:36 CEST 2019
Sat Apr 20 22:56:36 CEST 2019
Sat Apr 20 22:56:37 CEST 2019
Sat Apr 20 22:56:37 CEST 2019
Sat Apr 20 22:56:38 CEST 2019
Sat Apr 20 22:56:38 CEST 2019
Sat Apr 20 22:56:39 CEST 2019
Sat Apr 20 22:56:39 CEST 2019
Sat Apr 20 22:56:40 CEST 2019
Sat Apr 20 22:56:40 CEST 2019
Sat Apr 20 22:56:41 CEST 2019
Sat Apr 20 22:56:41 CEST 2019
Sat Apr 20 22:56:42 CEST 2019
Sat Apr 20 22:56:42 CEST 2019
Sat Apr 20 22:56:43 CEST 2019
Sat Apr 20 22:56:43 CEST 2019
Sat Apr 20 22:56:44 CEST 2019
Sat Apr 20 22:56:44 CEST 2019
Sat Apr 20 22:56:45 CEST 2019
Sat Apr 20 22:56:45 CEST 2019
Sat Apr 20 22:56:46 CEST 2019
Sat Apr 20 22:56:46 CEST 2019
Sat Apr 20 22:56:47 CEST 2019
Sat Apr 20 22:56:47 CEST 2019
Sat Apr 20 22:56:48 CEST 2019
Sat Apr 20 22:56:48 CEST 2019
Sat Apr 20 22:56:49 CEST 2019
Sat Apr 20 22:56:49 CEST 2019
Sat Apr 20 22:56:50 CEST 2019
Sat Apr 20 22:56:50 CEST 2019
Sat Apr 20 22:56:51 CEST 2019
Sat Apr 20 22:56:51 CEST 2019
Sat Apr 20 22:56:52 CEST 2019
Sat Apr 20 22:56:52 CEST 2019
Sat Apr 20 22:56:53 CEST 2019
Sat Apr 20 22:56:53 CEST 2019
Sat Apr 20 22:56:54 CEST 2019
Sat Apr 20 22:56:54 CEST 2019
Sat Apr 20 22:56:55 CEST 2019
Sat Apr 20 22:56:55 CEST 2019
Sat Apr 20 22:56:56 CEST 2019
Sat Apr 20 22:56:56 CEST 2019
Sat Apr 20 22:56:57 CEST 2019
Sat Apr 20 22:56:57 CEST 2019
Sat Apr 20 22:56:58 CEST 2019
Sat Apr 20 22:56:58 CEST 2019
Sat Apr 20 22:56:59 CEST 2019
Sat Apr 20 22:56:59 CEST 2019
Sat Apr 20 22:57:00 CEST 2019
Sat Apr 20 22:57:01 CEST 2019
Sat Apr 20 22:57:01 CEST 2019
Sat Apr 20 22:57:02 CEST 2019
Sat Apr 20 22:57:02 CEST 2019
Sat Apr 20 22:57:03 CEST 2019
Sat Apr 20 22:57:03 CEST 2019
Sat Apr 20 22:57:04 CEST 2019
Sat Apr 20 22:57:04 CEST 2019
Sat Apr 20 22:57:05 CEST 2019
Sat Apr 20 22:57:05 CEST 2019
Sat Apr 20 22:57:06 CEST 2019
Sat Apr 20 22:57:06 CEST 2019
Sat Apr 20 22:57:07 CEST 2019
Sat Apr 20 22:57:07 CEST 2019
Sat Apr 20 22:57:08 CEST 2019
Sat Apr 20 22:57:08 CEST 2019
Sat Apr 20 22:57:09 CEST 2019
Sat Apr 20 22:57:09 CEST 2019
Sat Apr 20 22:57:10 CEST 2019
Sat Apr 20 22:57:10 CEST 2019
Sat Apr 20 22:57:11 CEST 2019
Sat Apr 20 22:57:11 CEST 2019
Sat Apr 20 22:57:12 CEST 2019
Sat Apr 20 22:57:12 CEST 2019
Sat Apr 20 22:57:13 CEST 2019
Sat Apr 20 22:57:13 CEST 2019
Sat Apr 20 22:57:14 CEST 2019
Sat Apr 20 22:57:14 CEST 2019
Sat Apr 20 22:57:15 CEST 2019
Sat Apr 20 22:57:15 CEST 2019
Sat Apr 20 22:57:16 CEST 2019
Sat Apr 20 22:57:16 CEST 2019
Sat Apr 20 22:57:17 CEST 2019
Sat Apr 20 22:57:17 CEST 2019
Sat Apr 20 22:57:18 CEST 2019
Sat Apr 20 22:57:18 CEST 2019
Sat Apr 20 22:57:19 CEST 2019
Sat Apr 20 22:57:19 CEST 2019
Sat Apr 20 22:57:20 CEST 2019
Sat Apr 20 22:57:20 CEST 2019
Sat Apr 20 22:57:21 CEST 2019
Sat Apr 20 22:57:21 CEST 2019
Sat Apr 20 22:57:22 CEST 2019
Sat Apr 20 22:57:22 CEST 2019
Sat Apr 20 22:57:23 CEST 2019
Sat Apr 20 22:57:23 CEST 2019
Sat Apr 20 22:57:24 CEST 2019
Sat Apr 20 22:57:24 CEST 2019
Sat Apr 20 22:57:25 CEST 2019
Sat Apr 20 22:57:26 CEST 2019
Sat Apr 20 22:57:26 CEST 2019
Sat Apr 20 22:57:27 CEST 2019
Sat Apr 20 22:57:27 CEST 2019
Sat Apr 20 22:57:28 CEST 2019
Sat Apr 20 22:57:28 CEST 2019
Sat Apr 20 22:57:29 CEST 2019
Sat Apr 20 22:57:29 CEST 2019
Sat Apr 20 22:57:30 CEST 2019
Sat Apr 20 22:57:30 CEST 2019
Sat Apr 20 22:57:31 CEST 2019
Sat Apr 20 22:57:31 CEST 2019
Sat Apr 20 22:57:32 CEST 2019
Sat Apr 20 22:57:32 CEST 2019
Sat Apr 20 22:57:33 CEST 2019
Sat Apr 20 22:57:33 CEST 2019
Sat Apr 20 22:57:34 CEST 2019
Sat Apr 20 22:57:34 CEST 2019
Sat Apr 20 22:57:35 CEST 2019
Sat Apr 20 22:57:35 CEST 2019
Sat Apr 20 22:57:36 CEST 2019
Sat Apr 20 22:57:36 CEST 2019
Sat Apr 20 22:57:37 CEST 2019
Sat Apr 20 22:57:37 CEST 2019
Sat Apr 20 22:57:38 CEST 2019
Sat Apr 20 22:57:38 CEST 2019
Sat Apr 20 22:57:39 CEST 2019
Sat Apr 20 22:57:39 CEST 2019
Sat Apr 20 22:57:40 CEST 2019
Sat Apr 20 22:57:40 CEST 2019
Sat Apr 20 22:57:41 CEST 2019
Sat Apr 20 22:57:41 CEST 2019
Sat Apr 20 22:57:42 CEST 2019
Sat Apr 20 22:57:42 CEST 2019
Sat Apr 20 22:57:43 CEST 2019
Sat Apr 20 22:57:43 CEST 2019
Sat Apr 20 22:57:44 CEST 2019
Sat Apr 20 22:57:44 CEST 2019
Sat Apr 20 22:57:45 CEST 2019
Sat Apr 20 22:57:45 CEST 2019
Sat Apr 20 22:57:46 CEST 2019
Sat Apr 20 22:57:46 CEST 2019
Sat Apr 20 22:57:47 CEST 2019
Sat Apr 20 22:57:47 CEST 2019
Sat Apr 20 22:57:48 CEST 2019
Sat Apr 20 22:57:48 CEST 2019
Sat Apr 20 22:57:49 CEST 2019
Sat Apr 20 22:57:49 CEST 2019
Sat Apr 20 22:57:50 CEST 2019
Sat Apr 20 22:57:51 CEST 2019
Sat Apr 20 22:57:51 CEST 2019
Sat Apr 20 22:57:52 CEST 2019
Sat Apr 20 22:57:52 CEST 2019
Sat Apr 20 22:57:53 CEST 2019
Sat Apr 20 22:57:53 CEST 2019
Sat Apr 20 22:57:54 CEST 2019
Sat Apr 20 22:57:54 CEST 2019
Sat Apr 20 22:57:55 CEST 2019
Sat Apr 20 22:57:55 CEST 2019
Sat Apr 20 22:57:56 CEST 2019
Sat Apr 20 22:57:56 CEST 2019
Sat Apr 20 22:57:57 CEST 2019
Sat Apr 20 22:57:57 CEST 2019
Sat Apr 20 22:57:58 CEST 2019
Sat Apr 20 22:57:58 CEST 2019
Sat Apr 20 22:57:59 CEST 2019
Sat Apr 20 22:57:59 CEST 2019
Sat Apr 20 22:58:00 CEST 2019
Sat Apr 20 22:58:00 CEST 2019
Sat Apr 20 22:58:01 CEST 2019
Sat Apr 20 22:58:01 CEST 2019
Sat Apr 20 22:58:02 CEST 2019
Sat Apr 20 22:58:02 CEST 2019
Sat Apr 20 22:58:03 CEST 2019
Sat Apr 20 22:58:03 CEST 2019
Sat Apr 20 22:58:04 CEST 2019
Sat Apr 20 22:58:04 CEST 2019
Sat Apr 20 22:58:05 CEST 2019
Sat Apr 20 22:58:05 CEST 2019
Sat Apr 20 22:58:06 CEST 2019
Sat Apr 20 22:58:06 CEST 2019
Sat Apr 20 22:58:07 CEST 2019
Sat Apr 20 22:58:07 CEST 2019
Sat Apr 20 22:58:08 CEST 2019
Sat Apr 20 22:58:08 CEST 2019
Sat Apr 20 22:58:09 CEST 2019
Sat Apr 20 22:58:09 CEST 2019
Sat Apr 20 22:58:10 CEST 2019
Sat Apr 20 22:58:10 CEST 2019
Sat Apr 20 22:58:11 CEST 2019
Sat Apr 20 22:58:11 CEST 2019
Sat Apr 20 22:58:12 CEST 2019
Sat Apr 20 22:58:12 CEST 2019
Sat Apr 20 22:58:13 CEST 2019
Sat Apr 20 22:58:13 CEST 2019
Sat Apr 20 22:58:14 CEST 2019
Sat Apr 20 22:58:14 CEST 2019
Sat Apr 20 22:58:15 CEST 2019
Sat Apr 20 22:58:15 CEST 2019
Sat Apr 20 22:58:16 CEST 2019
Sat Apr 20 22:58:17 CEST 2019
Sat Apr 20 22:58:17 CEST 2019
Sat Apr 20 22:58:18 CEST 2019
Sat Apr 20 22:58:18 CEST 2019
Sat Apr 20 22:58:19 CEST 2019
Sat Apr 20 22:58:19 CEST 2019
Sat Apr 20 22:58:20 CEST 2019
Sat Apr 20 22:58:20 CEST 2019
Sat Apr 20 22:58:21 CEST 2019
Sat Apr 20 22:58:21 CEST 2019
Sat Apr 20 22:58:22 CEST 2019
Sat Apr 20 22:58:22 CEST 2019
Sat Apr 20 22:58:23 CEST 2019
Sat Apr 20 22:58:23 CEST 2019
Sat Apr 20 22:58:24 CEST 2019
Sat Apr 20 22:58:24 CEST 2019
Sat Apr 20 22:58:25 CEST 2019
Sat Apr 20 22:58:25 CEST 2019
Sat Apr 20 22:58:26 CEST 2019
Sat Apr 20 22:58:26 CEST 2019
Sat Apr 20 22:58:27 CEST 2019
Sat Apr 20 22:58:27 CEST 2019
Sat Apr 20 22:58:28 CEST 2019
Sat Apr 20 22:58:28 CEST 2019
Sat Apr 20 22:58:29 CEST 2019
Sat Apr 20 22:58:29 CEST 2019
Sat Apr 20 22:58:30 CEST 2019
Sat Apr 20 22:58:30 CEST 2019
Sat Apr 20 22:58:31 CEST 2019
Sat Apr 20 22:58:31 CEST 2019
Sat Apr 20 22:58:32 CEST 2019
Sat Apr 20 22:58:32 CEST 2019
Sat Apr 20 22:58:33 CEST 2019
Sat Apr 20 22:58:33 CEST 2019
Sat Apr 20 22:58:34 CEST 2019
Sat Apr 20 22:58:34 CEST 2019
Sat Apr 20 22:58:35 CEST 2019
Sat Apr 20 22:58:35 CEST 2019
Sat Apr 20 22:58:36 CEST 2019
Sat Apr 20 22:58:36 CEST 2019
Sat Apr 20 22:58:37 CEST 2019
Sat Apr 20 22:58:37 CEST 2019
Sat Apr 20 22:58:38 CEST 2019
Sat Apr 20 22:58:38 CEST 2019
Sat Apr 20 22:58:39 CEST 2019
Sat Apr 20 22:58:39 CEST 2019
Sat Apr 20 22:58:40 CEST 2019
Sat Apr 20 22:58:40 CEST 2019
Sat Apr 20 22:58:41 CEST 2019
Sat Apr 20 22:58:41 CEST 2019
Sat Apr 20 22:58:42 CEST 2019
Sat Apr 20 22:58:43 CEST 2019
Sat Apr 20 22:58:43 CEST 2019
Sat Apr 20 22:58:44 CEST 2019
Sat Apr 20 22:58:44 CEST 2019
Sat Apr 20 22:58:45 CEST 2019
Sat Apr 20 22:58:45 CEST 2019
Sat Apr 20 22:58:46 CEST 2019
Sat Apr 20 22:58:46 CEST 2019
Sat Apr 20 22:58:47 CEST 2019
Sat Apr 20 22:58:47 CEST 2019
Sat Apr 20 22:58:48 CEST 2019
Sat Apr 20 22:58:48 CEST 2019
Sat Apr 20 22:58:49 CEST 2019
Sat Apr 20 22:58:49 CEST 2019
Sat Apr 20 22:58:50 CEST 2019
Sat Apr 20 22:58:50 CEST 2019
Sat Apr 20 22:58:51 CEST 2019
Sat Apr 20 22:58:51 CEST 2019
Sat Apr 20 22:58:52 CEST 2019
Sat Apr 20 22:58:52 CEST 2019
Sat Apr 20 22:58:53 CEST 2019
Sat Apr 20 22:58:53 CEST 2019
Sat Apr 20 22:58:54 CEST 2019
Sat Apr 20 22:58:54 CEST 2019
Sat Apr 20 22:58:55 CEST 2019
Sat Apr 20 22:58:55 CEST 2019
Sat Apr 20 22:58:56 CEST 2019
Sat Apr 20 22:58:56 CEST 2019
Sat Apr 20 22:58:57 CEST 2019
Sat Apr 20 22:58:57 CEST 2019
Sat Apr 20 22:58:58 CEST 2019
Sat Apr 20 22:58:58 CEST 2019
Sat Apr 20 22:58:59 CEST 2019
Sat Apr 20 22:58:59 CEST 2019
Sat Apr 20 22:59:00 CEST 2019
Sat Apr 20 22:59:00 CEST 2019
Sat Apr 20 22:59:01 CEST 2019
Sat Apr 20 22:59:01 CEST 2019
Sat Apr 20 22:59:02 CEST 2019
Sat Apr 20 22:59:02 CEST 2019
Sat Apr 20 22:59:03 CEST 2019
Sat Apr 20 22:59:03 CEST 2019
Sat Apr 20 22:59:04 CEST 2019
Sat Apr 20 22:59:04 CEST 2019
Sat Apr 20 22:59:05 CEST 2019
Sat Apr 20 22:59:05 CEST 2019
Sat Apr 20 22:59:06 CEST 2019
Sat Apr 20 22:59:06 CEST 2019
Sat Apr 20 22:59:07 CEST 2019
Sat Apr 20 22:59:07 CEST 2019
Sat Apr 20 22:59:08 CEST 2019
Sat Apr 20 22:59:08 CEST 2019
Sat Apr 20 22:59:09 CEST 2019
Sat Apr 20 22:59:10 CEST 2019
Sat Apr 20 22:59:10 CEST 2019
Sat Apr 20 22:59:11 CEST 2019
Sat Apr 20 22:59:11 CEST 2019
Sat Apr 20 22:59:12 CEST 2019
Sat Apr 20 22:59:12 CEST 2019
Sat Apr 20 22:59:13 CEST 2019
Sat Apr 20 22:59:13 CEST 2019
Sat Apr 20 22:59:14 CEST 2019
Sat Apr 20 22:59:14 CEST 2019
Sat Apr 20 22:59:15 CEST 2019
Sat Apr 20 22:59:15 CEST 2019
Sat Apr 20 22:59:16 CEST 2019
Sat Apr 20 22:59:16 CEST 2019
Sat Apr 20 22:59:17 CEST 2019
Sat Apr 20 22:59:17 CEST 2019
Sat Apr 20 22:59:18 CEST 2019
Sat Apr 20 22:59:18 CEST 2019
Sat Apr 20 22:59:19 CEST 2019
Sat Apr 20 22:59:19 CEST 2019
Sat Apr 20 22:59:20 CEST 2019
Sat Apr 20 22:59:20 CEST 2019
Sat Apr 20 22:59:21 CEST 2019
Sat Apr 20 22:59:21 CEST 2019
Sat Apr 20 22:59:22 CEST 2019
Sat Apr 20 22:59:22 CEST 2019
Sat Apr 20 22:59:23 CEST 2019
Sat Apr 20 22:59:23 CEST 2019
Sat Apr 20 22:59:24 CEST 2019
Sat Apr 20 22:59:24 CEST 2019
Sat Apr 20 22:59:25 CEST 2019
Sat Apr 20 22:59:25 CEST 2019
Sat Apr 20 22:59:26 CEST 2019
Sat Apr 20 22:59:26 CEST 2019
Sat Apr 20 22:59:27 CEST 2019
Sat Apr 20 22:59:27 CEST 2019
Sat Apr 20 22:59:28 CEST 2019
Sat Apr 20 22:59:28 CEST 2019
Sat Apr 20 22:59:29 CEST 2019
Sat Apr 20 22:59:29 CEST 2019
Sat Apr 20 22:59:30 CEST 2019
Sat Apr 20 22:59:30 CEST 2019
Sat Apr 20 22:59:31 CEST 2019
Sat Apr 20 22:59:31 CEST 2019
Sat Apr 20 22:59:32 CEST 2019
Sat Apr 20 22:59:32 CEST 2019
Sat Apr 20 22:59:33 CEST 2019
Sat Apr 20 22:59:33 CEST 2019
Sat Apr 20 22:59:34 CEST 2019
Sat Apr 20 22:59:35 CEST 2019
Sat Apr 20 22:59:35 CEST 2019
Sat Apr 20 22:59:36 CEST 2019
Sat Apr 20 22:59:36 CEST 2019
Sat Apr 20 22:59:37 CEST 2019
Sat Apr 20 22:59:37 CEST 2019
Sat Apr 20 22:59:38 CEST 2019
Sat Apr 20 22:59:38 CEST 2019
Sat Apr 20 22:59:39 CEST 2019
Sat Apr 20 22:59:39 CEST 2019
Sat Apr 20 22:59:40 CEST 2019
Sat Apr 20 22:59:40 CEST 2019
Sat Apr 20 22:59:41 CEST 2019
Sat Apr 20 22:59:41 CEST 2019
Sat Apr 20 22:59:42 CEST 2019
Sat Apr 20 22:59:42 CEST 2019
Sat Apr 20 22:59:43 CEST 2019
Sat Apr 20 22:59:43 CEST 2019
Sat Apr 20 22:59:44 CEST 2019
Sat Apr 20 22:59:44 CEST 2019
Sat Apr 20 22:59:45 CEST 2019
Sat Apr 20 22:59:45 CEST 2019
Sat Apr 20 22:59:46 CEST 2019
Sat Apr 20 22:59:46 CEST 2019
Sat Apr 20 22:59:47 CEST 2019
Sat Apr 20 22:59:47 CEST 2019
Sat Apr 20 22:59:48 CEST 2019
Sat Apr 20 22:59:48 CEST 2019
Sat Apr 20 22:59:49 CEST 2019
Sat Apr 20 22:59:49 CEST 2019
Sat Apr 20 22:59:50 CEST 2019
Sat Apr 20 22:59:50 CEST 2019
Sat Apr 20 22:59:51 CEST 2019
Sat Apr 20 22:59:51 CEST 2019
Sat Apr 20 22:59:52 CEST 2019
Sat Apr 20 22:59:52 CEST 2019
Sat Apr 20 22:59:53 CEST 2019
Sat Apr 20 22:59:53 CEST 2019
Sat Apr 20 22:59:54 CEST 2019
Sat Apr 20 22:59:54 CEST 2019
Sat Apr 20 22:59:55 CEST 2019
Sat Apr 20 22:59:55 CEST 2019
Sat Apr 20 22:59:56 CEST 2019
Sat Apr 20 22:59:56 CEST 2019
Sat Apr 20 22:59:57 CEST 2019
Sat Apr 20 22:59:57 CEST 2019
Sat Apr 20 22:59:58 CEST 2019
Sat Apr 20 22:59:58 CEST 2019
Sat Apr 20 22:59:59 CEST 2019
Sat Apr 20 22:59:59 CEST 2019
Sat Apr 20 23:00:00 CEST 2019
Sat Apr 20 23:00:00 CEST 2019
Sat Apr 20 23:00:01 CEST 2019
Sat Apr 20 23:00:02 CEST 2019
Sat Apr 20 23:00:02 CEST 2019
Sat Apr 20 23:00:03 CEST 2019
Sat Apr 20 23:00:03 CEST 2019
Sat Apr 20 23:00:04 CEST 2019
Sat Apr 20 23:00:04 CEST 2019
Sat Apr 20 23:00:05 CEST 2019
Sat Apr 20 23:00:05 CEST 2019
Sat Apr 20 23:00:06 CEST 2019
Sat Apr 20 23:00:06 CEST 2019
Sat Apr 20 23:00:07 CEST 2019
Sat Apr 20 23:00:07 CEST 2019
Sat Apr 20 23:00:08 CEST 2019
Sat Apr 20 23:00:08 CEST 2019
Sat Apr 20 23:00:09 CEST 2019
Sat Apr 20 23:00:09 CEST 2019
Sat Apr 20 23:00:10 CEST 2019
Sat Apr 20 23:00:10 CEST 2019
Sat Apr 20 23:00:11 CEST 2019
Sat Apr 20 23:00:11 CEST 2019
Sat Apr 20 23:00:12 CEST 2019
Sat Apr 20 23:00:12 CEST 2019
Sat Apr 20 23:00:13 CEST 2019
Sat Apr 20 23:00:13 CEST 2019
Sat Apr 20 23:00:14 CEST 2019
Sat Apr 20 23:00:14 CEST 2019
Sat Apr 20 23:00:15 CEST 2019
Sat Apr 20 23:00:15 CEST 2019
Sat Apr 20 23:00:16 CEST 2019
Sat Apr 20 23:00:16 CEST 2019
Sat Apr 20 23:00:17 CEST 2019
Sat Apr 20 23:00:17 CEST 2019
Sat Apr 20 23:00:18 CEST 2019
Sat Apr 20 23:00:18 CEST 2019
Sat Apr 20 23:00:19 CEST 2019
Sat Apr 20 23:00:19 CEST 2019
Sat Apr 20 23:00:20 CEST 2019
Sat Apr 20 23:00:20 CEST 2019
Sat Apr 20 23:00:21 CEST 2019
Sat Apr 20 23:00:21 CEST 2019
Sat Apr 20 23:00:22 CEST 2019
Sat Apr 20 23:00:22 CEST 2019
Sat Apr 20 23:00:23 CEST 2019
Sat Apr 20 23:00:23 CEST 2019
Sat Apr 20 23:00:24 CEST 2019
Sat Apr 20 23:00:24 CEST 2019
Sat Apr 20 23:00:25 CEST 2019
Sat Apr 20 23:00:25 CEST 2019
Sat Apr 20 23:00:26 CEST 2019
Sat Apr 20 23:00:26 CEST 2019
Sat Apr 20 23:00:27 CEST 2019
Sat Apr 20 23:00:28 CEST 2019
Sat Apr 20 23:00:28 CEST 2019
Sat Apr 20 23:00:29 CEST 2019
Sat Apr 20 23:00:29 CEST 2019
Sat Apr 20 23:00:30 CEST 2019
Sat Apr 20 23:00:30 CEST 2019
Sat Apr 20 23:00:31 CEST 2019
Sat Apr 20 23:00:31 CEST 2019
Sat Apr 20 23:00:32 CEST 2019
Sat Apr 20 23:00:32 CEST 2019
Sat Apr 20 23:00:33 CEST 2019
Sat Apr 20 23:00:33 CEST 2019
Sat Apr 20 23:00:34 CEST 2019
Sat Apr 20 23:00:34 CEST 2019
Sat Apr 20 23:00:35 CEST 2019
Sat Apr 20 23:00:35 CEST 2019
Sat Apr 20 23:00:36 CEST 2019
Sat Apr 20 23:00:36 CEST 2019
Sat Apr 20 23:00:37 CEST 2019
Sat Apr 20 23:00:37 CEST 2019
Sat Apr 20 23:00:38 CEST 2019
Sat Apr 20 23:00:38 CEST 2019
Sat Apr 20 23:00:39 CEST 2019
Sat Apr 20 23:00:39 CEST 2019
Sat Apr 20 23:00:40 CEST 2019
Sat Apr 20 23:00:40 CEST 2019
Sat Apr 20 23:00:41 CEST 2019
Sat Apr 20 23:00:41 CEST 2019
Sat Apr 20 23:00:42 CEST 2019
Sat Apr 20 23:00:42 CEST 2019
Sat Apr 20 23:00:43 CEST 2019
Sat Apr 20 23:00:43 CEST 2019
Sat Apr 20 23:00:44 CEST 2019
Sat Apr 20 23:00:44 CEST 2019
Sat Apr 20 23:00:45 CEST 2019
Sat Apr 20 23:00:45 CEST 2019
Sat Apr 20 23:00:46 CEST 2019
Sat Apr 20 23:00:46 CEST 2019
Sat Apr 20 23:00:47 CEST 2019
Sat Apr 20 23:00:47 CEST 2019
Sat Apr 20 23:00:48 CEST 2019
Sat Apr 20 23:00:48 CEST 2019
Sat Apr 20 23:00:49 CEST 2019
Sat Apr 20 23:00:49 CEST 2019
Sat Apr 20 23:00:50 CEST 2019
Sat Apr 20 23:00:50 CEST 2019
Sat Apr 20 23:00:51 CEST 2019
Sat Apr 20 23:00:51 CEST 2019
Sat Apr 20 23:00:52 CEST 2019
Sat Apr 20 23:00:52 CEST 2019
Sat Apr 20 23:00:53 CEST 2019
Sat Apr 20 23:00:54 CEST 2019
Sat Apr 20 23:00:54 CEST 2019
Sat Apr 20 23:00:55 CEST 2019
Sat Apr 20 23:00:55 CEST 2019
Sat Apr 20 23:00:56 CEST 2019
Sat Apr 20 23:00:56 CEST 2019
Sat Apr 20 23:00:57 CEST 2019
Sat Apr 20 23:00:57 CEST 2019
Sat Apr 20 23:00:58 CEST 2019
Sat Apr 20 23:00:58 CEST 2019
Sat Apr 20 23:00:59 CEST 2019
Sat Apr 20 23:00:59 CEST 2019
Sat Apr 20 23:01:00 CEST 2019
Sat Apr 20 23:01:00 CEST 2019
Sat Apr 20 23:01:01 CEST 2019
Sat Apr 20 23:01:01 CEST 2019
Sat Apr 20 23:01:02 CEST 2019
Sat Apr 20 23:01:02 CEST 2019
Sat Apr 20 23:01:03 CEST 2019
Sat Apr 20 23:01:03 CEST 2019
Sat Apr 20 23:01:04 CEST 2019
Sat Apr 20 23:01:04 CEST 2019
Sat Apr 20 23:01:05 CEST 2019
Sat Apr 20 23:01:05 CEST 2019
Sat Apr 20 23:01:06 CEST 2019
Sat Apr 20 23:01:06 CEST 2019
Sat Apr 20 23:01:07 CEST 2019
Sat Apr 20 23:01:07 CEST 2019
Sat Apr 20 23:01:08 CEST 2019
Sat Apr 20 23:01:08 CEST 2019
Sat Apr 20 23:01:09 CEST 2019
Sat Apr 20 23:01:09 CEST 2019
Sat Apr 20 23:01:10 CEST 2019
Sat Apr 20 23:01:10 CEST 2019
Sat Apr 20 23:01:11 CEST 2019
Sat Apr 20 23:01:11 CEST 2019
Sat Apr 20 23:01:12 CEST 2019
Sat Apr 20 23:01:12 CEST 2019
Sat Apr 20 23:01:13 CEST 2019
Sat Apr 20 23:01:13 CEST 2019
Sat Apr 20 23:01:14 CEST 2019
Sat Apr 20 23:01:14 CEST 2019
Sat Apr 20 23:01:15 CEST 2019
Sat Apr 20 23:01:15 CEST 2019
Sat Apr 20 23:01:16 CEST 2019
Sat Apr 20 23:01:16 CEST 2019
Sat Apr 20 23:01:17 CEST 2019
Sat Apr 20 23:01:17 CEST 2019
Sat Apr 20 23:01:18 CEST 2019
Sat Apr 20 23:01:18 CEST 2019
Sat Apr 20 23:01:19 CEST 2019
Sat Apr 20 23:01:20 CEST 2019
Sat Apr 20 23:01:20 CEST 2019
Sat Apr 20 23:01:21 CEST 2019
Sat Apr 20 23:01:21 CEST 2019
Sat Apr 20 23:01:22 CEST 2019
Sat Apr 20 23:01:22 CEST 2019
Sat Apr 20 23:01:23 CEST 2019
Sat Apr 20 23:01:23 CEST 2019
Sat Apr 20 23:01:24 CEST 2019
Sat Apr 20 23:01:24 CEST 2019
Sat Apr 20 23:01:25 CEST 2019
Sat Apr 20 23:01:25 CEST 2019
Sat Apr 20 23:01:26 CEST 2019
Sat Apr 20 23:01:26 CEST 2019
Sat Apr 20 23:01:27 CEST 2019
Sat Apr 20 23:01:27 CEST 2019
Sat Apr 20 23:01:28 CEST 2019
Sat Apr 20 23:01:28 CEST 2019
Sat Apr 20 23:01:29 CEST 2019
Sat Apr 20 23:01:29 CEST 2019
Sat Apr 20 23:01:30 CEST 2019
Sat Apr 20 23:01:30 CEST 2019
Sat Apr 20 23:01:31 CEST 2019
Sat Apr 20 23:01:31 CEST 2019
Sat Apr 20 23:01:32 CEST 2019
Sat Apr 20 23:01:32 CEST 2019
Sat Apr 20 23:01:33 CEST 2019
Sat Apr 20 23:01:33 CEST 2019
Sat Apr 20 23:01:34 CEST 2019
Sat Apr 20 23:01:34 CEST 2019
Sat Apr 20 23:01:35 CEST 2019
Sat Apr 20 23:01:35 CEST 2019
Sat Apr 20 23:01:36 CEST 2019
Sat Apr 20 23:01:36 CEST 2019
Sat Apr 20 23:01:37 CEST 2019
Sat Apr 20 23:01:37 CEST 2019
Sat Apr 20 23:01:38 CEST 2019
Sat Apr 20 23:01:38 CEST 2019
Sat Apr 20 23:01:39 CEST 2019
Sat Apr 20 23:01:39 CEST 2019
Sat Apr 20 23:01:40 CEST 2019
Sat Apr 20 23:01:40 CEST 2019
Sat Apr 20 23:01:41 CEST 2019
Sat Apr 20 23:01:41 CEST 2019
Sat Apr 20 23:01:42 CEST 2019
Sat Apr 20 23:01:42 CEST 2019
Sat Apr 20 23:01:43 CEST 2019
Sat Apr 20 23:01:43 CEST 2019
Sat Apr 20 23:01:44 CEST 2019
Sat Apr 20 23:01:44 CEST 2019
Sat Apr 20 23:01:45 CEST 2019
Sat Apr 20 23:01:46 CEST 2019
Sat Apr 20 23:01:46 CEST 2019
Sat Apr 20 23:01:47 CEST 2019
Sat Apr 20 23:01:47 CEST 2019
Sat Apr 20 23:01:48 CEST 2019
Sat Apr 20 23:01:48 CEST 2019
Sat Apr 20 23:01:49 CEST 2019
Sat Apr 20 23:01:49 CEST 2019
Sat Apr 20 23:01:50 CEST 2019
Sat Apr 20 23:01:50 CEST 2019
Sat Apr 20 23:01:51 CEST 2019
Sat Apr 20 23:01:51 CEST 2019
Sat Apr 20 23:01:52 CEST 2019
Sat Apr 20 23:01:52 CEST 2019
Sat Apr 20 23:01:53 CEST 2019
Sat Apr 20 23:01:53 CEST 2019
Sat Apr 20 23:01:54 CEST 2019
Sat Apr 20 23:01:54 CEST 2019
Sat Apr 20 23:01:55 CEST 2019
Sat Apr 20 23:01:55 CEST 2019
Sat Apr 20 23:01:56 CEST 2019
Sat Apr 20 23:01:56 CEST 2019
Sat Apr 20 23:01:57 CEST 2019
Sat Apr 20 23:01:57 CEST 2019
Sat Apr 20 23:01:58 CEST 2019
Sat Apr 20 23:01:58 CEST 2019
Sat Apr 20 23:01:59 CEST 2019
Sat Apr 20 23:01:59 CEST 2019
Sat Apr 20 23:02:00 CEST 2019
Sat Apr 20 23:02:00 CEST 2019
Sat Apr 20 23:02:01 CEST 2019
Sat Apr 20 23:02:01 CEST 2019
Sat Apr 20 23:02:02 CEST 2019
Sat Apr 20 23:02:02 CEST 2019
Sat Apr 20 23:02:03 CEST 2019
Sat Apr 20 23:02:03 CEST 2019
Sat Apr 20 23:02:04 CEST 2019
Sat Apr 20 23:02:04 CEST 2019
Sat Apr 20 23:02:05 CEST 2019
Sat Apr 20 23:02:05 CEST 2019
Sat Apr 20 23:02:06 CEST 2019
Sat Apr 20 23:02:06 CEST 2019
Sat Apr 20 23:02:07 CEST 2019
Sat Apr 20 23:02:07 CEST 2019
Sat Apr 20 23:02:08 CEST 2019
Sat Apr 20 23:02:08 CEST 2019
Sat Apr 20 23:02:09 CEST 2019
Sat Apr 20 23:02:09 CEST 2019
Sat Apr 20 23:02:10 CEST 2019
Sat Apr 20 23:02:10 CEST 2019
Sat Apr 20 23:02:11 CEST 2019
Sat Apr 20 23:02:12 CEST 2019
Sat Apr 20 23:02:12 CEST 2019
Sat Apr 20 23:02:13 CEST 2019
Sat Apr 20 23:02:13 CEST 2019
Sat Apr 20 23:02:14 CEST 2019
Sat Apr 20 23:02:14 CEST 2019
Sat Apr 20 23:02:15 CEST 2019
Sat Apr 20 23:02:15 CEST 2019
Sat Apr 20 23:02:16 CEST 2019
Sat Apr 20 23:02:16 CEST 2019
Sat Apr 20 23:02:17 CEST 2019
Sat Apr 20 23:02:17 CEST 2019
Sat Apr 20 23:02:18 CEST 2019
Sat Apr 20 23:02:18 CEST 2019
Sat Apr 20 23:02:19 CEST 2019
Sat Apr 20 23:02:19 CEST 2019
Sat Apr 20 23:02:20 CEST 2019
Sat Apr 20 23:02:20 CEST 2019
Sat Apr 20 23:02:21 CEST 2019
Sat Apr 20 23:02:21 CEST 2019
Sat Apr 20 23:02:22 CEST 2019
Sat Apr 20 23:02:22 CEST 2019
Sat Apr 20 23:02:23 CEST 2019
Sat Apr 20 23:02:23 CEST 2019
Sat Apr 20 23:02:24 CEST 2019
Sat Apr 20 23:02:24 CEST 2019
Sat Apr 20 23:02:25 CEST 2019
Sat Apr 20 23:02:25 CEST 2019
Sat Apr 20 23:02:26 CEST 2019
Sat Apr 20 23:02:26 CEST 2019
Sat Apr 20 23:02:27 CEST 2019
Sat Apr 20 23:02:27 CEST 2019
Sat Apr 20 23:02:28 CEST 2019
Sat Apr 20 23:02:28 CEST 2019
Sat Apr 20 23:02:29 CEST 2019
Sat Apr 20 23:02:29 CEST 2019
Sat Apr 20 23:02:30 CEST 2019
Sat Apr 20 23:02:30 CEST 2019
Sat Apr 20 23:02:31 CEST 2019
Sat Apr 20 23:02:31 CEST 2019
Sat Apr 20 23:02:32 CEST 2019
Sat Apr 20 23:02:32 CEST 2019
Sat Apr 20 23:02:33 CEST 2019
Sat Apr 20 23:02:33 CEST 2019
Sat Apr 20 23:02:34 CEST 2019
Sat Apr 20 23:02:34 CEST 2019
Sat Apr 20 23:02:35 CEST 2019
Sat Apr 20 23:02:36 CEST 2019
Sat Apr 20 23:02:36 CEST 2019
Sat Apr 20 23:02:37 CEST 2019
Sat Apr 20 23:02:37 CEST 2019
Sat Apr 20 23:02:38 CEST 2019
Sat Apr 20 23:02:38 CEST 2019
Sat Apr 20 23:02:39 CEST 2019
Sat Apr 20 23:02:39 CEST 2019
Sat Apr 20 23:02:40 CEST 2019
Sat Apr 20 23:02:40 CEST 2019
Sat Apr 20 23:02:41 CEST 2019
Sat Apr 20 23:02:41 CEST 2019
Sat Apr 20 23:02:42 CEST 2019
Sat Apr 20 23:02:42 CEST 2019
Sat Apr 20 23:02:43 CEST 2019
Sat Apr 20 23:02:43 CEST 2019
Sat Apr 20 23:02:44 CEST 2019
Sat Apr 20 23:02:44 CEST 2019
Sat Apr 20 23:02:45 CEST 2019
Sat Apr 20 23:02:45 CEST 2019
Sat Apr 20 23:02:46 CEST 2019
Sat Apr 20 23:02:46 CEST 2019
Sat Apr 20 23:02:47 CEST 2019
Sat Apr 20 23:02:47 CEST 2019
Sat Apr 20 23:02:48 CEST 2019
Sat Apr 20 23:02:48 CEST 2019
Sat Apr 20 23:02:49 CEST 2019
Sat Apr 20 23:02:49 CEST 2019
Sat Apr 20 23:02:50 CEST 2019
Sat Apr 20 23:02:50 CEST 2019
Sat Apr 20 23:02:51 CEST 2019
Sat Apr 20 23:02:51 CEST 2019
Sat Apr 20 23:02:52 CEST 2019
Sat Apr 20 23:02:52 CEST 2019
Sat Apr 20 23:02:53 CEST 2019
Sat Apr 20 23:02:53 CEST 2019
Sat Apr 20 23:02:54 CEST 2019
Sat Apr 20 23:02:54 CEST 2019
Sat Apr 20 23:02:55 CEST 2019
Sat Apr 20 23:02:55 CEST 2019
Sat Apr 20 23:02:56 CEST 2019
Sat Apr 20 23:02:56 CEST 2019
Sat Apr 20 23:02:57 CEST 2019
Sat Apr 20 23:02:57 CEST 2019
Sat Apr 20 23:02:58 CEST 2019
Sat Apr 20 23:02:58 CEST 2019
Sat Apr 20 23:02:59 CEST 2019
Sat Apr 20 23:02:59 CEST 2019
Sat Apr 20 23:03:00 CEST 2019
Sat Apr 20 23:03:00 CEST 2019
Sat Apr 20 23:03:01 CEST 2019
Sat Apr 20 23:03:01 CEST 2019
Sat Apr 20 23:03:02 CEST 2019
Sat Apr 20 23:03:03 CEST 2019
Sat Apr 20 23:03:03 CEST 2019
Sat Apr 20 23:03:04 CEST 2019
Sat Apr 20 23:03:04 CEST 2019
Sat Apr 20 23:03:05 CEST 2019
Sat Apr 20 23:03:05 CEST 2019
Sat Apr 20 23:03:06 CEST 2019
Sat Apr 20 23:03:06 CEST 2019
Sat Apr 20 23:03:07 CEST 2019
Sat Apr 20 23:03:07 CEST 2019
Sat Apr 20 23:03:08 CEST 2019
Sat Apr 20 23:03:08 CEST 2019
Sat Apr 20 23:03:09 CEST 2019
Sat Apr 20 23:03:09 CEST 2019
Sat Apr 20 23:03:10 CEST 2019
Sat Apr 20 23:03:10 CEST 2019
Sat Apr 20 23:03:11 CEST 2019
Sat Apr 20 23:03:11 CEST 2019
Sat Apr 20 23:03:12 CEST 2019
Sat Apr 20 23:03:12 CEST 2019
Sat Apr 20 23:03:13 CEST 2019
Sat Apr 20 23:03:13 CEST 2019
Sat Apr 20 23:03:14 CEST 2019
Sat Apr 20 23:03:14 CEST 2019
Sat Apr 20 23:03:15 CEST 2019
Sat Apr 20 23:03:15 CEST 2019
Sat Apr 20 23:03:16 CEST 2019
Sat Apr 20 23:03:16 CEST 2019
Sat Apr 20 23:03:17 CEST 2019
Sat Apr 20 23:03:17 CEST 2019
Sat Apr 20 23:03:18 CEST 2019
Sat Apr 20 23:03:18 CEST 2019
Sat Apr 20 23:03:19 CEST 2019
Sat Apr 20 23:03:19 CEST 2019
Sat Apr 20 23:03:20 CEST 2019
Sat Apr 20 23:03:20 CEST 2019
Sat Apr 20 23:03:21 CEST 2019
Sat Apr 20 23:03:21 CEST 2019
Sat Apr 20 23:03:22 CEST 2019
Sat Apr 20 23:03:22 CEST 2019
Sat Apr 20 23:03:23 CEST 2019
Sat Apr 20 23:03:23 CEST 2019
Sat Apr 20 23:03:24 CEST 2019
Sat Apr 20 23:03:24 CEST 2019
Sat Apr 20 23:03:25 CEST 2019
Sat Apr 20 23:03:25 CEST 2019
Sat Apr 20 23:03:26 CEST 2019
Sat Apr 20 23:03:26 CEST 2019
Sat Apr 20 23:03:27 CEST 2019
Sat Apr 20 23:03:28 CEST 2019
Sat Apr 20 23:03:28 CEST 2019
Sat Apr 20 23:03:29 CEST 2019
Sat Apr 20 23:03:29 CEST 2019
Sat Apr 20 23:03:30 CEST 2019
Sat Apr 20 23:03:30 CEST 2019
Sat Apr 20 23:03:31 CEST 2019
Sat Apr 20 23:03:31 CEST 2019
Sat Apr 20 23:03:32 CEST 2019
Sat Apr 20 23:03:32 CEST 2019
Sat Apr 20 23:03:33 CEST 2019
Sat Apr 20 23:03:33 CEST 2019
Sat Apr 20 23:03:34 CEST 2019
Sat Apr 20 23:03:34 CEST 2019
Sat Apr 20 23:03:35 CEST 2019
Sat Apr 20 23:03:35 CEST 2019
Sat Apr 20 23:03:36 CEST 2019
Sat Apr 20 23:03:36 CEST 2019
Sat Apr 20 23:03:37 CEST 2019
Sat Apr 20 23:03:37 CEST 2019
Sat Apr 20 23:03:38 CEST 2019
Sat Apr 20 23:03:38 CEST 2019
Sat Apr 20 23:03:39 CEST 2019
Sat Apr 20 23:03:39 CEST 2019
Sat Apr 20 23:03:40 CEST 2019
Sat Apr 20 23:03:40 CEST 2019
Sat Apr 20 23:03:41 CEST 2019
Sat Apr 20 23:03:41 CEST 2019
Sat Apr 20 23:03:42 CEST 2019
Sat Apr 20 23:03:42 CEST 2019
Sat Apr 20 23:03:43 CEST 2019
Sat Apr 20 23:03:43 CEST 2019
Sat Apr 20 23:03:44 CEST 2019
Sat Apr 20 23:03:44 CEST 2019
Sat Apr 20 23:03:45 CEST 2019
Sat Apr 20 23:03:45 CEST 2019
Sat Apr 20 23:03:46 CEST 2019
Sat Apr 20 23:03:46 CEST 2019
Sat Apr 20 23:03:47 CEST 2019
Sat Apr 20 23:03:47 CEST 2019
Sat Apr 20 23:03:48 CEST 2019
Sat Apr 20 23:03:48 CEST 2019
Sat Apr 20 23:03:49 CEST 2019
Sat Apr 20 23:03:49 CEST 2019
Sat Apr 20 23:03:50 CEST 2019
Sat Apr 20 23:03:50 CEST 2019
Sat Apr 20 23:03:51 CEST 2019
Sat Apr 20 23:03:51 CEST 2019
Sat Apr 20 23:03:52 CEST 2019
Sat Apr 20 23:03:52 CEST 2019
Sat Apr 20 23:03:53 CEST 2019
Sat Apr 20 23:03:53 CEST 2019
Sat Apr 20 23:03:54 CEST 2019
Sat Apr 20 23:03:55 CEST 2019
Sat Apr 20 23:03:55 CEST 2019
Sat Apr 20 23:03:56 CEST 2019
Sat Apr 20 23:03:56 CEST 2019
Sat Apr 20 23:03:57 CEST 2019
Sat Apr 20 23:03:57 CEST 2019
Sat Apr 20 23:03:58 CEST 2019
Sat Apr 20 23:03:58 CEST 2019
Sat Apr 20 23:03:59 CEST 2019
Sat Apr 20 23:03:59 CEST 2019
Sat Apr 20 23:04:00 CEST 2019
Sat Apr 20 23:04:00 CEST 2019
Sat Apr 20 23:04:01 CEST 2019
Sat Apr 20 23:04:01 CEST 2019
Sat Apr 20 23:04:02 CEST 2019
Sat Apr 20 23:04:02 CEST 2019
Sat Apr 20 23:04:03 CEST 2019
Sat Apr 20 23:04:03 CEST 2019
Sat Apr 20 23:04:04 CEST 2019
Sat Apr 20 23:04:04 CEST 2019
Sat Apr 20 23:04:05 CEST 2019
Sat Apr 20 23:04:05 CEST 2019
Sat Apr 20 23:04:06 CEST 2019
Sat Apr 20 23:04:06 CEST 2019
Sat Apr 20 23:04:07 CEST 2019
Sat Apr 20 23:04:07 CEST 2019
Sat Apr 20 23:04:08 CEST 2019
Sat Apr 20 23:04:08 CEST 2019
Sat Apr 20 23:04:09 CEST 2019
Sat Apr 20 23:04:09 CEST 2019
Sat Apr 20 23:04:10 CEST 2019
Sat Apr 20 23:04:10 CEST 2019
Sat Apr 20 23:04:11 CEST 2019
Sat Apr 20 23:04:11 CEST 2019
Sat Apr 20 23:04:12 CEST 2019
Sat Apr 20 23:04:12 CEST 2019
Sat Apr 20 23:04:13 CEST 2019
Sat Apr 20 23:04:13 CEST 2019
Sat Apr 20 23:04:14 CEST 2019
Sat Apr 20 23:04:14 CEST 2019
Sat Apr 20 23:04:15 CEST 2019
Sat Apr 20 23:04:15 CEST 2019
Sat Apr 20 23:04:16 CEST 2019
Sat Apr 20 23:04:16 CEST 2019
Sat Apr 20 23:04:17 CEST 2019
Sat Apr 20 23:04:17 CEST 2019
Sat Apr 20 23:04:18 CEST 2019
